PHPUnit 12.4.1 by Sebastian Bergmann and contributors.

Runtime:       PHP 8.4.13
Configuration: C:\Users\Gaser\Desktop\COPRRA\phpunit.xml

.............................................................   61 / 1047 (  5%)
..................................FF.F.FFFFFFFF..............  122 / 1047 ( 11%)
F.F...........F..F..FFFF....FF.F...F.FFF.F........F..........  183 / 1047 ( 17%)
......................FFF..FFFFFFFFF......FFFF.FF.FFF........  244 / 1047 ( 23%)
...F....F....................................................  305 / 1047 ( 29%)
.............FFFF..F.F..FFFF.FFFFFF.FF.FFFF.F..F.............  366 / 1047 ( 34%)
..........................E.EE...............................  427 / 1047 ( 40%)
.E...E.....................EEE.............EEEEEEEEEEEE.E...E  488 / 1047 ( 46%)
E...EEEEE.....EEEEE.....................EEEEEEEEEEE..........  549 / 1047 ( 52%)
...............................EEE.........................EE  610 / 1047 ( 58%)
EEEEEEEEEEEEEEEEEEEEEEEEEEEEEEE...EEEEEEEE.EE.EEEEEEEEEEEEEEE  671 / 1047 ( 64%)
EEEEEEEEEEEEEEEEEEEEEEEE........F.FEEEEE.EE..F....F......EEEE  732 / 1047 ( 69%)
E..F.............................F.......EEEE....EEEEEEEEEEEE  793 / 1047 ( 75%)
EEEEEEEEEEEEEEEEEEEEEEEEEEEEEEEEEEEEEEEEEEEEEEEEEEEEEEEEEEEEE  854 / 1047 ( 81%)
EEEEEEEEEEEEEEEEEEEEEEEEEEEEEEEEEEEEEEEEEEEEEEEEEEEEEEEEEEEEE  915 / 1047 ( 87%)
EEEEEEEEEEEEEEEEEEEEEEEEEEEEEEEEEEEEEEEEEEEEEEEEEEEEEEEEEEEEE  976 / 1047 ( 93%)
EEEEEEEEEE.FFFF..FF.EEEEEEEEEEEEEEEEEEEEEEEEEEEEEEEEEEEEEEEEE 1037 / 1047 ( 99%)
EEEEEEEEEE                                                    1047 / 1047 (100%)

Time: 03:53.797, Memory: 224.00 MB

There were 401 errors:

1) Tests\Feature\Http\Middleware\AuthorizeTest::test_authorize_middleware_allows_authorized_requests
ErrorException: include(C:\Users\Gaser\Desktop\COPRRA\vendor\composer/../mockery/mockery/library/Mockery/VerificationExpectation.php): Failed to open stream: No such file or directory

C:\Users\Gaser\Desktop\COPRRA\vendor\laravel\framework\src\Illuminate\Foundation\Bootstrap\HandleExceptions.php:258
C:\Users\Gaser\Desktop\COPRRA\tests\Feature\Http\Middleware\AuthorizeTest.php:35

2) Tests\Feature\Http\Middleware\AuthorizeTest::test_authorize_middleware_handles_post_requests
ErrorException: include(C:\Users\Gaser\Desktop\COPRRA\vendor\composer/../mockery/mockery/library/Mockery/VerificationExpectation.php): Failed to open stream: No such file or directory

C:\Users\Gaser\Desktop\COPRRA\vendor\laravel\framework\src\Illuminate\Foundation\Bootstrap\HandleExceptions.php:258
C:\Users\Gaser\Desktop\COPRRA\tests\Feature\Http\Middleware\AuthorizeTest.php:79

3) Tests\Feature\Http\Middleware\AuthorizeTest::test_authorize_middleware_handles_api_requests
ErrorException: include(C:\Users\Gaser\Desktop\COPRRA\vendor\composer/../mockery/mockery/library/Mockery/VerificationExpectation.php): Failed to open stream: No such file or directory

C:\Users\Gaser\Desktop\COPRRA\vendor\laravel\framework\src\Illuminate\Foundation\Bootstrap\HandleExceptions.php:258
C:\Users\Gaser\Desktop\COPRRA\tests\Feature\Http\Middleware\AuthorizeTest.php:106

4) Tests\Feature\Http\Middleware\PreventRequestsDuringMaintenanceTest::test_prevent_requests_during_maintenance_middleware_allows_requests_when_not_in_maintenance
ErrorException: include(C:\Users\Gaser\Desktop\COPRRA\vendor\composer/../mockery/mockery/library/Mockery/VerificationExpectation.php): Failed to open stream: No such file or directory

C:\Users\Gaser\Desktop\COPRRA\vendor\laravel\framework\src\Illuminate\Foundation\Bootstrap\HandleExceptions.php:258
C:\Users\Gaser\Desktop\COPRRA\tests\Feature\Http\Middleware\PreventRequestsDuringMaintenanceTest.php:34

5) Tests\Feature\Http\Middleware\PreventRequestsDuringMaintenanceTest::test_prevent_requests_during_maintenance_middleware_handles_api_requests
ErrorException: include(C:\Users\Gaser\Desktop\COPRRA\vendor\composer/../mockery/mockery/library/Mockery/VerificationExpectation.php): Failed to open stream: No such file or directory

C:\Users\Gaser\Desktop\COPRRA\vendor\laravel\framework\src\Illuminate\Foundation\Bootstrap\HandleExceptions.php:258
C:\Users\Gaser\Desktop\COPRRA\tests\Feature\Http\Middleware\PreventRequestsDuringMaintenanceTest.php:120

6) Tests\Feature\Http\Middleware\SecurityHeadersTest::test_security_headers_middleware_logs_suspicious_sql_injection_attempts
ErrorException: include(C:\Users\Gaser\Desktop\COPRRA\vendor\composer/../mockery/mockery/library/Mockery/Matcher/Type.php): Failed to open stream: No such file or directory

C:\Users\Gaser\Desktop\COPRRA\vendor\laravel\framework\src\Illuminate\Foundation\Bootstrap\HandleExceptions.php:258
C:\Users\Gaser\Desktop\COPRRA\tests\Feature\Http\Middleware\SecurityHeadersTest.php:102

7) Tests\Feature\Http\Middleware\SecurityHeadersTest::test_security_headers_middleware_logs_suspicious_xss_attempts
ErrorException: include(C:\Users\Gaser\Desktop\COPRRA\vendor\composer/../mockery/mockery/library/Mockery/Matcher/Type.php): Failed to open stream: No such file or directory

C:\Users\Gaser\Desktop\COPRRA\vendor\laravel\framework\src\Illuminate\Foundation\Bootstrap\HandleExceptions.php:258
C:\Users\Gaser\Desktop\COPRRA\tests\Feature\Http\Middleware\SecurityHeadersTest.php:118

8) Tests\Feature\Http\Middleware\SecurityHeadersTest::test_security_headers_middleware_logs_suspicious_file_uploads
ErrorException: include(C:\Users\Gaser\Desktop\COPRRA\vendor\composer/../mockery/mockery/library/Mockery/Matcher/Type.php): Failed to open stream: No such file or directory

C:\Users\Gaser\Desktop\COPRRA\vendor\laravel\framework\src\Illuminate\Foundation\Bootstrap\HandleExceptions.php:258
C:\Users\Gaser\Desktop\COPRRA\tests\Feature\Http\Middleware\SecurityHeadersTest.php:134

9) Tests\Feature\Http\Middleware\SetLocaleAndCurrencyTest::test_can_be_instantiated
Illuminate\Contracts\Container\BindingResolutionException: Target class [db.schema] does not exist.

C:\Users\Gaser\Desktop\COPRRA\vendor\laravel\framework\src\Illuminate\Container\Container.php:1163
C:\Users\Gaser\Desktop\COPRRA\vendor\laravel\framework\src\Illuminate\Container\Container.php:972
C:\Users\Gaser\Desktop\COPRRA\vendor\laravel\framework\src\Illuminate\Foundation\Application.php:1078
C:\Users\Gaser\Desktop\COPRRA\vendor\laravel\framework\src\Illuminate\Container\Container.php:903
C:\Users\Gaser\Desktop\COPRRA\vendor\laravel\framework\src\Illuminate\Foundation\Application.php:1058
C:\Users\Gaser\Desktop\COPRRA\vendor\laravel\framework\src\Illuminate\Container\Container.php:1856
C:\Users\Gaser\Desktop\COPRRA\vendor\laravel\framework\src\Illuminate\Support\Facades\Facade.php:243
C:\Users\Gaser\Desktop\COPRRA\vendor\laravel\framework\src\Illuminate\Support\Facades\Facade.php:211
C:\Users\Gaser\Desktop\COPRRA\vendor\laravel\framework\src\Illuminate\Support\Facades\Facade.php:357
C:\Users\Gaser\Desktop\COPRRA\tests\DatabaseSetup.php:16
C:\Users\Gaser\Desktop\COPRRA\tests\SafeMiddlewareTestBase.php:19

Caused by
ReflectionException: Class "db.schema" does not exist

C:\Users\Gaser\Desktop\COPRRA\vendor\laravel\framework\src\Illuminate\Container\Container.php:1161
C:\Users\Gaser\Desktop\COPRRA\vendor\laravel\framework\src\Illuminate\Container\Container.php:972
C:\Users\Gaser\Desktop\COPRRA\vendor\laravel\framework\src\Illuminate\Foundation\Application.php:1078
C:\Users\Gaser\Desktop\COPRRA\vendor\laravel\framework\src\Illuminate\Container\Container.php:903
C:\Users\Gaser\Desktop\COPRRA\vendor\laravel\framework\src\Illuminate\Foundation\Application.php:1058
C:\Users\Gaser\Desktop\COPRRA\vendor\laravel\framework\src\Illuminate\Container\Container.php:1856
C:\Users\Gaser\Desktop\COPRRA\vendor\laravel\framework\src\Illuminate\Support\Facades\Facade.php:243
C:\Users\Gaser\Desktop\COPRRA\vendor\laravel\framework\src\Illuminate\Support\Facades\Facade.php:211
C:\Users\Gaser\Desktop\COPRRA\vendor\laravel\framework\src\Illuminate\Support\Facades\Facade.php:357
C:\Users\Gaser\Desktop\COPRRA\tests\DatabaseSetup.php:16
C:\Users\Gaser\Desktop\COPRRA\tests\SafeMiddlewareTestBase.php:19

10) Tests\Feature\Http\Middleware\SetLocaleAndCurrencyTest::test_set_locale_and_currency_middleware_sets_locale_and_currency
Illuminate\Contracts\Container\BindingResolutionException: Target class [db.schema] does not exist.

C:\Users\Gaser\Desktop\COPRRA\vendor\laravel\framework\src\Illuminate\Container\Container.php:1163
C:\Users\Gaser\Desktop\COPRRA\vendor\laravel\framework\src\Illuminate\Container\Container.php:972
C:\Users\Gaser\Desktop\COPRRA\vendor\laravel\framework\src\Illuminate\Foundation\Application.php:1078
C:\Users\Gaser\Desktop\COPRRA\vendor\laravel\framework\src\Illuminate\Container\Container.php:903
C:\Users\Gaser\Desktop\COPRRA\vendor\laravel\framework\src\Illuminate\Foundation\Application.php:1058
C:\Users\Gaser\Desktop\COPRRA\vendor\laravel\framework\src\Illuminate\Container\Container.php:1856
C:\Users\Gaser\Desktop\COPRRA\vendor\laravel\framework\src\Illuminate\Support\Facades\Facade.php:243
C:\Users\Gaser\Desktop\COPRRA\vendor\laravel\framework\src\Illuminate\Support\Facades\Facade.php:211
C:\Users\Gaser\Desktop\COPRRA\vendor\laravel\framework\src\Illuminate\Support\Facades\Facade.php:357
C:\Users\Gaser\Desktop\COPRRA\tests\DatabaseSetup.php:16
C:\Users\Gaser\Desktop\COPRRA\tests\SafeMiddlewareTestBase.php:19

Caused by
ReflectionException: Class "db.schema" does not exist

C:\Users\Gaser\Desktop\COPRRA\vendor\laravel\framework\src\Illuminate\Container\Container.php:1161
C:\Users\Gaser\Desktop\COPRRA\vendor\laravel\framework\src\Illuminate\Container\Container.php:972
C:\Users\Gaser\Desktop\COPRRA\vendor\laravel\framework\src\Illuminate\Foundation\Application.php:1078
C:\Users\Gaser\Desktop\COPRRA\vendor\laravel\framework\src\Illuminate\Container\Container.php:903
C:\Users\Gaser\Desktop\COPRRA\vendor\laravel\framework\src\Illuminate\Foundation\Application.php:1058
C:\Users\Gaser\Desktop\COPRRA\vendor\laravel\framework\src\Illuminate\Container\Container.php:1856
C:\Users\Gaser\Desktop\COPRRA\vendor\laravel\framework\src\Illuminate\Support\Facades\Facade.php:243
C:\Users\Gaser\Desktop\COPRRA\vendor\laravel\framework\src\Illuminate\Support\Facades\Facade.php:211
C:\Users\Gaser\Desktop\COPRRA\vendor\laravel\framework\src\Illuminate\Support\Facades\Facade.php:357
C:\Users\Gaser\Desktop\COPRRA\tests\DatabaseSetup.php:16
C:\Users\Gaser\Desktop\COPRRA\tests\SafeMiddlewareTestBase.php:19

11) Tests\Feature\Http\Middleware\SetLocaleAndCurrencyTest::test_set_locale_and_currency_middleware_handles_default_values
Illuminate\Contracts\Container\BindingResolutionException: Target class [db.schema] does not exist.

C:\Users\Gaser\Desktop\COPRRA\vendor\laravel\framework\src\Illuminate\Container\Container.php:1163
C:\Users\Gaser\Desktop\COPRRA\vendor\laravel\framework\src\Illuminate\Container\Container.php:972
C:\Users\Gaser\Desktop\COPRRA\vendor\laravel\framework\src\Illuminate\Foundation\Application.php:1078
C:\Users\Gaser\Desktop\COPRRA\vendor\laravel\framework\src\Illuminate\Container\Container.php:903
C:\Users\Gaser\Desktop\COPRRA\vendor\laravel\framework\src\Illuminate\Foundation\Application.php:1058
C:\Users\Gaser\Desktop\COPRRA\vendor\laravel\framework\src\Illuminate\Container\Container.php:1856
C:\Users\Gaser\Desktop\COPRRA\vendor\laravel\framework\src\Illuminate\Support\Facades\Facade.php:243
C:\Users\Gaser\Desktop\COPRRA\vendor\laravel\framework\src\Illuminate\Support\Facades\Facade.php:211
C:\Users\Gaser\Desktop\COPRRA\vendor\laravel\framework\src\Illuminate\Support\Facades\Facade.php:357
C:\Users\Gaser\Desktop\COPRRA\tests\DatabaseSetup.php:16
C:\Users\Gaser\Desktop\COPRRA\tests\SafeMiddlewareTestBase.php:19

Caused by
ReflectionException: Class "db.schema" does not exist

C:\Users\Gaser\Desktop\COPRRA\vendor\laravel\framework\src\Illuminate\Container\Container.php:1161
C:\Users\Gaser\Desktop\COPRRA\vendor\laravel\framework\src\Illuminate\Container\Container.php:972
C:\Users\Gaser\Desktop\COPRRA\vendor\laravel\framework\src\Illuminate\Foundation\Application.php:1078
C:\Users\Gaser\Desktop\COPRRA\vendor\laravel\framework\src\Illuminate\Container\Container.php:903
C:\Users\Gaser\Desktop\COPRRA\vendor\laravel\framework\src\Illuminate\Foundation\Application.php:1058
C:\Users\Gaser\Desktop\COPRRA\vendor\laravel\framework\src\Illuminate\Container\Container.php:1856
C:\Users\Gaser\Desktop\COPRRA\vendor\laravel\framework\src\Illuminate\Support\Facades\Facade.php:243
C:\Users\Gaser\Desktop\COPRRA\vendor\laravel\framework\src\Illuminate\Support\Facades\Facade.php:211
C:\Users\Gaser\Desktop\COPRRA\vendor\laravel\framework\src\Illuminate\Support\Facades\Facade.php:357
C:\Users\Gaser\Desktop\COPRRA\tests\DatabaseSetup.php:16
C:\Users\Gaser\Desktop\COPRRA\tests\SafeMiddlewareTestBase.php:19

12) Tests\Feature\Http\Middleware\SetLocaleAndCurrencyTest::test_set_locale_and_currency_middleware_handles_session_values
Illuminate\Contracts\Container\BindingResolutionException: Target class [db.schema] does not exist.

C:\Users\Gaser\Desktop\COPRRA\vendor\laravel\framework\src\Illuminate\Container\Container.php:1163
C:\Users\Gaser\Desktop\COPRRA\vendor\laravel\framework\src\Illuminate\Container\Container.php:972
C:\Users\Gaser\Desktop\COPRRA\vendor\laravel\framework\src\Illuminate\Foundation\Application.php:1078
C:\Users\Gaser\Desktop\COPRRA\vendor\laravel\framework\src\Illuminate\Container\Container.php:903
C:\Users\Gaser\Desktop\COPRRA\vendor\laravel\framework\src\Illuminate\Foundation\Application.php:1058
C:\Users\Gaser\Desktop\COPRRA\vendor\laravel\framework\src\Illuminate\Container\Container.php:1856
C:\Users\Gaser\Desktop\COPRRA\vendor\laravel\framework\src\Illuminate\Support\Facades\Facade.php:243
C:\Users\Gaser\Desktop\COPRRA\vendor\laravel\framework\src\Illuminate\Support\Facades\Facade.php:211
C:\Users\Gaser\Desktop\COPRRA\vendor\laravel\framework\src\Illuminate\Support\Facades\Facade.php:357
C:\Users\Gaser\Desktop\COPRRA\tests\DatabaseSetup.php:16
C:\Users\Gaser\Desktop\COPRRA\tests\SafeMiddlewareTestBase.php:19

Caused by
ReflectionException: Class "db.schema" does not exist

C:\Users\Gaser\Desktop\COPRRA\vendor\laravel\framework\src\Illuminate\Container\Container.php:1161
C:\Users\Gaser\Desktop\COPRRA\vendor\laravel\framework\src\Illuminate\Container\Container.php:972
C:\Users\Gaser\Desktop\COPRRA\vendor\laravel\framework\src\Illuminate\Foundation\Application.php:1078
C:\Users\Gaser\Desktop\COPRRA\vendor\laravel\framework\src\Illuminate\Container\Container.php:903
C:\Users\Gaser\Desktop\COPRRA\vendor\laravel\framework\src\Illuminate\Foundation\Application.php:1058
C:\Users\Gaser\Desktop\COPRRA\vendor\laravel\framework\src\Illuminate\Container\Container.php:1856
C:\Users\Gaser\Desktop\COPRRA\vendor\laravel\framework\src\Illuminate\Support\Facades\Facade.php:243
C:\Users\Gaser\Desktop\COPRRA\vendor\laravel\framework\src\Illuminate\Support\Facades\Facade.php:211
C:\Users\Gaser\Desktop\COPRRA\vendor\laravel\framework\src\Illuminate\Support\Facades\Facade.php:357
C:\Users\Gaser\Desktop\COPRRA\tests\DatabaseSetup.php:16
C:\Users\Gaser\Desktop\COPRRA\tests\SafeMiddlewareTestBase.php:19

13) Tests\Feature\Http\Middleware\SetLocaleAndCurrencyTest::test_set_locale_and_currency_middleware_handles_cookie_values
Illuminate\Contracts\Container\BindingResolutionException: Target class [db.schema] does not exist.

C:\Users\Gaser\Desktop\COPRRA\vendor\laravel\framework\src\Illuminate\Container\Container.php:1163
C:\Users\Gaser\Desktop\COPRRA\vendor\laravel\framework\src\Illuminate\Container\Container.php:972
C:\Users\Gaser\Desktop\COPRRA\vendor\laravel\framework\src\Illuminate\Foundation\Application.php:1078
C:\Users\Gaser\Desktop\COPRRA\vendor\laravel\framework\src\Illuminate\Container\Container.php:903
C:\Users\Gaser\Desktop\COPRRA\vendor\laravel\framework\src\Illuminate\Foundation\Application.php:1058
C:\Users\Gaser\Desktop\COPRRA\vendor\laravel\framework\src\Illuminate\Container\Container.php:1856
C:\Users\Gaser\Desktop\COPRRA\vendor\laravel\framework\src\Illuminate\Support\Facades\Facade.php:243
C:\Users\Gaser\Desktop\COPRRA\vendor\laravel\framework\src\Illuminate\Support\Facades\Facade.php:211
C:\Users\Gaser\Desktop\COPRRA\vendor\laravel\framework\src\Illuminate\Support\Facades\Facade.php:357
C:\Users\Gaser\Desktop\COPRRA\tests\DatabaseSetup.php:16
C:\Users\Gaser\Desktop\COPRRA\tests\SafeMiddlewareTestBase.php:19

Caused by
ReflectionException: Class "db.schema" does not exist

C:\Users\Gaser\Desktop\COPRRA\vendor\laravel\framework\src\Illuminate\Container\Container.php:1161
C:\Users\Gaser\Desktop\COPRRA\vendor\laravel\framework\src\Illuminate\Container\Container.php:972
C:\Users\Gaser\Desktop\COPRRA\vendor\laravel\framework\src\Illuminate\Foundation\Application.php:1078
C:\Users\Gaser\Desktop\COPRRA\vendor\laravel\framework\src\Illuminate\Container\Container.php:903
C:\Users\Gaser\Desktop\COPRRA\vendor\laravel\framework\src\Illuminate\Foundation\Application.php:1058
C:\Users\Gaser\Desktop\COPRRA\vendor\laravel\framework\src\Illuminate\Container\Container.php:1856
C:\Users\Gaser\Desktop\COPRRA\vendor\laravel\framework\src\Illuminate\Support\Facades\Facade.php:243
C:\Users\Gaser\Desktop\COPRRA\vendor\laravel\framework\src\Illuminate\Support\Facades\Facade.php:211
C:\Users\Gaser\Desktop\COPRRA\vendor\laravel\framework\src\Illuminate\Support\Facades\Facade.php:357
C:\Users\Gaser\Desktop\COPRRA\tests\DatabaseSetup.php:16
C:\Users\Gaser\Desktop\COPRRA\tests\SafeMiddlewareTestBase.php:19

14) Tests\Feature\Http\Middleware\SetLocaleAndCurrencyTest::test_set_locale_and_currency_middleware_handles_post_requests
Illuminate\Contracts\Container\BindingResolutionException: Target class [db.schema] does not exist.

C:\Users\Gaser\Desktop\COPRRA\vendor\laravel\framework\src\Illuminate\Container\Container.php:1163
C:\Users\Gaser\Desktop\COPRRA\vendor\laravel\framework\src\Illuminate\Container\Container.php:972
C:\Users\Gaser\Desktop\COPRRA\vendor\laravel\framework\src\Illuminate\Foundation\Application.php:1078
C:\Users\Gaser\Desktop\COPRRA\vendor\laravel\framework\src\Illuminate\Container\Container.php:903
C:\Users\Gaser\Desktop\COPRRA\vendor\laravel\framework\src\Illuminate\Foundation\Application.php:1058
C:\Users\Gaser\Desktop\COPRRA\vendor\laravel\framework\src\Illuminate\Container\Container.php:1856
C:\Users\Gaser\Desktop\COPRRA\vendor\laravel\framework\src\Illuminate\Support\Facades\Facade.php:243
C:\Users\Gaser\Desktop\COPRRA\vendor\laravel\framework\src\Illuminate\Support\Facades\Facade.php:211
C:\Users\Gaser\Desktop\COPRRA\vendor\laravel\framework\src\Illuminate\Support\Facades\Facade.php:357
C:\Users\Gaser\Desktop\COPRRA\tests\DatabaseSetup.php:16
C:\Users\Gaser\Desktop\COPRRA\tests\SafeMiddlewareTestBase.php:19

Caused by
ReflectionException: Class "db.schema" does not exist

C:\Users\Gaser\Desktop\COPRRA\vendor\laravel\framework\src\Illuminate\Container\Container.php:1161
C:\Users\Gaser\Desktop\COPRRA\vendor\laravel\framework\src\Illuminate\Container\Container.php:972
C:\Users\Gaser\Desktop\COPRRA\vendor\laravel\framework\src\Illuminate\Foundation\Application.php:1078
C:\Users\Gaser\Desktop\COPRRA\vendor\laravel\framework\src\Illuminate\Container\Container.php:903
C:\Users\Gaser\Desktop\COPRRA\vendor\laravel\framework\src\Illuminate\Foundation\Application.php:1058
C:\Users\Gaser\Desktop\COPRRA\vendor\laravel\framework\src\Illuminate\Container\Container.php:1856
C:\Users\Gaser\Desktop\COPRRA\vendor\laravel\framework\src\Illuminate\Support\Facades\Facade.php:243
C:\Users\Gaser\Desktop\COPRRA\vendor\laravel\framework\src\Illuminate\Support\Facades\Facade.php:211
C:\Users\Gaser\Desktop\COPRRA\vendor\laravel\framework\src\Illuminate\Support\Facades\Facade.php:357
C:\Users\Gaser\Desktop\COPRRA\tests\DatabaseSetup.php:16
C:\Users\Gaser\Desktop\COPRRA\tests\SafeMiddlewareTestBase.php:19

15) Tests\Feature\Http\Middleware\ShareErrorsFromSessionTest::test_can_be_instantiated
Illuminate\Contracts\Container\BindingResolutionException: Target class [db.schema] does not exist.

C:\Users\Gaser\Desktop\COPRRA\vendor\laravel\framework\src\Illuminate\Container\Container.php:1163
C:\Users\Gaser\Desktop\COPRRA\vendor\laravel\framework\src\Illuminate\Container\Container.php:972
C:\Users\Gaser\Desktop\COPRRA\vendor\laravel\framework\src\Illuminate\Foundation\Application.php:1078
C:\Users\Gaser\Desktop\COPRRA\vendor\laravel\framework\src\Illuminate\Container\Container.php:903
C:\Users\Gaser\Desktop\COPRRA\vendor\laravel\framework\src\Illuminate\Foundation\Application.php:1058
C:\Users\Gaser\Desktop\COPRRA\vendor\laravel\framework\src\Illuminate\Container\Container.php:1856
C:\Users\Gaser\Desktop\COPRRA\vendor\laravel\framework\src\Illuminate\Support\Facades\Facade.php:243
C:\Users\Gaser\Desktop\COPRRA\vendor\laravel\framework\src\Illuminate\Support\Facades\Facade.php:211
C:\Users\Gaser\Desktop\COPRRA\vendor\laravel\framework\src\Illuminate\Support\Facades\Facade.php:357
C:\Users\Gaser\Desktop\COPRRA\tests\DatabaseSetup.php:16
C:\Users\Gaser\Desktop\COPRRA\tests\SafeMiddlewareTestBase.php:19

Caused by
ReflectionException: Class "db.schema" does not exist

C:\Users\Gaser\Desktop\COPRRA\vendor\laravel\framework\src\Illuminate\Container\Container.php:1161
C:\Users\Gaser\Desktop\COPRRA\vendor\laravel\framework\src\Illuminate\Container\Container.php:972
C:\Users\Gaser\Desktop\COPRRA\vendor\laravel\framework\src\Illuminate\Foundation\Application.php:1078
C:\Users\Gaser\Desktop\COPRRA\vendor\laravel\framework\src\Illuminate\Container\Container.php:903
C:\Users\Gaser\Desktop\COPRRA\vendor\laravel\framework\src\Illuminate\Foundation\Application.php:1058
C:\Users\Gaser\Desktop\COPRRA\vendor\laravel\framework\src\Illuminate\Container\Container.php:1856
C:\Users\Gaser\Desktop\COPRRA\vendor\laravel\framework\src\Illuminate\Support\Facades\Facade.php:243
C:\Users\Gaser\Desktop\COPRRA\vendor\laravel\framework\src\Illuminate\Support\Facades\Facade.php:211
C:\Users\Gaser\Desktop\COPRRA\vendor\laravel\framework\src\Illuminate\Support\Facades\Facade.php:357
C:\Users\Gaser\Desktop\COPRRA\tests\DatabaseSetup.php:16
C:\Users\Gaser\Desktop\COPRRA\tests\SafeMiddlewareTestBase.php:19

16) Tests\Feature\Http\Middleware\ShareErrorsFromSessionTest::test_share_errors_from_session_middleware_shares_errors
Illuminate\Contracts\Container\BindingResolutionException: Target class [db.schema] does not exist.

C:\Users\Gaser\Desktop\COPRRA\vendor\laravel\framework\src\Illuminate\Container\Container.php:1163
C:\Users\Gaser\Desktop\COPRRA\vendor\laravel\framework\src\Illuminate\Container\Container.php:972
C:\Users\Gaser\Desktop\COPRRA\vendor\laravel\framework\src\Illuminate\Foundation\Application.php:1078
C:\Users\Gaser\Desktop\COPRRA\vendor\laravel\framework\src\Illuminate\Container\Container.php:903
C:\Users\Gaser\Desktop\COPRRA\vendor\laravel\framework\src\Illuminate\Foundation\Application.php:1058
C:\Users\Gaser\Desktop\COPRRA\vendor\laravel\framework\src\Illuminate\Container\Container.php:1856
C:\Users\Gaser\Desktop\COPRRA\vendor\laravel\framework\src\Illuminate\Support\Facades\Facade.php:243
C:\Users\Gaser\Desktop\COPRRA\vendor\laravel\framework\src\Illuminate\Support\Facades\Facade.php:211
C:\Users\Gaser\Desktop\COPRRA\vendor\laravel\framework\src\Illuminate\Support\Facades\Facade.php:357
C:\Users\Gaser\Desktop\COPRRA\tests\DatabaseSetup.php:16
C:\Users\Gaser\Desktop\COPRRA\tests\SafeMiddlewareTestBase.php:19

Caused by
ReflectionException: Class "db.schema" does not exist

C:\Users\Gaser\Desktop\COPRRA\vendor\laravel\framework\src\Illuminate\Container\Container.php:1161
C:\Users\Gaser\Desktop\COPRRA\vendor\laravel\framework\src\Illuminate\Container\Container.php:972
C:\Users\Gaser\Desktop\COPRRA\vendor\laravel\framework\src\Illuminate\Foundation\Application.php:1078
C:\Users\Gaser\Desktop\COPRRA\vendor\laravel\framework\src\Illuminate\Container\Container.php:903
C:\Users\Gaser\Desktop\COPRRA\vendor\laravel\framework\src\Illuminate\Foundation\Application.php:1058
C:\Users\Gaser\Desktop\COPRRA\vendor\laravel\framework\src\Illuminate\Container\Container.php:1856
C:\Users\Gaser\Desktop\COPRRA\vendor\laravel\framework\src\Illuminate\Support\Facades\Facade.php:243
C:\Users\Gaser\Desktop\COPRRA\vendor\laravel\framework\src\Illuminate\Support\Facades\Facade.php:211
C:\Users\Gaser\Desktop\COPRRA\vendor\laravel\framework\src\Illuminate\Support\Facades\Facade.php:357
C:\Users\Gaser\Desktop\COPRRA\tests\DatabaseSetup.php:16
C:\Users\Gaser\Desktop\COPRRA\tests\SafeMiddlewareTestBase.php:19

17) Tests\Feature\Http\Middleware\ShareErrorsFromSessionTest::test_share_errors_from_session_middleware_handles_no_errors
Illuminate\Contracts\Container\BindingResolutionException: Target class [db.schema] does not exist.

C:\Users\Gaser\Desktop\COPRRA\vendor\laravel\framework\src\Illuminate\Container\Container.php:1163
C:\Users\Gaser\Desktop\COPRRA\vendor\laravel\framework\src\Illuminate\Container\Container.php:972
C:\Users\Gaser\Desktop\COPRRA\vendor\laravel\framework\src\Illuminate\Foundation\Application.php:1078
C:\Users\Gaser\Desktop\COPRRA\vendor\laravel\framework\src\Illuminate\Container\Container.php:903
C:\Users\Gaser\Desktop\COPRRA\vendor\laravel\framework\src\Illuminate\Foundation\Application.php:1058
C:\Users\Gaser\Desktop\COPRRA\vendor\laravel\framework\src\Illuminate\Container\Container.php:1856
C:\Users\Gaser\Desktop\COPRRA\vendor\laravel\framework\src\Illuminate\Support\Facades\Facade.php:243
C:\Users\Gaser\Desktop\COPRRA\vendor\laravel\framework\src\Illuminate\Support\Facades\Facade.php:211
C:\Users\Gaser\Desktop\COPRRA\vendor\laravel\framework\src\Illuminate\Support\Facades\Facade.php:357
C:\Users\Gaser\Desktop\COPRRA\tests\DatabaseSetup.php:16
C:\Users\Gaser\Desktop\COPRRA\tests\SafeMiddlewareTestBase.php:19

Caused by
ReflectionException: Class "db.schema" does not exist

C:\Users\Gaser\Desktop\COPRRA\vendor\laravel\framework\src\Illuminate\Container\Container.php:1161
C:\Users\Gaser\Desktop\COPRRA\vendor\laravel\framework\src\Illuminate\Container\Container.php:972
C:\Users\Gaser\Desktop\COPRRA\vendor\laravel\framework\src\Illuminate\Foundation\Application.php:1078
C:\Users\Gaser\Desktop\COPRRA\vendor\laravel\framework\src\Illuminate\Container\Container.php:903
C:\Users\Gaser\Desktop\COPRRA\vendor\laravel\framework\src\Illuminate\Foundation\Application.php:1058
C:\Users\Gaser\Desktop\COPRRA\vendor\laravel\framework\src\Illuminate\Container\Container.php:1856
C:\Users\Gaser\Desktop\COPRRA\vendor\laravel\framework\src\Illuminate\Support\Facades\Facade.php:243
C:\Users\Gaser\Desktop\COPRRA\vendor\laravel\framework\src\Illuminate\Support\Facades\Facade.php:211
C:\Users\Gaser\Desktop\COPRRA\vendor\laravel\framework\src\Illuminate\Support\Facades\Facade.php:357
C:\Users\Gaser\Desktop\COPRRA\tests\DatabaseSetup.php:16
C:\Users\Gaser\Desktop\COPRRA\tests\SafeMiddlewareTestBase.php:19

18) Tests\Feature\Http\Middleware\ShareErrorsFromSessionTest::test_share_errors_from_session_middleware_handles_multiple_errors
Illuminate\Contracts\Container\BindingResolutionException: Target class [db.schema] does not exist.

C:\Users\Gaser\Desktop\COPRRA\vendor\laravel\framework\src\Illuminate\Container\Container.php:1163
C:\Users\Gaser\Desktop\COPRRA\vendor\laravel\framework\src\Illuminate\Container\Container.php:972
C:\Users\Gaser\Desktop\COPRRA\vendor\laravel\framework\src\Illuminate\Foundation\Application.php:1078
C:\Users\Gaser\Desktop\COPRRA\vendor\laravel\framework\src\Illuminate\Container\Container.php:903
C:\Users\Gaser\Desktop\COPRRA\vendor\laravel\framework\src\Illuminate\Foundation\Application.php:1058
C:\Users\Gaser\Desktop\COPRRA\vendor\laravel\framework\src\Illuminate\Container\Container.php:1856
C:\Users\Gaser\Desktop\COPRRA\vendor\laravel\framework\src\Illuminate\Support\Facades\Facade.php:243
C:\Users\Gaser\Desktop\COPRRA\vendor\laravel\framework\src\Illuminate\Support\Facades\Facade.php:211
C:\Users\Gaser\Desktop\COPRRA\vendor\laravel\framework\src\Illuminate\Support\Facades\Facade.php:357
C:\Users\Gaser\Desktop\COPRRA\tests\DatabaseSetup.php:16
C:\Users\Gaser\Desktop\COPRRA\tests\SafeMiddlewareTestBase.php:19

Caused by
ReflectionException: Class "db.schema" does not exist

C:\Users\Gaser\Desktop\COPRRA\vendor\laravel\framework\src\Illuminate\Container\Container.php:1161
C:\Users\Gaser\Desktop\COPRRA\vendor\laravel\framework\src\Illuminate\Container\Container.php:972
C:\Users\Gaser\Desktop\COPRRA\vendor\laravel\framework\src\Illuminate\Foundation\Application.php:1078
C:\Users\Gaser\Desktop\COPRRA\vendor\laravel\framework\src\Illuminate\Container\Container.php:903
C:\Users\Gaser\Desktop\COPRRA\vendor\laravel\framework\src\Illuminate\Foundation\Application.php:1058
C:\Users\Gaser\Desktop\COPRRA\vendor\laravel\framework\src\Illuminate\Container\Container.php:1856
C:\Users\Gaser\Desktop\COPRRA\vendor\laravel\framework\src\Illuminate\Support\Facades\Facade.php:243
C:\Users\Gaser\Desktop\COPRRA\vendor\laravel\framework\src\Illuminate\Support\Facades\Facade.php:211
C:\Users\Gaser\Desktop\COPRRA\vendor\laravel\framework\src\Illuminate\Support\Facades\Facade.php:357
C:\Users\Gaser\Desktop\COPRRA\tests\DatabaseSetup.php:16
C:\Users\Gaser\Desktop\COPRRA\tests\SafeMiddlewareTestBase.php:19

19) Tests\Feature\Http\Middleware\ShareErrorsFromSessionTest::test_share_errors_from_session_middleware_handles_post_requests
Illuminate\Contracts\Container\BindingResolutionException: Target class [db.schema] does not exist.

C:\Users\Gaser\Desktop\COPRRA\vendor\laravel\framework\src\Illuminate\Container\Container.php:1163
C:\Users\Gaser\Desktop\COPRRA\vendor\laravel\framework\src\Illuminate\Container\Container.php:972
C:\Users\Gaser\Desktop\COPRRA\vendor\laravel\framework\src\Illuminate\Foundation\Application.php:1078
C:\Users\Gaser\Desktop\COPRRA\vendor\laravel\framework\src\Illuminate\Container\Container.php:903
C:\Users\Gaser\Desktop\COPRRA\vendor\laravel\framework\src\Illuminate\Foundation\Application.php:1058
C:\Users\Gaser\Desktop\COPRRA\vendor\laravel\framework\src\Illuminate\Container\Container.php:1856
C:\Users\Gaser\Desktop\COPRRA\vendor\laravel\framework\src\Illuminate\Support\Facades\Facade.php:243
C:\Users\Gaser\Desktop\COPRRA\vendor\laravel\framework\src\Illuminate\Support\Facades\Facade.php:211
C:\Users\Gaser\Desktop\COPRRA\vendor\laravel\framework\src\Illuminate\Support\Facades\Facade.php:357
C:\Users\Gaser\Desktop\COPRRA\tests\DatabaseSetup.php:16
C:\Users\Gaser\Desktop\COPRRA\tests\SafeMiddlewareTestBase.php:19

Caused by
ReflectionException: Class "db.schema" does not exist

C:\Users\Gaser\Desktop\COPRRA\vendor\laravel\framework\src\Illuminate\Container\Container.php:1161
C:\Users\Gaser\Desktop\COPRRA\vendor\laravel\framework\src\Illuminate\Container\Container.php:972
C:\Users\Gaser\Desktop\COPRRA\vendor\laravel\framework\src\Illuminate\Foundation\Application.php:1078
C:\Users\Gaser\Desktop\COPRRA\vendor\laravel\framework\src\Illuminate\Container\Container.php:903
C:\Users\Gaser\Desktop\COPRRA\vendor\laravel\framework\src\Illuminate\Foundation\Application.php:1058
C:\Users\Gaser\Desktop\COPRRA\vendor\laravel\framework\src\Illuminate\Container\Container.php:1856
C:\Users\Gaser\Desktop\COPRRA\vendor\laravel\framework\src\Illuminate\Support\Facades\Facade.php:243
C:\Users\Gaser\Desktop\COPRRA\vendor\laravel\framework\src\Illuminate\Support\Facades\Facade.php:211
C:\Users\Gaser\Desktop\COPRRA\vendor\laravel\framework\src\Illuminate\Support\Facades\Facade.php:357
C:\Users\Gaser\Desktop\COPRRA\tests\DatabaseSetup.php:16
C:\Users\Gaser\Desktop\COPRRA\tests\SafeMiddlewareTestBase.php:19

20) Tests\Feature\Http\Middleware\ShareErrorsFromSessionTest::test_share_errors_from_session_middleware_handles_api_requests
Illuminate\Contracts\Container\BindingResolutionException: Target class [db.schema] does not exist.

C:\Users\Gaser\Desktop\COPRRA\vendor\laravel\framework\src\Illuminate\Container\Container.php:1163
C:\Users\Gaser\Desktop\COPRRA\vendor\laravel\framework\src\Illuminate\Container\Container.php:972
C:\Users\Gaser\Desktop\COPRRA\vendor\laravel\framework\src\Illuminate\Foundation\Application.php:1078
C:\Users\Gaser\Desktop\COPRRA\vendor\laravel\framework\src\Illuminate\Container\Container.php:903
C:\Users\Gaser\Desktop\COPRRA\vendor\laravel\framework\src\Illuminate\Foundation\Application.php:1058
C:\Users\Gaser\Desktop\COPRRA\vendor\laravel\framework\src\Illuminate\Container\Container.php:1856
C:\Users\Gaser\Desktop\COPRRA\vendor\laravel\framework\src\Illuminate\Support\Facades\Facade.php:243
C:\Users\Gaser\Desktop\COPRRA\vendor\laravel\framework\src\Illuminate\Support\Facades\Facade.php:211
C:\Users\Gaser\Desktop\COPRRA\vendor\laravel\framework\src\Illuminate\Support\Facades\Facade.php:357
C:\Users\Gaser\Desktop\COPRRA\tests\DatabaseSetup.php:16
C:\Users\Gaser\Desktop\COPRRA\tests\SafeMiddlewareTestBase.php:19

Caused by
ReflectionException: Class "db.schema" does not exist

C:\Users\Gaser\Desktop\COPRRA\vendor\laravel\framework\src\Illuminate\Container\Container.php:1161
C:\Users\Gaser\Desktop\COPRRA\vendor\laravel\framework\src\Illuminate\Container\Container.php:972
C:\Users\Gaser\Desktop\COPRRA\vendor\laravel\framework\src\Illuminate\Foundation\Application.php:1078
C:\Users\Gaser\Desktop\COPRRA\vendor\laravel\framework\src\Illuminate\Container\Container.php:903
C:\Users\Gaser\Desktop\COPRRA\vendor\laravel\framework\src\Illuminate\Foundation\Application.php:1058
C:\Users\Gaser\Desktop\COPRRA\vendor\laravel\framework\src\Illuminate\Container\Container.php:1856
C:\Users\Gaser\Desktop\COPRRA\vendor\laravel\framework\src\Illuminate\Support\Facades\Facade.php:243
C:\Users\Gaser\Desktop\COPRRA\vendor\laravel\framework\src\Illuminate\Support\Facades\Facade.php:211
C:\Users\Gaser\Desktop\COPRRA\vendor\laravel\framework\src\Illuminate\Support\Facades\Facade.php:357
C:\Users\Gaser\Desktop\COPRRA\tests\DatabaseSetup.php:16
C:\Users\Gaser\Desktop\COPRRA\tests\SafeMiddlewareTestBase.php:19

21) Tests\Feature\Http\Middleware\StartSessionTest::test_start_session_middleware_handles_session_data
ArgumentCountError: Too few arguments to function Illuminate\Session\Store::__construct(), 1 passed in C:\Users\Gaser\Desktop\COPRRA\tests\Feature\Http\Middleware\StartSessionTest.php on line 33 and at least 2 expected

C:\Users\Gaser\Desktop\COPRRA\vendor\laravel\framework\src\Illuminate\Session\Store.php:74
C:\Users\Gaser\Desktop\COPRRA\tests\Feature\Http\Middleware\StartSessionTest.php:33

22) Tests\Feature\Http\Middleware\SubstituteBindingsTest::test_substitute_bindings_middleware_substitutes_route_bindings
ErrorException: Undefined variable $request

C:\Users\Gaser\Desktop\COPRRA\vendor\laravel\framework\src\Illuminate\Foundation\Bootstrap\HandleExceptions.php:258
C:\Users\Gaser\Desktop\COPRRA\tests\Feature\Http\Middleware\SubstituteBindingsTest.php:23
C:\Users\Gaser\Desktop\COPRRA\vendor\laravel\framework\src\Illuminate\Http\Request.php:643
C:\Users\Gaser\Desktop\COPRRA\app\Http\Middleware\SubstituteBindings.php:27
C:\Users\Gaser\Desktop\COPRRA\app\Http\Middleware\SubstituteBindings.php:15
C:\Users\Gaser\Desktop\COPRRA\tests\Feature\Http\Middleware\SubstituteBindingsTest.php:30

23) Tests\Feature\Http\Middleware\SubstituteBindingsTest::test_substitute_bindings_middleware_handles_missing_bindings
ErrorException: Undefined variable $request

C:\Users\Gaser\Desktop\COPRRA\vendor\laravel\framework\src\Illuminate\Foundation\Bootstrap\HandleExceptions.php:258
C:\Users\Gaser\Desktop\COPRRA\tests\Feature\Http\Middleware\SubstituteBindingsTest.php:43
C:\Users\Gaser\Desktop\COPRRA\vendor\laravel\framework\src\Illuminate\Http\Request.php:643
C:\Users\Gaser\Desktop\COPRRA\app\Http\Middleware\SubstituteBindings.php:27
C:\Users\Gaser\Desktop\COPRRA\app\Http\Middleware\SubstituteBindings.php:15
C:\Users\Gaser\Desktop\COPRRA\tests\Feature\Http\Middleware\SubstituteBindingsTest.php:49

24) Tests\Feature\Http\Middleware\ThrottleRequestsTest::test_throttle_requests_middleware_allows_requests_within_limit
ArgumentCountError: Too few arguments to function App\Http\Middleware\ThrottleRequests::__construct(), 0 passed in C:\Users\Gaser\Desktop\COPRRA\tests\Feature\Http\Middleware\ThrottleRequestsTest.php on line 28 and exactly 1 expected

C:\Users\Gaser\Desktop\COPRRA\app\Http\Middleware\ThrottleRequests.php:16
C:\Users\Gaser\Desktop\COPRRA\tests\Feature\Http\Middleware\ThrottleRequestsTest.php:28

25) Tests\Feature\Http\Middleware\ThrottleRequestsTest::test_throttle_requests_middleware_blocks_requests_exceeding_limit
ArgumentCountError: Too few arguments to function App\Http\Middleware\ThrottleRequests::__construct(), 0 passed in C:\Users\Gaser\Desktop\COPRRA\tests\Feature\Http\Middleware\ThrottleRequestsTest.php on line 42 and exactly 1 expected

C:\Users\Gaser\Desktop\COPRRA\app\Http\Middleware\ThrottleRequests.php:16
C:\Users\Gaser\Desktop\COPRRA\tests\Feature\Http\Middleware\ThrottleRequestsTest.php:42

26) Tests\Feature\Http\Middleware\ThrottleRequestsTest::test_throttle_requests_middleware_includes_retry_after_header
ArgumentCountError: Too few arguments to function App\Http\Middleware\ThrottleRequests::__construct(), 0 passed in C:\Users\Gaser\Desktop\COPRRA\tests\Feature\Http\Middleware\ThrottleRequestsTest.php on line 59 and exactly 1 expected

C:\Users\Gaser\Desktop\COPRRA\app\Http\Middleware\ThrottleRequests.php:16
C:\Users\Gaser\Desktop\COPRRA\tests\Feature\Http\Middleware\ThrottleRequestsTest.php:59

27) Tests\Feature\Http\Middleware\ThrottleRequestsTest::test_throttle_requests_middleware_handles_different_ips_separately
ArgumentCountError: Too few arguments to function App\Http\Middleware\ThrottleRequests::__construct(), 0 passed in C:\Users\Gaser\Desktop\COPRRA\tests\Feature\Http\Middleware\ThrottleRequestsTest.php on line 85 and exactly 1 expected

C:\Users\Gaser\Desktop\COPRRA\app\Http\Middleware\ThrottleRequests.php:16
C:\Users\Gaser\Desktop\COPRRA\tests\Feature\Http\Middleware\ThrottleRequestsTest.php:85

28) Tests\Feature\Http\Middleware\ThrottleRequestsTest::test_throttle_requests_middleware_resets_after_time_window
ArgumentCountError: Too few arguments to function App\Http\Middleware\ThrottleRequests::__construct(), 0 passed in C:\Users\Gaser\Desktop\COPRRA\tests\Feature\Http\Middleware\ThrottleRequestsTest.php on line 110 and exactly 1 expected

C:\Users\Gaser\Desktop\COPRRA\app\Http\Middleware\ThrottleRequests.php:16
C:\Users\Gaser\Desktop\COPRRA\tests\Feature\Http\Middleware\ThrottleRequestsTest.php:110

29) Tests\Feature\Http\Middleware\TrimStringsTest::test_trim_strings_middleware_trims_string_input
Illuminate\Contracts\Container\BindingResolutionException: Target [Illuminate\Contracts\Routing\ResponseFactory] is not instantiable.

C:\Users\Gaser\Desktop\COPRRA\vendor\laravel\framework\src\Illuminate\Container\Container.php:1456
C:\Users\Gaser\Desktop\COPRRA\vendor\laravel\framework\src\Illuminate\Container\Container.php:1170
C:\Users\Gaser\Desktop\COPRRA\vendor\laravel\framework\src\Illuminate\Container\Container.php:972
C:\Users\Gaser\Desktop\COPRRA\vendor\laravel\framework\src\Illuminate\Foundation\Application.php:1078
C:\Users\Gaser\Desktop\COPRRA\vendor\laravel\framework\src\Illuminate\Container\Container.php:903
C:\Users\Gaser\Desktop\COPRRA\vendor\laravel\framework\src\Illuminate\Foundation\Application.php:1058
C:\Users\Gaser\Desktop\COPRRA\vendor\laravel\framework\src\Illuminate\Foundation\helpers.php:138
C:\Users\Gaser\Desktop\COPRRA\vendor\laravel\framework\src\Illuminate\Foundation\helpers.php:851
C:\Users\Gaser\Desktop\COPRRA\tests\Feature\Http\Middleware\TrimStringsTest.php:26
C:\Users\Gaser\Desktop\COPRRA\vendor\laravel\framework\src\Illuminate\Foundation\Http\Middleware\TransformsRequest.php:21
C:\Users\Gaser\Desktop\COPRRA\vendor\laravel\framework\src\Illuminate\Foundation\Http\Middleware\TrimStrings.php:51
C:\Users\Gaser\Desktop\COPRRA\tests\Feature\Http\Middleware\TrimStringsTest.php:25

30) Tests\Feature\Http\Middleware\TrimStringsTest::test_trim_strings_middleware_does_not_trim_non_string_input
Illuminate\Contracts\Container\BindingResolutionException: Target [Illuminate\Contracts\Routing\ResponseFactory] is not instantiable.

C:\Users\Gaser\Desktop\COPRRA\vendor\laravel\framework\src\Illuminate\Container\Container.php:1456
C:\Users\Gaser\Desktop\COPRRA\vendor\laravel\framework\src\Illuminate\Container\Container.php:1170
C:\Users\Gaser\Desktop\COPRRA\vendor\laravel\framework\src\Illuminate\Container\Container.php:972
C:\Users\Gaser\Desktop\COPRRA\vendor\laravel\framework\src\Illuminate\Foundation\Application.php:1078
C:\Users\Gaser\Desktop\COPRRA\vendor\laravel\framework\src\Illuminate\Container\Container.php:903
C:\Users\Gaser\Desktop\COPRRA\vendor\laravel\framework\src\Illuminate\Foundation\Application.php:1058
C:\Users\Gaser\Desktop\COPRRA\vendor\laravel\framework\src\Illuminate\Foundation\helpers.php:138
C:\Users\Gaser\Desktop\COPRRA\vendor\laravel\framework\src\Illuminate\Foundation\helpers.php:851
C:\Users\Gaser\Desktop\COPRRA\tests\Feature\Http\Middleware\TrimStringsTest.php:45
C:\Users\Gaser\Desktop\COPRRA\vendor\laravel\framework\src\Illuminate\Foundation\Http\Middleware\TransformsRequest.php:21
C:\Users\Gaser\Desktop\COPRRA\vendor\laravel\framework\src\Illuminate\Foundation\Http\Middleware\TrimStrings.php:51
C:\Users\Gaser\Desktop\COPRRA\tests\Feature\Http\Middleware\TrimStringsTest.php:44

31) Tests\Feature\Http\Middleware\TrimStringsTest::test_trim_strings_middleware_handles_nested_arrays
Illuminate\Contracts\Container\BindingResolutionException: Target [Illuminate\Contracts\Routing\ResponseFactory] is not instantiable.

C:\Users\Gaser\Desktop\COPRRA\vendor\laravel\framework\src\Illuminate\Container\Container.php:1456
C:\Users\Gaser\Desktop\COPRRA\vendor\laravel\framework\src\Illuminate\Container\Container.php:1170
C:\Users\Gaser\Desktop\COPRRA\vendor\laravel\framework\src\Illuminate\Container\Container.php:972
C:\Users\Gaser\Desktop\COPRRA\vendor\laravel\framework\src\Illuminate\Foundation\Application.php:1078
C:\Users\Gaser\Desktop\COPRRA\vendor\laravel\framework\src\Illuminate\Container\Container.php:903
C:\Users\Gaser\Desktop\COPRRA\vendor\laravel\framework\src\Illuminate\Foundation\Application.php:1058
C:\Users\Gaser\Desktop\COPRRA\vendor\laravel\framework\src\Illuminate\Foundation\helpers.php:138
C:\Users\Gaser\Desktop\COPRRA\vendor\laravel\framework\src\Illuminate\Foundation\helpers.php:851
C:\Users\Gaser\Desktop\COPRRA\tests\Feature\Http\Middleware\TrimStringsTest.php:69
C:\Users\Gaser\Desktop\COPRRA\vendor\laravel\framework\src\Illuminate\Foundation\Http\Middleware\TransformsRequest.php:21
C:\Users\Gaser\Desktop\COPRRA\vendor\laravel\framework\src\Illuminate\Foundation\Http\Middleware\TrimStrings.php:51
C:\Users\Gaser\Desktop\COPRRA\tests\Feature\Http\Middleware\TrimStringsTest.php:68

32) Tests\Feature\Http\Middleware\TrimStringsTest::test_trim_strings_middleware_handles_empty_strings
Illuminate\Contracts\Container\BindingResolutionException: Target [Illuminate\Contracts\Routing\ResponseFactory] is not instantiable.

C:\Users\Gaser\Desktop\COPRRA\vendor\laravel\framework\src\Illuminate\Container\Container.php:1456
C:\Users\Gaser\Desktop\COPRRA\vendor\laravel\framework\src\Illuminate\Container\Container.php:1170
C:\Users\Gaser\Desktop\COPRRA\vendor\laravel\framework\src\Illuminate\Container\Container.php:972
C:\Users\Gaser\Desktop\COPRRA\vendor\laravel\framework\src\Illuminate\Foundation\Application.php:1078
C:\Users\Gaser\Desktop\COPRRA\vendor\laravel\framework\src\Illuminate\Container\Container.php:903
C:\Users\Gaser\Desktop\COPRRA\vendor\laravel\framework\src\Illuminate\Foundation\Application.php:1058
C:\Users\Gaser\Desktop\COPRRA\vendor\laravel\framework\src\Illuminate\Foundation\helpers.php:138
C:\Users\Gaser\Desktop\COPRRA\vendor\laravel\framework\src\Illuminate\Foundation\helpers.php:851
C:\Users\Gaser\Desktop\COPRRA\tests\Feature\Http\Middleware\TrimStringsTest.php:89
C:\Users\Gaser\Desktop\COPRRA\vendor\laravel\framework\src\Illuminate\Foundation\Http\Middleware\TransformsRequest.php:21
C:\Users\Gaser\Desktop\COPRRA\vendor\laravel\framework\src\Illuminate\Foundation\Http\Middleware\TrimStrings.php:51
C:\Users\Gaser\Desktop\COPRRA\tests\Feature\Http\Middleware\TrimStringsTest.php:88

33) Tests\Feature\Http\Middleware\TrimStringsTest::test_trim_strings_middleware_passes_request_to_next_middleware
Illuminate\Contracts\Container\BindingResolutionException: Target [Illuminate\Contracts\Routing\ResponseFactory] is not instantiable.

C:\Users\Gaser\Desktop\COPRRA\vendor\laravel\framework\src\Illuminate\Container\Container.php:1456
C:\Users\Gaser\Desktop\COPRRA\vendor\laravel\framework\src\Illuminate\Container\Container.php:1170
C:\Users\Gaser\Desktop\COPRRA\vendor\laravel\framework\src\Illuminate\Container\Container.php:972
C:\Users\Gaser\Desktop\COPRRA\vendor\laravel\framework\src\Illuminate\Foundation\Application.php:1078
C:\Users\Gaser\Desktop\COPRRA\vendor\laravel\framework\src\Illuminate\Container\Container.php:903
C:\Users\Gaser\Desktop\COPRRA\vendor\laravel\framework\src\Illuminate\Foundation\Application.php:1058
C:\Users\Gaser\Desktop\COPRRA\vendor\laravel\framework\src\Illuminate\Foundation\helpers.php:138
C:\Users\Gaser\Desktop\COPRRA\vendor\laravel\framework\src\Illuminate\Foundation\helpers.php:851
C:\Users\Gaser\Desktop\COPRRA\tests\Feature\Http\Middleware\TrimStringsTest.php:106
C:\Users\Gaser\Desktop\COPRRA\vendor\laravel\framework\src\Illuminate\Foundation\Http\Middleware\TransformsRequest.php:21
C:\Users\Gaser\Desktop\COPRRA\vendor\laravel\framework\src\Illuminate\Foundation\Http\Middleware\TrimStrings.php:51
C:\Users\Gaser\Desktop\COPRRA\tests\Feature\Http\Middleware\TrimStringsTest.php:105

34) Tests\Feature\Http\Middleware\ValidateSignatureTest::test_validate_signature_middleware_validates_correct_signature
Illuminate\Routing\Exceptions\InvalidSignatureException: Invalid signature.

C:\Users\Gaser\Desktop\COPRRA\vendor\laravel\framework\src\Illuminate\Routing\Middleware\ValidateSignature.php:73
C:\Users\Gaser\Desktop\COPRRA\tests\Feature\Http\Middleware\ValidateSignatureTest.php:22

35) Tests\Feature\Http\Middleware\ValidateSignatureTest::test_validate_signature_middleware_handles_missing_signature
Illuminate\Routing\Exceptions\InvalidSignatureException: Invalid signature.

C:\Users\Gaser\Desktop\COPRRA\vendor\laravel\framework\src\Illuminate\Routing\Middleware\ValidateSignature.php:73
C:\Users\Gaser\Desktop\COPRRA\tests\Feature\Http\Middleware\ValidateSignatureTest.php:35

36) Tests\Feature\Http\Middleware\ValidateSignatureTest::test_validate_signature_middleware_handles_invalid_signature
Illuminate\Routing\Exceptions\InvalidSignatureException: Invalid signature.

C:\Users\Gaser\Desktop\COPRRA\vendor\laravel\framework\src\Illuminate\Routing\Middleware\ValidateSignature.php:73
C:\Users\Gaser\Desktop\COPRRA\tests\Feature\Http\Middleware\ValidateSignatureTest.php:49

37) Tests\Feature\Http\Middleware\ValidateSignatureTest::test_validate_signature_middleware_handles_post_requests
Illuminate\Routing\Exceptions\InvalidSignatureException: Invalid signature.

C:\Users\Gaser\Desktop\COPRRA\vendor\laravel\framework\src\Illuminate\Routing\Middleware\ValidateSignature.php:73
C:\Users\Gaser\Desktop\COPRRA\tests\Feature\Http\Middleware\ValidateSignatureTest.php:64

38) Tests\Feature\Http\Middleware\ValidateSignatureTest::test_validate_signature_middleware_handles_api_requests
Illuminate\Routing\Exceptions\InvalidSignatureException: Invalid signature.

C:\Users\Gaser\Desktop\COPRRA\vendor\laravel\framework\src\Illuminate\Routing\Middleware\ValidateSignature.php:73
C:\Users\Gaser\Desktop\COPRRA\tests\Feature\Http\Middleware\ValidateSignatureTest.php:78

39) Tests\Feature\Http\Middleware\VerifyCsrfTokenTest::test_verify_csrf_token_middleware_allows_valid_token
ArgumentCountError: Too few arguments to function Illuminate\Session\Store::__construct(), 1 passed in C:\Users\Gaser\Desktop\COPRRA\tests\Feature\Http\Middleware\VerifyCsrfTokenTest.php on line 20 and at least 2 expected

C:\Users\Gaser\Desktop\COPRRA\vendor\laravel\framework\src\Illuminate\Session\Store.php:74
C:\Users\Gaser\Desktop\COPRRA\tests\Feature\Http\Middleware\VerifyCsrfTokenTest.php:20

40) Tests\Feature\Http\Middleware\VerifyCsrfTokenTest::test_verify_csrf_token_middleware_blocks_invalid_token
ArgumentCountError: Too few arguments to function Illuminate\Session\Store::__construct(), 1 passed in C:\Users\Gaser\Desktop\COPRRA\tests\Feature\Http\Middleware\VerifyCsrfTokenTest.php on line 39 and at least 2 expected

C:\Users\Gaser\Desktop\COPRRA\vendor\laravel\framework\src\Illuminate\Session\Store.php:74
C:\Users\Gaser\Desktop\COPRRA\tests\Feature\Http\Middleware\VerifyCsrfTokenTest.php:39

41) Tests\Feature\Http\Middleware\VerifyCsrfTokenTest::test_verify_csrf_token_middleware_allows_get_requests
ArgumentCountError: Too few arguments to function Illuminate\Foundation\Http\Middleware\VerifyCsrfToken::__construct(), 0 passed in C:\Users\Gaser\Desktop\COPRRA\tests\Feature\Http\Middleware\VerifyCsrfTokenTest.php on line 58 and exactly 2 expected

C:\Users\Gaser\Desktop\COPRRA\vendor\laravel\framework\src\Illuminate\Foundation\Http\Middleware\VerifyCsrfToken.php:64
C:\Users\Gaser\Desktop\COPRRA\tests\Feature\Http\Middleware\VerifyCsrfTokenTest.php:58

42) Tests\Feature\Http\Middleware\VerifyCsrfTokenTest::test_verify_csrf_token_middleware_allows_head_requests
ArgumentCountError: Too few arguments to function Illuminate\Foundation\Http\Middleware\VerifyCsrfToken::__construct(), 0 passed in C:\Users\Gaser\Desktop\COPRRA\tests\Feature\Http\Middleware\VerifyCsrfTokenTest.php on line 71 and exactly 2 expected

C:\Users\Gaser\Desktop\COPRRA\vendor\laravel\framework\src\Illuminate\Foundation\Http\Middleware\VerifyCsrfToken.php:64
C:\Users\Gaser\Desktop\COPRRA\tests\Feature\Http\Middleware\VerifyCsrfTokenTest.php:71

43) Tests\Feature\Http\Middleware\VerifyCsrfTokenTest::test_verify_csrf_token_middleware_allows_options_requests
ArgumentCountError: Too few arguments to function Illuminate\Foundation\Http\Middleware\VerifyCsrfToken::__construct(), 0 passed in C:\Users\Gaser\Desktop\COPRRA\tests\Feature\Http\Middleware\VerifyCsrfTokenTest.php on line 83 and exactly 2 expected

C:\Users\Gaser\Desktop\COPRRA\vendor\laravel\framework\src\Illuminate\Foundation\Http\Middleware\VerifyCsrfToken.php:64
C:\Users\Gaser\Desktop\COPRRA\tests\Feature\Http\Middleware\VerifyCsrfTokenTest.php:83

44) Tests\Feature\Http\Middleware\VerifyCsrfTokenTest::test_verify_csrf_token_middleware_blocks_post_requests_without_token
ArgumentCountError: Too few arguments to function Illuminate\Session\Store::__construct(), 1 passed in C:\Users\Gaser\Desktop\COPRRA\tests\Feature\Http\Middleware\VerifyCsrfTokenTest.php on line 94 and at least 2 expected

C:\Users\Gaser\Desktop\COPRRA\vendor\laravel\framework\src\Illuminate\Session\Store.php:74
C:\Users\Gaser\Desktop\COPRRA\tests\Feature\Http\Middleware\VerifyCsrfTokenTest.php:94

45) Tests\Feature\Models\BrandTest::test_it_can_validate_name_length
BadMethodCallException: Call to undefined method App\Models\Brand::validate()

C:\Users\Gaser\Desktop\COPRRA\vendor\laravel\framework\src\Illuminate\Support\Traits\ForwardsCalls.php:67
C:\Users\Gaser\Desktop\COPRRA\vendor\laravel\framework\src\Illuminate\Support\Traits\ForwardsCalls.php:36
C:\Users\Gaser\Desktop\COPRRA\vendor\laravel\framework\src\Illuminate\Database\Eloquent\Model.php:2540
C:\Users\Gaser\Desktop\COPRRA\tests\Feature\Models\BrandTest.php:76

46) Tests\Feature\Models\BrandTest::test_it_can_validate_website_url_format
BadMethodCallException: Call to undefined method App\Models\Brand::validate()

C:\Users\Gaser\Desktop\COPRRA\vendor\laravel\framework\src\Illuminate\Support\Traits\ForwardsCalls.php:67
C:\Users\Gaser\Desktop\COPRRA\vendor\laravel\framework\src\Illuminate\Support\Traits\ForwardsCalls.php:36
C:\Users\Gaser\Desktop\COPRRA\vendor\laravel\framework\src\Illuminate\Database\Eloquent\Model.php:2540
C:\Users\Gaser\Desktop\COPRRA\tests\Feature\Models\BrandTest.php:87

47) Tests\Feature\Models\BrandTest::test_it_can_validate_logo_url_format
BadMethodCallException: Call to undefined method App\Models\Brand::validate()

C:\Users\Gaser\Desktop\COPRRA\vendor\laravel\framework\src\Illuminate\Support\Traits\ForwardsCalls.php:67
C:\Users\Gaser\Desktop\COPRRA\vendor\laravel\framework\src\Illuminate\Support\Traits\ForwardsCalls.php:36
C:\Users\Gaser\Desktop\COPRRA\vendor\laravel\framework\src\Illuminate\Database\Eloquent\Model.php:2540
C:\Users\Gaser\Desktop\COPRRA\tests\Feature\Models\BrandTest.php:98

48) Tests\Feature\Models\NotificationSimpleTest::test_it_has_correct_fillable_attributes
ErrorException: include(C:\Users\Gaser\Desktop\COPRRA\vendor\composer/../mockery/mockery/library/Mockery/Matcher/Any.php): Failed to open stream: No such file or directory

C:\Users\Gaser\Desktop\COPRRA\vendor\laravel\framework\src\Illuminate\Foundation\Bootstrap\HandleExceptions.php:258
C:\Users\Gaser\Desktop\COPRRA\tests\Feature\Models\NotificationSimpleTest.php:23

49) Tests\Feature\Models\NotificationSimpleTest::test_it_has_correct_casts
ErrorException: include(C:\Users\Gaser\Desktop\COPRRA\vendor\composer/../mockery/mockery/library/Mockery/Matcher/Any.php): Failed to open stream: No such file or directory

C:\Users\Gaser\Desktop\COPRRA\vendor\laravel\framework\src\Illuminate\Foundation\Bootstrap\HandleExceptions.php:258
C:\Users\Gaser\Desktop\COPRRA\tests\Feature\Models\NotificationSimpleTest.php:23

50) Tests\Feature\Models\NotificationSimpleTest::test_it_has_correct_table_name
ErrorException: include(C:\Users\Gaser\Desktop\COPRRA\vendor\composer/../mockery/mockery/library/Mockery/Matcher/Any.php): Failed to open stream: No such file or directory

C:\Users\Gaser\Desktop\COPRRA\vendor\laravel\framework\src\Illuminate\Foundation\Bootstrap\HandleExceptions.php:258
C:\Users\Gaser\Desktop\COPRRA\tests\Feature\Models\NotificationSimpleTest.php:23

51) Tests\Feature\Models\NotificationSimpleTest::test_it_uses_timestamps
ErrorException: include(C:\Users\Gaser\Desktop\COPRRA\vendor\composer/../mockery/mockery/library/Mockery/Matcher/Any.php): Failed to open stream: No such file or directory

C:\Users\Gaser\Desktop\COPRRA\vendor\laravel\framework\src\Illuminate\Foundation\Bootstrap\HandleExceptions.php:258
C:\Users\Gaser\Desktop\COPRRA\tests\Feature\Models\NotificationSimpleTest.php:23

52) Tests\Feature\Models\NotificationSimpleTest::test_it_has_correct_hidden_attributes
ErrorException: include(C:\Users\Gaser\Desktop\COPRRA\vendor\composer/../mockery/mockery/library/Mockery/Matcher/Any.php): Failed to open stream: No such file or directory

C:\Users\Gaser\Desktop\COPRRA\vendor\laravel\framework\src\Illuminate\Foundation\Bootstrap\HandleExceptions.php:258
C:\Users\Gaser\Desktop\COPRRA\tests\Feature\Models\NotificationSimpleTest.php:23

53) Tests\Feature\Models\NotificationSimpleTest::test_is_read_returns_true_when_read_at_is_set
ErrorException: include(C:\Users\Gaser\Desktop\COPRRA\vendor\composer/../mockery/mockery/library/Mockery/Matcher/Any.php): Failed to open stream: No such file or directory

C:\Users\Gaser\Desktop\COPRRA\vendor\laravel\framework\src\Illuminate\Foundation\Bootstrap\HandleExceptions.php:258
C:\Users\Gaser\Desktop\COPRRA\tests\Feature\Models\NotificationSimpleTest.php:23

54) Tests\Feature\Models\NotificationSimpleTest::test_is_read_returns_false_when_read_at_is_null
ErrorException: include(C:\Users\Gaser\Desktop\COPRRA\vendor\composer/../mockery/mockery/library/Mockery/Matcher/Any.php): Failed to open stream: No such file or directory

C:\Users\Gaser\Desktop\COPRRA\vendor\laravel\framework\src\Illuminate\Foundation\Bootstrap\HandleExceptions.php:258
C:\Users\Gaser\Desktop\COPRRA\tests\Feature\Models\NotificationSimpleTest.php:23

55) Tests\Feature\Models\NotificationSimpleTest::test_is_unread_returns_true_when_read_at_is_null
ErrorException: include(C:\Users\Gaser\Desktop\COPRRA\vendor\composer/../mockery/mockery/library/Mockery/Matcher/Any.php): Failed to open stream: No such file or directory

C:\Users\Gaser\Desktop\COPRRA\vendor\laravel\framework\src\Illuminate\Foundation\Bootstrap\HandleExceptions.php:258
C:\Users\Gaser\Desktop\COPRRA\tests\Feature\Models\NotificationSimpleTest.php:23

56) Tests\Feature\Models\NotificationSimpleTest::test_is_unread_returns_false_when_read_at_is_set
ErrorException: include(C:\Users\Gaser\Desktop\COPRRA\vendor\composer/../mockery/mockery/library/Mockery/Matcher/Any.php): Failed to open stream: No such file or directory

C:\Users\Gaser\Desktop\COPRRA\vendor\laravel\framework\src\Illuminate\Foundation\Bootstrap\HandleExceptions.php:258
C:\Users\Gaser\Desktop\COPRRA\tests\Feature\Models\NotificationSimpleTest.php:23

57) Tests\Feature\Models\NotificationSimpleTest::test_is_sent_returns_true_when_sent_at_is_set
ErrorException: include(C:\Users\Gaser\Desktop\COPRRA\vendor\composer/../mockery/mockery/library/Mockery/Matcher/Any.php): Failed to open stream: No such file or directory

C:\Users\Gaser\Desktop\COPRRA\vendor\laravel\framework\src\Illuminate\Foundation\Bootstrap\HandleExceptions.php:258
C:\Users\Gaser\Desktop\COPRRA\tests\Feature\Models\NotificationSimpleTest.php:23

58) Tests\Feature\Models\NotificationSimpleTest::test_is_sent_returns_false_when_sent_at_is_null
ErrorException: include(C:\Users\Gaser\Desktop\COPRRA\vendor\composer/../mockery/mockery/library/Mockery/Matcher/Any.php): Failed to open stream: No such file or directory

C:\Users\Gaser\Desktop\COPRRA\vendor\laravel\framework\src\Illuminate\Foundation\Bootstrap\HandleExceptions.php:258
C:\Users\Gaser\Desktop\COPRRA\tests\Feature\Models\NotificationSimpleTest.php:23

59) Tests\Feature\Models\NotificationSimpleTest::test_is_pending_returns_true_when_sent_at_is_null_and_status_is_pending
ErrorException: include(C:\Users\Gaser\Desktop\COPRRA\vendor\composer/../mockery/mockery/library/Mockery/Matcher/Any.php): Failed to open stream: No such file or directory

C:\Users\Gaser\Desktop\COPRRA\vendor\laravel\framework\src\Illuminate\Foundation\Bootstrap\HandleExceptions.php:258
C:\Users\Gaser\Desktop\COPRRA\tests\Feature\Models\NotificationSimpleTest.php:23

60) Tests\Feature\Models\NotificationSimpleTest::test_is_pending_returns_false_when_sent_at_is_set
ErrorException: include(C:\Users\Gaser\Desktop\COPRRA\vendor\composer/../mockery/mockery/library/Mockery/Matcher/Any.php): Failed to open stream: No such file or directory

C:\Users\Gaser\Desktop\COPRRA\vendor\laravel\framework\src\Illuminate\Foundation\Bootstrap\HandleExceptions.php:258
C:\Users\Gaser\Desktop\COPRRA\tests\Feature\Models\NotificationSimpleTest.php:23

61) Tests\Feature\Models\NotificationSimpleTest::test_is_failed_returns_true_when_status_is_failed
ErrorException: include(C:\Users\Gaser\Desktop\COPRRA\vendor\composer/../mockery/mockery/library/Mockery/Matcher/Any.php): Failed to open stream: No such file or directory

C:\Users\Gaser\Desktop\COPRRA\vendor\laravel\framework\src\Illuminate\Foundation\Bootstrap\HandleExceptions.php:258
C:\Users\Gaser\Desktop\COPRRA\tests\Feature\Models\NotificationSimpleTest.php:23

62) Tests\Feature\Models\NotificationSimpleTest::test_is_failed_returns_false_when_status_is_not_failed
ErrorException: include(C:\Users\Gaser\Desktop\COPRRA\vendor\composer/../mockery/mockery/library/Mockery/Matcher/Any.php): Failed to open stream: No such file or directory

C:\Users\Gaser\Desktop\COPRRA\vendor\laravel\framework\src\Illuminate\Foundation\Bootstrap\HandleExceptions.php:258
C:\Users\Gaser\Desktop\COPRRA\tests\Feature\Models\NotificationSimpleTest.php:23

63) Tests\Feature\Models\NotificationSimpleTest::test_get_priority_level_returns_correct_levels
ErrorException: include(C:\Users\Gaser\Desktop\COPRRA\vendor\composer/../mockery/mockery/library/Mockery/Matcher/Any.php): Failed to open stream: No such file or directory

C:\Users\Gaser\Desktop\COPRRA\vendor\laravel\framework\src\Illuminate\Foundation\Bootstrap\HandleExceptions.php:258
C:\Users\Gaser\Desktop\COPRRA\tests\Feature\Models\NotificationSimpleTest.php:23

64) Tests\Feature\Models\NotificationSimpleTest::test_get_type_display_name_returns_correct_names
ErrorException: include(C:\Users\Gaser\Desktop\COPRRA\vendor\composer/../mockery/mockery/library/Mockery/Matcher/Any.php): Failed to open stream: No such file or directory

C:\Users\Gaser\Desktop\COPRRA\vendor\laravel\framework\src\Illuminate\Foundation\Bootstrap\HandleExceptions.php:258
C:\Users\Gaser\Desktop\COPRRA\tests\Feature\Models\NotificationSimpleTest.php:23

65) Tests\Feature\Models\NotificationSimpleTest::test_get_channel_display_name_returns_correct_names
ErrorException: include(C:\Users\Gaser\Desktop\COPRRA\vendor\composer/../mockery/mockery/library/Mockery/Matcher/Any.php): Failed to open stream: No such file or directory

C:\Users\Gaser\Desktop\COPRRA\vendor\laravel\framework\src\Illuminate\Foundation\Bootstrap\HandleExceptions.php:258
C:\Users\Gaser\Desktop\COPRRA\tests\Feature\Models\NotificationSimpleTest.php:23

66) Tests\Feature\Models\NotificationSimpleTest::test_get_status_display_name_returns_correct_names
ErrorException: include(C:\Users\Gaser\Desktop\COPRRA\vendor\composer/../mockery/mockery/library/Mockery/Matcher/Any.php): Failed to open stream: No such file or directory

C:\Users\Gaser\Desktop\COPRRA\vendor\laravel\framework\src\Illuminate\Foundation\Bootstrap\HandleExceptions.php:258
C:\Users\Gaser\Desktop\COPRRA\tests\Feature\Models\NotificationSimpleTest.php:23

67) Tests\Feature\Models\NotificationSimpleTest::test_get_icon_returns_correct_icons
ErrorException: include(C:\Users\Gaser\Desktop\COPRRA\vendor\composer/../mockery/mockery/library/Mockery/Matcher/Any.php): Failed to open stream: No such file or directory

C:\Users\Gaser\Desktop\COPRRA\vendor\laravel\framework\src\Illuminate\Foundation\Bootstrap\HandleExceptions.php:258
C:\Users\Gaser\Desktop\COPRRA\tests\Feature\Models\NotificationSimpleTest.php:23

68) Tests\Feature\Models\NotificationSimpleTest::test_get_color_returns_correct_colors
ErrorException: include(C:\Users\Gaser\Desktop\COPRRA\vendor\composer/../mockery/mockery/library/Mockery/Matcher/Any.php): Failed to open stream: No such file or directory

C:\Users\Gaser\Desktop\COPRRA\vendor\laravel\framework\src\Illuminate\Foundation\Bootstrap\HandleExceptions.php:258
C:\Users\Gaser\Desktop\COPRRA\tests\Feature\Models\NotificationSimpleTest.php:23

69) Tests\Feature\Models\NotificationSimpleTest::test_get_badge_text_returns_correct_text
ErrorException: include(C:\Users\Gaser\Desktop\COPRRA\vendor\composer/../mockery/mockery/library/Mockery/Matcher/Any.php): Failed to open stream: No such file or directory

C:\Users\Gaser\Desktop\COPRRA\vendor\laravel\framework\src\Illuminate\Foundation\Bootstrap\HandleExceptions.php:258
C:\Users\Gaser\Desktop\COPRRA\tests\Feature\Models\NotificationSimpleTest.php:23

70) Tests\Feature\Models\NotificationSimpleTest::test_get_summary_truncates_long_messages
ErrorException: include(C:\Users\Gaser\Desktop\COPRRA\vendor\composer/../mockery/mockery/library/Mockery/Matcher/Any.php): Failed to open stream: No such file or directory

C:\Users\Gaser\Desktop\COPRRA\vendor\laravel\framework\src\Illuminate\Foundation\Bootstrap\HandleExceptions.php:258
C:\Users\Gaser\Desktop\COPRRA\tests\Feature\Models\NotificationSimpleTest.php:23

71) Tests\Feature\Models\NotificationSimpleTest::test_get_summary_returns_full_message_when_short
ErrorException: include(C:\Users\Gaser\Desktop\COPRRA\vendor\composer/../mockery/mockery/library/Mockery/Matcher/Any.php): Failed to open stream: No such file or directory

C:\Users\Gaser\Desktop\COPRRA\vendor\laravel\framework\src\Illuminate\Foundation\Bootstrap\HandleExceptions.php:258
C:\Users\Gaser\Desktop\COPRRA\tests\Feature\Models\NotificationSimpleTest.php:23

72) Tests\Feature\Models\NotificationSimpleTest::test_get_data_returns_data_array
ErrorException: include(C:\Users\Gaser\Desktop\COPRRA\vendor\composer/../mockery/mockery/library/Mockery/Matcher/Any.php): Failed to open stream: No such file or directory

C:\Users\Gaser\Desktop\COPRRA\vendor\laravel\framework\src\Illuminate\Foundation\Bootstrap\HandleExceptions.php:258
C:\Users\Gaser\Desktop\COPRRA\tests\Feature\Models\NotificationSimpleTest.php:23

73) Tests\Feature\Models\NotificationSimpleTest::test_get_data_returns_specific_key
ErrorException: include(C:\Users\Gaser\Desktop\COPRRA\vendor\composer/../mockery/mockery/library/Mockery/Matcher/Any.php): Failed to open stream: No such file or directory

C:\Users\Gaser\Desktop\COPRRA\vendor\laravel\framework\src\Illuminate\Foundation\Bootstrap\HandleExceptions.php:258
C:\Users\Gaser\Desktop\COPRRA\tests\Feature\Models\NotificationSimpleTest.php:23

74) Tests\Feature\Models\NotificationSimpleTest::test_get_metadata_returns_metadata_array
ErrorException: include(C:\Users\Gaser\Desktop\COPRRA\vendor\composer/../mockery/mockery/library/Mockery/Matcher/Any.php): Failed to open stream: No such file or directory

C:\Users\Gaser\Desktop\COPRRA\vendor\laravel\framework\src\Illuminate\Foundation\Bootstrap\HandleExceptions.php:258
C:\Users\Gaser\Desktop\COPRRA\tests\Feature\Models\NotificationSimpleTest.php:23

75) Tests\Feature\Models\NotificationSimpleTest::test_get_tags_returns_tags_array
ErrorException: include(C:\Users\Gaser\Desktop\COPRRA\vendor\composer/../mockery/mockery/library/Mockery/Matcher/Any.php): Failed to open stream: No such file or directory

C:\Users\Gaser\Desktop\COPRRA\vendor\laravel\framework\src\Illuminate\Foundation\Bootstrap\HandleExceptions.php:258
C:\Users\Gaser\Desktop\COPRRA\tests\Feature\Models\NotificationSimpleTest.php:23

76) Tests\Feature\Models\NotificationSimpleTest::test_has_tag_returns_correct_boolean
ErrorException: include(C:\Users\Gaser\Desktop\COPRRA\vendor\composer/../mockery/mockery/library/Mockery/Matcher/Any.php): Failed to open stream: No such file or directory

C:\Users\Gaser\Desktop\COPRRA\vendor\laravel\framework\src\Illuminate\Foundation\Bootstrap\HandleExceptions.php:258
C:\Users\Gaser\Desktop\COPRRA\tests\Feature\Models\NotificationSimpleTest.php:23

77) Tests\Feature\Models\NotificationSimpleTest::test_get_retry_count_returns_correct_count
ErrorException: include(C:\Users\Gaser\Desktop\COPRRA\vendor\composer/../mockery/mockery/library/Mockery/Matcher/Any.php): Failed to open stream: No such file or directory

C:\Users\Gaser\Desktop\COPRRA\vendor\laravel\framework\src\Illuminate\Foundation\Bootstrap\HandleExceptions.php:258
C:\Users\Gaser\Desktop\COPRRA\tests\Feature\Models\NotificationSimpleTest.php:23

78) Tests\Feature\Models\NotificationSimpleTest::test_get_retry_count_returns_zero_when_not_set
ErrorException: include(C:\Users\Gaser\Desktop\COPRRA\vendor\composer/../mockery/mockery/library/Mockery/Matcher/Any.php): Failed to open stream: No such file or directory

C:\Users\Gaser\Desktop\COPRRA\vendor\laravel\framework\src\Illuminate\Foundation\Bootstrap\HandleExceptions.php:258
C:\Users\Gaser\Desktop\COPRRA\tests\Feature\Models\NotificationSimpleTest.php:23

79) Tests\Feature\Models\NotificationSimpleTest::test_can_retry_returns_correct_boolean
ErrorException: include(C:\Users\Gaser\Desktop\COPRRA\vendor\composer/../mockery/mockery/library/Mockery/Matcher/Any.php): Failed to open stream: No such file or directory

C:\Users\Gaser\Desktop\COPRRA\vendor\laravel\framework\src\Illuminate\Foundation\Bootstrap\HandleExceptions.php:258
C:\Users\Gaser\Desktop\COPRRA\tests\Feature\Models\NotificationSimpleTest.php:23

80) Tests\Feature\Models\NotificationSimpleTest::test_can_retry_returns_false_when_not_failed
ErrorException: include(C:\Users\Gaser\Desktop\COPRRA\vendor\composer/../mockery/mockery/library/Mockery/Matcher/Any.php): Failed to open stream: No such file or directory

C:\Users\Gaser\Desktop\COPRRA\vendor\laravel\framework\src\Illuminate\Foundation\Bootstrap\HandleExceptions.php:258
C:\Users\Gaser\Desktop\COPRRA\tests\Feature\Models\NotificationSimpleTest.php:23

81) Tests\Feature\Models\NotificationTest::test_scope_unread_filters_unread_notifications
Illuminate\Database\QueryException: SQLSTATE[23000]: Integrity constraint violation: 19 FOREIGN KEY constraint failed (Connection: sqlite, SQL: insert into "custom_notifications" ("user_id", "type", "title", "message", "data", "read_at", "sent_at", "priority", "channel", "status", "metadata", "tags", "updated_at", "created_at") values (1, success, Natus fugit molestiae nostrum., Facilis aspernatur voluptate aut expedita aut debitis. Natus hic iste fugiat quo., {"key":"minus","value":"Voluptatum ea non excepturi corrupti dignissimos nisi harum."}, ?, ?, 2, database, failed, {"source":"odit","timestamp":755056000}, ["incidunt","pariatur","ratione"], 2025-10-10 20:40:06, 2025-10-10 20:40:06))

C:\Users\Gaser\Desktop\COPRRA\vendor\laravel\framework\src\Illuminate\Database\Connection.php:824
C:\Users\Gaser\Desktop\COPRRA\vendor\laravel\framework\src\Illuminate\Database\Connection.php:778
C:\Users\Gaser\Desktop\COPRRA\vendor\laravel\framework\src\Illuminate\Database\Connection.php:559
C:\Users\Gaser\Desktop\COPRRA\vendor\laravel\framework\src\Illuminate\Database\Connection.php:523
C:\Users\Gaser\Desktop\COPRRA\vendor\laravel\framework\src\Illuminate\Database\Query\Processors\Processor.php:32
C:\Users\Gaser\Desktop\COPRRA\vendor\laravel\framework\src\Illuminate\Database\Query\Builder.php:3853
C:\Users\Gaser\Desktop\COPRRA\vendor\laravel\framework\src\Illuminate\Database\Eloquent\Builder.php:2235
C:\Users\Gaser\Desktop\COPRRA\vendor\laravel\framework\src\Illuminate\Database\Eloquent\Model.php:1436
C:\Users\Gaser\Desktop\COPRRA\vendor\laravel\framework\src\Illuminate\Database\Eloquent\Model.php:1401
C:\Users\Gaser\Desktop\COPRRA\vendor\laravel\framework\src\Illuminate\Database\Eloquent\Model.php:1240
C:\Users\Gaser\Desktop\COPRRA\vendor\laravel\framework\src\Illuminate\Database\Eloquent\Factories\Factory.php:370
C:\Users\Gaser\Desktop\COPRRA\vendor\laravel\framework\src\Illuminate\Collections\Traits\EnumeratesValues.php:271
C:\Users\Gaser\Desktop\COPRRA\vendor\laravel\framework\src\Illuminate\Database\Eloquent\Factories\Factory.php:365
C:\Users\Gaser\Desktop\COPRRA\vendor\laravel\framework\src\Illuminate\Database\Eloquent\Factories\Factory.php:321
C:\Users\Gaser\Desktop\COPRRA\vendor\laravel\framework\src\Illuminate\Database\Eloquent\Factories\Factory.php:315
C:\Users\Gaser\Desktop\COPRRA\tests\Feature\Models\NotificationTest.php:96

Caused by
PDOException: SQLSTATE[23000]: Integrity constraint violation: 19 FOREIGN KEY constraint failed

C:\Users\Gaser\Desktop\COPRRA\vendor\laravel\framework\src\Illuminate\Database\Connection.php:570
C:\Users\Gaser\Desktop\COPRRA\vendor\laravel\framework\src\Illuminate\Database\Connection.php:811
C:\Users\Gaser\Desktop\COPRRA\vendor\laravel\framework\src\Illuminate\Database\Connection.php:778
C:\Users\Gaser\Desktop\COPRRA\vendor\laravel\framework\src\Illuminate\Database\Connection.php:559
C:\Users\Gaser\Desktop\COPRRA\vendor\laravel\framework\src\Illuminate\Database\Connection.php:523
C:\Users\Gaser\Desktop\COPRRA\vendor\laravel\framework\src\Illuminate\Database\Query\Processors\Processor.php:32
C:\Users\Gaser\Desktop\COPRRA\vendor\laravel\framework\src\Illuminate\Database\Query\Builder.php:3853
C:\Users\Gaser\Desktop\COPRRA\vendor\laravel\framework\src\Illuminate\Database\Eloquent\Builder.php:2235
C:\Users\Gaser\Desktop\COPRRA\vendor\laravel\framework\src\Illuminate\Database\Eloquent\Model.php:1436
C:\Users\Gaser\Desktop\COPRRA\vendor\laravel\framework\src\Illuminate\Database\Eloquent\Model.php:1401
C:\Users\Gaser\Desktop\COPRRA\vendor\laravel\framework\src\Illuminate\Database\Eloquent\Model.php:1240
C:\Users\Gaser\Desktop\COPRRA\vendor\laravel\framework\src\Illuminate\Database\Eloquent\Factories\Factory.php:370
C:\Users\Gaser\Desktop\COPRRA\vendor\laravel\framework\src\Illuminate\Collections\Traits\EnumeratesValues.php:271
C:\Users\Gaser\Desktop\COPRRA\vendor\laravel\framework\src\Illuminate\Database\Eloquent\Factories\Factory.php:365
C:\Users\Gaser\Desktop\COPRRA\vendor\laravel\framework\src\Illuminate\Database\Eloquent\Factories\Factory.php:321
C:\Users\Gaser\Desktop\COPRRA\vendor\laravel\framework\src\Illuminate\Database\Eloquent\Factories\Factory.php:315
C:\Users\Gaser\Desktop\COPRRA\tests\Feature\Models\NotificationTest.php:96

82) Tests\Feature\Models\NotificationTest::test_scope_read_filters_read_notifications
Illuminate\Database\QueryException: SQLSTATE[23000]: Integrity constraint violation: 19 FOREIGN KEY constraint failed (Connection: sqlite, SQL: insert into "custom_notifications" ("user_id", "type", "title", "message", "data", "read_at", "sent_at", "priority", "channel", "status", "metadata", "tags", "updated_at", "created_at") values (1, info, Sed vel., Aperiam ipsam molestiae quaerat pariatur non reiciendis tenetur aut. Aut vero explicabo est., {"key":"commodi","value":"Cumque earum libero voluptas eum."}, ?, ?, 1, email, failed, {"source":"consequuntur","timestamp":65925960}, ["necessitatibus","iure","dolorum"], 2025-10-10 20:40:06, 2025-10-10 20:40:06))

C:\Users\Gaser\Desktop\COPRRA\vendor\laravel\framework\src\Illuminate\Database\Connection.php:824
C:\Users\Gaser\Desktop\COPRRA\vendor\laravel\framework\src\Illuminate\Database\Connection.php:778
C:\Users\Gaser\Desktop\COPRRA\vendor\laravel\framework\src\Illuminate\Database\Connection.php:559
C:\Users\Gaser\Desktop\COPRRA\vendor\laravel\framework\src\Illuminate\Database\Connection.php:523
C:\Users\Gaser\Desktop\COPRRA\vendor\laravel\framework\src\Illuminate\Database\Query\Processors\Processor.php:32
C:\Users\Gaser\Desktop\COPRRA\vendor\laravel\framework\src\Illuminate\Database\Query\Builder.php:3853
C:\Users\Gaser\Desktop\COPRRA\vendor\laravel\framework\src\Illuminate\Database\Eloquent\Builder.php:2235
C:\Users\Gaser\Desktop\COPRRA\vendor\laravel\framework\src\Illuminate\Database\Eloquent\Model.php:1436
C:\Users\Gaser\Desktop\COPRRA\vendor\laravel\framework\src\Illuminate\Database\Eloquent\Model.php:1401
C:\Users\Gaser\Desktop\COPRRA\vendor\laravel\framework\src\Illuminate\Database\Eloquent\Model.php:1240
C:\Users\Gaser\Desktop\COPRRA\vendor\laravel\framework\src\Illuminate\Database\Eloquent\Factories\Factory.php:370
C:\Users\Gaser\Desktop\COPRRA\vendor\laravel\framework\src\Illuminate\Collections\Traits\EnumeratesValues.php:271
C:\Users\Gaser\Desktop\COPRRA\vendor\laravel\framework\src\Illuminate\Database\Eloquent\Factories\Factory.php:365
C:\Users\Gaser\Desktop\COPRRA\vendor\laravel\framework\src\Illuminate\Database\Eloquent\Factories\Factory.php:321
C:\Users\Gaser\Desktop\COPRRA\vendor\laravel\framework\src\Illuminate\Database\Eloquent\Factories\Factory.php:315
C:\Users\Gaser\Desktop\COPRRA\tests\Feature\Models\NotificationTest.php:109

Caused by
PDOException: SQLSTATE[23000]: Integrity constraint violation: 19 FOREIGN KEY constraint failed

C:\Users\Gaser\Desktop\COPRRA\vendor\laravel\framework\src\Illuminate\Database\Connection.php:570
C:\Users\Gaser\Desktop\COPRRA\vendor\laravel\framework\src\Illuminate\Database\Connection.php:811
C:\Users\Gaser\Desktop\COPRRA\vendor\laravel\framework\src\Illuminate\Database\Connection.php:778
C:\Users\Gaser\Desktop\COPRRA\vendor\laravel\framework\src\Illuminate\Database\Connection.php:559
C:\Users\Gaser\Desktop\COPRRA\vendor\laravel\framework\src\Illuminate\Database\Connection.php:523
C:\Users\Gaser\Desktop\COPRRA\vendor\laravel\framework\src\Illuminate\Database\Query\Processors\Processor.php:32
C:\Users\Gaser\Desktop\COPRRA\vendor\laravel\framework\src\Illuminate\Database\Query\Builder.php:3853
C:\Users\Gaser\Desktop\COPRRA\vendor\laravel\framework\src\Illuminate\Database\Eloquent\Builder.php:2235
C:\Users\Gaser\Desktop\COPRRA\vendor\laravel\framework\src\Illuminate\Database\Eloquent\Model.php:1436
C:\Users\Gaser\Desktop\COPRRA\vendor\laravel\framework\src\Illuminate\Database\Eloquent\Model.php:1401
C:\Users\Gaser\Desktop\COPRRA\vendor\laravel\framework\src\Illuminate\Database\Eloquent\Model.php:1240
C:\Users\Gaser\Desktop\COPRRA\vendor\laravel\framework\src\Illuminate\Database\Eloquent\Factories\Factory.php:370
C:\Users\Gaser\Desktop\COPRRA\vendor\laravel\framework\src\Illuminate\Collections\Traits\EnumeratesValues.php:271
C:\Users\Gaser\Desktop\COPRRA\vendor\laravel\framework\src\Illuminate\Database\Eloquent\Factories\Factory.php:365
C:\Users\Gaser\Desktop\COPRRA\vendor\laravel\framework\src\Illuminate\Database\Eloquent\Factories\Factory.php:321
C:\Users\Gaser\Desktop\COPRRA\vendor\laravel\framework\src\Illuminate\Database\Eloquent\Factories\Factory.php:315
C:\Users\Gaser\Desktop\COPRRA\tests\Feature\Models\NotificationTest.php:109

83) Tests\Feature\Models\NotificationTest::test_scope_of_type_filters_by_type
Illuminate\Database\QueryException: SQLSTATE[23000]: Integrity constraint violation: 19 FOREIGN KEY constraint failed (Connection: sqlite, SQL: insert into "custom_notifications" ("user_id", "type", "title", "message", "data", "read_at", "sent_at", "priority", "channel", "status", "metadata", "tags", "updated_at", "created_at") values (1, price_drop, Consequatur culpa dolores fugiat., Consectetur hic quis facere. Ut ex sapiente quis et distinctio assumenda minus perferendis. Occaecati sequi animi voluptas officia sit., {"key":"itaque","value":"Sed velit temporibus officiis fugiat."}, ?, ?, 4, push, failed, {"source":"tempora","timestamp":499817372}, ["velit","nulla","suscipit"], 2025-10-10 20:40:06, 2025-10-10 20:40:06))

C:\Users\Gaser\Desktop\COPRRA\vendor\laravel\framework\src\Illuminate\Database\Connection.php:824
C:\Users\Gaser\Desktop\COPRRA\vendor\laravel\framework\src\Illuminate\Database\Connection.php:778
C:\Users\Gaser\Desktop\COPRRA\vendor\laravel\framework\src\Illuminate\Database\Connection.php:559
C:\Users\Gaser\Desktop\COPRRA\vendor\laravel\framework\src\Illuminate\Database\Connection.php:523
C:\Users\Gaser\Desktop\COPRRA\vendor\laravel\framework\src\Illuminate\Database\Query\Processors\Processor.php:32
C:\Users\Gaser\Desktop\COPRRA\vendor\laravel\framework\src\Illuminate\Database\Query\Builder.php:3853
C:\Users\Gaser\Desktop\COPRRA\vendor\laravel\framework\src\Illuminate\Database\Eloquent\Builder.php:2235
C:\Users\Gaser\Desktop\COPRRA\vendor\laravel\framework\src\Illuminate\Database\Eloquent\Model.php:1436
C:\Users\Gaser\Desktop\COPRRA\vendor\laravel\framework\src\Illuminate\Database\Eloquent\Model.php:1401
C:\Users\Gaser\Desktop\COPRRA\vendor\laravel\framework\src\Illuminate\Database\Eloquent\Model.php:1240
C:\Users\Gaser\Desktop\COPRRA\vendor\laravel\framework\src\Illuminate\Database\Eloquent\Factories\Factory.php:370
C:\Users\Gaser\Desktop\COPRRA\vendor\laravel\framework\src\Illuminate\Collections\Traits\EnumeratesValues.php:271
C:\Users\Gaser\Desktop\COPRRA\vendor\laravel\framework\src\Illuminate\Database\Eloquent\Factories\Factory.php:365
C:\Users\Gaser\Desktop\COPRRA\vendor\laravel\framework\src\Illuminate\Database\Eloquent\Factories\Factory.php:321
C:\Users\Gaser\Desktop\COPRRA\vendor\laravel\framework\src\Illuminate\Database\Eloquent\Factories\Factory.php:315
C:\Users\Gaser\Desktop\COPRRA\tests\Feature\Models\NotificationTest.php:122

Caused by
PDOException: SQLSTATE[23000]: Integrity constraint violation: 19 FOREIGN KEY constraint failed

C:\Users\Gaser\Desktop\COPRRA\vendor\laravel\framework\src\Illuminate\Database\Connection.php:570
C:\Users\Gaser\Desktop\COPRRA\vendor\laravel\framework\src\Illuminate\Database\Connection.php:811
C:\Users\Gaser\Desktop\COPRRA\vendor\laravel\framework\src\Illuminate\Database\Connection.php:778
C:\Users\Gaser\Desktop\COPRRA\vendor\laravel\framework\src\Illuminate\Database\Connection.php:559
C:\Users\Gaser\Desktop\COPRRA\vendor\laravel\framework\src\Illuminate\Database\Connection.php:523
C:\Users\Gaser\Desktop\COPRRA\vendor\laravel\framework\src\Illuminate\Database\Query\Processors\Processor.php:32
C:\Users\Gaser\Desktop\COPRRA\vendor\laravel\framework\src\Illuminate\Database\Query\Builder.php:3853
C:\Users\Gaser\Desktop\COPRRA\vendor\laravel\framework\src\Illuminate\Database\Eloquent\Builder.php:2235
C:\Users\Gaser\Desktop\COPRRA\vendor\laravel\framework\src\Illuminate\Database\Eloquent\Model.php:1436
C:\Users\Gaser\Desktop\COPRRA\vendor\laravel\framework\src\Illuminate\Database\Eloquent\Model.php:1401
C:\Users\Gaser\Desktop\COPRRA\vendor\laravel\framework\src\Illuminate\Database\Eloquent\Model.php:1240
C:\Users\Gaser\Desktop\COPRRA\vendor\laravel\framework\src\Illuminate\Database\Eloquent\Factories\Factory.php:370
C:\Users\Gaser\Desktop\COPRRA\vendor\laravel\framework\src\Illuminate\Collections\Traits\EnumeratesValues.php:271
C:\Users\Gaser\Desktop\COPRRA\vendor\laravel\framework\src\Illuminate\Database\Eloquent\Factories\Factory.php:365
C:\Users\Gaser\Desktop\COPRRA\vendor\laravel\framework\src\Illuminate\Database\Eloquent\Factories\Factory.php:321
C:\Users\Gaser\Desktop\COPRRA\vendor\laravel\framework\src\Illuminate\Database\Eloquent\Factories\Factory.php:315
C:\Users\Gaser\Desktop\COPRRA\tests\Feature\Models\NotificationTest.php:122

84) Tests\Feature\Models\NotificationTest::test_scope_of_priority_filters_by_priority
Illuminate\Database\QueryException: SQLSTATE[23000]: Integrity constraint violation: 19 FOREIGN KEY constraint failed (Connection: sqlite, SQL: insert into "custom_notifications" ("user_id", "type", "title", "message", "data", "read_at", "sent_at", "priority", "channel", "status", "metadata", "tags", "updated_at", "created_at") values (1, success, Harum non fuga., Tenetur omnis ut rerum quia officiis velit animi. Asperiores qui debitis at minima illum quia. Quia doloribus est voluptatum quos eligendi nemo., {"key":"enim","value":"Ipsa ea magni ipsa provident."}, ?, ?, 1, sms, failed, {"source":"officiis","timestamp":272186202}, ["rerum","modi","vel"], 2025-10-10 20:40:06, 2025-10-10 20:40:06))

C:\Users\Gaser\Desktop\COPRRA\vendor\laravel\framework\src\Illuminate\Database\Connection.php:824
C:\Users\Gaser\Desktop\COPRRA\vendor\laravel\framework\src\Illuminate\Database\Connection.php:778
C:\Users\Gaser\Desktop\COPRRA\vendor\laravel\framework\src\Illuminate\Database\Connection.php:559
C:\Users\Gaser\Desktop\COPRRA\vendor\laravel\framework\src\Illuminate\Database\Connection.php:523
C:\Users\Gaser\Desktop\COPRRA\vendor\laravel\framework\src\Illuminate\Database\Query\Processors\Processor.php:32
C:\Users\Gaser\Desktop\COPRRA\vendor\laravel\framework\src\Illuminate\Database\Query\Builder.php:3853
C:\Users\Gaser\Desktop\COPRRA\vendor\laravel\framework\src\Illuminate\Database\Eloquent\Builder.php:2235
C:\Users\Gaser\Desktop\COPRRA\vendor\laravel\framework\src\Illuminate\Database\Eloquent\Model.php:1436
C:\Users\Gaser\Desktop\COPRRA\vendor\laravel\framework\src\Illuminate\Database\Eloquent\Model.php:1401
C:\Users\Gaser\Desktop\COPRRA\vendor\laravel\framework\src\Illuminate\Database\Eloquent\Model.php:1240
C:\Users\Gaser\Desktop\COPRRA\vendor\laravel\framework\src\Illuminate\Database\Eloquent\Factories\Factory.php:370
C:\Users\Gaser\Desktop\COPRRA\vendor\laravel\framework\src\Illuminate\Collections\Traits\EnumeratesValues.php:271
C:\Users\Gaser\Desktop\COPRRA\vendor\laravel\framework\src\Illuminate\Database\Eloquent\Factories\Factory.php:365
C:\Users\Gaser\Desktop\COPRRA\vendor\laravel\framework\src\Illuminate\Database\Eloquent\Factories\Factory.php:321
C:\Users\Gaser\Desktop\COPRRA\vendor\laravel\framework\src\Illuminate\Database\Eloquent\Factories\Factory.php:315
C:\Users\Gaser\Desktop\COPRRA\tests\Feature\Models\NotificationTest.php:138

Caused by
PDOException: SQLSTATE[23000]: Integrity constraint violation: 19 FOREIGN KEY constraint failed

C:\Users\Gaser\Desktop\COPRRA\vendor\laravel\framework\src\Illuminate\Database\Connection.php:570
C:\Users\Gaser\Desktop\COPRRA\vendor\laravel\framework\src\Illuminate\Database\Connection.php:811
C:\Users\Gaser\Desktop\COPRRA\vendor\laravel\framework\src\Illuminate\Database\Connection.php:778
C:\Users\Gaser\Desktop\COPRRA\vendor\laravel\framework\src\Illuminate\Database\Connection.php:559
C:\Users\Gaser\Desktop\COPRRA\vendor\laravel\framework\src\Illuminate\Database\Connection.php:523
C:\Users\Gaser\Desktop\COPRRA\vendor\laravel\framework\src\Illuminate\Database\Query\Processors\Processor.php:32
C:\Users\Gaser\Desktop\COPRRA\vendor\laravel\framework\src\Illuminate\Database\Query\Builder.php:3853
C:\Users\Gaser\Desktop\COPRRA\vendor\laravel\framework\src\Illuminate\Database\Eloquent\Builder.php:2235
C:\Users\Gaser\Desktop\COPRRA\vendor\laravel\framework\src\Illuminate\Database\Eloquent\Model.php:1436
C:\Users\Gaser\Desktop\COPRRA\vendor\laravel\framework\src\Illuminate\Database\Eloquent\Model.php:1401
C:\Users\Gaser\Desktop\COPRRA\vendor\laravel\framework\src\Illuminate\Database\Eloquent\Model.php:1240
C:\Users\Gaser\Desktop\COPRRA\vendor\laravel\framework\src\Illuminate\Database\Eloquent\Factories\Factory.php:370
C:\Users\Gaser\Desktop\COPRRA\vendor\laravel\framework\src\Illuminate\Collections\Traits\EnumeratesValues.php:271
C:\Users\Gaser\Desktop\COPRRA\vendor\laravel\framework\src\Illuminate\Database\Eloquent\Factories\Factory.php:365
C:\Users\Gaser\Desktop\COPRRA\vendor\laravel\framework\src\Illuminate\Database\Eloquent\Factories\Factory.php:321
C:\Users\Gaser\Desktop\COPRRA\vendor\laravel\framework\src\Illuminate\Database\Eloquent\Factories\Factory.php:315
C:\Users\Gaser\Desktop\COPRRA\tests\Feature\Models\NotificationTest.php:138

85) Tests\Feature\Models\NotificationTest::test_scope_of_status_filters_by_status
Illuminate\Database\QueryException: SQLSTATE[23000]: Integrity constraint violation: 19 FOREIGN KEY constraint failed (Connection: sqlite, SQL: insert into "custom_notifications" ("user_id", "type", "title", "message", "data", "read_at", "sent_at", "priority", "channel", "status", "metadata", "tags", "updated_at", "created_at") values (1, success, Enim impedit suscipit., Sit placeat consectetur eaque consectetur placeat facere. Possimus omnis molestias tempore corrupti voluptatem quis qui., {"key":"rerum","value":"Hic eum et et voluptatem quasi occaecati."}, ?, ?, 3, push, pending, {"source":"culpa","timestamp":256861614}, ["rerum","molestiae","itaque"], 2025-10-10 20:40:06, 2025-10-10 20:40:06))

C:\Users\Gaser\Desktop\COPRRA\vendor\laravel\framework\src\Illuminate\Database\Connection.php:824
C:\Users\Gaser\Desktop\COPRRA\vendor\laravel\framework\src\Illuminate\Database\Connection.php:778
C:\Users\Gaser\Desktop\COPRRA\vendor\laravel\framework\src\Illuminate\Database\Connection.php:559
C:\Users\Gaser\Desktop\COPRRA\vendor\laravel\framework\src\Illuminate\Database\Connection.php:523
C:\Users\Gaser\Desktop\COPRRA\vendor\laravel\framework\src\Illuminate\Database\Query\Processors\Processor.php:32
C:\Users\Gaser\Desktop\COPRRA\vendor\laravel\framework\src\Illuminate\Database\Query\Builder.php:3853
C:\Users\Gaser\Desktop\COPRRA\vendor\laravel\framework\src\Illuminate\Database\Eloquent\Builder.php:2235
C:\Users\Gaser\Desktop\COPRRA\vendor\laravel\framework\src\Illuminate\Database\Eloquent\Model.php:1436
C:\Users\Gaser\Desktop\COPRRA\vendor\laravel\framework\src\Illuminate\Database\Eloquent\Model.php:1401
C:\Users\Gaser\Desktop\COPRRA\vendor\laravel\framework\src\Illuminate\Database\Eloquent\Model.php:1240
C:\Users\Gaser\Desktop\COPRRA\vendor\laravel\framework\src\Illuminate\Database\Eloquent\Factories\Factory.php:370
C:\Users\Gaser\Desktop\COPRRA\vendor\laravel\framework\src\Illuminate\Collections\Traits\EnumeratesValues.php:271
C:\Users\Gaser\Desktop\COPRRA\vendor\laravel\framework\src\Illuminate\Database\Eloquent\Factories\Factory.php:365
C:\Users\Gaser\Desktop\COPRRA\vendor\laravel\framework\src\Illuminate\Database\Eloquent\Factories\Factory.php:321
C:\Users\Gaser\Desktop\COPRRA\vendor\laravel\framework\src\Illuminate\Database\Eloquent\Factories\Factory.php:315
C:\Users\Gaser\Desktop\COPRRA\tests\Feature\Models\NotificationTest.php:154

Caused by
PDOException: SQLSTATE[23000]: Integrity constraint violation: 19 FOREIGN KEY constraint failed

C:\Users\Gaser\Desktop\COPRRA\vendor\laravel\framework\src\Illuminate\Database\Connection.php:570
C:\Users\Gaser\Desktop\COPRRA\vendor\laravel\framework\src\Illuminate\Database\Connection.php:811
C:\Users\Gaser\Desktop\COPRRA\vendor\laravel\framework\src\Illuminate\Database\Connection.php:778
C:\Users\Gaser\Desktop\COPRRA\vendor\laravel\framework\src\Illuminate\Database\Connection.php:559
C:\Users\Gaser\Desktop\COPRRA\vendor\laravel\framework\src\Illuminate\Database\Connection.php:523
C:\Users\Gaser\Desktop\COPRRA\vendor\laravel\framework\src\Illuminate\Database\Query\Processors\Processor.php:32
C:\Users\Gaser\Desktop\COPRRA\vendor\laravel\framework\src\Illuminate\Database\Query\Builder.php:3853
C:\Users\Gaser\Desktop\COPRRA\vendor\laravel\framework\src\Illuminate\Database\Eloquent\Builder.php:2235
C:\Users\Gaser\Desktop\COPRRA\vendor\laravel\framework\src\Illuminate\Database\Eloquent\Model.php:1436
C:\Users\Gaser\Desktop\COPRRA\vendor\laravel\framework\src\Illuminate\Database\Eloquent\Model.php:1401
C:\Users\Gaser\Desktop\COPRRA\vendor\laravel\framework\src\Illuminate\Database\Eloquent\Model.php:1240
C:\Users\Gaser\Desktop\COPRRA\vendor\laravel\framework\src\Illuminate\Database\Eloquent\Factories\Factory.php:370
C:\Users\Gaser\Desktop\COPRRA\vendor\laravel\framework\src\Illuminate\Collections\Traits\EnumeratesValues.php:271
C:\Users\Gaser\Desktop\COPRRA\vendor\laravel\framework\src\Illuminate\Database\Eloquent\Factories\Factory.php:365
C:\Users\Gaser\Desktop\COPRRA\vendor\laravel\framework\src\Illuminate\Database\Eloquent\Factories\Factory.php:321
C:\Users\Gaser\Desktop\COPRRA\vendor\laravel\framework\src\Illuminate\Database\Eloquent\Factories\Factory.php:315
C:\Users\Gaser\Desktop\COPRRA\tests\Feature\Models\NotificationTest.php:154

86) Tests\Feature\Models\NotificationTest::test_scope_sent_filters_sent_notifications
Illuminate\Database\QueryException: SQLSTATE[23000]: Integrity constraint violation: 19 FOREIGN KEY constraint failed (Connection: sqlite, SQL: insert into "custom_notifications" ("user_id", "type", "title", "message", "data", "read_at", "sent_at", "priority", "channel", "status", "metadata", "tags", "updated_at", "created_at") values (1, info, Ex culpa impedit., Nemo voluptatem suscipit iure. Est quis nisi reprehenderit placeat earum id. Dolor beatae quo libero itaque fugiat., {"key":"quae","value":"Quo corrupti omnis eaque."}, ?, 2025-10-10 20:40:06, 2, email, pending, {"source":"aliquam","timestamp":1219417656}, ["et","eos","omnis"], 2025-10-10 20:40:06, 2025-10-10 20:40:06))

C:\Users\Gaser\Desktop\COPRRA\vendor\laravel\framework\src\Illuminate\Database\Connection.php:824
C:\Users\Gaser\Desktop\COPRRA\vendor\laravel\framework\src\Illuminate\Database\Connection.php:778
C:\Users\Gaser\Desktop\COPRRA\vendor\laravel\framework\src\Illuminate\Database\Connection.php:559
C:\Users\Gaser\Desktop\COPRRA\vendor\laravel\framework\src\Illuminate\Database\Connection.php:523
C:\Users\Gaser\Desktop\COPRRA\vendor\laravel\framework\src\Illuminate\Database\Query\Processors\Processor.php:32
C:\Users\Gaser\Desktop\COPRRA\vendor\laravel\framework\src\Illuminate\Database\Query\Builder.php:3853
C:\Users\Gaser\Desktop\COPRRA\vendor\laravel\framework\src\Illuminate\Database\Eloquent\Builder.php:2235
C:\Users\Gaser\Desktop\COPRRA\vendor\laravel\framework\src\Illuminate\Database\Eloquent\Model.php:1436
C:\Users\Gaser\Desktop\COPRRA\vendor\laravel\framework\src\Illuminate\Database\Eloquent\Model.php:1401
C:\Users\Gaser\Desktop\COPRRA\vendor\laravel\framework\src\Illuminate\Database\Eloquent\Model.php:1240
C:\Users\Gaser\Desktop\COPRRA\vendor\laravel\framework\src\Illuminate\Database\Eloquent\Factories\Factory.php:370
C:\Users\Gaser\Desktop\COPRRA\vendor\laravel\framework\src\Illuminate\Collections\Traits\EnumeratesValues.php:271
C:\Users\Gaser\Desktop\COPRRA\vendor\laravel\framework\src\Illuminate\Database\Eloquent\Factories\Factory.php:365
C:\Users\Gaser\Desktop\COPRRA\vendor\laravel\framework\src\Illuminate\Database\Eloquent\Factories\Factory.php:321
C:\Users\Gaser\Desktop\COPRRA\vendor\laravel\framework\src\Illuminate\Database\Eloquent\Factories\Factory.php:315
C:\Users\Gaser\Desktop\COPRRA\tests\Feature\Models\NotificationTest.php:170

Caused by
PDOException: SQLSTATE[23000]: Integrity constraint violation: 19 FOREIGN KEY constraint failed

C:\Users\Gaser\Desktop\COPRRA\vendor\laravel\framework\src\Illuminate\Database\Connection.php:570
C:\Users\Gaser\Desktop\COPRRA\vendor\laravel\framework\src\Illuminate\Database\Connection.php:811
C:\Users\Gaser\Desktop\COPRRA\vendor\laravel\framework\src\Illuminate\Database\Connection.php:778
C:\Users\Gaser\Desktop\COPRRA\vendor\laravel\framework\src\Illuminate\Database\Connection.php:559
C:\Users\Gaser\Desktop\COPRRA\vendor\laravel\framework\src\Illuminate\Database\Connection.php:523
C:\Users\Gaser\Desktop\COPRRA\vendor\laravel\framework\src\Illuminate\Database\Query\Processors\Processor.php:32
C:\Users\Gaser\Desktop\COPRRA\vendor\laravel\framework\src\Illuminate\Database\Query\Builder.php:3853
C:\Users\Gaser\Desktop\COPRRA\vendor\laravel\framework\src\Illuminate\Database\Eloquent\Builder.php:2235
C:\Users\Gaser\Desktop\COPRRA\vendor\laravel\framework\src\Illuminate\Database\Eloquent\Model.php:1436
C:\Users\Gaser\Desktop\COPRRA\vendor\laravel\framework\src\Illuminate\Database\Eloquent\Model.php:1401
C:\Users\Gaser\Desktop\COPRRA\vendor\laravel\framework\src\Illuminate\Database\Eloquent\Model.php:1240
C:\Users\Gaser\Desktop\COPRRA\vendor\laravel\framework\src\Illuminate\Database\Eloquent\Factories\Factory.php:370
C:\Users\Gaser\Desktop\COPRRA\vendor\laravel\framework\src\Illuminate\Collections\Traits\EnumeratesValues.php:271
C:\Users\Gaser\Desktop\COPRRA\vendor\laravel\framework\src\Illuminate\Database\Eloquent\Factories\Factory.php:365
C:\Users\Gaser\Desktop\COPRRA\vendor\laravel\framework\src\Illuminate\Database\Eloquent\Factories\Factory.php:321
C:\Users\Gaser\Desktop\COPRRA\vendor\laravel\framework\src\Illuminate\Database\Eloquent\Factories\Factory.php:315
C:\Users\Gaser\Desktop\COPRRA\tests\Feature\Models\NotificationTest.php:170

87) Tests\Feature\Models\NotificationTest::test_scope_pending_filters_pending_notifications
Illuminate\Database\QueryException: SQLSTATE[23000]: Integrity constraint violation: 19 FOREIGN KEY constraint failed (Connection: sqlite, SQL: insert into "custom_notifications" ("user_id", "type", "title", "message", "data", "read_at", "sent_at", "priority", "channel", "status", "metadata", "tags", "updated_at", "created_at") values (1, info, Dolore enim commodi., Esse nam ut explicabo debitis aut sequi. Dignissimos ipsa aperiam et culpa. Nemo maxime tempora dicta ab vel rerum., {"key":"qui","value":"Temporibus consectetur excepturi vel."}, ?, ?, 4, database, pending, {"source":"illo","timestamp":1216252722}, ["quia","voluptas","id"], 2025-10-10 20:40:06, 2025-10-10 20:40:06))

C:\Users\Gaser\Desktop\COPRRA\vendor\laravel\framework\src\Illuminate\Database\Connection.php:824
C:\Users\Gaser\Desktop\COPRRA\vendor\laravel\framework\src\Illuminate\Database\Connection.php:778
C:\Users\Gaser\Desktop\COPRRA\vendor\laravel\framework\src\Illuminate\Database\Connection.php:559
C:\Users\Gaser\Desktop\COPRRA\vendor\laravel\framework\src\Illuminate\Database\Connection.php:523
C:\Users\Gaser\Desktop\COPRRA\vendor\laravel\framework\src\Illuminate\Database\Query\Processors\Processor.php:32
C:\Users\Gaser\Desktop\COPRRA\vendor\laravel\framework\src\Illuminate\Database\Query\Builder.php:3853
C:\Users\Gaser\Desktop\COPRRA\vendor\laravel\framework\src\Illuminate\Database\Eloquent\Builder.php:2235
C:\Users\Gaser\Desktop\COPRRA\vendor\laravel\framework\src\Illuminate\Database\Eloquent\Model.php:1436
C:\Users\Gaser\Desktop\COPRRA\vendor\laravel\framework\src\Illuminate\Database\Eloquent\Model.php:1401
C:\Users\Gaser\Desktop\COPRRA\vendor\laravel\framework\src\Illuminate\Database\Eloquent\Model.php:1240
C:\Users\Gaser\Desktop\COPRRA\vendor\laravel\framework\src\Illuminate\Database\Eloquent\Factories\Factory.php:370
C:\Users\Gaser\Desktop\COPRRA\vendor\laravel\framework\src\Illuminate\Collections\Traits\EnumeratesValues.php:271
C:\Users\Gaser\Desktop\COPRRA\vendor\laravel\framework\src\Illuminate\Database\Eloquent\Factories\Factory.php:365
C:\Users\Gaser\Desktop\COPRRA\vendor\laravel\framework\src\Illuminate\Database\Eloquent\Factories\Factory.php:321
C:\Users\Gaser\Desktop\COPRRA\vendor\laravel\framework\src\Illuminate\Database\Eloquent\Factories\Factory.php:315
C:\Users\Gaser\Desktop\COPRRA\tests\Feature\Models\NotificationTest.php:183

Caused by
PDOException: SQLSTATE[23000]: Integrity constraint violation: 19 FOREIGN KEY constraint failed

C:\Users\Gaser\Desktop\COPRRA\vendor\laravel\framework\src\Illuminate\Database\Connection.php:570
C:\Users\Gaser\Desktop\COPRRA\vendor\laravel\framework\src\Illuminate\Database\Connection.php:811
C:\Users\Gaser\Desktop\COPRRA\vendor\laravel\framework\src\Illuminate\Database\Connection.php:778
C:\Users\Gaser\Desktop\COPRRA\vendor\laravel\framework\src\Illuminate\Database\Connection.php:559
C:\Users\Gaser\Desktop\COPRRA\vendor\laravel\framework\src\Illuminate\Database\Connection.php:523
C:\Users\Gaser\Desktop\COPRRA\vendor\laravel\framework\src\Illuminate\Database\Query\Processors\Processor.php:32
C:\Users\Gaser\Desktop\COPRRA\vendor\laravel\framework\src\Illuminate\Database\Query\Builder.php:3853
C:\Users\Gaser\Desktop\COPRRA\vendor\laravel\framework\src\Illuminate\Database\Eloquent\Builder.php:2235
C:\Users\Gaser\Desktop\COPRRA\vendor\laravel\framework\src\Illuminate\Database\Eloquent\Model.php:1436
C:\Users\Gaser\Desktop\COPRRA\vendor\laravel\framework\src\Illuminate\Database\Eloquent\Model.php:1401
C:\Users\Gaser\Desktop\COPRRA\vendor\laravel\framework\src\Illuminate\Database\Eloquent\Model.php:1240
C:\Users\Gaser\Desktop\COPRRA\vendor\laravel\framework\src\Illuminate\Database\Eloquent\Factories\Factory.php:370
C:\Users\Gaser\Desktop\COPRRA\vendor\laravel\framework\src\Illuminate\Collections\Traits\EnumeratesValues.php:271
C:\Users\Gaser\Desktop\COPRRA\vendor\laravel\framework\src\Illuminate\Database\Eloquent\Factories\Factory.php:365
C:\Users\Gaser\Desktop\COPRRA\vendor\laravel\framework\src\Illuminate\Database\Eloquent\Factories\Factory.php:321
C:\Users\Gaser\Desktop\COPRRA\vendor\laravel\framework\src\Illuminate\Database\Eloquent\Factories\Factory.php:315
C:\Users\Gaser\Desktop\COPRRA\tests\Feature\Models\NotificationTest.php:183

88) Tests\Feature\Models\NotificationTest::test_scope_failed_filters_failed_notifications
Illuminate\Database\QueryException: SQLSTATE[23000]: Integrity constraint violation: 19 FOREIGN KEY constraint failed (Connection: sqlite, SQL: insert into "custom_notifications" ("user_id", "type", "title", "message", "data", "read_at", "sent_at", "priority", "channel", "status", "metadata", "tags", "updated_at", "created_at") values (1, success, Quo dolore sed et., Non dolor id quos cumque ipsum molestiae ex. Voluptatem ea atque at expedita sit inventore sunt qui., {"key":"impedit","value":"Consequatur et qui voluptatem at tenetur sapiente sequi aut."}, ?, ?, 1, email, failed, {"source":"ut","timestamp":1482976940}, ["labore","aut","culpa"], 2025-10-10 20:40:06, 2025-10-10 20:40:06))

C:\Users\Gaser\Desktop\COPRRA\vendor\laravel\framework\src\Illuminate\Database\Connection.php:824
C:\Users\Gaser\Desktop\COPRRA\vendor\laravel\framework\src\Illuminate\Database\Connection.php:778
C:\Users\Gaser\Desktop\COPRRA\vendor\laravel\framework\src\Illuminate\Database\Connection.php:559
C:\Users\Gaser\Desktop\COPRRA\vendor\laravel\framework\src\Illuminate\Database\Connection.php:523
C:\Users\Gaser\Desktop\COPRRA\vendor\laravel\framework\src\Illuminate\Database\Query\Processors\Processor.php:32
C:\Users\Gaser\Desktop\COPRRA\vendor\laravel\framework\src\Illuminate\Database\Query\Builder.php:3853
C:\Users\Gaser\Desktop\COPRRA\vendor\laravel\framework\src\Illuminate\Database\Eloquent\Builder.php:2235
C:\Users\Gaser\Desktop\COPRRA\vendor\laravel\framework\src\Illuminate\Database\Eloquent\Model.php:1436
C:\Users\Gaser\Desktop\COPRRA\vendor\laravel\framework\src\Illuminate\Database\Eloquent\Model.php:1401
C:\Users\Gaser\Desktop\COPRRA\vendor\laravel\framework\src\Illuminate\Database\Eloquent\Model.php:1240
C:\Users\Gaser\Desktop\COPRRA\vendor\laravel\framework\src\Illuminate\Database\Eloquent\Factories\Factory.php:370
C:\Users\Gaser\Desktop\COPRRA\vendor\laravel\framework\src\Illuminate\Collections\Traits\EnumeratesValues.php:271
C:\Users\Gaser\Desktop\COPRRA\vendor\laravel\framework\src\Illuminate\Database\Eloquent\Factories\Factory.php:365
C:\Users\Gaser\Desktop\COPRRA\vendor\laravel\framework\src\Illuminate\Database\Eloquent\Factories\Factory.php:321
C:\Users\Gaser\Desktop\COPRRA\vendor\laravel\framework\src\Illuminate\Database\Eloquent\Factories\Factory.php:315
C:\Users\Gaser\Desktop\COPRRA\tests\Feature\Models\NotificationTest.php:196

Caused by
PDOException: SQLSTATE[23000]: Integrity constraint violation: 19 FOREIGN KEY constraint failed

C:\Users\Gaser\Desktop\COPRRA\vendor\laravel\framework\src\Illuminate\Database\Connection.php:570
C:\Users\Gaser\Desktop\COPRRA\vendor\laravel\framework\src\Illuminate\Database\Connection.php:811
C:\Users\Gaser\Desktop\COPRRA\vendor\laravel\framework\src\Illuminate\Database\Connection.php:778
C:\Users\Gaser\Desktop\COPRRA\vendor\laravel\framework\src\Illuminate\Database\Connection.php:559
C:\Users\Gaser\Desktop\COPRRA\vendor\laravel\framework\src\Illuminate\Database\Connection.php:523
C:\Users\Gaser\Desktop\COPRRA\vendor\laravel\framework\src\Illuminate\Database\Query\Processors\Processor.php:32
C:\Users\Gaser\Desktop\COPRRA\vendor\laravel\framework\src\Illuminate\Database\Query\Builder.php:3853
C:\Users\Gaser\Desktop\COPRRA\vendor\laravel\framework\src\Illuminate\Database\Eloquent\Builder.php:2235
C:\Users\Gaser\Desktop\COPRRA\vendor\laravel\framework\src\Illuminate\Database\Eloquent\Model.php:1436
C:\Users\Gaser\Desktop\COPRRA\vendor\laravel\framework\src\Illuminate\Database\Eloquent\Model.php:1401
C:\Users\Gaser\Desktop\COPRRA\vendor\laravel\framework\src\Illuminate\Database\Eloquent\Model.php:1240
C:\Users\Gaser\Desktop\COPRRA\vendor\laravel\framework\src\Illuminate\Database\Eloquent\Factories\Factory.php:370
C:\Users\Gaser\Desktop\COPRRA\vendor\laravel\framework\src\Illuminate\Collections\Traits\EnumeratesValues.php:271
C:\Users\Gaser\Desktop\COPRRA\vendor\laravel\framework\src\Illuminate\Database\Eloquent\Factories\Factory.php:365
C:\Users\Gaser\Desktop\COPRRA\vendor\laravel\framework\src\Illuminate\Database\Eloquent\Factories\Factory.php:321
C:\Users\Gaser\Desktop\COPRRA\vendor\laravel\framework\src\Illuminate\Database\Eloquent\Factories\Factory.php:315
C:\Users\Gaser\Desktop\COPRRA\tests\Feature\Models\NotificationTest.php:196

89) Tests\Feature\Models\NotificationTest::test_scope_after_filters_notifications_after_date
Illuminate\Database\QueryException: SQLSTATE[23000]: Integrity constraint violation: 19 FOREIGN KEY constraint failed (Connection: sqlite, SQL: insert into "custom_notifications" ("user_id", "type", "title", "message", "data", "read_at", "sent_at", "priority", "channel", "status", "metadata", "tags", "created_at", "updated_at") values (1, info, Assumenda pariatur sunt architecto., Et voluptatem atque corporis sapiente explicabo amet. Inventore enim rerum adipisci aspernatur minus quo. Omnis exercitationem veritatis in modi magnam., {"key":"eum","value":"Dolore aliquid mollitia iste et."}, ?, ?, 4, email, sent, {"source":"harum","timestamp":1488221896}, ["porro","dolorem","qui"], 2025-10-09 20:40:06, 2025-10-10 20:40:06))

C:\Users\Gaser\Desktop\COPRRA\vendor\laravel\framework\src\Illuminate\Database\Connection.php:824
C:\Users\Gaser\Desktop\COPRRA\vendor\laravel\framework\src\Illuminate\Database\Connection.php:778
C:\Users\Gaser\Desktop\COPRRA\vendor\laravel\framework\src\Illuminate\Database\Connection.php:559
C:\Users\Gaser\Desktop\COPRRA\vendor\laravel\framework\src\Illuminate\Database\Connection.php:523
C:\Users\Gaser\Desktop\COPRRA\vendor\laravel\framework\src\Illuminate\Database\Query\Processors\Processor.php:32
C:\Users\Gaser\Desktop\COPRRA\vendor\laravel\framework\src\Illuminate\Database\Query\Builder.php:3853
C:\Users\Gaser\Desktop\COPRRA\vendor\laravel\framework\src\Illuminate\Database\Eloquent\Builder.php:2235
C:\Users\Gaser\Desktop\COPRRA\vendor\laravel\framework\src\Illuminate\Database\Eloquent\Model.php:1436
C:\Users\Gaser\Desktop\COPRRA\vendor\laravel\framework\src\Illuminate\Database\Eloquent\Model.php:1401
C:\Users\Gaser\Desktop\COPRRA\vendor\laravel\framework\src\Illuminate\Database\Eloquent\Model.php:1240
C:\Users\Gaser\Desktop\COPRRA\vendor\laravel\framework\src\Illuminate\Database\Eloquent\Factories\Factory.php:370
C:\Users\Gaser\Desktop\COPRRA\vendor\laravel\framework\src\Illuminate\Collections\Traits\EnumeratesValues.php:271
C:\Users\Gaser\Desktop\COPRRA\vendor\laravel\framework\src\Illuminate\Database\Eloquent\Factories\Factory.php:365
C:\Users\Gaser\Desktop\COPRRA\vendor\laravel\framework\src\Illuminate\Database\Eloquent\Factories\Factory.php:321
C:\Users\Gaser\Desktop\COPRRA\vendor\laravel\framework\src\Illuminate\Database\Eloquent\Factories\Factory.php:315
C:\Users\Gaser\Desktop\COPRRA\tests\Feature\Models\NotificationTest.php:232

Caused by
PDOException: SQLSTATE[23000]: Integrity constraint violation: 19 FOREIGN KEY constraint failed

C:\Users\Gaser\Desktop\COPRRA\vendor\laravel\framework\src\Illuminate\Database\Connection.php:570
C:\Users\Gaser\Desktop\COPRRA\vendor\laravel\framework\src\Illuminate\Database\Connection.php:811
C:\Users\Gaser\Desktop\COPRRA\vendor\laravel\framework\src\Illuminate\Database\Connection.php:778
C:\Users\Gaser\Desktop\COPRRA\vendor\laravel\framework\src\Illuminate\Database\Connection.php:559
C:\Users\Gaser\Desktop\COPRRA\vendor\laravel\framework\src\Illuminate\Database\Connection.php:523
C:\Users\Gaser\Desktop\COPRRA\vendor\laravel\framework\src\Illuminate\Database\Query\Processors\Processor.php:32
C:\Users\Gaser\Desktop\COPRRA\vendor\laravel\framework\src\Illuminate\Database\Query\Builder.php:3853
C:\Users\Gaser\Desktop\COPRRA\vendor\laravel\framework\src\Illuminate\Database\Eloquent\Builder.php:2235
C:\Users\Gaser\Desktop\COPRRA\vendor\laravel\framework\src\Illuminate\Database\Eloquent\Model.php:1436
C:\Users\Gaser\Desktop\COPRRA\vendor\laravel\framework\src\Illuminate\Database\Eloquent\Model.php:1401
C:\Users\Gaser\Desktop\COPRRA\vendor\laravel\framework\src\Illuminate\Database\Eloquent\Model.php:1240
C:\Users\Gaser\Desktop\COPRRA\vendor\laravel\framework\src\Illuminate\Database\Eloquent\Factories\Factory.php:370
C:\Users\Gaser\Desktop\COPRRA\vendor\laravel\framework\src\Illuminate\Collections\Traits\EnumeratesValues.php:271
C:\Users\Gaser\Desktop\COPRRA\vendor\laravel\framework\src\Illuminate\Database\Eloquent\Factories\Factory.php:365
C:\Users\Gaser\Desktop\COPRRA\vendor\laravel\framework\src\Illuminate\Database\Eloquent\Factories\Factory.php:321
C:\Users\Gaser\Desktop\COPRRA\vendor\laravel\framework\src\Illuminate\Database\Eloquent\Factories\Factory.php:315
C:\Users\Gaser\Desktop\COPRRA\tests\Feature\Models\NotificationTest.php:232

90) Tests\Feature\Models\NotificationTest::test_scope_before_filters_notifications_before_date
Illuminate\Database\QueryException: SQLSTATE[23000]: Integrity constraint violation: 19 FOREIGN KEY constraint failed (Connection: sqlite, SQL: insert into "custom_notifications" ("user_id", "type", "title", "message", "data", "read_at", "sent_at", "priority", "channel", "status", "metadata", "tags", "created_at", "updated_at") values (1, warning, Est rerum unde., Commodi praesentium doloremque nihil. Ea repudiandae assumenda temporibus similique voluptas et ab. Voluptates tempora corrupti ut., {"key":"at","value":"Odio nam eos aut quod rerum."}, ?, ?, 2, database, pending, {"source":"est","timestamp":1682662603}, ["deleniti","repellendus","dolores"], 2025-10-09 20:40:06, 2025-10-10 20:40:06))

C:\Users\Gaser\Desktop\COPRRA\vendor\laravel\framework\src\Illuminate\Database\Connection.php:824
C:\Users\Gaser\Desktop\COPRRA\vendor\laravel\framework\src\Illuminate\Database\Connection.php:778
C:\Users\Gaser\Desktop\COPRRA\vendor\laravel\framework\src\Illuminate\Database\Connection.php:559
C:\Users\Gaser\Desktop\COPRRA\vendor\laravel\framework\src\Illuminate\Database\Connection.php:523
C:\Users\Gaser\Desktop\COPRRA\vendor\laravel\framework\src\Illuminate\Database\Query\Processors\Processor.php:32
C:\Users\Gaser\Desktop\COPRRA\vendor\laravel\framework\src\Illuminate\Database\Query\Builder.php:3853
C:\Users\Gaser\Desktop\COPRRA\vendor\laravel\framework\src\Illuminate\Database\Eloquent\Builder.php:2235
C:\Users\Gaser\Desktop\COPRRA\vendor\laravel\framework\src\Illuminate\Database\Eloquent\Model.php:1436
C:\Users\Gaser\Desktop\COPRRA\vendor\laravel\framework\src\Illuminate\Database\Eloquent\Model.php:1401
C:\Users\Gaser\Desktop\COPRRA\vendor\laravel\framework\src\Illuminate\Database\Eloquent\Model.php:1240
C:\Users\Gaser\Desktop\COPRRA\vendor\laravel\framework\src\Illuminate\Database\Eloquent\Factories\Factory.php:370
C:\Users\Gaser\Desktop\COPRRA\vendor\laravel\framework\src\Illuminate\Collections\Traits\EnumeratesValues.php:271
C:\Users\Gaser\Desktop\COPRRA\vendor\laravel\framework\src\Illuminate\Database\Eloquent\Factories\Factory.php:365
C:\Users\Gaser\Desktop\COPRRA\vendor\laravel\framework\src\Illuminate\Database\Eloquent\Factories\Factory.php:321
C:\Users\Gaser\Desktop\COPRRA\vendor\laravel\framework\src\Illuminate\Database\Eloquent\Factories\Factory.php:315
C:\Users\Gaser\Desktop\COPRRA\tests\Feature\Models\NotificationTest.php:249

Caused by
PDOException: SQLSTATE[23000]: Integrity constraint violation: 19 FOREIGN KEY constraint failed

C:\Users\Gaser\Desktop\COPRRA\vendor\laravel\framework\src\Illuminate\Database\Connection.php:570
C:\Users\Gaser\Desktop\COPRRA\vendor\laravel\framework\src\Illuminate\Database\Connection.php:811
C:\Users\Gaser\Desktop\COPRRA\vendor\laravel\framework\src\Illuminate\Database\Connection.php:778
C:\Users\Gaser\Desktop\COPRRA\vendor\laravel\framework\src\Illuminate\Database\Connection.php:559
C:\Users\Gaser\Desktop\COPRRA\vendor\laravel\framework\src\Illuminate\Database\Connection.php:523
C:\Users\Gaser\Desktop\COPRRA\vendor\laravel\framework\src\Illuminate\Database\Query\Processors\Processor.php:32
C:\Users\Gaser\Desktop\COPRRA\vendor\laravel\framework\src\Illuminate\Database\Query\Builder.php:3853
C:\Users\Gaser\Desktop\COPRRA\vendor\laravel\framework\src\Illuminate\Database\Eloquent\Builder.php:2235
C:\Users\Gaser\Desktop\COPRRA\vendor\laravel\framework\src\Illuminate\Database\Eloquent\Model.php:1436
C:\Users\Gaser\Desktop\COPRRA\vendor\laravel\framework\src\Illuminate\Database\Eloquent\Model.php:1401
C:\Users\Gaser\Desktop\COPRRA\vendor\laravel\framework\src\Illuminate\Database\Eloquent\Model.php:1240
C:\Users\Gaser\Desktop\COPRRA\vendor\laravel\framework\src\Illuminate\Database\Eloquent\Factories\Factory.php:370
C:\Users\Gaser\Desktop\COPRRA\vendor\laravel\framework\src\Illuminate\Collections\Traits\EnumeratesValues.php:271
C:\Users\Gaser\Desktop\COPRRA\vendor\laravel\framework\src\Illuminate\Database\Eloquent\Factories\Factory.php:365
C:\Users\Gaser\Desktop\COPRRA\vendor\laravel\framework\src\Illuminate\Database\Eloquent\Factories\Factory.php:321
C:\Users\Gaser\Desktop\COPRRA\vendor\laravel\framework\src\Illuminate\Database\Eloquent\Factories\Factory.php:315
C:\Users\Gaser\Desktop\COPRRA\tests\Feature\Models\NotificationTest.php:249

91) Tests\Feature\Models\NotificationTest::test_mark_as_read
Illuminate\Database\QueryException: SQLSTATE[23000]: Integrity constraint violation: 19 FOREIGN KEY constraint failed (Connection: sqlite, SQL: insert into "custom_notifications" ("user_id", "type", "title", "message", "data", "read_at", "sent_at", "priority", "channel", "status", "metadata", "tags", "updated_at", "created_at") values (1, info, Illum voluptatem aliquam., Cum id aperiam et voluptas magnam ea. Doloremque dolore qui odit et tempore sint est., {"key":"aliquid","value":"Voluptatum maxime et illo vel."}, ?, ?, 5, email, sent, {"source":"debitis","timestamp":1003309619}, ["doloribus","veritatis","nisi"], 2025-10-10 20:40:06, 2025-10-10 20:40:06))

C:\Users\Gaser\Desktop\COPRRA\vendor\laravel\framework\src\Illuminate\Database\Connection.php:824
C:\Users\Gaser\Desktop\COPRRA\vendor\laravel\framework\src\Illuminate\Database\Connection.php:778
C:\Users\Gaser\Desktop\COPRRA\vendor\laravel\framework\src\Illuminate\Database\Connection.php:559
C:\Users\Gaser\Desktop\COPRRA\vendor\laravel\framework\src\Illuminate\Database\Connection.php:523
C:\Users\Gaser\Desktop\COPRRA\vendor\laravel\framework\src\Illuminate\Database\Query\Processors\Processor.php:32
C:\Users\Gaser\Desktop\COPRRA\vendor\laravel\framework\src\Illuminate\Database\Query\Builder.php:3853
C:\Users\Gaser\Desktop\COPRRA\vendor\laravel\framework\src\Illuminate\Database\Eloquent\Builder.php:2235
C:\Users\Gaser\Desktop\COPRRA\vendor\laravel\framework\src\Illuminate\Database\Eloquent\Model.php:1436
C:\Users\Gaser\Desktop\COPRRA\vendor\laravel\framework\src\Illuminate\Database\Eloquent\Model.php:1401
C:\Users\Gaser\Desktop\COPRRA\vendor\laravel\framework\src\Illuminate\Database\Eloquent\Model.php:1240
C:\Users\Gaser\Desktop\COPRRA\vendor\laravel\framework\src\Illuminate\Database\Eloquent\Factories\Factory.php:370
C:\Users\Gaser\Desktop\COPRRA\vendor\laravel\framework\src\Illuminate\Collections\Traits\EnumeratesValues.php:271
C:\Users\Gaser\Desktop\COPRRA\vendor\laravel\framework\src\Illuminate\Database\Eloquent\Factories\Factory.php:365
C:\Users\Gaser\Desktop\COPRRA\vendor\laravel\framework\src\Illuminate\Database\Eloquent\Factories\Factory.php:321
C:\Users\Gaser\Desktop\COPRRA\vendor\laravel\framework\src\Illuminate\Database\Eloquent\Factories\Factory.php:315
C:\Users\Gaser\Desktop\COPRRA\tests\Feature\Models\NotificationTest.php:283

Caused by
PDOException: SQLSTATE[23000]: Integrity constraint violation: 19 FOREIGN KEY constraint failed

C:\Users\Gaser\Desktop\COPRRA\vendor\laravel\framework\src\Illuminate\Database\Connection.php:570
C:\Users\Gaser\Desktop\COPRRA\vendor\laravel\framework\src\Illuminate\Database\Connection.php:811
C:\Users\Gaser\Desktop\COPRRA\vendor\laravel\framework\src\Illuminate\Database\Connection.php:778
C:\Users\Gaser\Desktop\COPRRA\vendor\laravel\framework\src\Illuminate\Database\Connection.php:559
C:\Users\Gaser\Desktop\COPRRA\vendor\laravel\framework\src\Illuminate\Database\Connection.php:523
C:\Users\Gaser\Desktop\COPRRA\vendor\laravel\framework\src\Illuminate\Database\Query\Processors\Processor.php:32
C:\Users\Gaser\Desktop\COPRRA\vendor\laravel\framework\src\Illuminate\Database\Query\Builder.php:3853
C:\Users\Gaser\Desktop\COPRRA\vendor\laravel\framework\src\Illuminate\Database\Eloquent\Builder.php:2235
C:\Users\Gaser\Desktop\COPRRA\vendor\laravel\framework\src\Illuminate\Database\Eloquent\Model.php:1436
C:\Users\Gaser\Desktop\COPRRA\vendor\laravel\framework\src\Illuminate\Database\Eloquent\Model.php:1401
C:\Users\Gaser\Desktop\COPRRA\vendor\laravel\framework\src\Illuminate\Database\Eloquent\Model.php:1240
C:\Users\Gaser\Desktop\COPRRA\vendor\laravel\framework\src\Illuminate\Database\Eloquent\Factories\Factory.php:370
C:\Users\Gaser\Desktop\COPRRA\vendor\laravel\framework\src\Illuminate\Collections\Traits\EnumeratesValues.php:271
C:\Users\Gaser\Desktop\COPRRA\vendor\laravel\framework\src\Illuminate\Database\Eloquent\Factories\Factory.php:365
C:\Users\Gaser\Desktop\COPRRA\vendor\laravel\framework\src\Illuminate\Database\Eloquent\Factories\Factory.php:321
C:\Users\Gaser\Desktop\COPRRA\vendor\laravel\framework\src\Illuminate\Database\Eloquent\Factories\Factory.php:315
C:\Users\Gaser\Desktop\COPRRA\tests\Feature\Models\NotificationTest.php:283

92) Tests\Feature\Models\NotificationTest::test_mark_as_unread
Illuminate\Database\QueryException: SQLSTATE[23000]: Integrity constraint violation: 19 FOREIGN KEY constraint failed (Connection: sqlite, SQL: insert into "custom_notifications" ("user_id", "type", "title", "message", "data", "read_at", "sent_at", "priority", "channel", "status", "metadata", "tags", "updated_at", "created_at") values (1, warning, Laboriosam a qui., Et libero consequatur asperiores at pariatur quam. Molestias et est amet eos. Ex unde aut et consectetur adipisci., {"key":"quae","value":"Sit explicabo eos ducimus nostrum voluptas harum."}, 2025-10-10 20:40:06, ?, 4, database, pending, {"source":"necessitatibus","timestamp":71167991}, ["voluptas","exercitationem","eum"], 2025-10-10 20:40:06, 2025-10-10 20:40:06))

C:\Users\Gaser\Desktop\COPRRA\vendor\laravel\framework\src\Illuminate\Database\Connection.php:824
C:\Users\Gaser\Desktop\COPRRA\vendor\laravel\framework\src\Illuminate\Database\Connection.php:778
C:\Users\Gaser\Desktop\COPRRA\vendor\laravel\framework\src\Illuminate\Database\Connection.php:559
C:\Users\Gaser\Desktop\COPRRA\vendor\laravel\framework\src\Illuminate\Database\Connection.php:523
C:\Users\Gaser\Desktop\COPRRA\vendor\laravel\framework\src\Illuminate\Database\Query\Processors\Processor.php:32
C:\Users\Gaser\Desktop\COPRRA\vendor\laravel\framework\src\Illuminate\Database\Query\Builder.php:3853
C:\Users\Gaser\Desktop\COPRRA\vendor\laravel\framework\src\Illuminate\Database\Eloquent\Builder.php:2235
C:\Users\Gaser\Desktop\COPRRA\vendor\laravel\framework\src\Illuminate\Database\Eloquent\Model.php:1436
C:\Users\Gaser\Desktop\COPRRA\vendor\laravel\framework\src\Illuminate\Database\Eloquent\Model.php:1401
C:\Users\Gaser\Desktop\COPRRA\vendor\laravel\framework\src\Illuminate\Database\Eloquent\Model.php:1240
C:\Users\Gaser\Desktop\COPRRA\vendor\laravel\framework\src\Illuminate\Database\Eloquent\Factories\Factory.php:370
C:\Users\Gaser\Desktop\COPRRA\vendor\laravel\framework\src\Illuminate\Collections\Traits\EnumeratesValues.php:271
C:\Users\Gaser\Desktop\COPRRA\vendor\laravel\framework\src\Illuminate\Database\Eloquent\Factories\Factory.php:365
C:\Users\Gaser\Desktop\COPRRA\vendor\laravel\framework\src\Illuminate\Database\Eloquent\Factories\Factory.php:321
C:\Users\Gaser\Desktop\COPRRA\vendor\laravel\framework\src\Illuminate\Database\Eloquent\Factories\Factory.php:315
C:\Users\Gaser\Desktop\COPRRA\tests\Feature\Models\NotificationTest.php:294

Caused by
PDOException: SQLSTATE[23000]: Integrity constraint violation: 19 FOREIGN KEY constraint failed

C:\Users\Gaser\Desktop\COPRRA\vendor\laravel\framework\src\Illuminate\Database\Connection.php:570
C:\Users\Gaser\Desktop\COPRRA\vendor\laravel\framework\src\Illuminate\Database\Connection.php:811
C:\Users\Gaser\Desktop\COPRRA\vendor\laravel\framework\src\Illuminate\Database\Connection.php:778
C:\Users\Gaser\Desktop\COPRRA\vendor\laravel\framework\src\Illuminate\Database\Connection.php:559
C:\Users\Gaser\Desktop\COPRRA\vendor\laravel\framework\src\Illuminate\Database\Connection.php:523
C:\Users\Gaser\Desktop\COPRRA\vendor\laravel\framework\src\Illuminate\Database\Query\Processors\Processor.php:32
C:\Users\Gaser\Desktop\COPRRA\vendor\laravel\framework\src\Illuminate\Database\Query\Builder.php:3853
C:\Users\Gaser\Desktop\COPRRA\vendor\laravel\framework\src\Illuminate\Database\Eloquent\Builder.php:2235
C:\Users\Gaser\Desktop\COPRRA\vendor\laravel\framework\src\Illuminate\Database\Eloquent\Model.php:1436
C:\Users\Gaser\Desktop\COPRRA\vendor\laravel\framework\src\Illuminate\Database\Eloquent\Model.php:1401
C:\Users\Gaser\Desktop\COPRRA\vendor\laravel\framework\src\Illuminate\Database\Eloquent\Model.php:1240
C:\Users\Gaser\Desktop\COPRRA\vendor\laravel\framework\src\Illuminate\Database\Eloquent\Factories\Factory.php:370
C:\Users\Gaser\Desktop\COPRRA\vendor\laravel\framework\src\Illuminate\Collections\Traits\EnumeratesValues.php:271
C:\Users\Gaser\Desktop\COPRRA\vendor\laravel\framework\src\Illuminate\Database\Eloquent\Factories\Factory.php:365
C:\Users\Gaser\Desktop\COPRRA\vendor\laravel\framework\src\Illuminate\Database\Eloquent\Factories\Factory.php:321
C:\Users\Gaser\Desktop\COPRRA\vendor\laravel\framework\src\Illuminate\Database\Eloquent\Factories\Factory.php:315
C:\Users\Gaser\Desktop\COPRRA\tests\Feature\Models\NotificationTest.php:294

93) Tests\Feature\Models\NotificationTest::test_mark_as_sent
Illuminate\Database\QueryException: SQLSTATE[23000]: Integrity constraint violation: 19 FOREIGN KEY constraint failed (Connection: sqlite, SQL: insert into "custom_notifications" ("user_id", "type", "title", "message", "data", "read_at", "sent_at", "priority", "channel", "status", "metadata", "tags", "updated_at", "created_at") values (1, info, Quam voluptas sed asperiores., Sint labore ut ducimus eum ut molestiae. Deserunt nostrum eveniet perferendis eos ullam quia cupiditate. Quo at voluptates dolor et quo dolorum., {"key":"ea","value":"Dolor error sed inventore illum inventore reiciendis."}, ?, ?, 2, sms, pending, {"source":"autem","timestamp":981576917}, ["odio","rerum","magni"], 2025-10-10 20:40:06, 2025-10-10 20:40:06))

C:\Users\Gaser\Desktop\COPRRA\vendor\laravel\framework\src\Illuminate\Database\Connection.php:824
C:\Users\Gaser\Desktop\COPRRA\vendor\laravel\framework\src\Illuminate\Database\Connection.php:778
C:\Users\Gaser\Desktop\COPRRA\vendor\laravel\framework\src\Illuminate\Database\Connection.php:559
C:\Users\Gaser\Desktop\COPRRA\vendor\laravel\framework\src\Illuminate\Database\Connection.php:523
C:\Users\Gaser\Desktop\COPRRA\vendor\laravel\framework\src\Illuminate\Database\Query\Processors\Processor.php:32
C:\Users\Gaser\Desktop\COPRRA\vendor\laravel\framework\src\Illuminate\Database\Query\Builder.php:3853
C:\Users\Gaser\Desktop\COPRRA\vendor\laravel\framework\src\Illuminate\Database\Eloquent\Builder.php:2235
C:\Users\Gaser\Desktop\COPRRA\vendor\laravel\framework\src\Illuminate\Database\Eloquent\Model.php:1436
C:\Users\Gaser\Desktop\COPRRA\vendor\laravel\framework\src\Illuminate\Database\Eloquent\Model.php:1401
C:\Users\Gaser\Desktop\COPRRA\vendor\laravel\framework\src\Illuminate\Database\Eloquent\Model.php:1240
C:\Users\Gaser\Desktop\COPRRA\vendor\laravel\framework\src\Illuminate\Database\Eloquent\Factories\Factory.php:370
C:\Users\Gaser\Desktop\COPRRA\vendor\laravel\framework\src\Illuminate\Collections\Traits\EnumeratesValues.php:271
C:\Users\Gaser\Desktop\COPRRA\vendor\laravel\framework\src\Illuminate\Database\Eloquent\Factories\Factory.php:365
C:\Users\Gaser\Desktop\COPRRA\vendor\laravel\framework\src\Illuminate\Database\Eloquent\Factories\Factory.php:321
C:\Users\Gaser\Desktop\COPRRA\vendor\laravel\framework\src\Illuminate\Database\Eloquent\Factories\Factory.php:315
C:\Users\Gaser\Desktop\COPRRA\tests\Feature\Models\NotificationTest.php:305

Caused by
PDOException: SQLSTATE[23000]: Integrity constraint violation: 19 FOREIGN KEY constraint failed

C:\Users\Gaser\Desktop\COPRRA\vendor\laravel\framework\src\Illuminate\Database\Connection.php:570
C:\Users\Gaser\Desktop\COPRRA\vendor\laravel\framework\src\Illuminate\Database\Connection.php:811
C:\Users\Gaser\Desktop\COPRRA\vendor\laravel\framework\src\Illuminate\Database\Connection.php:778
C:\Users\Gaser\Desktop\COPRRA\vendor\laravel\framework\src\Illuminate\Database\Connection.php:559
C:\Users\Gaser\Desktop\COPRRA\vendor\laravel\framework\src\Illuminate\Database\Connection.php:523
C:\Users\Gaser\Desktop\COPRRA\vendor\laravel\framework\src\Illuminate\Database\Query\Processors\Processor.php:32
C:\Users\Gaser\Desktop\COPRRA\vendor\laravel\framework\src\Illuminate\Database\Query\Builder.php:3853
C:\Users\Gaser\Desktop\COPRRA\vendor\laravel\framework\src\Illuminate\Database\Eloquent\Builder.php:2235
C:\Users\Gaser\Desktop\COPRRA\vendor\laravel\framework\src\Illuminate\Database\Eloquent\Model.php:1436
C:\Users\Gaser\Desktop\COPRRA\vendor\laravel\framework\src\Illuminate\Database\Eloquent\Model.php:1401
C:\Users\Gaser\Desktop\COPRRA\vendor\laravel\framework\src\Illuminate\Database\Eloquent\Model.php:1240
C:\Users\Gaser\Desktop\COPRRA\vendor\laravel\framework\src\Illuminate\Database\Eloquent\Factories\Factory.php:370
C:\Users\Gaser\Desktop\COPRRA\vendor\laravel\framework\src\Illuminate\Collections\Traits\EnumeratesValues.php:271
C:\Users\Gaser\Desktop\COPRRA\vendor\laravel\framework\src\Illuminate\Database\Eloquent\Factories\Factory.php:365
C:\Users\Gaser\Desktop\COPRRA\vendor\laravel\framework\src\Illuminate\Database\Eloquent\Factories\Factory.php:321
C:\Users\Gaser\Desktop\COPRRA\vendor\laravel\framework\src\Illuminate\Database\Eloquent\Factories\Factory.php:315
C:\Users\Gaser\Desktop\COPRRA\tests\Feature\Models\NotificationTest.php:305

94) Tests\Feature\Models\NotificationTest::test_mark_as_failed
Illuminate\Database\QueryException: SQLSTATE[23000]: Integrity constraint violation: 19 FOREIGN KEY constraint failed (Connection: sqlite, SQL: insert into "custom_notifications" ("user_id", "type", "title", "message", "data", "read_at", "sent_at", "priority", "channel", "status", "metadata", "tags", "updated_at", "created_at") values (1, info, Ea modi velit., Autem autem aut consequatur itaque deserunt atque ut. Amet minus vel occaecati., {"key":"error","value":"Provident aliquid culpa reprehenderit qui est dolor est."}, ?, ?, 5, database, pending, {"source":"aut","timestamp":405680336}, ["quidem","saepe","et"], 2025-10-10 20:40:06, 2025-10-10 20:40:06))

C:\Users\Gaser\Desktop\COPRRA\vendor\laravel\framework\src\Illuminate\Database\Connection.php:824
C:\Users\Gaser\Desktop\COPRRA\vendor\laravel\framework\src\Illuminate\Database\Connection.php:778
C:\Users\Gaser\Desktop\COPRRA\vendor\laravel\framework\src\Illuminate\Database\Connection.php:559
C:\Users\Gaser\Desktop\COPRRA\vendor\laravel\framework\src\Illuminate\Database\Connection.php:523
C:\Users\Gaser\Desktop\COPRRA\vendor\laravel\framework\src\Illuminate\Database\Query\Processors\Processor.php:32
C:\Users\Gaser\Desktop\COPRRA\vendor\laravel\framework\src\Illuminate\Database\Query\Builder.php:3853
C:\Users\Gaser\Desktop\COPRRA\vendor\laravel\framework\src\Illuminate\Database\Eloquent\Builder.php:2235
C:\Users\Gaser\Desktop\COPRRA\vendor\laravel\framework\src\Illuminate\Database\Eloquent\Model.php:1436
C:\Users\Gaser\Desktop\COPRRA\vendor\laravel\framework\src\Illuminate\Database\Eloquent\Model.php:1401
C:\Users\Gaser\Desktop\COPRRA\vendor\laravel\framework\src\Illuminate\Database\Eloquent\Model.php:1240
C:\Users\Gaser\Desktop\COPRRA\vendor\laravel\framework\src\Illuminate\Database\Eloquent\Factories\Factory.php:370
C:\Users\Gaser\Desktop\COPRRA\vendor\laravel\framework\src\Illuminate\Collections\Traits\EnumeratesValues.php:271
C:\Users\Gaser\Desktop\COPRRA\vendor\laravel\framework\src\Illuminate\Database\Eloquent\Factories\Factory.php:365
C:\Users\Gaser\Desktop\COPRRA\vendor\laravel\framework\src\Illuminate\Database\Eloquent\Factories\Factory.php:321
C:\Users\Gaser\Desktop\COPRRA\vendor\laravel\framework\src\Illuminate\Database\Eloquent\Factories\Factory.php:315
C:\Users\Gaser\Desktop\COPRRA\tests\Feature\Models\NotificationTest.php:317

Caused by
PDOException: SQLSTATE[23000]: Integrity constraint violation: 19 FOREIGN KEY constraint failed

C:\Users\Gaser\Desktop\COPRRA\vendor\laravel\framework\src\Illuminate\Database\Connection.php:570
C:\Users\Gaser\Desktop\COPRRA\vendor\laravel\framework\src\Illuminate\Database\Connection.php:811
C:\Users\Gaser\Desktop\COPRRA\vendor\laravel\framework\src\Illuminate\Database\Connection.php:778
C:\Users\Gaser\Desktop\COPRRA\vendor\laravel\framework\src\Illuminate\Database\Connection.php:559
C:\Users\Gaser\Desktop\COPRRA\vendor\laravel\framework\src\Illuminate\Database\Connection.php:523
C:\Users\Gaser\Desktop\COPRRA\vendor\laravel\framework\src\Illuminate\Database\Query\Processors\Processor.php:32
C:\Users\Gaser\Desktop\COPRRA\vendor\laravel\framework\src\Illuminate\Database\Query\Builder.php:3853
C:\Users\Gaser\Desktop\COPRRA\vendor\laravel\framework\src\Illuminate\Database\Eloquent\Builder.php:2235
C:\Users\Gaser\Desktop\COPRRA\vendor\laravel\framework\src\Illuminate\Database\Eloquent\Model.php:1436
C:\Users\Gaser\Desktop\COPRRA\vendor\laravel\framework\src\Illuminate\Database\Eloquent\Model.php:1401
C:\Users\Gaser\Desktop\COPRRA\vendor\laravel\framework\src\Illuminate\Database\Eloquent\Model.php:1240
C:\Users\Gaser\Desktop\COPRRA\vendor\laravel\framework\src\Illuminate\Database\Eloquent\Factories\Factory.php:370
C:\Users\Gaser\Desktop\COPRRA\vendor\laravel\framework\src\Illuminate\Collections\Traits\EnumeratesValues.php:271
C:\Users\Gaser\Desktop\COPRRA\vendor\laravel\framework\src\Illuminate\Database\Eloquent\Factories\Factory.php:365
C:\Users\Gaser\Desktop\COPRRA\vendor\laravel\framework\src\Illuminate\Database\Eloquent\Factories\Factory.php:321
C:\Users\Gaser\Desktop\COPRRA\vendor\laravel\framework\src\Illuminate\Database\Eloquent\Factories\Factory.php:315
C:\Users\Gaser\Desktop\COPRRA\tests\Feature\Models\NotificationTest.php:317

95) Tests\Feature\Models\NotificationTest::test_is_read
Illuminate\Database\QueryException: SQLSTATE[23000]: Integrity constraint violation: 19 FOREIGN KEY constraint failed (Connection: sqlite, SQL: insert into "custom_notifications" ("user_id", "type", "title", "message", "data", "read_at", "sent_at", "priority", "channel", "status", "metadata", "tags", "updated_at", "created_at") values (1, warning, Consequatur rerum., Veniam sunt iste ut illum ea delectus. Recusandae harum dolorem earum praesentium nihil nam distinctio., {"key":"et","value":"Aspernatur ratione dicta vero quasi facere officiis aliquid."}, 2025-10-10 20:40:07, ?, 5, push, sent, {"source":"doloremque","timestamp":23254490}, ["officia","nesciunt","voluptas"], 2025-10-10 20:40:07, 2025-10-10 20:40:07))

C:\Users\Gaser\Desktop\COPRRA\vendor\laravel\framework\src\Illuminate\Database\Connection.php:824
C:\Users\Gaser\Desktop\COPRRA\vendor\laravel\framework\src\Illuminate\Database\Connection.php:778
C:\Users\Gaser\Desktop\COPRRA\vendor\laravel\framework\src\Illuminate\Database\Connection.php:559
C:\Users\Gaser\Desktop\COPRRA\vendor\laravel\framework\src\Illuminate\Database\Connection.php:523
C:\Users\Gaser\Desktop\COPRRA\vendor\laravel\framework\src\Illuminate\Database\Query\Processors\Processor.php:32
C:\Users\Gaser\Desktop\COPRRA\vendor\laravel\framework\src\Illuminate\Database\Query\Builder.php:3853
C:\Users\Gaser\Desktop\COPRRA\vendor\laravel\framework\src\Illuminate\Database\Eloquent\Builder.php:2235
C:\Users\Gaser\Desktop\COPRRA\vendor\laravel\framework\src\Illuminate\Database\Eloquent\Model.php:1436
C:\Users\Gaser\Desktop\COPRRA\vendor\laravel\framework\src\Illuminate\Database\Eloquent\Model.php:1401
C:\Users\Gaser\Desktop\COPRRA\vendor\laravel\framework\src\Illuminate\Database\Eloquent\Model.php:1240
C:\Users\Gaser\Desktop\COPRRA\vendor\laravel\framework\src\Illuminate\Database\Eloquent\Factories\Factory.php:370
C:\Users\Gaser\Desktop\COPRRA\vendor\laravel\framework\src\Illuminate\Collections\Traits\EnumeratesValues.php:271
C:\Users\Gaser\Desktop\COPRRA\vendor\laravel\framework\src\Illuminate\Database\Eloquent\Factories\Factory.php:365
C:\Users\Gaser\Desktop\COPRRA\vendor\laravel\framework\src\Illuminate\Database\Eloquent\Factories\Factory.php:321
C:\Users\Gaser\Desktop\COPRRA\vendor\laravel\framework\src\Illuminate\Database\Eloquent\Factories\Factory.php:315
C:\Users\Gaser\Desktop\COPRRA\tests\Feature\Models\NotificationTest.php:329

Caused by
PDOException: SQLSTATE[23000]: Integrity constraint violation: 19 FOREIGN KEY constraint failed

C:\Users\Gaser\Desktop\COPRRA\vendor\laravel\framework\src\Illuminate\Database\Connection.php:570
C:\Users\Gaser\Desktop\COPRRA\vendor\laravel\framework\src\Illuminate\Database\Connection.php:811
C:\Users\Gaser\Desktop\COPRRA\vendor\laravel\framework\src\Illuminate\Database\Connection.php:778
C:\Users\Gaser\Desktop\COPRRA\vendor\laravel\framework\src\Illuminate\Database\Connection.php:559
C:\Users\Gaser\Desktop\COPRRA\vendor\laravel\framework\src\Illuminate\Database\Connection.php:523
C:\Users\Gaser\Desktop\COPRRA\vendor\laravel\framework\src\Illuminate\Database\Query\Processors\Processor.php:32
C:\Users\Gaser\Desktop\COPRRA\vendor\laravel\framework\src\Illuminate\Database\Query\Builder.php:3853
C:\Users\Gaser\Desktop\COPRRA\vendor\laravel\framework\src\Illuminate\Database\Eloquent\Builder.php:2235
C:\Users\Gaser\Desktop\COPRRA\vendor\laravel\framework\src\Illuminate\Database\Eloquent\Model.php:1436
C:\Users\Gaser\Desktop\COPRRA\vendor\laravel\framework\src\Illuminate\Database\Eloquent\Model.php:1401
C:\Users\Gaser\Desktop\COPRRA\vendor\laravel\framework\src\Illuminate\Database\Eloquent\Model.php:1240
C:\Users\Gaser\Desktop\COPRRA\vendor\laravel\framework\src\Illuminate\Database\Eloquent\Factories\Factory.php:370
C:\Users\Gaser\Desktop\COPRRA\vendor\laravel\framework\src\Illuminate\Collections\Traits\EnumeratesValues.php:271
C:\Users\Gaser\Desktop\COPRRA\vendor\laravel\framework\src\Illuminate\Database\Eloquent\Factories\Factory.php:365
C:\Users\Gaser\Desktop\COPRRA\vendor\laravel\framework\src\Illuminate\Database\Eloquent\Factories\Factory.php:321
C:\Users\Gaser\Desktop\COPRRA\vendor\laravel\framework\src\Illuminate\Database\Eloquent\Factories\Factory.php:315
C:\Users\Gaser\Desktop\COPRRA\tests\Feature\Models\NotificationTest.php:329

96) Tests\Feature\Models\NotificationTest::test_is_unread
Illuminate\Database\QueryException: SQLSTATE[23000]: Integrity constraint violation: 19 FOREIGN KEY constraint failed (Connection: sqlite, SQL: insert into "custom_notifications" ("user_id", "type", "title", "message", "data", "read_at", "sent_at", "priority", "channel", "status", "metadata", "tags", "updated_at", "created_at") values (1, error, Qui occaecati labore totam ea., Fugit quis totam ut quo ut voluptatum rerum. Voluptas quae incidunt quidem., {"key":"adipisci","value":"Rerum ullam architecto quis et."}, 2025-10-10 20:40:07, ?, 1, push, failed, {"source":"harum","timestamp":1052791100}, ["ut","voluptas","consequatur"], 2025-10-10 20:40:07, 2025-10-10 20:40:07))

C:\Users\Gaser\Desktop\COPRRA\vendor\laravel\framework\src\Illuminate\Database\Connection.php:824
C:\Users\Gaser\Desktop\COPRRA\vendor\laravel\framework\src\Illuminate\Database\Connection.php:778
C:\Users\Gaser\Desktop\COPRRA\vendor\laravel\framework\src\Illuminate\Database\Connection.php:559
C:\Users\Gaser\Desktop\COPRRA\vendor\laravel\framework\src\Illuminate\Database\Connection.php:523
C:\Users\Gaser\Desktop\COPRRA\vendor\laravel\framework\src\Illuminate\Database\Query\Processors\Processor.php:32
C:\Users\Gaser\Desktop\COPRRA\vendor\laravel\framework\src\Illuminate\Database\Query\Builder.php:3853
C:\Users\Gaser\Desktop\COPRRA\vendor\laravel\framework\src\Illuminate\Database\Eloquent\Builder.php:2235
C:\Users\Gaser\Desktop\COPRRA\vendor\laravel\framework\src\Illuminate\Database\Eloquent\Model.php:1436
C:\Users\Gaser\Desktop\COPRRA\vendor\laravel\framework\src\Illuminate\Database\Eloquent\Model.php:1401
C:\Users\Gaser\Desktop\COPRRA\vendor\laravel\framework\src\Illuminate\Database\Eloquent\Model.php:1240
C:\Users\Gaser\Desktop\COPRRA\vendor\laravel\framework\src\Illuminate\Database\Eloquent\Factories\Factory.php:370
C:\Users\Gaser\Desktop\COPRRA\vendor\laravel\framework\src\Illuminate\Collections\Traits\EnumeratesValues.php:271
C:\Users\Gaser\Desktop\COPRRA\vendor\laravel\framework\src\Illuminate\Database\Eloquent\Factories\Factory.php:365
C:\Users\Gaser\Desktop\COPRRA\vendor\laravel\framework\src\Illuminate\Database\Eloquent\Factories\Factory.php:321
C:\Users\Gaser\Desktop\COPRRA\vendor\laravel\framework\src\Illuminate\Database\Eloquent\Factories\Factory.php:315
C:\Users\Gaser\Desktop\COPRRA\tests\Feature\Models\NotificationTest.php:339

Caused by
PDOException: SQLSTATE[23000]: Integrity constraint violation: 19 FOREIGN KEY constraint failed

C:\Users\Gaser\Desktop\COPRRA\vendor\laravel\framework\src\Illuminate\Database\Connection.php:570
C:\Users\Gaser\Desktop\COPRRA\vendor\laravel\framework\src\Illuminate\Database\Connection.php:811
C:\Users\Gaser\Desktop\COPRRA\vendor\laravel\framework\src\Illuminate\Database\Connection.php:778
C:\Users\Gaser\Desktop\COPRRA\vendor\laravel\framework\src\Illuminate\Database\Connection.php:559
C:\Users\Gaser\Desktop\COPRRA\vendor\laravel\framework\src\Illuminate\Database\Connection.php:523
C:\Users\Gaser\Desktop\COPRRA\vendor\laravel\framework\src\Illuminate\Database\Query\Processors\Processor.php:32
C:\Users\Gaser\Desktop\COPRRA\vendor\laravel\framework\src\Illuminate\Database\Query\Builder.php:3853
C:\Users\Gaser\Desktop\COPRRA\vendor\laravel\framework\src\Illuminate\Database\Eloquent\Builder.php:2235
C:\Users\Gaser\Desktop\COPRRA\vendor\laravel\framework\src\Illuminate\Database\Eloquent\Model.php:1436
C:\Users\Gaser\Desktop\COPRRA\vendor\laravel\framework\src\Illuminate\Database\Eloquent\Model.php:1401
C:\Users\Gaser\Desktop\COPRRA\vendor\laravel\framework\src\Illuminate\Database\Eloquent\Model.php:1240
C:\Users\Gaser\Desktop\COPRRA\vendor\laravel\framework\src\Illuminate\Database\Eloquent\Factories\Factory.php:370
C:\Users\Gaser\Desktop\COPRRA\vendor\laravel\framework\src\Illuminate\Collections\Traits\EnumeratesValues.php:271
C:\Users\Gaser\Desktop\COPRRA\vendor\laravel\framework\src\Illuminate\Database\Eloquent\Factories\Factory.php:365
C:\Users\Gaser\Desktop\COPRRA\vendor\laravel\framework\src\Illuminate\Database\Eloquent\Factories\Factory.php:321
C:\Users\Gaser\Desktop\COPRRA\vendor\laravel\framework\src\Illuminate\Database\Eloquent\Factories\Factory.php:315
C:\Users\Gaser\Desktop\COPRRA\tests\Feature\Models\NotificationTest.php:339

97) Tests\Feature\Models\NotificationTest::test_is_sent
Illuminate\Database\QueryException: SQLSTATE[23000]: Integrity constraint violation: 19 FOREIGN KEY constraint failed (Connection: sqlite, SQL: insert into "custom_notifications" ("user_id", "type", "title", "message", "data", "read_at", "sent_at", "priority", "channel", "status", "metadata", "tags", "updated_at", "created_at") values (1, warning, Harum voluptas qui., Explicabo sit vitae nobis. Vel aliquid enim ullam dolores porro officia perferendis. Officia amet eaque repellendus ex eos voluptatum., {"key":"dolore","value":"Quia est aperiam deserunt sunt sit magnam nam."}, ?, 2025-10-10 20:40:07, 5, push, pending, {"source":"totam","timestamp":1470648905}, ["neque","explicabo","neque"], 2025-10-10 20:40:07, 2025-10-10 20:40:07))

C:\Users\Gaser\Desktop\COPRRA\vendor\laravel\framework\src\Illuminate\Database\Connection.php:824
C:\Users\Gaser\Desktop\COPRRA\vendor\laravel\framework\src\Illuminate\Database\Connection.php:778
C:\Users\Gaser\Desktop\COPRRA\vendor\laravel\framework\src\Illuminate\Database\Connection.php:559
C:\Users\Gaser\Desktop\COPRRA\vendor\laravel\framework\src\Illuminate\Database\Connection.php:523
C:\Users\Gaser\Desktop\COPRRA\vendor\laravel\framework\src\Illuminate\Database\Query\Processors\Processor.php:32
C:\Users\Gaser\Desktop\COPRRA\vendor\laravel\framework\src\Illuminate\Database\Query\Builder.php:3853
C:\Users\Gaser\Desktop\COPRRA\vendor\laravel\framework\src\Illuminate\Database\Eloquent\Builder.php:2235
C:\Users\Gaser\Desktop\COPRRA\vendor\laravel\framework\src\Illuminate\Database\Eloquent\Model.php:1436
C:\Users\Gaser\Desktop\COPRRA\vendor\laravel\framework\src\Illuminate\Database\Eloquent\Model.php:1401
C:\Users\Gaser\Desktop\COPRRA\vendor\laravel\framework\src\Illuminate\Database\Eloquent\Model.php:1240
C:\Users\Gaser\Desktop\COPRRA\vendor\laravel\framework\src\Illuminate\Database\Eloquent\Factories\Factory.php:370
C:\Users\Gaser\Desktop\COPRRA\vendor\laravel\framework\src\Illuminate\Collections\Traits\EnumeratesValues.php:271
C:\Users\Gaser\Desktop\COPRRA\vendor\laravel\framework\src\Illuminate\Database\Eloquent\Factories\Factory.php:365
C:\Users\Gaser\Desktop\COPRRA\vendor\laravel\framework\src\Illuminate\Database\Eloquent\Factories\Factory.php:321
C:\Users\Gaser\Desktop\COPRRA\vendor\laravel\framework\src\Illuminate\Database\Eloquent\Factories\Factory.php:315
C:\Users\Gaser\Desktop\COPRRA\tests\Feature\Models\NotificationTest.php:349

Caused by
PDOException: SQLSTATE[23000]: Integrity constraint violation: 19 FOREIGN KEY constraint failed

C:\Users\Gaser\Desktop\COPRRA\vendor\laravel\framework\src\Illuminate\Database\Connection.php:570
C:\Users\Gaser\Desktop\COPRRA\vendor\laravel\framework\src\Illuminate\Database\Connection.php:811
C:\Users\Gaser\Desktop\COPRRA\vendor\laravel\framework\src\Illuminate\Database\Connection.php:778
C:\Users\Gaser\Desktop\COPRRA\vendor\laravel\framework\src\Illuminate\Database\Connection.php:559
C:\Users\Gaser\Desktop\COPRRA\vendor\laravel\framework\src\Illuminate\Database\Connection.php:523
C:\Users\Gaser\Desktop\COPRRA\vendor\laravel\framework\src\Illuminate\Database\Query\Processors\Processor.php:32
C:\Users\Gaser\Desktop\COPRRA\vendor\laravel\framework\src\Illuminate\Database\Query\Builder.php:3853
C:\Users\Gaser\Desktop\COPRRA\vendor\laravel\framework\src\Illuminate\Database\Eloquent\Builder.php:2235
C:\Users\Gaser\Desktop\COPRRA\vendor\laravel\framework\src\Illuminate\Database\Eloquent\Model.php:1436
C:\Users\Gaser\Desktop\COPRRA\vendor\laravel\framework\src\Illuminate\Database\Eloquent\Model.php:1401
C:\Users\Gaser\Desktop\COPRRA\vendor\laravel\framework\src\Illuminate\Database\Eloquent\Model.php:1240
C:\Users\Gaser\Desktop\COPRRA\vendor\laravel\framework\src\Illuminate\Database\Eloquent\Factories\Factory.php:370
C:\Users\Gaser\Desktop\COPRRA\vendor\laravel\framework\src\Illuminate\Collections\Traits\EnumeratesValues.php:271
C:\Users\Gaser\Desktop\COPRRA\vendor\laravel\framework\src\Illuminate\Database\Eloquent\Factories\Factory.php:365
C:\Users\Gaser\Desktop\COPRRA\vendor\laravel\framework\src\Illuminate\Database\Eloquent\Factories\Factory.php:321
C:\Users\Gaser\Desktop\COPRRA\vendor\laravel\framework\src\Illuminate\Database\Eloquent\Factories\Factory.php:315
C:\Users\Gaser\Desktop\COPRRA\tests\Feature\Models\NotificationTest.php:349

98) Tests\Feature\Models\NotificationTest::test_is_pending
Illuminate\Database\QueryException: SQLSTATE[23000]: Integrity constraint violation: 19 FOREIGN KEY constraint failed (Connection: sqlite, SQL: insert into "custom_notifications" ("user_id", "type", "title", "message", "data", "read_at", "sent_at", "priority", "channel", "status", "metadata", "tags", "updated_at", "created_at") values (1, error, Quis consequatur atque blanditiis., Repellendus quisquam dolor perferendis vel totam veniam. Eum omnis minus saepe error quasi. Et non error et rerum., {"key":"est","value":"Totam similique illum modi amet reprehenderit culpa beatae."}, ?, ?, 5, email, pending, {"source":"nihil","timestamp":787962100}, ["aliquid","non","dolor"], 2025-10-10 20:40:07, 2025-10-10 20:40:07))

C:\Users\Gaser\Desktop\COPRRA\vendor\laravel\framework\src\Illuminate\Database\Connection.php:824
C:\Users\Gaser\Desktop\COPRRA\vendor\laravel\framework\src\Illuminate\Database\Connection.php:778
C:\Users\Gaser\Desktop\COPRRA\vendor\laravel\framework\src\Illuminate\Database\Connection.php:559
C:\Users\Gaser\Desktop\COPRRA\vendor\laravel\framework\src\Illuminate\Database\Connection.php:523
C:\Users\Gaser\Desktop\COPRRA\vendor\laravel\framework\src\Illuminate\Database\Query\Processors\Processor.php:32
C:\Users\Gaser\Desktop\COPRRA\vendor\laravel\framework\src\Illuminate\Database\Query\Builder.php:3853
C:\Users\Gaser\Desktop\COPRRA\vendor\laravel\framework\src\Illuminate\Database\Eloquent\Builder.php:2235
C:\Users\Gaser\Desktop\COPRRA\vendor\laravel\framework\src\Illuminate\Database\Eloquent\Model.php:1436
C:\Users\Gaser\Desktop\COPRRA\vendor\laravel\framework\src\Illuminate\Database\Eloquent\Model.php:1401
C:\Users\Gaser\Desktop\COPRRA\vendor\laravel\framework\src\Illuminate\Database\Eloquent\Model.php:1240
C:\Users\Gaser\Desktop\COPRRA\vendor\laravel\framework\src\Illuminate\Database\Eloquent\Factories\Factory.php:370
C:\Users\Gaser\Desktop\COPRRA\vendor\laravel\framework\src\Illuminate\Collections\Traits\EnumeratesValues.php:271
C:\Users\Gaser\Desktop\COPRRA\vendor\laravel\framework\src\Illuminate\Database\Eloquent\Factories\Factory.php:365
C:\Users\Gaser\Desktop\COPRRA\vendor\laravel\framework\src\Illuminate\Database\Eloquent\Factories\Factory.php:321
C:\Users\Gaser\Desktop\COPRRA\vendor\laravel\framework\src\Illuminate\Database\Eloquent\Factories\Factory.php:315
C:\Users\Gaser\Desktop\COPRRA\tests\Feature\Models\NotificationTest.php:359

Caused by
PDOException: SQLSTATE[23000]: Integrity constraint violation: 19 FOREIGN KEY constraint failed

C:\Users\Gaser\Desktop\COPRRA\vendor\laravel\framework\src\Illuminate\Database\Connection.php:570
C:\Users\Gaser\Desktop\COPRRA\vendor\laravel\framework\src\Illuminate\Database\Connection.php:811
C:\Users\Gaser\Desktop\COPRRA\vendor\laravel\framework\src\Illuminate\Database\Connection.php:778
C:\Users\Gaser\Desktop\COPRRA\vendor\laravel\framework\src\Illuminate\Database\Connection.php:559
C:\Users\Gaser\Desktop\COPRRA\vendor\laravel\framework\src\Illuminate\Database\Connection.php:523
C:\Users\Gaser\Desktop\COPRRA\vendor\laravel\framework\src\Illuminate\Database\Query\Processors\Processor.php:32
C:\Users\Gaser\Desktop\COPRRA\vendor\laravel\framework\src\Illuminate\Database\Query\Builder.php:3853
C:\Users\Gaser\Desktop\COPRRA\vendor\laravel\framework\src\Illuminate\Database\Eloquent\Builder.php:2235
C:\Users\Gaser\Desktop\COPRRA\vendor\laravel\framework\src\Illuminate\Database\Eloquent\Model.php:1436
C:\Users\Gaser\Desktop\COPRRA\vendor\laravel\framework\src\Illuminate\Database\Eloquent\Model.php:1401
C:\Users\Gaser\Desktop\COPRRA\vendor\laravel\framework\src\Illuminate\Database\Eloquent\Model.php:1240
C:\Users\Gaser\Desktop\COPRRA\vendor\laravel\framework\src\Illuminate\Database\Eloquent\Factories\Factory.php:370
C:\Users\Gaser\Desktop\COPRRA\vendor\laravel\framework\src\Illuminate\Collections\Traits\EnumeratesValues.php:271
C:\Users\Gaser\Desktop\COPRRA\vendor\laravel\framework\src\Illuminate\Database\Eloquent\Factories\Factory.php:365
C:\Users\Gaser\Desktop\COPRRA\vendor\laravel\framework\src\Illuminate\Database\Eloquent\Factories\Factory.php:321
C:\Users\Gaser\Desktop\COPRRA\vendor\laravel\framework\src\Illuminate\Database\Eloquent\Factories\Factory.php:315
C:\Users\Gaser\Desktop\COPRRA\tests\Feature\Models\NotificationTest.php:359

99) Tests\Feature\Models\NotificationTest::test_is_failed
Illuminate\Database\QueryException: SQLSTATE[23000]: Integrity constraint violation: 19 FOREIGN KEY constraint failed (Connection: sqlite, SQL: insert into "custom_notifications" ("user_id", "type", "title", "message", "data", "read_at", "sent_at", "priority", "channel", "status", "metadata", "tags", "updated_at", "created_at") values (1, info, Rem dolorum qui maxime., Laboriosam eaque qui reiciendis aut et ducimus itaque eos. Occaecati aliquam veritatis nostrum maxime., {"key":"officiis","value":"Enim nihil qui in eligendi excepturi accusantium labore."}, ?, ?, 2, push, failed, {"source":"consequatur","timestamp":1634945284}, ["ipsa","repudiandae","quisquam"], 2025-10-10 20:40:07, 2025-10-10 20:40:07))

C:\Users\Gaser\Desktop\COPRRA\vendor\laravel\framework\src\Illuminate\Database\Connection.php:824
C:\Users\Gaser\Desktop\COPRRA\vendor\laravel\framework\src\Illuminate\Database\Connection.php:778
C:\Users\Gaser\Desktop\COPRRA\vendor\laravel\framework\src\Illuminate\Database\Connection.php:559
C:\Users\Gaser\Desktop\COPRRA\vendor\laravel\framework\src\Illuminate\Database\Connection.php:523
C:\Users\Gaser\Desktop\COPRRA\vendor\laravel\framework\src\Illuminate\Database\Query\Processors\Processor.php:32
C:\Users\Gaser\Desktop\COPRRA\vendor\laravel\framework\src\Illuminate\Database\Query\Builder.php:3853
C:\Users\Gaser\Desktop\COPRRA\vendor\laravel\framework\src\Illuminate\Database\Eloquent\Builder.php:2235
C:\Users\Gaser\Desktop\COPRRA\vendor\laravel\framework\src\Illuminate\Database\Eloquent\Model.php:1436
C:\Users\Gaser\Desktop\COPRRA\vendor\laravel\framework\src\Illuminate\Database\Eloquent\Model.php:1401
C:\Users\Gaser\Desktop\COPRRA\vendor\laravel\framework\src\Illuminate\Database\Eloquent\Model.php:1240
C:\Users\Gaser\Desktop\COPRRA\vendor\laravel\framework\src\Illuminate\Database\Eloquent\Factories\Factory.php:370
C:\Users\Gaser\Desktop\COPRRA\vendor\laravel\framework\src\Illuminate\Collections\Traits\EnumeratesValues.php:271
C:\Users\Gaser\Desktop\COPRRA\vendor\laravel\framework\src\Illuminate\Database\Eloquent\Factories\Factory.php:365
C:\Users\Gaser\Desktop\COPRRA\vendor\laravel\framework\src\Illuminate\Database\Eloquent\Factories\Factory.php:321
C:\Users\Gaser\Desktop\COPRRA\vendor\laravel\framework\src\Illuminate\Database\Eloquent\Factories\Factory.php:315
C:\Users\Gaser\Desktop\COPRRA\tests\Feature\Models\NotificationTest.php:371

Caused by
PDOException: SQLSTATE[23000]: Integrity constraint violation: 19 FOREIGN KEY constraint failed

C:\Users\Gaser\Desktop\COPRRA\vendor\laravel\framework\src\Illuminate\Database\Connection.php:570
C:\Users\Gaser\Desktop\COPRRA\vendor\laravel\framework\src\Illuminate\Database\Connection.php:811
C:\Users\Gaser\Desktop\COPRRA\vendor\laravel\framework\src\Illuminate\Database\Connection.php:778
C:\Users\Gaser\Desktop\COPRRA\vendor\laravel\framework\src\Illuminate\Database\Connection.php:559
C:\Users\Gaser\Desktop\COPRRA\vendor\laravel\framework\src\Illuminate\Database\Connection.php:523
C:\Users\Gaser\Desktop\COPRRA\vendor\laravel\framework\src\Illuminate\Database\Query\Processors\Processor.php:32
C:\Users\Gaser\Desktop\COPRRA\vendor\laravel\framework\src\Illuminate\Database\Query\Builder.php:3853
C:\Users\Gaser\Desktop\COPRRA\vendor\laravel\framework\src\Illuminate\Database\Eloquent\Builder.php:2235
C:\Users\Gaser\Desktop\COPRRA\vendor\laravel\framework\src\Illuminate\Database\Eloquent\Model.php:1436
C:\Users\Gaser\Desktop\COPRRA\vendor\laravel\framework\src\Illuminate\Database\Eloquent\Model.php:1401
C:\Users\Gaser\Desktop\COPRRA\vendor\laravel\framework\src\Illuminate\Database\Eloquent\Model.php:1240
C:\Users\Gaser\Desktop\COPRRA\vendor\laravel\framework\src\Illuminate\Database\Eloquent\Factories\Factory.php:370
C:\Users\Gaser\Desktop\COPRRA\vendor\laravel\framework\src\Illuminate\Collections\Traits\EnumeratesValues.php:271
C:\Users\Gaser\Desktop\COPRRA\vendor\laravel\framework\src\Illuminate\Database\Eloquent\Factories\Factory.php:365
C:\Users\Gaser\Desktop\COPRRA\vendor\laravel\framework\src\Illuminate\Database\Eloquent\Factories\Factory.php:321
C:\Users\Gaser\Desktop\COPRRA\vendor\laravel\framework\src\Illuminate\Database\Eloquent\Factories\Factory.php:315
C:\Users\Gaser\Desktop\COPRRA\tests\Feature\Models\NotificationTest.php:371

100) Tests\Feature\Models\NotificationTest::test_get_priority_level
Illuminate\Database\QueryException: SQLSTATE[23000]: Integrity constraint violation: 19 FOREIGN KEY constraint failed (Connection: sqlite, SQL: insert into "custom_notifications" ("user_id", "type", "title", "message", "data", "read_at", "sent_at", "priority", "channel", "status", "metadata", "tags", "updated_at", "created_at") values (1, success, Esse culpa sunt labore consequatur., Unde ut rerum nesciunt voluptas itaque at quaerat esse. Nihil numquam a blanditiis cumque possimus in unde., {"key":"vel","value":"Fugiat dolore adipisci quia rerum."}, ?, ?, 1, email, failed, {"source":"aut","timestamp":493205652}, ["et","eveniet","neque"], 2025-10-10 20:40:07, 2025-10-10 20:40:07))

C:\Users\Gaser\Desktop\COPRRA\vendor\laravel\framework\src\Illuminate\Database\Connection.php:824
C:\Users\Gaser\Desktop\COPRRA\vendor\laravel\framework\src\Illuminate\Database\Connection.php:778
C:\Users\Gaser\Desktop\COPRRA\vendor\laravel\framework\src\Illuminate\Database\Connection.php:559
C:\Users\Gaser\Desktop\COPRRA\vendor\laravel\framework\src\Illuminate\Database\Connection.php:523
C:\Users\Gaser\Desktop\COPRRA\vendor\laravel\framework\src\Illuminate\Database\Query\Processors\Processor.php:32
C:\Users\Gaser\Desktop\COPRRA\vendor\laravel\framework\src\Illuminate\Database\Query\Builder.php:3853
C:\Users\Gaser\Desktop\COPRRA\vendor\laravel\framework\src\Illuminate\Database\Eloquent\Builder.php:2235
C:\Users\Gaser\Desktop\COPRRA\vendor\laravel\framework\src\Illuminate\Database\Eloquent\Model.php:1436
C:\Users\Gaser\Desktop\COPRRA\vendor\laravel\framework\src\Illuminate\Database\Eloquent\Model.php:1401
C:\Users\Gaser\Desktop\COPRRA\vendor\laravel\framework\src\Illuminate\Database\Eloquent\Model.php:1240
C:\Users\Gaser\Desktop\COPRRA\vendor\laravel\framework\src\Illuminate\Database\Eloquent\Factories\Factory.php:370
C:\Users\Gaser\Desktop\COPRRA\vendor\laravel\framework\src\Illuminate\Collections\Traits\EnumeratesValues.php:271
C:\Users\Gaser\Desktop\COPRRA\vendor\laravel\framework\src\Illuminate\Database\Eloquent\Factories\Factory.php:365
C:\Users\Gaser\Desktop\COPRRA\vendor\laravel\framework\src\Illuminate\Database\Eloquent\Factories\Factory.php:321
C:\Users\Gaser\Desktop\COPRRA\vendor\laravel\framework\src\Illuminate\Database\Eloquent\Factories\Factory.php:315
C:\Users\Gaser\Desktop\COPRRA\tests\Feature\Models\NotificationTest.php:381

Caused by
PDOException: SQLSTATE[23000]: Integrity constraint violation: 19 FOREIGN KEY constraint failed

C:\Users\Gaser\Desktop\COPRRA\vendor\laravel\framework\src\Illuminate\Database\Connection.php:570
C:\Users\Gaser\Desktop\COPRRA\vendor\laravel\framework\src\Illuminate\Database\Connection.php:811
C:\Users\Gaser\Desktop\COPRRA\vendor\laravel\framework\src\Illuminate\Database\Connection.php:778
C:\Users\Gaser\Desktop\COPRRA\vendor\laravel\framework\src\Illuminate\Database\Connection.php:559
C:\Users\Gaser\Desktop\COPRRA\vendor\laravel\framework\src\Illuminate\Database\Connection.php:523
C:\Users\Gaser\Desktop\COPRRA\vendor\laravel\framework\src\Illuminate\Database\Query\Processors\Processor.php:32
C:\Users\Gaser\Desktop\COPRRA\vendor\laravel\framework\src\Illuminate\Database\Query\Builder.php:3853
C:\Users\Gaser\Desktop\COPRRA\vendor\laravel\framework\src\Illuminate\Database\Eloquent\Builder.php:2235
C:\Users\Gaser\Desktop\COPRRA\vendor\laravel\framework\src\Illuminate\Database\Eloquent\Model.php:1436
C:\Users\Gaser\Desktop\COPRRA\vendor\laravel\framework\src\Illuminate\Database\Eloquent\Model.php:1401
C:\Users\Gaser\Desktop\COPRRA\vendor\laravel\framework\src\Illuminate\Database\Eloquent\Model.php:1240
C:\Users\Gaser\Desktop\COPRRA\vendor\laravel\framework\src\Illuminate\Database\Eloquent\Factories\Factory.php:370
C:\Users\Gaser\Desktop\COPRRA\vendor\laravel\framework\src\Illuminate\Collections\Traits\EnumeratesValues.php:271
C:\Users\Gaser\Desktop\COPRRA\vendor\laravel\framework\src\Illuminate\Database\Eloquent\Factories\Factory.php:365
C:\Users\Gaser\Desktop\COPRRA\vendor\laravel\framework\src\Illuminate\Database\Eloquent\Factories\Factory.php:321
C:\Users\Gaser\Desktop\COPRRA\vendor\laravel\framework\src\Illuminate\Database\Eloquent\Factories\Factory.php:315
C:\Users\Gaser\Desktop\COPRRA\tests\Feature\Models\NotificationTest.php:381

101) Tests\Feature\Models\NotificationTest::test_get_type_display_name
Illuminate\Database\QueryException: SQLSTATE[23000]: Integrity constraint violation: 19 FOREIGN KEY constraint failed (Connection: sqlite, SQL: insert into "custom_notifications" ("user_id", "type", "title", "message", "data", "read_at", "sent_at", "priority", "channel", "status", "metadata", "tags", "updated_at", "created_at") values (1, price_drop, Cupiditate distinctio quis cum., Voluptatem maxime voluptate eos. Fuga vero ipsa excepturi officiis quidem. Deserunt quis sunt nostrum., {"key":"unde","value":"Cumque laudantium et harum ex eum."}, ?, ?, 3, database, sent, {"source":"facilis","timestamp":93580203}, ["illum","ea","officia"], 2025-10-10 20:40:07, 2025-10-10 20:40:07))

C:\Users\Gaser\Desktop\COPRRA\vendor\laravel\framework\src\Illuminate\Database\Connection.php:824
C:\Users\Gaser\Desktop\COPRRA\vendor\laravel\framework\src\Illuminate\Database\Connection.php:778
C:\Users\Gaser\Desktop\COPRRA\vendor\laravel\framework\src\Illuminate\Database\Connection.php:559
C:\Users\Gaser\Desktop\COPRRA\vendor\laravel\framework\src\Illuminate\Database\Connection.php:523
C:\Users\Gaser\Desktop\COPRRA\vendor\laravel\framework\src\Illuminate\Database\Query\Processors\Processor.php:32
C:\Users\Gaser\Desktop\COPRRA\vendor\laravel\framework\src\Illuminate\Database\Query\Builder.php:3853
C:\Users\Gaser\Desktop\COPRRA\vendor\laravel\framework\src\Illuminate\Database\Eloquent\Builder.php:2235
C:\Users\Gaser\Desktop\COPRRA\vendor\laravel\framework\src\Illuminate\Database\Eloquent\Model.php:1436
C:\Users\Gaser\Desktop\COPRRA\vendor\laravel\framework\src\Illuminate\Database\Eloquent\Model.php:1401
C:\Users\Gaser\Desktop\COPRRA\vendor\laravel\framework\src\Illuminate\Database\Eloquent\Model.php:1240
C:\Users\Gaser\Desktop\COPRRA\vendor\laravel\framework\src\Illuminate\Database\Eloquent\Factories\Factory.php:370
C:\Users\Gaser\Desktop\COPRRA\vendor\laravel\framework\src\Illuminate\Collections\Traits\EnumeratesValues.php:271
C:\Users\Gaser\Desktop\COPRRA\vendor\laravel\framework\src\Illuminate\Database\Eloquent\Factories\Factory.php:365
C:\Users\Gaser\Desktop\COPRRA\vendor\laravel\framework\src\Illuminate\Database\Eloquent\Factories\Factory.php:321
C:\Users\Gaser\Desktop\COPRRA\vendor\laravel\framework\src\Illuminate\Database\Eloquent\Factories\Factory.php:315
C:\Users\Gaser\Desktop\COPRRA\tests\Feature\Models\NotificationTest.php:397

Caused by
PDOException: SQLSTATE[23000]: Integrity constraint violation: 19 FOREIGN KEY constraint failed

C:\Users\Gaser\Desktop\COPRRA\vendor\laravel\framework\src\Illuminate\Database\Connection.php:570
C:\Users\Gaser\Desktop\COPRRA\vendor\laravel\framework\src\Illuminate\Database\Connection.php:811
C:\Users\Gaser\Desktop\COPRRA\vendor\laravel\framework\src\Illuminate\Database\Connection.php:778
C:\Users\Gaser\Desktop\COPRRA\vendor\laravel\framework\src\Illuminate\Database\Connection.php:559
C:\Users\Gaser\Desktop\COPRRA\vendor\laravel\framework\src\Illuminate\Database\Connection.php:523
C:\Users\Gaser\Desktop\COPRRA\vendor\laravel\framework\src\Illuminate\Database\Query\Processors\Processor.php:32
C:\Users\Gaser\Desktop\COPRRA\vendor\laravel\framework\src\Illuminate\Database\Query\Builder.php:3853
C:\Users\Gaser\Desktop\COPRRA\vendor\laravel\framework\src\Illuminate\Database\Eloquent\Builder.php:2235
C:\Users\Gaser\Desktop\COPRRA\vendor\laravel\framework\src\Illuminate\Database\Eloquent\Model.php:1436
C:\Users\Gaser\Desktop\COPRRA\vendor\laravel\framework\src\Illuminate\Database\Eloquent\Model.php:1401
C:\Users\Gaser\Desktop\COPRRA\vendor\laravel\framework\src\Illuminate\Database\Eloquent\Model.php:1240
C:\Users\Gaser\Desktop\COPRRA\vendor\laravel\framework\src\Illuminate\Database\Eloquent\Factories\Factory.php:370
C:\Users\Gaser\Desktop\COPRRA\vendor\laravel\framework\src\Illuminate\Collections\Traits\EnumeratesValues.php:271
C:\Users\Gaser\Desktop\COPRRA\vendor\laravel\framework\src\Illuminate\Database\Eloquent\Factories\Factory.php:365
C:\Users\Gaser\Desktop\COPRRA\vendor\laravel\framework\src\Illuminate\Database\Eloquent\Factories\Factory.php:321
C:\Users\Gaser\Desktop\COPRRA\vendor\laravel\framework\src\Illuminate\Database\Eloquent\Factories\Factory.php:315
C:\Users\Gaser\Desktop\COPRRA\tests\Feature\Models\NotificationTest.php:397

102) Tests\Feature\Models\NotificationTest::test_get_channel_display_name
Illuminate\Database\QueryException: SQLSTATE[23000]: Integrity constraint violation: 19 FOREIGN KEY constraint failed (Connection: sqlite, SQL: insert into "custom_notifications" ("user_id", "type", "title", "message", "data", "read_at", "sent_at", "priority", "channel", "status", "metadata", "tags", "updated_at", "created_at") values (1, error, Laborum consequuntur et., Tenetur et qui sed. Eum a labore et vitae., {"key":"doloremque","value":"Praesentium aut et placeat voluptatem quis aut omnis consequatur."}, ?, ?, 2, email, sent, {"source":"tempora","timestamp":1503076545}, ["velit","quia","nisi"], 2025-10-10 20:40:07, 2025-10-10 20:40:07))

C:\Users\Gaser\Desktop\COPRRA\vendor\laravel\framework\src\Illuminate\Database\Connection.php:824
C:\Users\Gaser\Desktop\COPRRA\vendor\laravel\framework\src\Illuminate\Database\Connection.php:778
C:\Users\Gaser\Desktop\COPRRA\vendor\laravel\framework\src\Illuminate\Database\Connection.php:559
C:\Users\Gaser\Desktop\COPRRA\vendor\laravel\framework\src\Illuminate\Database\Connection.php:523
C:\Users\Gaser\Desktop\COPRRA\vendor\laravel\framework\src\Illuminate\Database\Query\Processors\Processor.php:32
C:\Users\Gaser\Desktop\COPRRA\vendor\laravel\framework\src\Illuminate\Database\Query\Builder.php:3853
C:\Users\Gaser\Desktop\COPRRA\vendor\laravel\framework\src\Illuminate\Database\Eloquent\Builder.php:2235
C:\Users\Gaser\Desktop\COPRRA\vendor\laravel\framework\src\Illuminate\Database\Eloquent\Model.php:1436
C:\Users\Gaser\Desktop\COPRRA\vendor\laravel\framework\src\Illuminate\Database\Eloquent\Model.php:1401
C:\Users\Gaser\Desktop\COPRRA\vendor\laravel\framework\src\Illuminate\Database\Eloquent\Model.php:1240
C:\Users\Gaser\Desktop\COPRRA\vendor\laravel\framework\src\Illuminate\Database\Eloquent\Factories\Factory.php:370
C:\Users\Gaser\Desktop\COPRRA\vendor\laravel\framework\src\Illuminate\Collections\Traits\EnumeratesValues.php:271
C:\Users\Gaser\Desktop\COPRRA\vendor\laravel\framework\src\Illuminate\Database\Eloquent\Factories\Factory.php:365
C:\Users\Gaser\Desktop\COPRRA\vendor\laravel\framework\src\Illuminate\Database\Eloquent\Factories\Factory.php:321
C:\Users\Gaser\Desktop\COPRRA\vendor\laravel\framework\src\Illuminate\Database\Eloquent\Factories\Factory.php:315
C:\Users\Gaser\Desktop\COPRRA\tests\Feature\Models\NotificationTest.php:411

Caused by
PDOException: SQLSTATE[23000]: Integrity constraint violation: 19 FOREIGN KEY constraint failed

C:\Users\Gaser\Desktop\COPRRA\vendor\laravel\framework\src\Illuminate\Database\Connection.php:570
C:\Users\Gaser\Desktop\COPRRA\vendor\laravel\framework\src\Illuminate\Database\Connection.php:811
C:\Users\Gaser\Desktop\COPRRA\vendor\laravel\framework\src\Illuminate\Database\Connection.php:778
C:\Users\Gaser\Desktop\COPRRA\vendor\laravel\framework\src\Illuminate\Database\Connection.php:559
C:\Users\Gaser\Desktop\COPRRA\vendor\laravel\framework\src\Illuminate\Database\Connection.php:523
C:\Users\Gaser\Desktop\COPRRA\vendor\laravel\framework\src\Illuminate\Database\Query\Processors\Processor.php:32
C:\Users\Gaser\Desktop\COPRRA\vendor\laravel\framework\src\Illuminate\Database\Query\Builder.php:3853
C:\Users\Gaser\Desktop\COPRRA\vendor\laravel\framework\src\Illuminate\Database\Eloquent\Builder.php:2235
C:\Users\Gaser\Desktop\COPRRA\vendor\laravel\framework\src\Illuminate\Database\Eloquent\Model.php:1436
C:\Users\Gaser\Desktop\COPRRA\vendor\laravel\framework\src\Illuminate\Database\Eloquent\Model.php:1401
C:\Users\Gaser\Desktop\COPRRA\vendor\laravel\framework\src\Illuminate\Database\Eloquent\Model.php:1240
C:\Users\Gaser\Desktop\COPRRA\vendor\laravel\framework\src\Illuminate\Database\Eloquent\Factories\Factory.php:370
C:\Users\Gaser\Desktop\COPRRA\vendor\laravel\framework\src\Illuminate\Collections\Traits\EnumeratesValues.php:271
C:\Users\Gaser\Desktop\COPRRA\vendor\laravel\framework\src\Illuminate\Database\Eloquent\Factories\Factory.php:365
C:\Users\Gaser\Desktop\COPRRA\vendor\laravel\framework\src\Illuminate\Database\Eloquent\Factories\Factory.php:321
C:\Users\Gaser\Desktop\COPRRA\vendor\laravel\framework\src\Illuminate\Database\Eloquent\Factories\Factory.php:315
C:\Users\Gaser\Desktop\COPRRA\tests\Feature\Models\NotificationTest.php:411

103) Tests\Feature\Models\NotificationTest::test_get_status_display_name
Illuminate\Database\QueryException: SQLSTATE[23000]: Integrity constraint violation: 19 FOREIGN KEY constraint failed (Connection: sqlite, SQL: insert into "custom_notifications" ("user_id", "type", "title", "message", "data", "read_at", "sent_at", "priority", "channel", "status", "metadata", "tags", "updated_at", "created_at") values (1, info, Qui veniam impedit odio ullam., Quo rerum corrupti est sit. Veniam iusto voluptates repudiandae voluptate deleniti., {"key":"delectus","value":"Illo delectus vel distinctio occaecati accusamus quaerat eius."}, ?, ?, 2, sms, pending, {"source":"dolores","timestamp":1508283048}, ["totam","dolores","voluptatem"], 2025-10-10 20:40:07, 2025-10-10 20:40:07))

C:\Users\Gaser\Desktop\COPRRA\vendor\laravel\framework\src\Illuminate\Database\Connection.php:824
C:\Users\Gaser\Desktop\COPRRA\vendor\laravel\framework\src\Illuminate\Database\Connection.php:778
C:\Users\Gaser\Desktop\COPRRA\vendor\laravel\framework\src\Illuminate\Database\Connection.php:559
C:\Users\Gaser\Desktop\COPRRA\vendor\laravel\framework\src\Illuminate\Database\Connection.php:523
C:\Users\Gaser\Desktop\COPRRA\vendor\laravel\framework\src\Illuminate\Database\Query\Processors\Processor.php:32
C:\Users\Gaser\Desktop\COPRRA\vendor\laravel\framework\src\Illuminate\Database\Query\Builder.php:3853
C:\Users\Gaser\Desktop\COPRRA\vendor\laravel\framework\src\Illuminate\Database\Eloquent\Builder.php:2235
C:\Users\Gaser\Desktop\COPRRA\vendor\laravel\framework\src\Illuminate\Database\Eloquent\Model.php:1436
C:\Users\Gaser\Desktop\COPRRA\vendor\laravel\framework\src\Illuminate\Database\Eloquent\Model.php:1401
C:\Users\Gaser\Desktop\COPRRA\vendor\laravel\framework\src\Illuminate\Database\Eloquent\Model.php:1240
C:\Users\Gaser\Desktop\COPRRA\vendor\laravel\framework\src\Illuminate\Database\Eloquent\Factories\Factory.php:370
C:\Users\Gaser\Desktop\COPRRA\vendor\laravel\framework\src\Illuminate\Collections\Traits\EnumeratesValues.php:271
C:\Users\Gaser\Desktop\COPRRA\vendor\laravel\framework\src\Illuminate\Database\Eloquent\Factories\Factory.php:365
C:\Users\Gaser\Desktop\COPRRA\vendor\laravel\framework\src\Illuminate\Database\Eloquent\Factories\Factory.php:321
C:\Users\Gaser\Desktop\COPRRA\vendor\laravel\framework\src\Illuminate\Database\Eloquent\Factories\Factory.php:315
C:\Users\Gaser\Desktop\COPRRA\tests\Feature\Models\NotificationTest.php:425

Caused by
PDOException: SQLSTATE[23000]: Integrity constraint violation: 19 FOREIGN KEY constraint failed

C:\Users\Gaser\Desktop\COPRRA\vendor\laravel\framework\src\Illuminate\Database\Connection.php:570
C:\Users\Gaser\Desktop\COPRRA\vendor\laravel\framework\src\Illuminate\Database\Connection.php:811
C:\Users\Gaser\Desktop\COPRRA\vendor\laravel\framework\src\Illuminate\Database\Connection.php:778
C:\Users\Gaser\Desktop\COPRRA\vendor\laravel\framework\src\Illuminate\Database\Connection.php:559
C:\Users\Gaser\Desktop\COPRRA\vendor\laravel\framework\src\Illuminate\Database\Connection.php:523
C:\Users\Gaser\Desktop\COPRRA\vendor\laravel\framework\src\Illuminate\Database\Query\Processors\Processor.php:32
C:\Users\Gaser\Desktop\COPRRA\vendor\laravel\framework\src\Illuminate\Database\Query\Builder.php:3853
C:\Users\Gaser\Desktop\COPRRA\vendor\laravel\framework\src\Illuminate\Database\Eloquent\Builder.php:2235
C:\Users\Gaser\Desktop\COPRRA\vendor\laravel\framework\src\Illuminate\Database\Eloquent\Model.php:1436
C:\Users\Gaser\Desktop\COPRRA\vendor\laravel\framework\src\Illuminate\Database\Eloquent\Model.php:1401
C:\Users\Gaser\Desktop\COPRRA\vendor\laravel\framework\src\Illuminate\Database\Eloquent\Model.php:1240
C:\Users\Gaser\Desktop\COPRRA\vendor\laravel\framework\src\Illuminate\Database\Eloquent\Factories\Factory.php:370
C:\Users\Gaser\Desktop\COPRRA\vendor\laravel\framework\src\Illuminate\Collections\Traits\EnumeratesValues.php:271
C:\Users\Gaser\Desktop\COPRRA\vendor\laravel\framework\src\Illuminate\Database\Eloquent\Factories\Factory.php:365
C:\Users\Gaser\Desktop\COPRRA\vendor\laravel\framework\src\Illuminate\Database\Eloquent\Factories\Factory.php:321
C:\Users\Gaser\Desktop\COPRRA\vendor\laravel\framework\src\Illuminate\Database\Eloquent\Factories\Factory.php:315
C:\Users\Gaser\Desktop\COPRRA\tests\Feature\Models\NotificationTest.php:425

104) Tests\Feature\Models\NotificationTest::test_get_time_ago
Illuminate\Database\QueryException: SQLSTATE[23000]: Integrity constraint violation: 19 FOREIGN KEY constraint failed (Connection: sqlite, SQL: insert into "custom_notifications" ("user_id", "type", "title", "message", "data", "read_at", "sent_at", "priority", "channel", "status", "metadata", "tags", "created_at", "updated_at") values (1, warning, Et vel cum., Quod minus aliquid ut corporis. Labore vel possimus nobis molestiae in quod sunt molestias., {"key":"voluptas","value":"In error asperiores ea in minus."}, ?, ?, 2, database, failed, {"source":"magnam","timestamp":809724928}, ["tenetur","minima","eius"], 2025-10-10 19:40:07, 2025-10-10 20:40:07))

C:\Users\Gaser\Desktop\COPRRA\vendor\laravel\framework\src\Illuminate\Database\Connection.php:824
C:\Users\Gaser\Desktop\COPRRA\vendor\laravel\framework\src\Illuminate\Database\Connection.php:778
C:\Users\Gaser\Desktop\COPRRA\vendor\laravel\framework\src\Illuminate\Database\Connection.php:559
C:\Users\Gaser\Desktop\COPRRA\vendor\laravel\framework\src\Illuminate\Database\Connection.php:523
C:\Users\Gaser\Desktop\COPRRA\vendor\laravel\framework\src\Illuminate\Database\Query\Processors\Processor.php:32
C:\Users\Gaser\Desktop\COPRRA\vendor\laravel\framework\src\Illuminate\Database\Query\Builder.php:3853
C:\Users\Gaser\Desktop\COPRRA\vendor\laravel\framework\src\Illuminate\Database\Eloquent\Builder.php:2235
C:\Users\Gaser\Desktop\COPRRA\vendor\laravel\framework\src\Illuminate\Database\Eloquent\Model.php:1436
C:\Users\Gaser\Desktop\COPRRA\vendor\laravel\framework\src\Illuminate\Database\Eloquent\Model.php:1401
C:\Users\Gaser\Desktop\COPRRA\vendor\laravel\framework\src\Illuminate\Database\Eloquent\Model.php:1240
C:\Users\Gaser\Desktop\COPRRA\vendor\laravel\framework\src\Illuminate\Database\Eloquent\Factories\Factory.php:370
C:\Users\Gaser\Desktop\COPRRA\vendor\laravel\framework\src\Illuminate\Collections\Traits\EnumeratesValues.php:271
C:\Users\Gaser\Desktop\COPRRA\vendor\laravel\framework\src\Illuminate\Database\Eloquent\Factories\Factory.php:365
C:\Users\Gaser\Desktop\COPRRA\vendor\laravel\framework\src\Illuminate\Database\Eloquent\Factories\Factory.php:321
C:\Users\Gaser\Desktop\COPRRA\vendor\laravel\framework\src\Illuminate\Database\Eloquent\Factories\Factory.php:315
C:\Users\Gaser\Desktop\COPRRA\tests\Feature\Models\NotificationTest.php:439

Caused by
PDOException: SQLSTATE[23000]: Integrity constraint violation: 19 FOREIGN KEY constraint failed

C:\Users\Gaser\Desktop\COPRRA\vendor\laravel\framework\src\Illuminate\Database\Connection.php:570
C:\Users\Gaser\Desktop\COPRRA\vendor\laravel\framework\src\Illuminate\Database\Connection.php:811
C:\Users\Gaser\Desktop\COPRRA\vendor\laravel\framework\src\Illuminate\Database\Connection.php:778
C:\Users\Gaser\Desktop\COPRRA\vendor\laravel\framework\src\Illuminate\Database\Connection.php:559
C:\Users\Gaser\Desktop\COPRRA\vendor\laravel\framework\src\Illuminate\Database\Connection.php:523
C:\Users\Gaser\Desktop\COPRRA\vendor\laravel\framework\src\Illuminate\Database\Query\Processors\Processor.php:32
C:\Users\Gaser\Desktop\COPRRA\vendor\laravel\framework\src\Illuminate\Database\Query\Builder.php:3853
C:\Users\Gaser\Desktop\COPRRA\vendor\laravel\framework\src\Illuminate\Database\Eloquent\Builder.php:2235
C:\Users\Gaser\Desktop\COPRRA\vendor\laravel\framework\src\Illuminate\Database\Eloquent\Model.php:1436
C:\Users\Gaser\Desktop\COPRRA\vendor\laravel\framework\src\Illuminate\Database\Eloquent\Model.php:1401
C:\Users\Gaser\Desktop\COPRRA\vendor\laravel\framework\src\Illuminate\Database\Eloquent\Model.php:1240
C:\Users\Gaser\Desktop\COPRRA\vendor\laravel\framework\src\Illuminate\Database\Eloquent\Factories\Factory.php:370
C:\Users\Gaser\Desktop\COPRRA\vendor\laravel\framework\src\Illuminate\Collections\Traits\EnumeratesValues.php:271
C:\Users\Gaser\Desktop\COPRRA\vendor\laravel\framework\src\Illuminate\Database\Eloquent\Factories\Factory.php:365
C:\Users\Gaser\Desktop\COPRRA\vendor\laravel\framework\src\Illuminate\Database\Eloquent\Factories\Factory.php:321
C:\Users\Gaser\Desktop\COPRRA\vendor\laravel\framework\src\Illuminate\Database\Eloquent\Factories\Factory.php:315
C:\Users\Gaser\Desktop\COPRRA\tests\Feature\Models\NotificationTest.php:439

105) Tests\Feature\Models\NotificationTest::test_get_read_time_ago
Illuminate\Database\QueryException: SQLSTATE[23000]: Integrity constraint violation: 19 FOREIGN KEY constraint failed (Connection: sqlite, SQL: insert into "custom_notifications" ("user_id", "type", "title", "message", "data", "read_at", "sent_at", "priority", "channel", "status", "metadata", "tags", "updated_at", "created_at") values (1, success, Minima inventore sit voluptatibus., Ab et id error omnis. Perferendis impedit voluptates qui. Animi aut qui voluptas animi in., {"key":"dolores","value":"Veniam rem aperiam modi vitae."}, 2025-10-10 20:10:07, ?, 2, email, sent, {"source":"illum","timestamp":305036993}, ["qui","odio","praesentium"], 2025-10-10 20:40:07, 2025-10-10 20:40:07))

C:\Users\Gaser\Desktop\COPRRA\vendor\laravel\framework\src\Illuminate\Database\Connection.php:824
C:\Users\Gaser\Desktop\COPRRA\vendor\laravel\framework\src\Illuminate\Database\Connection.php:778
C:\Users\Gaser\Desktop\COPRRA\vendor\laravel\framework\src\Illuminate\Database\Connection.php:559
C:\Users\Gaser\Desktop\COPRRA\vendor\laravel\framework\src\Illuminate\Database\Connection.php:523
C:\Users\Gaser\Desktop\COPRRA\vendor\laravel\framework\src\Illuminate\Database\Query\Processors\Processor.php:32
C:\Users\Gaser\Desktop\COPRRA\vendor\laravel\framework\src\Illuminate\Database\Query\Builder.php:3853
C:\Users\Gaser\Desktop\COPRRA\vendor\laravel\framework\src\Illuminate\Database\Eloquent\Builder.php:2235
C:\Users\Gaser\Desktop\COPRRA\vendor\laravel\framework\src\Illuminate\Database\Eloquent\Model.php:1436
C:\Users\Gaser\Desktop\COPRRA\vendor\laravel\framework\src\Illuminate\Database\Eloquent\Model.php:1401
C:\Users\Gaser\Desktop\COPRRA\vendor\laravel\framework\src\Illuminate\Database\Eloquent\Model.php:1240
C:\Users\Gaser\Desktop\COPRRA\vendor\laravel\framework\src\Illuminate\Database\Eloquent\Factories\Factory.php:370
C:\Users\Gaser\Desktop\COPRRA\vendor\laravel\framework\src\Illuminate\Collections\Traits\EnumeratesValues.php:271
C:\Users\Gaser\Desktop\COPRRA\vendor\laravel\framework\src\Illuminate\Database\Eloquent\Factories\Factory.php:365
C:\Users\Gaser\Desktop\COPRRA\vendor\laravel\framework\src\Illuminate\Database\Eloquent\Factories\Factory.php:321
C:\Users\Gaser\Desktop\COPRRA\vendor\laravel\framework\src\Illuminate\Database\Eloquent\Factories\Factory.php:315
C:\Users\Gaser\Desktop\COPRRA\tests\Feature\Models\NotificationTest.php:447

Caused by
PDOException: SQLSTATE[23000]: Integrity constraint violation: 19 FOREIGN KEY constraint failed

C:\Users\Gaser\Desktop\COPRRA\vendor\laravel\framework\src\Illuminate\Database\Connection.php:570
C:\Users\Gaser\Desktop\COPRRA\vendor\laravel\framework\src\Illuminate\Database\Connection.php:811
C:\Users\Gaser\Desktop\COPRRA\vendor\laravel\framework\src\Illuminate\Database\Connection.php:778
C:\Users\Gaser\Desktop\COPRRA\vendor\laravel\framework\src\Illuminate\Database\Connection.php:559
C:\Users\Gaser\Desktop\COPRRA\vendor\laravel\framework\src\Illuminate\Database\Connection.php:523
C:\Users\Gaser\Desktop\COPRRA\vendor\laravel\framework\src\Illuminate\Database\Query\Processors\Processor.php:32
C:\Users\Gaser\Desktop\COPRRA\vendor\laravel\framework\src\Illuminate\Database\Query\Builder.php:3853
C:\Users\Gaser\Desktop\COPRRA\vendor\laravel\framework\src\Illuminate\Database\Eloquent\Builder.php:2235
C:\Users\Gaser\Desktop\COPRRA\vendor\laravel\framework\src\Illuminate\Database\Eloquent\Model.php:1436
C:\Users\Gaser\Desktop\COPRRA\vendor\laravel\framework\src\Illuminate\Database\Eloquent\Model.php:1401
C:\Users\Gaser\Desktop\COPRRA\vendor\laravel\framework\src\Illuminate\Database\Eloquent\Model.php:1240
C:\Users\Gaser\Desktop\COPRRA\vendor\laravel\framework\src\Illuminate\Database\Eloquent\Factories\Factory.php:370
C:\Users\Gaser\Desktop\COPRRA\vendor\laravel\framework\src\Illuminate\Collections\Traits\EnumeratesValues.php:271
C:\Users\Gaser\Desktop\COPRRA\vendor\laravel\framework\src\Illuminate\Database\Eloquent\Factories\Factory.php:365
C:\Users\Gaser\Desktop\COPRRA\vendor\laravel\framework\src\Illuminate\Database\Eloquent\Factories\Factory.php:321
C:\Users\Gaser\Desktop\COPRRA\vendor\laravel\framework\src\Illuminate\Database\Eloquent\Factories\Factory.php:315
C:\Users\Gaser\Desktop\COPRRA\tests\Feature\Models\NotificationTest.php:447

106) Tests\Feature\Models\NotificationTest::test_get_sent_time_ago
Illuminate\Database\QueryException: SQLSTATE[23000]: Integrity constraint violation: 19 FOREIGN KEY constraint failed (Connection: sqlite, SQL: insert into "custom_notifications" ("user_id", "type", "title", "message", "data", "read_at", "sent_at", "priority", "channel", "status", "metadata", "tags", "updated_at", "created_at") values (1, error, Aut quia ut velit., Perspiciatis reprehenderit aut voluptas blanditiis quam. Rem consequatur sed consequatur fuga., {"key":"rerum","value":"Nemo voluptate atque explicabo dolores est."}, ?, 2025-10-10 20:25:07, 5, push, pending, {"source":"magnam","timestamp":242196463}, ["iure","sunt","voluptate"], 2025-10-10 20:40:07, 2025-10-10 20:40:07))

C:\Users\Gaser\Desktop\COPRRA\vendor\laravel\framework\src\Illuminate\Database\Connection.php:824
C:\Users\Gaser\Desktop\COPRRA\vendor\laravel\framework\src\Illuminate\Database\Connection.php:778
C:\Users\Gaser\Desktop\COPRRA\vendor\laravel\framework\src\Illuminate\Database\Connection.php:559
C:\Users\Gaser\Desktop\COPRRA\vendor\laravel\framework\src\Illuminate\Database\Connection.php:523
C:\Users\Gaser\Desktop\COPRRA\vendor\laravel\framework\src\Illuminate\Database\Query\Processors\Processor.php:32
C:\Users\Gaser\Desktop\COPRRA\vendor\laravel\framework\src\Illuminate\Database\Query\Builder.php:3853
C:\Users\Gaser\Desktop\COPRRA\vendor\laravel\framework\src\Illuminate\Database\Eloquent\Builder.php:2235
C:\Users\Gaser\Desktop\COPRRA\vendor\laravel\framework\src\Illuminate\Database\Eloquent\Model.php:1436
C:\Users\Gaser\Desktop\COPRRA\vendor\laravel\framework\src\Illuminate\Database\Eloquent\Model.php:1401
C:\Users\Gaser\Desktop\COPRRA\vendor\laravel\framework\src\Illuminate\Database\Eloquent\Model.php:1240
C:\Users\Gaser\Desktop\COPRRA\vendor\laravel\framework\src\Illuminate\Database\Eloquent\Factories\Factory.php:370
C:\Users\Gaser\Desktop\COPRRA\vendor\laravel\framework\src\Illuminate\Collections\Traits\EnumeratesValues.php:271
C:\Users\Gaser\Desktop\COPRRA\vendor\laravel\framework\src\Illuminate\Database\Eloquent\Factories\Factory.php:365
C:\Users\Gaser\Desktop\COPRRA\vendor\laravel\framework\src\Illuminate\Database\Eloquent\Factories\Factory.php:321
C:\Users\Gaser\Desktop\COPRRA\vendor\laravel\framework\src\Illuminate\Database\Eloquent\Factories\Factory.php:315
C:\Users\Gaser\Desktop\COPRRA\tests\Feature\Models\NotificationTest.php:457

Caused by
PDOException: SQLSTATE[23000]: Integrity constraint violation: 19 FOREIGN KEY constraint failed

C:\Users\Gaser\Desktop\COPRRA\vendor\laravel\framework\src\Illuminate\Database\Connection.php:570
C:\Users\Gaser\Desktop\COPRRA\vendor\laravel\framework\src\Illuminate\Database\Connection.php:811
C:\Users\Gaser\Desktop\COPRRA\vendor\laravel\framework\src\Illuminate\Database\Connection.php:778
C:\Users\Gaser\Desktop\COPRRA\vendor\laravel\framework\src\Illuminate\Database\Connection.php:559
C:\Users\Gaser\Desktop\COPRRA\vendor\laravel\framework\src\Illuminate\Database\Connection.php:523
C:\Users\Gaser\Desktop\COPRRA\vendor\laravel\framework\src\Illuminate\Database\Query\Processors\Processor.php:32
C:\Users\Gaser\Desktop\COPRRA\vendor\laravel\framework\src\Illuminate\Database\Query\Builder.php:3853
C:\Users\Gaser\Desktop\COPRRA\vendor\laravel\framework\src\Illuminate\Database\Eloquent\Builder.php:2235
C:\Users\Gaser\Desktop\COPRRA\vendor\laravel\framework\src\Illuminate\Database\Eloquent\Model.php:1436
C:\Users\Gaser\Desktop\COPRRA\vendor\laravel\framework\src\Illuminate\Database\Eloquent\Model.php:1401
C:\Users\Gaser\Desktop\COPRRA\vendor\laravel\framework\src\Illuminate\Database\Eloquent\Model.php:1240
C:\Users\Gaser\Desktop\COPRRA\vendor\laravel\framework\src\Illuminate\Database\Eloquent\Factories\Factory.php:370
C:\Users\Gaser\Desktop\COPRRA\vendor\laravel\framework\src\Illuminate\Collections\Traits\EnumeratesValues.php:271
C:\Users\Gaser\Desktop\COPRRA\vendor\laravel\framework\src\Illuminate\Database\Eloquent\Factories\Factory.php:365
C:\Users\Gaser\Desktop\COPRRA\vendor\laravel\framework\src\Illuminate\Database\Eloquent\Factories\Factory.php:321
C:\Users\Gaser\Desktop\COPRRA\vendor\laravel\framework\src\Illuminate\Database\Eloquent\Factories\Factory.php:315
C:\Users\Gaser\Desktop\COPRRA\tests\Feature\Models\NotificationTest.php:457

107) Tests\Feature\Models\NotificationTest::test_get_data
Illuminate\Database\QueryException: SQLSTATE[23000]: Integrity constraint violation: 19 FOREIGN KEY constraint failed (Connection: sqlite, SQL: insert into "custom_notifications" ("user_id", "type", "title", "message", "data", "read_at", "sent_at", "priority", "channel", "status", "metadata", "tags", "updated_at", "created_at") values (1, error, Esse est repudiandae assumenda., Recusandae aut pariatur dolorum non vero perspiciatis. Et ut tenetur suscipit quas ullam ipsum., {"product_id":1,"price":100,"nested":{"key":"value"}}, ?, ?, 2, database, failed, {"source":"sunt","timestamp":276982540}, ["soluta","rerum","hic"], 2025-10-10 20:40:07, 2025-10-10 20:40:07))

C:\Users\Gaser\Desktop\COPRRA\vendor\laravel\framework\src\Illuminate\Database\Connection.php:824
C:\Users\Gaser\Desktop\COPRRA\vendor\laravel\framework\src\Illuminate\Database\Connection.php:778
C:\Users\Gaser\Desktop\COPRRA\vendor\laravel\framework\src\Illuminate\Database\Connection.php:559
C:\Users\Gaser\Desktop\COPRRA\vendor\laravel\framework\src\Illuminate\Database\Connection.php:523
C:\Users\Gaser\Desktop\COPRRA\vendor\laravel\framework\src\Illuminate\Database\Query\Processors\Processor.php:32
C:\Users\Gaser\Desktop\COPRRA\vendor\laravel\framework\src\Illuminate\Database\Query\Builder.php:3853
C:\Users\Gaser\Desktop\COPRRA\vendor\laravel\framework\src\Illuminate\Database\Eloquent\Builder.php:2235
C:\Users\Gaser\Desktop\COPRRA\vendor\laravel\framework\src\Illuminate\Database\Eloquent\Model.php:1436
C:\Users\Gaser\Desktop\COPRRA\vendor\laravel\framework\src\Illuminate\Database\Eloquent\Model.php:1401
C:\Users\Gaser\Desktop\COPRRA\vendor\laravel\framework\src\Illuminate\Database\Eloquent\Model.php:1240
C:\Users\Gaser\Desktop\COPRRA\vendor\laravel\framework\src\Illuminate\Database\Eloquent\Factories\Factory.php:370
C:\Users\Gaser\Desktop\COPRRA\vendor\laravel\framework\src\Illuminate\Collections\Traits\EnumeratesValues.php:271
C:\Users\Gaser\Desktop\COPRRA\vendor\laravel\framework\src\Illuminate\Database\Eloquent\Factories\Factory.php:365
C:\Users\Gaser\Desktop\COPRRA\vendor\laravel\framework\src\Illuminate\Database\Eloquent\Factories\Factory.php:321
C:\Users\Gaser\Desktop\COPRRA\vendor\laravel\framework\src\Illuminate\Database\Eloquent\Factories\Factory.php:315
C:\Users\Gaser\Desktop\COPRRA\tests\Feature\Models\NotificationTest.php:467

Caused by
PDOException: SQLSTATE[23000]: Integrity constraint violation: 19 FOREIGN KEY constraint failed

C:\Users\Gaser\Desktop\COPRRA\vendor\laravel\framework\src\Illuminate\Database\Connection.php:570
C:\Users\Gaser\Desktop\COPRRA\vendor\laravel\framework\src\Illuminate\Database\Connection.php:811
C:\Users\Gaser\Desktop\COPRRA\vendor\laravel\framework\src\Illuminate\Database\Connection.php:778
C:\Users\Gaser\Desktop\COPRRA\vendor\laravel\framework\src\Illuminate\Database\Connection.php:559
C:\Users\Gaser\Desktop\COPRRA\vendor\laravel\framework\src\Illuminate\Database\Connection.php:523
C:\Users\Gaser\Desktop\COPRRA\vendor\laravel\framework\src\Illuminate\Database\Query\Processors\Processor.php:32
C:\Users\Gaser\Desktop\COPRRA\vendor\laravel\framework\src\Illuminate\Database\Query\Builder.php:3853
C:\Users\Gaser\Desktop\COPRRA\vendor\laravel\framework\src\Illuminate\Database\Eloquent\Builder.php:2235
C:\Users\Gaser\Desktop\COPRRA\vendor\laravel\framework\src\Illuminate\Database\Eloquent\Model.php:1436
C:\Users\Gaser\Desktop\COPRRA\vendor\laravel\framework\src\Illuminate\Database\Eloquent\Model.php:1401
C:\Users\Gaser\Desktop\COPRRA\vendor\laravel\framework\src\Illuminate\Database\Eloquent\Model.php:1240
C:\Users\Gaser\Desktop\COPRRA\vendor\laravel\framework\src\Illuminate\Database\Eloquent\Factories\Factory.php:370
C:\Users\Gaser\Desktop\COPRRA\vendor\laravel\framework\src\Illuminate\Collections\Traits\EnumeratesValues.php:271
C:\Users\Gaser\Desktop\COPRRA\vendor\laravel\framework\src\Illuminate\Database\Eloquent\Factories\Factory.php:365
C:\Users\Gaser\Desktop\COPRRA\vendor\laravel\framework\src\Illuminate\Database\Eloquent\Factories\Factory.php:321
C:\Users\Gaser\Desktop\COPRRA\vendor\laravel\framework\src\Illuminate\Database\Eloquent\Factories\Factory.php:315
C:\Users\Gaser\Desktop\COPRRA\tests\Feature\Models\NotificationTest.php:467

108) Tests\Feature\Models\NotificationTest::test_set_data
Illuminate\Database\QueryException: SQLSTATE[23000]: Integrity constraint violation: 19 FOREIGN KEY constraint failed (Connection: sqlite, SQL: insert into "custom_notifications" ("user_id", "type", "title", "message", "data", "read_at", "sent_at", "priority", "channel", "status", "metadata", "tags", "updated_at", "created_at") values (1, success, Cum ipsam expedita voluptatem dolor., Molestiae non natus et eos molestiae ab dolore. Nam totam blanditiis reiciendis quos debitis., [], ?, ?, 5, sms, sent, {"source":"fugiat","timestamp":149339604}, ["et","ex","ipsam"], 2025-10-10 20:40:07, 2025-10-10 20:40:07))

C:\Users\Gaser\Desktop\COPRRA\vendor\laravel\framework\src\Illuminate\Database\Connection.php:824
C:\Users\Gaser\Desktop\COPRRA\vendor\laravel\framework\src\Illuminate\Database\Connection.php:778
C:\Users\Gaser\Desktop\COPRRA\vendor\laravel\framework\src\Illuminate\Database\Connection.php:559
C:\Users\Gaser\Desktop\COPRRA\vendor\laravel\framework\src\Illuminate\Database\Connection.php:523
C:\Users\Gaser\Desktop\COPRRA\vendor\laravel\framework\src\Illuminate\Database\Query\Processors\Processor.php:32
C:\Users\Gaser\Desktop\COPRRA\vendor\laravel\framework\src\Illuminate\Database\Query\Builder.php:3853
C:\Users\Gaser\Desktop\COPRRA\vendor\laravel\framework\src\Illuminate\Database\Eloquent\Builder.php:2235
C:\Users\Gaser\Desktop\COPRRA\vendor\laravel\framework\src\Illuminate\Database\Eloquent\Model.php:1436
C:\Users\Gaser\Desktop\COPRRA\vendor\laravel\framework\src\Illuminate\Database\Eloquent\Model.php:1401
C:\Users\Gaser\Desktop\COPRRA\vendor\laravel\framework\src\Illuminate\Database\Eloquent\Model.php:1240
C:\Users\Gaser\Desktop\COPRRA\vendor\laravel\framework\src\Illuminate\Database\Eloquent\Factories\Factory.php:370
C:\Users\Gaser\Desktop\COPRRA\vendor\laravel\framework\src\Illuminate\Collections\Traits\EnumeratesValues.php:271
C:\Users\Gaser\Desktop\COPRRA\vendor\laravel\framework\src\Illuminate\Database\Eloquent\Factories\Factory.php:365
C:\Users\Gaser\Desktop\COPRRA\vendor\laravel\framework\src\Illuminate\Database\Eloquent\Factories\Factory.php:321
C:\Users\Gaser\Desktop\COPRRA\vendor\laravel\framework\src\Illuminate\Database\Eloquent\Factories\Factory.php:315
C:\Users\Gaser\Desktop\COPRRA\tests\Feature\Models\NotificationTest.php:481

Caused by
PDOException: SQLSTATE[23000]: Integrity constraint violation: 19 FOREIGN KEY constraint failed

C:\Users\Gaser\Desktop\COPRRA\vendor\laravel\framework\src\Illuminate\Database\Connection.php:570
C:\Users\Gaser\Desktop\COPRRA\vendor\laravel\framework\src\Illuminate\Database\Connection.php:811
C:\Users\Gaser\Desktop\COPRRA\vendor\laravel\framework\src\Illuminate\Database\Connection.php:778
C:\Users\Gaser\Desktop\COPRRA\vendor\laravel\framework\src\Illuminate\Database\Connection.php:559
C:\Users\Gaser\Desktop\COPRRA\vendor\laravel\framework\src\Illuminate\Database\Connection.php:523
C:\Users\Gaser\Desktop\COPRRA\vendor\laravel\framework\src\Illuminate\Database\Query\Processors\Processor.php:32
C:\Users\Gaser\Desktop\COPRRA\vendor\laravel\framework\src\Illuminate\Database\Query\Builder.php:3853
C:\Users\Gaser\Desktop\COPRRA\vendor\laravel\framework\src\Illuminate\Database\Eloquent\Builder.php:2235
C:\Users\Gaser\Desktop\COPRRA\vendor\laravel\framework\src\Illuminate\Database\Eloquent\Model.php:1436
C:\Users\Gaser\Desktop\COPRRA\vendor\laravel\framework\src\Illuminate\Database\Eloquent\Model.php:1401
C:\Users\Gaser\Desktop\COPRRA\vendor\laravel\framework\src\Illuminate\Database\Eloquent\Model.php:1240
C:\Users\Gaser\Desktop\COPRRA\vendor\laravel\framework\src\Illuminate\Database\Eloquent\Factories\Factory.php:370
C:\Users\Gaser\Desktop\COPRRA\vendor\laravel\framework\src\Illuminate\Collections\Traits\EnumeratesValues.php:271
C:\Users\Gaser\Desktop\COPRRA\vendor\laravel\framework\src\Illuminate\Database\Eloquent\Factories\Factory.php:365
C:\Users\Gaser\Desktop\COPRRA\vendor\laravel\framework\src\Illuminate\Database\Eloquent\Factories\Factory.php:321
C:\Users\Gaser\Desktop\COPRRA\vendor\laravel\framework\src\Illuminate\Database\Eloquent\Factories\Factory.php:315
C:\Users\Gaser\Desktop\COPRRA\tests\Feature\Models\NotificationTest.php:481

109) Tests\Feature\Models\NotificationTest::test_get_icon
Illuminate\Database\QueryException: SQLSTATE[23000]: Integrity constraint violation: 19 FOREIGN KEY constraint failed (Connection: sqlite, SQL: insert into "custom_notifications" ("user_id", "type", "title", "message", "data", "read_at", "sent_at", "priority", "channel", "status", "metadata", "tags", "updated_at", "created_at") values (1, price_drop, Harum eos quasi., Aut asperiores ratione maiores dicta. Omnis veritatis autem non illo., {"key":"vel","value":"Odit rem unde dolorum."}, ?, ?, 4, sms, failed, {"source":"architecto","timestamp":203462258}, ["aut","assumenda","et"], 2025-10-10 20:40:07, 2025-10-10 20:40:07))

C:\Users\Gaser\Desktop\COPRRA\vendor\laravel\framework\src\Illuminate\Database\Connection.php:824
C:\Users\Gaser\Desktop\COPRRA\vendor\laravel\framework\src\Illuminate\Database\Connection.php:778
C:\Users\Gaser\Desktop\COPRRA\vendor\laravel\framework\src\Illuminate\Database\Connection.php:559
C:\Users\Gaser\Desktop\COPRRA\vendor\laravel\framework\src\Illuminate\Database\Connection.php:523
C:\Users\Gaser\Desktop\COPRRA\vendor\laravel\framework\src\Illuminate\Database\Query\Processors\Processor.php:32
C:\Users\Gaser\Desktop\COPRRA\vendor\laravel\framework\src\Illuminate\Database\Query\Builder.php:3853
C:\Users\Gaser\Desktop\COPRRA\vendor\laravel\framework\src\Illuminate\Database\Eloquent\Builder.php:2235
C:\Users\Gaser\Desktop\COPRRA\vendor\laravel\framework\src\Illuminate\Database\Eloquent\Model.php:1436
C:\Users\Gaser\Desktop\COPRRA\vendor\laravel\framework\src\Illuminate\Database\Eloquent\Model.php:1401
C:\Users\Gaser\Desktop\COPRRA\vendor\laravel\framework\src\Illuminate\Database\Eloquent\Model.php:1240
C:\Users\Gaser\Desktop\COPRRA\vendor\laravel\framework\src\Illuminate\Database\Eloquent\Factories\Factory.php:370
C:\Users\Gaser\Desktop\COPRRA\vendor\laravel\framework\src\Illuminate\Collections\Traits\EnumeratesValues.php:271
C:\Users\Gaser\Desktop\COPRRA\vendor\laravel\framework\src\Illuminate\Database\Eloquent\Factories\Factory.php:365
C:\Users\Gaser\Desktop\COPRRA\vendor\laravel\framework\src\Illuminate\Database\Eloquent\Factories\Factory.php:321
C:\Users\Gaser\Desktop\COPRRA\vendor\laravel\framework\src\Illuminate\Database\Eloquent\Factories\Factory.php:315
C:\Users\Gaser\Desktop\COPRRA\tests\Feature\Models\NotificationTest.php:492

Caused by
PDOException: SQLSTATE[23000]: Integrity constraint violation: 19 FOREIGN KEY constraint failed

C:\Users\Gaser\Desktop\COPRRA\vendor\laravel\framework\src\Illuminate\Database\Connection.php:570
C:\Users\Gaser\Desktop\COPRRA\vendor\laravel\framework\src\Illuminate\Database\Connection.php:811
C:\Users\Gaser\Desktop\COPRRA\vendor\laravel\framework\src\Illuminate\Database\Connection.php:778
C:\Users\Gaser\Desktop\COPRRA\vendor\laravel\framework\src\Illuminate\Database\Connection.php:559
C:\Users\Gaser\Desktop\COPRRA\vendor\laravel\framework\src\Illuminate\Database\Connection.php:523
C:\Users\Gaser\Desktop\COPRRA\vendor\laravel\framework\src\Illuminate\Database\Query\Processors\Processor.php:32
C:\Users\Gaser\Desktop\COPRRA\vendor\laravel\framework\src\Illuminate\Database\Query\Builder.php:3853
C:\Users\Gaser\Desktop\COPRRA\vendor\laravel\framework\src\Illuminate\Database\Eloquent\Builder.php:2235
C:\Users\Gaser\Desktop\COPRRA\vendor\laravel\framework\src\Illuminate\Database\Eloquent\Model.php:1436
C:\Users\Gaser\Desktop\COPRRA\vendor\laravel\framework\src\Illuminate\Database\Eloquent\Model.php:1401
C:\Users\Gaser\Desktop\COPRRA\vendor\laravel\framework\src\Illuminate\Database\Eloquent\Model.php:1240
C:\Users\Gaser\Desktop\COPRRA\vendor\laravel\framework\src\Illuminate\Database\Eloquent\Factories\Factory.php:370
C:\Users\Gaser\Desktop\COPRRA\vendor\laravel\framework\src\Illuminate\Collections\Traits\EnumeratesValues.php:271
C:\Users\Gaser\Desktop\COPRRA\vendor\laravel\framework\src\Illuminate\Database\Eloquent\Factories\Factory.php:365
C:\Users\Gaser\Desktop\COPRRA\vendor\laravel\framework\src\Illuminate\Database\Eloquent\Factories\Factory.php:321
C:\Users\Gaser\Desktop\COPRRA\vendor\laravel\framework\src\Illuminate\Database\Eloquent\Factories\Factory.php:315
C:\Users\Gaser\Desktop\COPRRA\tests\Feature\Models\NotificationTest.php:492

110) Tests\Feature\Models\NotificationTest::test_get_color
Illuminate\Database\QueryException: SQLSTATE[23000]: Integrity constraint violation: 19 FOREIGN KEY constraint failed (Connection: sqlite, SQL: insert into "custom_notifications" ("user_id", "type", "title", "message", "data", "read_at", "sent_at", "priority", "channel", "status", "metadata", "tags", "updated_at", "created_at") values (1, info, Et nesciunt quod alias tempore., Modi alias iste commodi soluta aut error. Sed omnis cum quo ut ullam voluptates quisquam. Nihil rerum natus dicta aut suscipit est., {"key":"ut","value":"Quod corrupti in ipsa voluptatem quia."}, ?, ?, 1, database, failed, {"source":"fuga","timestamp":943705233}, ["voluptatem","culpa","voluptas"], 2025-10-10 20:40:07, 2025-10-10 20:40:07))

C:\Users\Gaser\Desktop\COPRRA\vendor\laravel\framework\src\Illuminate\Database\Connection.php:824
C:\Users\Gaser\Desktop\COPRRA\vendor\laravel\framework\src\Illuminate\Database\Connection.php:778
C:\Users\Gaser\Desktop\COPRRA\vendor\laravel\framework\src\Illuminate\Database\Connection.php:559
C:\Users\Gaser\Desktop\COPRRA\vendor\laravel\framework\src\Illuminate\Database\Connection.php:523
C:\Users\Gaser\Desktop\COPRRA\vendor\laravel\framework\src\Illuminate\Database\Query\Processors\Processor.php:32
C:\Users\Gaser\Desktop\COPRRA\vendor\laravel\framework\src\Illuminate\Database\Query\Builder.php:3853
C:\Users\Gaser\Desktop\COPRRA\vendor\laravel\framework\src\Illuminate\Database\Eloquent\Builder.php:2235
C:\Users\Gaser\Desktop\COPRRA\vendor\laravel\framework\src\Illuminate\Database\Eloquent\Model.php:1436
C:\Users\Gaser\Desktop\COPRRA\vendor\laravel\framework\src\Illuminate\Database\Eloquent\Model.php:1401
C:\Users\Gaser\Desktop\COPRRA\vendor\laravel\framework\src\Illuminate\Database\Eloquent\Model.php:1240
C:\Users\Gaser\Desktop\COPRRA\vendor\laravel\framework\src\Illuminate\Database\Eloquent\Factories\Factory.php:370
C:\Users\Gaser\Desktop\COPRRA\vendor\laravel\framework\src\Illuminate\Collections\Traits\EnumeratesValues.php:271
C:\Users\Gaser\Desktop\COPRRA\vendor\laravel\framework\src\Illuminate\Database\Eloquent\Factories\Factory.php:365
C:\Users\Gaser\Desktop\COPRRA\vendor\laravel\framework\src\Illuminate\Database\Eloquent\Factories\Factory.php:321
C:\Users\Gaser\Desktop\COPRRA\vendor\laravel\framework\src\Illuminate\Database\Eloquent\Factories\Factory.php:315
C:\Users\Gaser\Desktop\COPRRA\tests\Feature\Models\NotificationTest.php:506

Caused by
PDOException: SQLSTATE[23000]: Integrity constraint violation: 19 FOREIGN KEY constraint failed

C:\Users\Gaser\Desktop\COPRRA\vendor\laravel\framework\src\Illuminate\Database\Connection.php:570
C:\Users\Gaser\Desktop\COPRRA\vendor\laravel\framework\src\Illuminate\Database\Connection.php:811
C:\Users\Gaser\Desktop\COPRRA\vendor\laravel\framework\src\Illuminate\Database\Connection.php:778
C:\Users\Gaser\Desktop\COPRRA\vendor\laravel\framework\src\Illuminate\Database\Connection.php:559
C:\Users\Gaser\Desktop\COPRRA\vendor\laravel\framework\src\Illuminate\Database\Connection.php:523
C:\Users\Gaser\Desktop\COPRRA\vendor\laravel\framework\src\Illuminate\Database\Query\Processors\Processor.php:32
C:\Users\Gaser\Desktop\COPRRA\vendor\laravel\framework\src\Illuminate\Database\Query\Builder.php:3853
C:\Users\Gaser\Desktop\COPRRA\vendor\laravel\framework\src\Illuminate\Database\Eloquent\Builder.php:2235
C:\Users\Gaser\Desktop\COPRRA\vendor\laravel\framework\src\Illuminate\Database\Eloquent\Model.php:1436
C:\Users\Gaser\Desktop\COPRRA\vendor\laravel\framework\src\Illuminate\Database\Eloquent\Model.php:1401
C:\Users\Gaser\Desktop\COPRRA\vendor\laravel\framework\src\Illuminate\Database\Eloquent\Model.php:1240
C:\Users\Gaser\Desktop\COPRRA\vendor\laravel\framework\src\Illuminate\Database\Eloquent\Factories\Factory.php:370
C:\Users\Gaser\Desktop\COPRRA\vendor\laravel\framework\src\Illuminate\Collections\Traits\EnumeratesValues.php:271
C:\Users\Gaser\Desktop\COPRRA\vendor\laravel\framework\src\Illuminate\Database\Eloquent\Factories\Factory.php:365
C:\Users\Gaser\Desktop\COPRRA\vendor\laravel\framework\src\Illuminate\Database\Eloquent\Factories\Factory.php:321
C:\Users\Gaser\Desktop\COPRRA\vendor\laravel\framework\src\Illuminate\Database\Eloquent\Factories\Factory.php:315
C:\Users\Gaser\Desktop\COPRRA\tests\Feature\Models\NotificationTest.php:506

111) Tests\Feature\Models\NotificationTest::test_get_badge_text
Illuminate\Database\QueryException: SQLSTATE[23000]: Integrity constraint violation: 19 FOREIGN KEY constraint failed (Connection: sqlite, SQL: insert into "custom_notifications" ("user_id", "type", "title", "message", "data", "read_at", "sent_at", "priority", "channel", "status", "metadata", "tags", "updated_at", "created_at") values (1, info, Non a fugit et necessitatibus., Voluptates quo magni eum fugit ut. Nam et qui est., {"key":"quis","value":"Rerum illo rerum dolores repellat vero sequi."}, ?, ?, 5, push, failed, {"source":"est","timestamp":593078752}, ["omnis","officia","ea"], 2025-10-10 20:40:07, 2025-10-10 20:40:07))

C:\Users\Gaser\Desktop\COPRRA\vendor\laravel\framework\src\Illuminate\Database\Connection.php:824
C:\Users\Gaser\Desktop\COPRRA\vendor\laravel\framework\src\Illuminate\Database\Connection.php:778
C:\Users\Gaser\Desktop\COPRRA\vendor\laravel\framework\src\Illuminate\Database\Connection.php:559
C:\Users\Gaser\Desktop\COPRRA\vendor\laravel\framework\src\Illuminate\Database\Connection.php:523
C:\Users\Gaser\Desktop\COPRRA\vendor\laravel\framework\src\Illuminate\Database\Query\Processors\Processor.php:32
C:\Users\Gaser\Desktop\COPRRA\vendor\laravel\framework\src\Illuminate\Database\Query\Builder.php:3853
C:\Users\Gaser\Desktop\COPRRA\vendor\laravel\framework\src\Illuminate\Database\Eloquent\Builder.php:2235
C:\Users\Gaser\Desktop\COPRRA\vendor\laravel\framework\src\Illuminate\Database\Eloquent\Model.php:1436
C:\Users\Gaser\Desktop\COPRRA\vendor\laravel\framework\src\Illuminate\Database\Eloquent\Model.php:1401
C:\Users\Gaser\Desktop\COPRRA\vendor\laravel\framework\src\Illuminate\Database\Eloquent\Model.php:1240
C:\Users\Gaser\Desktop\COPRRA\vendor\laravel\framework\src\Illuminate\Database\Eloquent\Factories\Factory.php:370
C:\Users\Gaser\Desktop\COPRRA\vendor\laravel\framework\src\Illuminate\Collections\Traits\EnumeratesValues.php:271
C:\Users\Gaser\Desktop\COPRRA\vendor\laravel\framework\src\Illuminate\Database\Eloquent\Factories\Factory.php:365
C:\Users\Gaser\Desktop\COPRRA\vendor\laravel\framework\src\Illuminate\Database\Eloquent\Factories\Factory.php:321
C:\Users\Gaser\Desktop\COPRRA\vendor\laravel\framework\src\Illuminate\Database\Eloquent\Factories\Factory.php:315
C:\Users\Gaser\Desktop\COPRRA\tests\Feature\Models\NotificationTest.php:520

Caused by
PDOException: SQLSTATE[23000]: Integrity constraint violation: 19 FOREIGN KEY constraint failed

C:\Users\Gaser\Desktop\COPRRA\vendor\laravel\framework\src\Illuminate\Database\Connection.php:570
C:\Users\Gaser\Desktop\COPRRA\vendor\laravel\framework\src\Illuminate\Database\Connection.php:811
C:\Users\Gaser\Desktop\COPRRA\vendor\laravel\framework\src\Illuminate\Database\Connection.php:778
C:\Users\Gaser\Desktop\COPRRA\vendor\laravel\framework\src\Illuminate\Database\Connection.php:559
C:\Users\Gaser\Desktop\COPRRA\vendor\laravel\framework\src\Illuminate\Database\Connection.php:523
C:\Users\Gaser\Desktop\COPRRA\vendor\laravel\framework\src\Illuminate\Database\Query\Processors\Processor.php:32
C:\Users\Gaser\Desktop\COPRRA\vendor\laravel\framework\src\Illuminate\Database\Query\Builder.php:3853
C:\Users\Gaser\Desktop\COPRRA\vendor\laravel\framework\src\Illuminate\Database\Eloquent\Builder.php:2235
C:\Users\Gaser\Desktop\COPRRA\vendor\laravel\framework\src\Illuminate\Database\Eloquent\Model.php:1436
C:\Users\Gaser\Desktop\COPRRA\vendor\laravel\framework\src\Illuminate\Database\Eloquent\Model.php:1401
C:\Users\Gaser\Desktop\COPRRA\vendor\laravel\framework\src\Illuminate\Database\Eloquent\Model.php:1240
C:\Users\Gaser\Desktop\COPRRA\vendor\laravel\framework\src\Illuminate\Database\Eloquent\Factories\Factory.php:370
C:\Users\Gaser\Desktop\COPRRA\vendor\laravel\framework\src\Illuminate\Collections\Traits\EnumeratesValues.php:271
C:\Users\Gaser\Desktop\COPRRA\vendor\laravel\framework\src\Illuminate\Database\Eloquent\Factories\Factory.php:365
C:\Users\Gaser\Desktop\COPRRA\vendor\laravel\framework\src\Illuminate\Database\Eloquent\Factories\Factory.php:321
C:\Users\Gaser\Desktop\COPRRA\vendor\laravel\framework\src\Illuminate\Database\Eloquent\Factories\Factory.php:315
C:\Users\Gaser\Desktop\COPRRA\tests\Feature\Models\NotificationTest.php:520

112) Tests\Feature\Models\NotificationTest::test_get_summary
Illuminate\Database\QueryException: SQLSTATE[23000]: Integrity constraint violation: 19 FOREIGN KEY constraint failed (Connection: sqlite, SQL: insert into "custom_notifications" ("user_id", "type", "title", "message", "data", "read_at", "sent_at", "priority", "channel", "status", "metadata", "tags", "updated_at", "created_at") values (1, info, Non autem quia atque laudantium., This is a very long message that should be truncated. This is a very long message that should be truncated. This is a very long message that should be truncated. This is a very long message that should be truncated. This is a very long message that should be truncated. This is a very long message that should be truncated. This is a very long message that should be truncated. This is a very long message that should be truncated. This is a very long message that should be truncated. This is a very long message that should be truncated. , {"key":"voluptatem","value":"Perspiciatis harum dolor maiores officia officiis ullam illo."}, ?, ?, 2, database, sent, {"source":"rerum","timestamp":943561440}, ["illum","aspernatur","velit"], 2025-10-10 20:40:07, 2025-10-10 20:40:07))

C:\Users\Gaser\Desktop\COPRRA\vendor\laravel\framework\src\Illuminate\Database\Connection.php:824
C:\Users\Gaser\Desktop\COPRRA\vendor\laravel\framework\src\Illuminate\Database\Connection.php:778
C:\Users\Gaser\Desktop\COPRRA\vendor\laravel\framework\src\Illuminate\Database\Connection.php:559
C:\Users\Gaser\Desktop\COPRRA\vendor\laravel\framework\src\Illuminate\Database\Connection.php:523
C:\Users\Gaser\Desktop\COPRRA\vendor\laravel\framework\src\Illuminate\Database\Query\Processors\Processor.php:32
C:\Users\Gaser\Desktop\COPRRA\vendor\laravel\framework\src\Illuminate\Database\Query\Builder.php:3853
C:\Users\Gaser\Desktop\COPRRA\vendor\laravel\framework\src\Illuminate\Database\Eloquent\Builder.php:2235
C:\Users\Gaser\Desktop\COPRRA\vendor\laravel\framework\src\Illuminate\Database\Eloquent\Model.php:1436
C:\Users\Gaser\Desktop\COPRRA\vendor\laravel\framework\src\Illuminate\Database\Eloquent\Model.php:1401
C:\Users\Gaser\Desktop\COPRRA\vendor\laravel\framework\src\Illuminate\Database\Eloquent\Model.php:1240
C:\Users\Gaser\Desktop\COPRRA\vendor\laravel\framework\src\Illuminate\Database\Eloquent\Factories\Factory.php:370
C:\Users\Gaser\Desktop\COPRRA\vendor\laravel\framework\src\Illuminate\Collections\Traits\EnumeratesValues.php:271
C:\Users\Gaser\Desktop\COPRRA\vendor\laravel\framework\src\Illuminate\Database\Eloquent\Factories\Factory.php:365
C:\Users\Gaser\Desktop\COPRRA\vendor\laravel\framework\src\Illuminate\Database\Eloquent\Factories\Factory.php:321
C:\Users\Gaser\Desktop\COPRRA\vendor\laravel\framework\src\Illuminate\Database\Eloquent\Factories\Factory.php:315
C:\Users\Gaser\Desktop\COPRRA\tests\Feature\Models\NotificationTest.php:535

Caused by
PDOException: SQLSTATE[23000]: Integrity constraint violation: 19 FOREIGN KEY constraint failed

C:\Users\Gaser\Desktop\COPRRA\vendor\laravel\framework\src\Illuminate\Database\Connection.php:570
C:\Users\Gaser\Desktop\COPRRA\vendor\laravel\framework\src\Illuminate\Database\Connection.php:811
C:\Users\Gaser\Desktop\COPRRA\vendor\laravel\framework\src\Illuminate\Database\Connection.php:778
C:\Users\Gaser\Desktop\COPRRA\vendor\laravel\framework\src\Illuminate\Database\Connection.php:559
C:\Users\Gaser\Desktop\COPRRA\vendor\laravel\framework\src\Illuminate\Database\Connection.php:523
C:\Users\Gaser\Desktop\COPRRA\vendor\laravel\framework\src\Illuminate\Database\Query\Processors\Processor.php:32
C:\Users\Gaser\Desktop\COPRRA\vendor\laravel\framework\src\Illuminate\Database\Query\Builder.php:3853
C:\Users\Gaser\Desktop\COPRRA\vendor\laravel\framework\src\Illuminate\Database\Eloquent\Builder.php:2235
C:\Users\Gaser\Desktop\COPRRA\vendor\laravel\framework\src\Illuminate\Database\Eloquent\Model.php:1436
C:\Users\Gaser\Desktop\COPRRA\vendor\laravel\framework\src\Illuminate\Database\Eloquent\Model.php:1401
C:\Users\Gaser\Desktop\COPRRA\vendor\laravel\framework\src\Illuminate\Database\Eloquent\Model.php:1240
C:\Users\Gaser\Desktop\COPRRA\vendor\laravel\framework\src\Illuminate\Database\Eloquent\Factories\Factory.php:370
C:\Users\Gaser\Desktop\COPRRA\vendor\laravel\framework\src\Illuminate\Collections\Traits\EnumeratesValues.php:271
C:\Users\Gaser\Desktop\COPRRA\vendor\laravel\framework\src\Illuminate\Database\Eloquent\Factories\Factory.php:365
C:\Users\Gaser\Desktop\COPRRA\vendor\laravel\framework\src\Illuminate\Database\Eloquent\Factories\Factory.php:321
C:\Users\Gaser\Desktop\COPRRA\vendor\laravel\framework\src\Illuminate\Database\Eloquent\Factories\Factory.php:315
C:\Users\Gaser\Desktop\COPRRA\tests\Feature\Models\NotificationTest.php:535

113) Tests\Feature\Models\NotificationTest::test_get_url
Illuminate\Database\QueryException: SQLSTATE[23000]: Integrity constraint violation: 19 FOREIGN KEY constraint failed (Connection: sqlite, SQL: insert into "custom_notifications" ("user_id", "type", "title", "message", "data", "read_at", "sent_at", "priority", "channel", "status", "metadata", "tags", "updated_at", "created_at") values (1, error, Voluptatem voluptatibus id., Debitis molestiae laborum ipsum dolorum quas eaque. Excepturi et labore non ea quia earum asperiores., {"url":"https:\/\/example.com"}, ?, ?, 3, push, failed, {"source":"eos","timestamp":455427262}, ["sit","qui","nemo"], 2025-10-10 20:40:07, 2025-10-10 20:40:07))

C:\Users\Gaser\Desktop\COPRRA\vendor\laravel\framework\src\Illuminate\Database\Connection.php:824
C:\Users\Gaser\Desktop\COPRRA\vendor\laravel\framework\src\Illuminate\Database\Connection.php:778
C:\Users\Gaser\Desktop\COPRRA\vendor\laravel\framework\src\Illuminate\Database\Connection.php:559
C:\Users\Gaser\Desktop\COPRRA\vendor\laravel\framework\src\Illuminate\Database\Connection.php:523
C:\Users\Gaser\Desktop\COPRRA\vendor\laravel\framework\src\Illuminate\Database\Query\Processors\Processor.php:32
C:\Users\Gaser\Desktop\COPRRA\vendor\laravel\framework\src\Illuminate\Database\Query\Builder.php:3853
C:\Users\Gaser\Desktop\COPRRA\vendor\laravel\framework\src\Illuminate\Database\Eloquent\Builder.php:2235
C:\Users\Gaser\Desktop\COPRRA\vendor\laravel\framework\src\Illuminate\Database\Eloquent\Model.php:1436
C:\Users\Gaser\Desktop\COPRRA\vendor\laravel\framework\src\Illuminate\Database\Eloquent\Model.php:1401
C:\Users\Gaser\Desktop\COPRRA\vendor\laravel\framework\src\Illuminate\Database\Eloquent\Model.php:1240
C:\Users\Gaser\Desktop\COPRRA\vendor\laravel\framework\src\Illuminate\Database\Eloquent\Factories\Factory.php:370
C:\Users\Gaser\Desktop\COPRRA\vendor\laravel\framework\src\Illuminate\Collections\Traits\EnumeratesValues.php:271
C:\Users\Gaser\Desktop\COPRRA\vendor\laravel\framework\src\Illuminate\Database\Eloquent\Factories\Factory.php:365
C:\Users\Gaser\Desktop\COPRRA\vendor\laravel\framework\src\Illuminate\Database\Eloquent\Factories\Factory.php:321
C:\Users\Gaser\Desktop\COPRRA\vendor\laravel\framework\src\Illuminate\Database\Eloquent\Factories\Factory.php:315
C:\Users\Gaser\Desktop\COPRRA\tests\Feature\Models\NotificationTest.php:545

Caused by
PDOException: SQLSTATE[23000]: Integrity constraint violation: 19 FOREIGN KEY constraint failed

C:\Users\Gaser\Desktop\COPRRA\vendor\laravel\framework\src\Illuminate\Database\Connection.php:570
C:\Users\Gaser\Desktop\COPRRA\vendor\laravel\framework\src\Illuminate\Database\Connection.php:811
C:\Users\Gaser\Desktop\COPRRA\vendor\laravel\framework\src\Illuminate\Database\Connection.php:778
C:\Users\Gaser\Desktop\COPRRA\vendor\laravel\framework\src\Illuminate\Database\Connection.php:559
C:\Users\Gaser\Desktop\COPRRA\vendor\laravel\framework\src\Illuminate\Database\Connection.php:523
C:\Users\Gaser\Desktop\COPRRA\vendor\laravel\framework\src\Illuminate\Database\Query\Processors\Processor.php:32
C:\Users\Gaser\Desktop\COPRRA\vendor\laravel\framework\src\Illuminate\Database\Query\Builder.php:3853
C:\Users\Gaser\Desktop\COPRRA\vendor\laravel\framework\src\Illuminate\Database\Eloquent\Builder.php:2235
C:\Users\Gaser\Desktop\COPRRA\vendor\laravel\framework\src\Illuminate\Database\Eloquent\Model.php:1436
C:\Users\Gaser\Desktop\COPRRA\vendor\laravel\framework\src\Illuminate\Database\Eloquent\Model.php:1401
C:\Users\Gaser\Desktop\COPRRA\vendor\laravel\framework\src\Illuminate\Database\Eloquent\Model.php:1240
C:\Users\Gaser\Desktop\COPRRA\vendor\laravel\framework\src\Illuminate\Database\Eloquent\Factories\Factory.php:370
C:\Users\Gaser\Desktop\COPRRA\vendor\laravel\framework\src\Illuminate\Collections\Traits\EnumeratesValues.php:271
C:\Users\Gaser\Desktop\COPRRA\vendor\laravel\framework\src\Illuminate\Database\Eloquent\Factories\Factory.php:365
C:\Users\Gaser\Desktop\COPRRA\vendor\laravel\framework\src\Illuminate\Database\Eloquent\Factories\Factory.php:321
C:\Users\Gaser\Desktop\COPRRA\vendor\laravel\framework\src\Illuminate\Database\Eloquent\Factories\Factory.php:315
C:\Users\Gaser\Desktop\COPRRA\tests\Feature\Models\NotificationTest.php:545

114) Tests\Feature\Models\NotificationTest::test_get_action_text
Illuminate\Database\QueryException: SQLSTATE[23000]: Integrity constraint violation: 19 FOREIGN KEY constraint failed (Connection: sqlite, SQL: insert into "custom_notifications" ("user_id", "type", "title", "message", "data", "read_at", "sent_at", "priority", "channel", "status", "metadata", "tags", "updated_at", "created_at") values (1, success, Consequatur error exercitationem., Maiores odio aut quae harum modi sint deleniti sequi. Beatae pariatur accusantium dolor sed eveniet., {"action_text":"View Product"}, ?, ?, 2, push, pending, {"source":"qui","timestamp":144261023}, ["deleniti","recusandae","qui"], 2025-10-10 20:40:07, 2025-10-10 20:40:07))

C:\Users\Gaser\Desktop\COPRRA\vendor\laravel\framework\src\Illuminate\Database\Connection.php:824
C:\Users\Gaser\Desktop\COPRRA\vendor\laravel\framework\src\Illuminate\Database\Connection.php:778
C:\Users\Gaser\Desktop\COPRRA\vendor\laravel\framework\src\Illuminate\Database\Connection.php:559
C:\Users\Gaser\Desktop\COPRRA\vendor\laravel\framework\src\Illuminate\Database\Connection.php:523
C:\Users\Gaser\Desktop\COPRRA\vendor\laravel\framework\src\Illuminate\Database\Query\Processors\Processor.php:32
C:\Users\Gaser\Desktop\COPRRA\vendor\laravel\framework\src\Illuminate\Database\Query\Builder.php:3853
C:\Users\Gaser\Desktop\COPRRA\vendor\laravel\framework\src\Illuminate\Database\Eloquent\Builder.php:2235
C:\Users\Gaser\Desktop\COPRRA\vendor\laravel\framework\src\Illuminate\Database\Eloquent\Model.php:1436
C:\Users\Gaser\Desktop\COPRRA\vendor\laravel\framework\src\Illuminate\Database\Eloquent\Model.php:1401
C:\Users\Gaser\Desktop\COPRRA\vendor\laravel\framework\src\Illuminate\Database\Eloquent\Model.php:1240
C:\Users\Gaser\Desktop\COPRRA\vendor\laravel\framework\src\Illuminate\Database\Eloquent\Factories\Factory.php:370
C:\Users\Gaser\Desktop\COPRRA\vendor\laravel\framework\src\Illuminate\Collections\Traits\EnumeratesValues.php:271
C:\Users\Gaser\Desktop\COPRRA\vendor\laravel\framework\src\Illuminate\Database\Eloquent\Factories\Factory.php:365
C:\Users\Gaser\Desktop\COPRRA\vendor\laravel\framework\src\Illuminate\Database\Eloquent\Factories\Factory.php:321
C:\Users\Gaser\Desktop\COPRRA\vendor\laravel\framework\src\Illuminate\Database\Eloquent\Factories\Factory.php:315
C:\Users\Gaser\Desktop\COPRRA\tests\Feature\Models\NotificationTest.php:555

Caused by
PDOException: SQLSTATE[23000]: Integrity constraint violation: 19 FOREIGN KEY constraint failed

C:\Users\Gaser\Desktop\COPRRA\vendor\laravel\framework\src\Illuminate\Database\Connection.php:570
C:\Users\Gaser\Desktop\COPRRA\vendor\laravel\framework\src\Illuminate\Database\Connection.php:811
C:\Users\Gaser\Desktop\COPRRA\vendor\laravel\framework\src\Illuminate\Database\Connection.php:778
C:\Users\Gaser\Desktop\COPRRA\vendor\laravel\framework\src\Illuminate\Database\Connection.php:559
C:\Users\Gaser\Desktop\COPRRA\vendor\laravel\framework\src\Illuminate\Database\Connection.php:523
C:\Users\Gaser\Desktop\COPRRA\vendor\laravel\framework\src\Illuminate\Database\Query\Processors\Processor.php:32
C:\Users\Gaser\Desktop\COPRRA\vendor\laravel\framework\src\Illuminate\Database\Query\Builder.php:3853
C:\Users\Gaser\Desktop\COPRRA\vendor\laravel\framework\src\Illuminate\Database\Eloquent\Builder.php:2235
C:\Users\Gaser\Desktop\COPRRA\vendor\laravel\framework\src\Illuminate\Database\Eloquent\Model.php:1436
C:\Users\Gaser\Desktop\COPRRA\vendor\laravel\framework\src\Illuminate\Database\Eloquent\Model.php:1401
C:\Users\Gaser\Desktop\COPRRA\vendor\laravel\framework\src\Illuminate\Database\Eloquent\Model.php:1240
C:\Users\Gaser\Desktop\COPRRA\vendor\laravel\framework\src\Illuminate\Database\Eloquent\Factories\Factory.php:370
C:\Users\Gaser\Desktop\COPRRA\vendor\laravel\framework\src\Illuminate\Collections\Traits\EnumeratesValues.php:271
C:\Users\Gaser\Desktop\COPRRA\vendor\laravel\framework\src\Illuminate\Database\Eloquent\Factories\Factory.php:365
C:\Users\Gaser\Desktop\COPRRA\vendor\laravel\framework\src\Illuminate\Database\Eloquent\Factories\Factory.php:321
C:\Users\Gaser\Desktop\COPRRA\vendor\laravel\framework\src\Illuminate\Database\Eloquent\Factories\Factory.php:315
C:\Users\Gaser\Desktop\COPRRA\tests\Feature\Models\NotificationTest.php:555

115) Tests\Feature\Models\NotificationTest::test_has_action
Illuminate\Database\QueryException: SQLSTATE[23000]: Integrity constraint violation: 19 FOREIGN KEY constraint failed (Connection: sqlite, SQL: insert into "custom_notifications" ("user_id", "type", "title", "message", "data", "read_at", "sent_at", "priority", "channel", "status", "metadata", "tags", "updated_at", "created_at") values (1, warning, Quis porro et., Molestiae tenetur excepturi voluptatem consequuntur. Architecto cum quidem id dicta ut. Dolor aut tempore incidunt voluptatem incidunt quia non., {"url":"https:\/\/example.com"}, ?, ?, 1, email, failed, {"source":"itaque","timestamp":1572939337}, ["voluptatum","voluptatem","deleniti"], 2025-10-10 20:40:08, 2025-10-10 20:40:08))

C:\Users\Gaser\Desktop\COPRRA\vendor\laravel\framework\src\Illuminate\Database\Connection.php:824
C:\Users\Gaser\Desktop\COPRRA\vendor\laravel\framework\src\Illuminate\Database\Connection.php:778
C:\Users\Gaser\Desktop\COPRRA\vendor\laravel\framework\src\Illuminate\Database\Connection.php:559
C:\Users\Gaser\Desktop\COPRRA\vendor\laravel\framework\src\Illuminate\Database\Connection.php:523
C:\Users\Gaser\Desktop\COPRRA\vendor\laravel\framework\src\Illuminate\Database\Query\Processors\Processor.php:32
C:\Users\Gaser\Desktop\COPRRA\vendor\laravel\framework\src\Illuminate\Database\Query\Builder.php:3853
C:\Users\Gaser\Desktop\COPRRA\vendor\laravel\framework\src\Illuminate\Database\Eloquent\Builder.php:2235
C:\Users\Gaser\Desktop\COPRRA\vendor\laravel\framework\src\Illuminate\Database\Eloquent\Model.php:1436
C:\Users\Gaser\Desktop\COPRRA\vendor\laravel\framework\src\Illuminate\Database\Eloquent\Model.php:1401
C:\Users\Gaser\Desktop\COPRRA\vendor\laravel\framework\src\Illuminate\Database\Eloquent\Model.php:1240
C:\Users\Gaser\Desktop\COPRRA\vendor\laravel\framework\src\Illuminate\Database\Eloquent\Factories\Factory.php:370
C:\Users\Gaser\Desktop\COPRRA\vendor\laravel\framework\src\Illuminate\Collections\Traits\EnumeratesValues.php:271
C:\Users\Gaser\Desktop\COPRRA\vendor\laravel\framework\src\Illuminate\Database\Eloquent\Factories\Factory.php:365
C:\Users\Gaser\Desktop\COPRRA\vendor\laravel\framework\src\Illuminate\Database\Eloquent\Factories\Factory.php:321
C:\Users\Gaser\Desktop\COPRRA\vendor\laravel\framework\src\Illuminate\Database\Eloquent\Factories\Factory.php:315
C:\Users\Gaser\Desktop\COPRRA\tests\Feature\Models\NotificationTest.php:565

Caused by
PDOException: SQLSTATE[23000]: Integrity constraint violation: 19 FOREIGN KEY constraint failed

C:\Users\Gaser\Desktop\COPRRA\vendor\laravel\framework\src\Illuminate\Database\Connection.php:570
C:\Users\Gaser\Desktop\COPRRA\vendor\laravel\framework\src\Illuminate\Database\Connection.php:811
C:\Users\Gaser\Desktop\COPRRA\vendor\laravel\framework\src\Illuminate\Database\Connection.php:778
C:\Users\Gaser\Desktop\COPRRA\vendor\laravel\framework\src\Illuminate\Database\Connection.php:559
C:\Users\Gaser\Desktop\COPRRA\vendor\laravel\framework\src\Illuminate\Database\Connection.php:523
C:\Users\Gaser\Desktop\COPRRA\vendor\laravel\framework\src\Illuminate\Database\Query\Processors\Processor.php:32
C:\Users\Gaser\Desktop\COPRRA\vendor\laravel\framework\src\Illuminate\Database\Query\Builder.php:3853
C:\Users\Gaser\Desktop\COPRRA\vendor\laravel\framework\src\Illuminate\Database\Eloquent\Builder.php:2235
C:\Users\Gaser\Desktop\COPRRA\vendor\laravel\framework\src\Illuminate\Database\Eloquent\Model.php:1436
C:\Users\Gaser\Desktop\COPRRA\vendor\laravel\framework\src\Illuminate\Database\Eloquent\Model.php:1401
C:\Users\Gaser\Desktop\COPRRA\vendor\laravel\framework\src\Illuminate\Database\Eloquent\Model.php:1240
C:\Users\Gaser\Desktop\COPRRA\vendor\laravel\framework\src\Illuminate\Database\Eloquent\Factories\Factory.php:370
C:\Users\Gaser\Desktop\COPRRA\vendor\laravel\framework\src\Illuminate\Collections\Traits\EnumeratesValues.php:271
C:\Users\Gaser\Desktop\COPRRA\vendor\laravel\framework\src\Illuminate\Database\Eloquent\Factories\Factory.php:365
C:\Users\Gaser\Desktop\COPRRA\vendor\laravel\framework\src\Illuminate\Database\Eloquent\Factories\Factory.php:321
C:\Users\Gaser\Desktop\COPRRA\vendor\laravel\framework\src\Illuminate\Database\Eloquent\Factories\Factory.php:315
C:\Users\Gaser\Desktop\COPRRA\tests\Feature\Models\NotificationTest.php:565

116) Tests\Feature\Models\NotificationTest::test_get_expiration_date
Illuminate\Database\QueryException: SQLSTATE[23000]: Integrity constraint violation: 19 FOREIGN KEY constraint failed (Connection: sqlite, SQL: insert into "custom_notifications" ("user_id", "type", "title", "message", "data", "read_at", "sent_at", "priority", "channel", "status", "metadata", "tags", "created_at", "updated_at") values (1, error, Error nobis., Corporis magnam voluptatem et laboriosam nihil et. Sit voluptates soluta natus soluta placeat., {"expiration_days":7}, ?, ?, 1, database, sent, {"source":"sint","timestamp":1347676990}, ["ipsam","et","dolor"], 2025-10-10 20:40:08, 2025-10-10 20:40:08))

C:\Users\Gaser\Desktop\COPRRA\vendor\laravel\framework\src\Illuminate\Database\Connection.php:824
C:\Users\Gaser\Desktop\COPRRA\vendor\laravel\framework\src\Illuminate\Database\Connection.php:778
C:\Users\Gaser\Desktop\COPRRA\vendor\laravel\framework\src\Illuminate\Database\Connection.php:559
C:\Users\Gaser\Desktop\COPRRA\vendor\laravel\framework\src\Illuminate\Database\Connection.php:523
C:\Users\Gaser\Desktop\COPRRA\vendor\laravel\framework\src\Illuminate\Database\Query\Processors\Processor.php:32
C:\Users\Gaser\Desktop\COPRRA\vendor\laravel\framework\src\Illuminate\Database\Query\Builder.php:3853
C:\Users\Gaser\Desktop\COPRRA\vendor\laravel\framework\src\Illuminate\Database\Eloquent\Builder.php:2235
C:\Users\Gaser\Desktop\COPRRA\vendor\laravel\framework\src\Illuminate\Database\Eloquent\Model.php:1436
C:\Users\Gaser\Desktop\COPRRA\vendor\laravel\framework\src\Illuminate\Database\Eloquent\Model.php:1401
C:\Users\Gaser\Desktop\COPRRA\vendor\laravel\framework\src\Illuminate\Database\Eloquent\Model.php:1240
C:\Users\Gaser\Desktop\COPRRA\vendor\laravel\framework\src\Illuminate\Database\Eloquent\Factories\Factory.php:370
C:\Users\Gaser\Desktop\COPRRA\vendor\laravel\framework\src\Illuminate\Collections\Traits\EnumeratesValues.php:271
C:\Users\Gaser\Desktop\COPRRA\vendor\laravel\framework\src\Illuminate\Database\Eloquent\Factories\Factory.php:365
C:\Users\Gaser\Desktop\COPRRA\vendor\laravel\framework\src\Illuminate\Database\Eloquent\Factories\Factory.php:321
C:\Users\Gaser\Desktop\COPRRA\vendor\laravel\framework\src\Illuminate\Database\Eloquent\Factories\Factory.php:315
C:\Users\Gaser\Desktop\COPRRA\tests\Feature\Models\NotificationTest.php:575

Caused by
PDOException: SQLSTATE[23000]: Integrity constraint violation: 19 FOREIGN KEY constraint failed

C:\Users\Gaser\Desktop\COPRRA\vendor\laravel\framework\src\Illuminate\Database\Connection.php:570
C:\Users\Gaser\Desktop\COPRRA\vendor\laravel\framework\src\Illuminate\Database\Connection.php:811
C:\Users\Gaser\Desktop\COPRRA\vendor\laravel\framework\src\Illuminate\Database\Connection.php:778
C:\Users\Gaser\Desktop\COPRRA\vendor\laravel\framework\src\Illuminate\Database\Connection.php:559
C:\Users\Gaser\Desktop\COPRRA\vendor\laravel\framework\src\Illuminate\Database\Connection.php:523
C:\Users\Gaser\Desktop\COPRRA\vendor\laravel\framework\src\Illuminate\Database\Query\Processors\Processor.php:32
C:\Users\Gaser\Desktop\COPRRA\vendor\laravel\framework\src\Illuminate\Database\Query\Builder.php:3853
C:\Users\Gaser\Desktop\COPRRA\vendor\laravel\framework\src\Illuminate\Database\Eloquent\Builder.php:2235
C:\Users\Gaser\Desktop\COPRRA\vendor\laravel\framework\src\Illuminate\Database\Eloquent\Model.php:1436
C:\Users\Gaser\Desktop\COPRRA\vendor\laravel\framework\src\Illuminate\Database\Eloquent\Model.php:1401
C:\Users\Gaser\Desktop\COPRRA\vendor\laravel\framework\src\Illuminate\Database\Eloquent\Model.php:1240
C:\Users\Gaser\Desktop\COPRRA\vendor\laravel\framework\src\Illuminate\Database\Eloquent\Factories\Factory.php:370
C:\Users\Gaser\Desktop\COPRRA\vendor\laravel\framework\src\Illuminate\Collections\Traits\EnumeratesValues.php:271
C:\Users\Gaser\Desktop\COPRRA\vendor\laravel\framework\src\Illuminate\Database\Eloquent\Factories\Factory.php:365
C:\Users\Gaser\Desktop\COPRRA\vendor\laravel\framework\src\Illuminate\Database\Eloquent\Factories\Factory.php:321
C:\Users\Gaser\Desktop\COPRRA\vendor\laravel\framework\src\Illuminate\Database\Eloquent\Factories\Factory.php:315
C:\Users\Gaser\Desktop\COPRRA\tests\Feature\Models\NotificationTest.php:575

117) Tests\Feature\Models\NotificationTest::test_is_expired
Illuminate\Database\QueryException: SQLSTATE[23000]: Integrity constraint violation: 19 FOREIGN KEY constraint failed (Connection: sqlite, SQL: insert into "custom_notifications" ("user_id", "type", "title", "message", "data", "read_at", "sent_at", "priority", "channel", "status", "metadata", "tags", "created_at", "updated_at") values (1, success, Beatae ipsum debitis., Sit dolore voluptatem fuga laudantium consectetur error rem. Dicta blanditiis et temporibus qui facilis beatae. Libero soluta dolor nihil assumenda non illo ad., {"expiration_days":1}, ?, ?, 1, push, pending, {"source":"illum","timestamp":628946894}, ["velit","omnis","consequatur"], 2025-10-08 20:40:08, 2025-10-10 20:40:08))

C:\Users\Gaser\Desktop\COPRRA\vendor\laravel\framework\src\Illuminate\Database\Connection.php:824
C:\Users\Gaser\Desktop\COPRRA\vendor\laravel\framework\src\Illuminate\Database\Connection.php:778
C:\Users\Gaser\Desktop\COPRRA\vendor\laravel\framework\src\Illuminate\Database\Connection.php:559
C:\Users\Gaser\Desktop\COPRRA\vendor\laravel\framework\src\Illuminate\Database\Connection.php:523
C:\Users\Gaser\Desktop\COPRRA\vendor\laravel\framework\src\Illuminate\Database\Query\Processors\Processor.php:32
C:\Users\Gaser\Desktop\COPRRA\vendor\laravel\framework\src\Illuminate\Database\Query\Builder.php:3853
C:\Users\Gaser\Desktop\COPRRA\vendor\laravel\framework\src\Illuminate\Database\Eloquent\Builder.php:2235
C:\Users\Gaser\Desktop\COPRRA\vendor\laravel\framework\src\Illuminate\Database\Eloquent\Model.php:1436
C:\Users\Gaser\Desktop\COPRRA\vendor\laravel\framework\src\Illuminate\Database\Eloquent\Model.php:1401
C:\Users\Gaser\Desktop\COPRRA\vendor\laravel\framework\src\Illuminate\Database\Eloquent\Model.php:1240
C:\Users\Gaser\Desktop\COPRRA\vendor\laravel\framework\src\Illuminate\Database\Eloquent\Factories\Factory.php:370
C:\Users\Gaser\Desktop\COPRRA\vendor\laravel\framework\src\Illuminate\Collections\Traits\EnumeratesValues.php:271
C:\Users\Gaser\Desktop\COPRRA\vendor\laravel\framework\src\Illuminate\Database\Eloquent\Factories\Factory.php:365
C:\Users\Gaser\Desktop\COPRRA\vendor\laravel\framework\src\Illuminate\Database\Eloquent\Factories\Factory.php:321
C:\Users\Gaser\Desktop\COPRRA\vendor\laravel\framework\src\Illuminate\Database\Eloquent\Factories\Factory.php:315
C:\Users\Gaser\Desktop\COPRRA\tests\Feature\Models\NotificationTest.php:588

Caused by
PDOException: SQLSTATE[23000]: Integrity constraint violation: 19 FOREIGN KEY constraint failed

C:\Users\Gaser\Desktop\COPRRA\vendor\laravel\framework\src\Illuminate\Database\Connection.php:570
C:\Users\Gaser\Desktop\COPRRA\vendor\laravel\framework\src\Illuminate\Database\Connection.php:811
C:\Users\Gaser\Desktop\COPRRA\vendor\laravel\framework\src\Illuminate\Database\Connection.php:778
C:\Users\Gaser\Desktop\COPRRA\vendor\laravel\framework\src\Illuminate\Database\Connection.php:559
C:\Users\Gaser\Desktop\COPRRA\vendor\laravel\framework\src\Illuminate\Database\Connection.php:523
C:\Users\Gaser\Desktop\COPRRA\vendor\laravel\framework\src\Illuminate\Database\Query\Processors\Processor.php:32
C:\Users\Gaser\Desktop\COPRRA\vendor\laravel\framework\src\Illuminate\Database\Query\Builder.php:3853
C:\Users\Gaser\Desktop\COPRRA\vendor\laravel\framework\src\Illuminate\Database\Eloquent\Builder.php:2235
C:\Users\Gaser\Desktop\COPRRA\vendor\laravel\framework\src\Illuminate\Database\Eloquent\Model.php:1436
C:\Users\Gaser\Desktop\COPRRA\vendor\laravel\framework\src\Illuminate\Database\Eloquent\Model.php:1401
C:\Users\Gaser\Desktop\COPRRA\vendor\laravel\framework\src\Illuminate\Database\Eloquent\Model.php:1240
C:\Users\Gaser\Desktop\COPRRA\vendor\laravel\framework\src\Illuminate\Database\Eloquent\Factories\Factory.php:370
C:\Users\Gaser\Desktop\COPRRA\vendor\laravel\framework\src\Illuminate\Collections\Traits\EnumeratesValues.php:271
C:\Users\Gaser\Desktop\COPRRA\vendor\laravel\framework\src\Illuminate\Database\Eloquent\Factories\Factory.php:365
C:\Users\Gaser\Desktop\COPRRA\vendor\laravel\framework\src\Illuminate\Database\Eloquent\Factories\Factory.php:321
C:\Users\Gaser\Desktop\COPRRA\vendor\laravel\framework\src\Illuminate\Database\Eloquent\Factories\Factory.php:315
C:\Users\Gaser\Desktop\COPRRA\tests\Feature\Models\NotificationTest.php:588

118) Tests\Feature\Models\NotificationTest::test_get_retry_count
Illuminate\Database\QueryException: SQLSTATE[23000]: Integrity constraint violation: 19 FOREIGN KEY constraint failed (Connection: sqlite, SQL: insert into "custom_notifications" ("user_id", "type", "title", "message", "data", "read_at", "sent_at", "priority", "channel", "status", "metadata", "tags", "updated_at", "created_at") values (1, info, Molestias iste dolore., Voluptates aut sint aut rem ex illum. Est aut dolores ab nihil impedit. Consequuntur possimus quidem et accusamus sint sint optio., {"retry_count":3}, ?, ?, 5, sms, pending, {"source":"soluta","timestamp":945842274}, ["porro","accusamus","sint"], 2025-10-10 20:40:08, 2025-10-10 20:40:08))

C:\Users\Gaser\Desktop\COPRRA\vendor\laravel\framework\src\Illuminate\Database\Connection.php:824
C:\Users\Gaser\Desktop\COPRRA\vendor\laravel\framework\src\Illuminate\Database\Connection.php:778
C:\Users\Gaser\Desktop\COPRRA\vendor\laravel\framework\src\Illuminate\Database\Connection.php:559
C:\Users\Gaser\Desktop\COPRRA\vendor\laravel\framework\src\Illuminate\Database\Connection.php:523
C:\Users\Gaser\Desktop\COPRRA\vendor\laravel\framework\src\Illuminate\Database\Query\Processors\Processor.php:32
C:\Users\Gaser\Desktop\COPRRA\vendor\laravel\framework\src\Illuminate\Database\Query\Builder.php:3853
C:\Users\Gaser\Desktop\COPRRA\vendor\laravel\framework\src\Illuminate\Database\Eloquent\Builder.php:2235
C:\Users\Gaser\Desktop\COPRRA\vendor\laravel\framework\src\Illuminate\Database\Eloquent\Model.php:1436
C:\Users\Gaser\Desktop\COPRRA\vendor\laravel\framework\src\Illuminate\Database\Eloquent\Model.php:1401
C:\Users\Gaser\Desktop\COPRRA\vendor\laravel\framework\src\Illuminate\Database\Eloquent\Model.php:1240
C:\Users\Gaser\Desktop\COPRRA\vendor\laravel\framework\src\Illuminate\Database\Eloquent\Factories\Factory.php:370
C:\Users\Gaser\Desktop\COPRRA\vendor\laravel\framework\src\Illuminate\Collections\Traits\EnumeratesValues.php:271
C:\Users\Gaser\Desktop\COPRRA\vendor\laravel\framework\src\Illuminate\Database\Eloquent\Factories\Factory.php:365
C:\Users\Gaser\Desktop\COPRRA\vendor\laravel\framework\src\Illuminate\Database\Eloquent\Factories\Factory.php:321
C:\Users\Gaser\Desktop\COPRRA\vendor\laravel\framework\src\Illuminate\Database\Eloquent\Factories\Factory.php:315
C:\Users\Gaser\Desktop\COPRRA\tests\Feature\Models\NotificationTest.php:604

Caused by
PDOException: SQLSTATE[23000]: Integrity constraint violation: 19 FOREIGN KEY constraint failed

C:\Users\Gaser\Desktop\COPRRA\vendor\laravel\framework\src\Illuminate\Database\Connection.php:570
C:\Users\Gaser\Desktop\COPRRA\vendor\laravel\framework\src\Illuminate\Database\Connection.php:811
C:\Users\Gaser\Desktop\COPRRA\vendor\laravel\framework\src\Illuminate\Database\Connection.php:778
C:\Users\Gaser\Desktop\COPRRA\vendor\laravel\framework\src\Illuminate\Database\Connection.php:559
C:\Users\Gaser\Desktop\COPRRA\vendor\laravel\framework\src\Illuminate\Database\Connection.php:523
C:\Users\Gaser\Desktop\COPRRA\vendor\laravel\framework\src\Illuminate\Database\Query\Processors\Processor.php:32
C:\Users\Gaser\Desktop\COPRRA\vendor\laravel\framework\src\Illuminate\Database\Query\Builder.php:3853
C:\Users\Gaser\Desktop\COPRRA\vendor\laravel\framework\src\Illuminate\Database\Eloquent\Builder.php:2235
C:\Users\Gaser\Desktop\COPRRA\vendor\laravel\framework\src\Illuminate\Database\Eloquent\Model.php:1436
C:\Users\Gaser\Desktop\COPRRA\vendor\laravel\framework\src\Illuminate\Database\Eloquent\Model.php:1401
C:\Users\Gaser\Desktop\COPRRA\vendor\laravel\framework\src\Illuminate\Database\Eloquent\Model.php:1240
C:\Users\Gaser\Desktop\COPRRA\vendor\laravel\framework\src\Illuminate\Database\Eloquent\Factories\Factory.php:370
C:\Users\Gaser\Desktop\COPRRA\vendor\laravel\framework\src\Illuminate\Collections\Traits\EnumeratesValues.php:271
C:\Users\Gaser\Desktop\COPRRA\vendor\laravel\framework\src\Illuminate\Database\Eloquent\Factories\Factory.php:365
C:\Users\Gaser\Desktop\COPRRA\vendor\laravel\framework\src\Illuminate\Database\Eloquent\Factories\Factory.php:321
C:\Users\Gaser\Desktop\COPRRA\vendor\laravel\framework\src\Illuminate\Database\Eloquent\Factories\Factory.php:315
C:\Users\Gaser\Desktop\COPRRA\tests\Feature\Models\NotificationTest.php:604

119) Tests\Feature\Models\NotificationTest::test_increment_retry_count
Illuminate\Database\QueryException: SQLSTATE[23000]: Integrity constraint violation: 19 FOREIGN KEY constraint failed (Connection: sqlite, SQL: insert into "custom_notifications" ("user_id", "type", "title", "message", "data", "read_at", "sent_at", "priority", "channel", "status", "metadata", "tags", "updated_at", "created_at") values (1, info, Ipsum velit., Mollitia ratione dignissimos voluptas mollitia laboriosam. Culpa eligendi ea porro non a cupiditate., {"retry_count":2}, ?, ?, 5, push, failed, {"source":"rem","timestamp":820331519}, ["consequatur","ipsum","culpa"], 2025-10-10 20:40:08, 2025-10-10 20:40:08))

C:\Users\Gaser\Desktop\COPRRA\vendor\laravel\framework\src\Illuminate\Database\Connection.php:824
C:\Users\Gaser\Desktop\COPRRA\vendor\laravel\framework\src\Illuminate\Database\Connection.php:778
C:\Users\Gaser\Desktop\COPRRA\vendor\laravel\framework\src\Illuminate\Database\Connection.php:559
C:\Users\Gaser\Desktop\COPRRA\vendor\laravel\framework\src\Illuminate\Database\Connection.php:523
C:\Users\Gaser\Desktop\COPRRA\vendor\laravel\framework\src\Illuminate\Database\Query\Processors\Processor.php:32
C:\Users\Gaser\Desktop\COPRRA\vendor\laravel\framework\src\Illuminate\Database\Query\Builder.php:3853
C:\Users\Gaser\Desktop\COPRRA\vendor\laravel\framework\src\Illuminate\Database\Eloquent\Builder.php:2235
C:\Users\Gaser\Desktop\COPRRA\vendor\laravel\framework\src\Illuminate\Database\Eloquent\Model.php:1436
C:\Users\Gaser\Desktop\COPRRA\vendor\laravel\framework\src\Illuminate\Database\Eloquent\Model.php:1401
C:\Users\Gaser\Desktop\COPRRA\vendor\laravel\framework\src\Illuminate\Database\Eloquent\Model.php:1240
C:\Users\Gaser\Desktop\COPRRA\vendor\laravel\framework\src\Illuminate\Database\Eloquent\Factories\Factory.php:370
C:\Users\Gaser\Desktop\COPRRA\vendor\laravel\framework\src\Illuminate\Collections\Traits\EnumeratesValues.php:271
C:\Users\Gaser\Desktop\COPRRA\vendor\laravel\framework\src\Illuminate\Database\Eloquent\Factories\Factory.php:365
C:\Users\Gaser\Desktop\COPRRA\vendor\laravel\framework\src\Illuminate\Database\Eloquent\Factories\Factory.php:321
C:\Users\Gaser\Desktop\COPRRA\vendor\laravel\framework\src\Illuminate\Database\Eloquent\Factories\Factory.php:315
C:\Users\Gaser\Desktop\COPRRA\tests\Feature\Models\NotificationTest.php:614

Caused by
PDOException: SQLSTATE[23000]: Integrity constraint violation: 19 FOREIGN KEY constraint failed

C:\Users\Gaser\Desktop\COPRRA\vendor\laravel\framework\src\Illuminate\Database\Connection.php:570
C:\Users\Gaser\Desktop\COPRRA\vendor\laravel\framework\src\Illuminate\Database\Connection.php:811
C:\Users\Gaser\Desktop\COPRRA\vendor\laravel\framework\src\Illuminate\Database\Connection.php:778
C:\Users\Gaser\Desktop\COPRRA\vendor\laravel\framework\src\Illuminate\Database\Connection.php:559
C:\Users\Gaser\Desktop\COPRRA\vendor\laravel\framework\src\Illuminate\Database\Connection.php:523
C:\Users\Gaser\Desktop\COPRRA\vendor\laravel\framework\src\Illuminate\Database\Query\Processors\Processor.php:32
C:\Users\Gaser\Desktop\COPRRA\vendor\laravel\framework\src\Illuminate\Database\Query\Builder.php:3853
C:\Users\Gaser\Desktop\COPRRA\vendor\laravel\framework\src\Illuminate\Database\Eloquent\Builder.php:2235
C:\Users\Gaser\Desktop\COPRRA\vendor\laravel\framework\src\Illuminate\Database\Eloquent\Model.php:1436
C:\Users\Gaser\Desktop\COPRRA\vendor\laravel\framework\src\Illuminate\Database\Eloquent\Model.php:1401
C:\Users\Gaser\Desktop\COPRRA\vendor\laravel\framework\src\Illuminate\Database\Eloquent\Model.php:1240
C:\Users\Gaser\Desktop\COPRRA\vendor\laravel\framework\src\Illuminate\Database\Eloquent\Factories\Factory.php:370
C:\Users\Gaser\Desktop\COPRRA\vendor\laravel\framework\src\Illuminate\Collections\Traits\EnumeratesValues.php:271
C:\Users\Gaser\Desktop\COPRRA\vendor\laravel\framework\src\Illuminate\Database\Eloquent\Factories\Factory.php:365
C:\Users\Gaser\Desktop\COPRRA\vendor\laravel\framework\src\Illuminate\Database\Eloquent\Factories\Factory.php:321
C:\Users\Gaser\Desktop\COPRRA\vendor\laravel\framework\src\Illuminate\Database\Eloquent\Factories\Factory.php:315
C:\Users\Gaser\Desktop\COPRRA\tests\Feature\Models\NotificationTest.php:614

120) Tests\Feature\Models\NotificationTest::test_can_retry
Illuminate\Database\QueryException: SQLSTATE[23000]: Integrity constraint violation: 19 FOREIGN KEY constraint failed (Connection: sqlite, SQL: insert into "custom_notifications" ("user_id", "type", "title", "message", "data", "read_at", "sent_at", "priority", "channel", "status", "metadata", "tags", "updated_at", "created_at") values (1, error, Ipsam dolores et ab., Distinctio quasi nihil minima. Tempore expedita nobis ab ipsam non voluptate in., {"retry_count":2}, ?, ?, 2, sms, failed, {"source":"nemo","timestamp":35310018}, ["ducimus","qui","quam"], 2025-10-10 20:40:08, 2025-10-10 20:40:08))

C:\Users\Gaser\Desktop\COPRRA\vendor\laravel\framework\src\Illuminate\Database\Connection.php:824
C:\Users\Gaser\Desktop\COPRRA\vendor\laravel\framework\src\Illuminate\Database\Connection.php:778
C:\Users\Gaser\Desktop\COPRRA\vendor\laravel\framework\src\Illuminate\Database\Connection.php:559
C:\Users\Gaser\Desktop\COPRRA\vendor\laravel\framework\src\Illuminate\Database\Connection.php:523
C:\Users\Gaser\Desktop\COPRRA\vendor\laravel\framework\src\Illuminate\Database\Query\Processors\Processor.php:32
C:\Users\Gaser\Desktop\COPRRA\vendor\laravel\framework\src\Illuminate\Database\Query\Builder.php:3853
C:\Users\Gaser\Desktop\COPRRA\vendor\laravel\framework\src\Illuminate\Database\Eloquent\Builder.php:2235
C:\Users\Gaser\Desktop\COPRRA\vendor\laravel\framework\src\Illuminate\Database\Eloquent\Model.php:1436
C:\Users\Gaser\Desktop\COPRRA\vendor\laravel\framework\src\Illuminate\Database\Eloquent\Model.php:1401
C:\Users\Gaser\Desktop\COPRRA\vendor\laravel\framework\src\Illuminate\Database\Eloquent\Model.php:1240
C:\Users\Gaser\Desktop\COPRRA\vendor\laravel\framework\src\Illuminate\Database\Eloquent\Factories\Factory.php:370
C:\Users\Gaser\Desktop\COPRRA\vendor\laravel\framework\src\Illuminate\Collections\Traits\EnumeratesValues.php:271
C:\Users\Gaser\Desktop\COPRRA\vendor\laravel\framework\src\Illuminate\Database\Eloquent\Factories\Factory.php:365
C:\Users\Gaser\Desktop\COPRRA\vendor\laravel\framework\src\Illuminate\Database\Eloquent\Factories\Factory.php:321
C:\Users\Gaser\Desktop\COPRRA\vendor\laravel\framework\src\Illuminate\Database\Eloquent\Factories\Factory.php:315
C:\Users\Gaser\Desktop\COPRRA\tests\Feature\Models\NotificationTest.php:625

Caused by
PDOException: SQLSTATE[23000]: Integrity constraint violation: 19 FOREIGN KEY constraint failed

C:\Users\Gaser\Desktop\COPRRA\vendor\laravel\framework\src\Illuminate\Database\Connection.php:570
C:\Users\Gaser\Desktop\COPRRA\vendor\laravel\framework\src\Illuminate\Database\Connection.php:811
C:\Users\Gaser\Desktop\COPRRA\vendor\laravel\framework\src\Illuminate\Database\Connection.php:778
C:\Users\Gaser\Desktop\COPRRA\vendor\laravel\framework\src\Illuminate\Database\Connection.php:559
C:\Users\Gaser\Desktop\COPRRA\vendor\laravel\framework\src\Illuminate\Database\Connection.php:523
C:\Users\Gaser\Desktop\COPRRA\vendor\laravel\framework\src\Illuminate\Database\Query\Processors\Processor.php:32
C:\Users\Gaser\Desktop\COPRRA\vendor\laravel\framework\src\Illuminate\Database\Query\Builder.php:3853
C:\Users\Gaser\Desktop\COPRRA\vendor\laravel\framework\src\Illuminate\Database\Eloquent\Builder.php:2235
C:\Users\Gaser\Desktop\COPRRA\vendor\laravel\framework\src\Illuminate\Database\Eloquent\Model.php:1436
C:\Users\Gaser\Desktop\COPRRA\vendor\laravel\framework\src\Illuminate\Database\Eloquent\Model.php:1401
C:\Users\Gaser\Desktop\COPRRA\vendor\laravel\framework\src\Illuminate\Database\Eloquent\Model.php:1240
C:\Users\Gaser\Desktop\COPRRA\vendor\laravel\framework\src\Illuminate\Database\Eloquent\Factories\Factory.php:370
C:\Users\Gaser\Desktop\COPRRA\vendor\laravel\framework\src\Illuminate\Collections\Traits\EnumeratesValues.php:271
C:\Users\Gaser\Desktop\COPRRA\vendor\laravel\framework\src\Illuminate\Database\Eloquent\Factories\Factory.php:365
C:\Users\Gaser\Desktop\COPRRA\vendor\laravel\framework\src\Illuminate\Database\Eloquent\Factories\Factory.php:321
C:\Users\Gaser\Desktop\COPRRA\vendor\laravel\framework\src\Illuminate\Database\Eloquent\Factories\Factory.php:315
C:\Users\Gaser\Desktop\COPRRA\tests\Feature\Models\NotificationTest.php:625

121) Tests\Feature\Models\NotificationTest::test_get_failure_reason
Illuminate\Database\QueryException: SQLSTATE[23000]: Integrity constraint violation: 19 FOREIGN KEY constraint failed (Connection: sqlite, SQL: insert into "custom_notifications" ("user_id", "type", "title", "message", "data", "read_at", "sent_at", "priority", "channel", "status", "metadata", "tags", "updated_at", "created_at") values (1, warning, Neque et vitae doloribus., Quas corporis doloribus soluta id culpa provident voluptatem. Nostrum repellendus ea et dolores quia eaque accusantium ex. Aliquid voluptas et vitae sint soluta earum et minima., {"failure_reason":"Connection timeout"}, ?, ?, 1, push, pending, {"source":"quo","timestamp":1628447884}, ["exercitationem","voluptas","dicta"], 2025-10-10 20:40:08, 2025-10-10 20:40:08))

C:\Users\Gaser\Desktop\COPRRA\vendor\laravel\framework\src\Illuminate\Database\Connection.php:824
C:\Users\Gaser\Desktop\COPRRA\vendor\laravel\framework\src\Illuminate\Database\Connection.php:778
C:\Users\Gaser\Desktop\COPRRA\vendor\laravel\framework\src\Illuminate\Database\Connection.php:559
C:\Users\Gaser\Desktop\COPRRA\vendor\laravel\framework\src\Illuminate\Database\Connection.php:523
C:\Users\Gaser\Desktop\COPRRA\vendor\laravel\framework\src\Illuminate\Database\Query\Processors\Processor.php:32
C:\Users\Gaser\Desktop\COPRRA\vendor\laravel\framework\src\Illuminate\Database\Query\Builder.php:3853
C:\Users\Gaser\Desktop\COPRRA\vendor\laravel\framework\src\Illuminate\Database\Eloquent\Builder.php:2235
C:\Users\Gaser\Desktop\COPRRA\vendor\laravel\framework\src\Illuminate\Database\Eloquent\Model.php:1436
C:\Users\Gaser\Desktop\COPRRA\vendor\laravel\framework\src\Illuminate\Database\Eloquent\Model.php:1401
C:\Users\Gaser\Desktop\COPRRA\vendor\laravel\framework\src\Illuminate\Database\Eloquent\Model.php:1240
C:\Users\Gaser\Desktop\COPRRA\vendor\laravel\framework\src\Illuminate\Database\Eloquent\Factories\Factory.php:370
C:\Users\Gaser\Desktop\COPRRA\vendor\laravel\framework\src\Illuminate\Collections\Traits\EnumeratesValues.php:271
C:\Users\Gaser\Desktop\COPRRA\vendor\laravel\framework\src\Illuminate\Database\Eloquent\Factories\Factory.php:365
C:\Users\Gaser\Desktop\COPRRA\vendor\laravel\framework\src\Illuminate\Database\Eloquent\Factories\Factory.php:321
C:\Users\Gaser\Desktop\COPRRA\vendor\laravel\framework\src\Illuminate\Database\Eloquent\Factories\Factory.php:315
C:\Users\Gaser\Desktop\COPRRA\tests\Feature\Models\NotificationTest.php:637

Caused by
PDOException: SQLSTATE[23000]: Integrity constraint violation: 19 FOREIGN KEY constraint failed

C:\Users\Gaser\Desktop\COPRRA\vendor\laravel\framework\src\Illuminate\Database\Connection.php:570
C:\Users\Gaser\Desktop\COPRRA\vendor\laravel\framework\src\Illuminate\Database\Connection.php:811
C:\Users\Gaser\Desktop\COPRRA\vendor\laravel\framework\src\Illuminate\Database\Connection.php:778
C:\Users\Gaser\Desktop\COPRRA\vendor\laravel\framework\src\Illuminate\Database\Connection.php:559
C:\Users\Gaser\Desktop\COPRRA\vendor\laravel\framework\src\Illuminate\Database\Connection.php:523
C:\Users\Gaser\Desktop\COPRRA\vendor\laravel\framework\src\Illuminate\Database\Query\Processors\Processor.php:32
C:\Users\Gaser\Desktop\COPRRA\vendor\laravel\framework\src\Illuminate\Database\Query\Builder.php:3853
C:\Users\Gaser\Desktop\COPRRA\vendor\laravel\framework\src\Illuminate\Database\Eloquent\Builder.php:2235
C:\Users\Gaser\Desktop\COPRRA\vendor\laravel\framework\src\Illuminate\Database\Eloquent\Model.php:1436
C:\Users\Gaser\Desktop\COPRRA\vendor\laravel\framework\src\Illuminate\Database\Eloquent\Model.php:1401
C:\Users\Gaser\Desktop\COPRRA\vendor\laravel\framework\src\Illuminate\Database\Eloquent\Model.php:1240
C:\Users\Gaser\Desktop\COPRRA\vendor\laravel\framework\src\Illuminate\Database\Eloquent\Factories\Factory.php:370
C:\Users\Gaser\Desktop\COPRRA\vendor\laravel\framework\src\Illuminate\Collections\Traits\EnumeratesValues.php:271
C:\Users\Gaser\Desktop\COPRRA\vendor\laravel\framework\src\Illuminate\Database\Eloquent\Factories\Factory.php:365
C:\Users\Gaser\Desktop\COPRRA\vendor\laravel\framework\src\Illuminate\Database\Eloquent\Factories\Factory.php:321
C:\Users\Gaser\Desktop\COPRRA\vendor\laravel\framework\src\Illuminate\Database\Eloquent\Factories\Factory.php:315
C:\Users\Gaser\Desktop\COPRRA\tests\Feature\Models\NotificationTest.php:637

122) Tests\Feature\Models\NotificationTest::test_get_metadata
Illuminate\Database\QueryException: SQLSTATE[23000]: Integrity constraint violation: 19 FOREIGN KEY constraint failed (Connection: sqlite, SQL: insert into "custom_notifications" ("user_id", "type", "title", "message", "data", "read_at", "sent_at", "priority", "channel", "status", "metadata", "tags", "updated_at", "created_at") values (1, warning, Quia tenetur., Ratione repellat deserunt qui asperiores modi ab facere vel. Nulla laboriosam itaque illum sed. Illum dolorem et eligendi assumenda quis., {"metadata":{"source":"web","version":"1.0"}}, ?, ?, 1, push, sent, {"source":"adipisci","timestamp":368666005}, ["deleniti","provident","beatae"], 2025-10-10 20:40:08, 2025-10-10 20:40:08))

C:\Users\Gaser\Desktop\COPRRA\vendor\laravel\framework\src\Illuminate\Database\Connection.php:824
C:\Users\Gaser\Desktop\COPRRA\vendor\laravel\framework\src\Illuminate\Database\Connection.php:778
C:\Users\Gaser\Desktop\COPRRA\vendor\laravel\framework\src\Illuminate\Database\Connection.php:559
C:\Users\Gaser\Desktop\COPRRA\vendor\laravel\framework\src\Illuminate\Database\Connection.php:523
C:\Users\Gaser\Desktop\COPRRA\vendor\laravel\framework\src\Illuminate\Database\Query\Processors\Processor.php:32
C:\Users\Gaser\Desktop\COPRRA\vendor\laravel\framework\src\Illuminate\Database\Query\Builder.php:3853
C:\Users\Gaser\Desktop\COPRRA\vendor\laravel\framework\src\Illuminate\Database\Eloquent\Builder.php:2235
C:\Users\Gaser\Desktop\COPRRA\vendor\laravel\framework\src\Illuminate\Database\Eloquent\Model.php:1436
C:\Users\Gaser\Desktop\COPRRA\vendor\laravel\framework\src\Illuminate\Database\Eloquent\Model.php:1401
C:\Users\Gaser\Desktop\COPRRA\vendor\laravel\framework\src\Illuminate\Database\Eloquent\Model.php:1240
C:\Users\Gaser\Desktop\COPRRA\vendor\laravel\framework\src\Illuminate\Database\Eloquent\Factories\Factory.php:370
C:\Users\Gaser\Desktop\COPRRA\vendor\laravel\framework\src\Illuminate\Collections\Traits\EnumeratesValues.php:271
C:\Users\Gaser\Desktop\COPRRA\vendor\laravel\framework\src\Illuminate\Database\Eloquent\Factories\Factory.php:365
C:\Users\Gaser\Desktop\COPRRA\vendor\laravel\framework\src\Illuminate\Database\Eloquent\Factories\Factory.php:321
C:\Users\Gaser\Desktop\COPRRA\vendor\laravel\framework\src\Illuminate\Database\Eloquent\Factories\Factory.php:315
C:\Users\Gaser\Desktop\COPRRA\tests\Feature\Models\NotificationTest.php:647

Caused by
PDOException: SQLSTATE[23000]: Integrity constraint violation: 19 FOREIGN KEY constraint failed

C:\Users\Gaser\Desktop\COPRRA\vendor\laravel\framework\src\Illuminate\Database\Connection.php:570
C:\Users\Gaser\Desktop\COPRRA\vendor\laravel\framework\src\Illuminate\Database\Connection.php:811
C:\Users\Gaser\Desktop\COPRRA\vendor\laravel\framework\src\Illuminate\Database\Connection.php:778
C:\Users\Gaser\Desktop\COPRRA\vendor\laravel\framework\src\Illuminate\Database\Connection.php:559
C:\Users\Gaser\Desktop\COPRRA\vendor\laravel\framework\src\Illuminate\Database\Connection.php:523
C:\Users\Gaser\Desktop\COPRRA\vendor\laravel\framework\src\Illuminate\Database\Query\Processors\Processor.php:32
C:\Users\Gaser\Desktop\COPRRA\vendor\laravel\framework\src\Illuminate\Database\Query\Builder.php:3853
C:\Users\Gaser\Desktop\COPRRA\vendor\laravel\framework\src\Illuminate\Database\Eloquent\Builder.php:2235
C:\Users\Gaser\Desktop\COPRRA\vendor\laravel\framework\src\Illuminate\Database\Eloquent\Model.php:1436
C:\Users\Gaser\Desktop\COPRRA\vendor\laravel\framework\src\Illuminate\Database\Eloquent\Model.php:1401
C:\Users\Gaser\Desktop\COPRRA\vendor\laravel\framework\src\Illuminate\Database\Eloquent\Model.php:1240
C:\Users\Gaser\Desktop\COPRRA\vendor\laravel\framework\src\Illuminate\Database\Eloquent\Factories\Factory.php:370
C:\Users\Gaser\Desktop\COPRRA\vendor\laravel\framework\src\Illuminate\Collections\Traits\EnumeratesValues.php:271
C:\Users\Gaser\Desktop\COPRRA\vendor\laravel\framework\src\Illuminate\Database\Eloquent\Factories\Factory.php:365
C:\Users\Gaser\Desktop\COPRRA\vendor\laravel\framework\src\Illuminate\Database\Eloquent\Factories\Factory.php:321
C:\Users\Gaser\Desktop\COPRRA\vendor\laravel\framework\src\Illuminate\Database\Eloquent\Factories\Factory.php:315
C:\Users\Gaser\Desktop\COPRRA\tests\Feature\Models\NotificationTest.php:647

123) Tests\Feature\Models\NotificationTest::test_set_metadata
Illuminate\Database\QueryException: SQLSTATE[23000]: Integrity constraint violation: 19 FOREIGN KEY constraint failed (Connection: sqlite, SQL: insert into "custom_notifications" ("user_id", "type", "title", "message", "data", "read_at", "sent_at", "priority", "channel", "status", "metadata", "tags", "updated_at", "created_at") values (1, info, Nemo cupiditate facilis eum., Error in deleniti fugiat earum dolorem omnis deserunt ea. Eum distinctio ipsa quia eveniet id perspiciatis earum rerum., [], ?, ?, 3, push, pending, {"source":"et","timestamp":1329486506}, ["deleniti","vitae","vel"], 2025-10-10 20:40:08, 2025-10-10 20:40:08))

C:\Users\Gaser\Desktop\COPRRA\vendor\laravel\framework\src\Illuminate\Database\Connection.php:824
C:\Users\Gaser\Desktop\COPRRA\vendor\laravel\framework\src\Illuminate\Database\Connection.php:778
C:\Users\Gaser\Desktop\COPRRA\vendor\laravel\framework\src\Illuminate\Database\Connection.php:559
C:\Users\Gaser\Desktop\COPRRA\vendor\laravel\framework\src\Illuminate\Database\Connection.php:523
C:\Users\Gaser\Desktop\COPRRA\vendor\laravel\framework\src\Illuminate\Database\Query\Processors\Processor.php:32
C:\Users\Gaser\Desktop\COPRRA\vendor\laravel\framework\src\Illuminate\Database\Query\Builder.php:3853
C:\Users\Gaser\Desktop\COPRRA\vendor\laravel\framework\src\Illuminate\Database\Eloquent\Builder.php:2235
C:\Users\Gaser\Desktop\COPRRA\vendor\laravel\framework\src\Illuminate\Database\Eloquent\Model.php:1436
C:\Users\Gaser\Desktop\COPRRA\vendor\laravel\framework\src\Illuminate\Database\Eloquent\Model.php:1401
C:\Users\Gaser\Desktop\COPRRA\vendor\laravel\framework\src\Illuminate\Database\Eloquent\Model.php:1240
C:\Users\Gaser\Desktop\COPRRA\vendor\laravel\framework\src\Illuminate\Database\Eloquent\Factories\Factory.php:370
C:\Users\Gaser\Desktop\COPRRA\vendor\laravel\framework\src\Illuminate\Collections\Traits\EnumeratesValues.php:271
C:\Users\Gaser\Desktop\COPRRA\vendor\laravel\framework\src\Illuminate\Database\Eloquent\Factories\Factory.php:365
C:\Users\Gaser\Desktop\COPRRA\vendor\laravel\framework\src\Illuminate\Database\Eloquent\Factories\Factory.php:321
C:\Users\Gaser\Desktop\COPRRA\vendor\laravel\framework\src\Illuminate\Database\Eloquent\Factories\Factory.php:315
C:\Users\Gaser\Desktop\COPRRA\tests\Feature\Models\NotificationTest.php:655

Caused by
PDOException: SQLSTATE[23000]: Integrity constraint violation: 19 FOREIGN KEY constraint failed

C:\Users\Gaser\Desktop\COPRRA\vendor\laravel\framework\src\Illuminate\Database\Connection.php:570
C:\Users\Gaser\Desktop\COPRRA\vendor\laravel\framework\src\Illuminate\Database\Connection.php:811
C:\Users\Gaser\Desktop\COPRRA\vendor\laravel\framework\src\Illuminate\Database\Connection.php:778
C:\Users\Gaser\Desktop\COPRRA\vendor\laravel\framework\src\Illuminate\Database\Connection.php:559
C:\Users\Gaser\Desktop\COPRRA\vendor\laravel\framework\src\Illuminate\Database\Connection.php:523
C:\Users\Gaser\Desktop\COPRRA\vendor\laravel\framework\src\Illuminate\Database\Query\Processors\Processor.php:32
C:\Users\Gaser\Desktop\COPRRA\vendor\laravel\framework\src\Illuminate\Database\Query\Builder.php:3853
C:\Users\Gaser\Desktop\COPRRA\vendor\laravel\framework\src\Illuminate\Database\Eloquent\Builder.php:2235
C:\Users\Gaser\Desktop\COPRRA\vendor\laravel\framework\src\Illuminate\Database\Eloquent\Model.php:1436
C:\Users\Gaser\Desktop\COPRRA\vendor\laravel\framework\src\Illuminate\Database\Eloquent\Model.php:1401
C:\Users\Gaser\Desktop\COPRRA\vendor\laravel\framework\src\Illuminate\Database\Eloquent\Model.php:1240
C:\Users\Gaser\Desktop\COPRRA\vendor\laravel\framework\src\Illuminate\Database\Eloquent\Factories\Factory.php:370
C:\Users\Gaser\Desktop\COPRRA\vendor\laravel\framework\src\Illuminate\Collections\Traits\EnumeratesValues.php:271
C:\Users\Gaser\Desktop\COPRRA\vendor\laravel\framework\src\Illuminate\Database\Eloquent\Factories\Factory.php:365
C:\Users\Gaser\Desktop\COPRRA\vendor\laravel\framework\src\Illuminate\Database\Eloquent\Factories\Factory.php:321
C:\Users\Gaser\Desktop\COPRRA\vendor\laravel\framework\src\Illuminate\Database\Eloquent\Factories\Factory.php:315
C:\Users\Gaser\Desktop\COPRRA\tests\Feature\Models\NotificationTest.php:655

124) Tests\Feature\Models\NotificationTest::test_get_tags
Illuminate\Database\QueryException: SQLSTATE[23000]: Integrity constraint violation: 19 FOREIGN KEY constraint failed (Connection: sqlite, SQL: insert into "custom_notifications" ("user_id", "type", "title", "message", "data", "read_at", "sent_at", "priority", "channel", "status", "metadata", "tags", "updated_at", "created_at") values (1, error, Aspernatur qui architecto., Quas nam a omnis blanditiis. Reiciendis laboriosam voluptatum rerum., {"tags":["urgent","system","price"]}, ?, ?, 5, email, pending, {"source":"explicabo","timestamp":738996250}, ["excepturi","et","beatae"], 2025-10-10 20:40:08, 2025-10-10 20:40:08))

C:\Users\Gaser\Desktop\COPRRA\vendor\laravel\framework\src\Illuminate\Database\Connection.php:824
C:\Users\Gaser\Desktop\COPRRA\vendor\laravel\framework\src\Illuminate\Database\Connection.php:778
C:\Users\Gaser\Desktop\COPRRA\vendor\laravel\framework\src\Illuminate\Database\Connection.php:559
C:\Users\Gaser\Desktop\COPRRA\vendor\laravel\framework\src\Illuminate\Database\Connection.php:523
C:\Users\Gaser\Desktop\COPRRA\vendor\laravel\framework\src\Illuminate\Database\Query\Processors\Processor.php:32
C:\Users\Gaser\Desktop\COPRRA\vendor\laravel\framework\src\Illuminate\Database\Query\Builder.php:3853
C:\Users\Gaser\Desktop\COPRRA\vendor\laravel\framework\src\Illuminate\Database\Eloquent\Builder.php:2235
C:\Users\Gaser\Desktop\COPRRA\vendor\laravel\framework\src\Illuminate\Database\Eloquent\Model.php:1436
C:\Users\Gaser\Desktop\COPRRA\vendor\laravel\framework\src\Illuminate\Database\Eloquent\Model.php:1401
C:\Users\Gaser\Desktop\COPRRA\vendor\laravel\framework\src\Illuminate\Database\Eloquent\Model.php:1240
C:\Users\Gaser\Desktop\COPRRA\vendor\laravel\framework\src\Illuminate\Database\Eloquent\Factories\Factory.php:370
C:\Users\Gaser\Desktop\COPRRA\vendor\laravel\framework\src\Illuminate\Collections\Traits\EnumeratesValues.php:271
C:\Users\Gaser\Desktop\COPRRA\vendor\laravel\framework\src\Illuminate\Database\Eloquent\Factories\Factory.php:365
C:\Users\Gaser\Desktop\COPRRA\vendor\laravel\framework\src\Illuminate\Database\Eloquent\Factories\Factory.php:321
C:\Users\Gaser\Desktop\COPRRA\vendor\laravel\framework\src\Illuminate\Database\Eloquent\Factories\Factory.php:315
C:\Users\Gaser\Desktop\COPRRA\tests\Feature\Models\NotificationTest.php:666

Caused by
PDOException: SQLSTATE[23000]: Integrity constraint violation: 19 FOREIGN KEY constraint failed

C:\Users\Gaser\Desktop\COPRRA\vendor\laravel\framework\src\Illuminate\Database\Connection.php:570
C:\Users\Gaser\Desktop\COPRRA\vendor\laravel\framework\src\Illuminate\Database\Connection.php:811
C:\Users\Gaser\Desktop\COPRRA\vendor\laravel\framework\src\Illuminate\Database\Connection.php:778
C:\Users\Gaser\Desktop\COPRRA\vendor\laravel\framework\src\Illuminate\Database\Connection.php:559
C:\Users\Gaser\Desktop\COPRRA\vendor\laravel\framework\src\Illuminate\Database\Connection.php:523
C:\Users\Gaser\Desktop\COPRRA\vendor\laravel\framework\src\Illuminate\Database\Query\Processors\Processor.php:32
C:\Users\Gaser\Desktop\COPRRA\vendor\laravel\framework\src\Illuminate\Database\Query\Builder.php:3853
C:\Users\Gaser\Desktop\COPRRA\vendor\laravel\framework\src\Illuminate\Database\Eloquent\Builder.php:2235
C:\Users\Gaser\Desktop\COPRRA\vendor\laravel\framework\src\Illuminate\Database\Eloquent\Model.php:1436
C:\Users\Gaser\Desktop\COPRRA\vendor\laravel\framework\src\Illuminate\Database\Eloquent\Model.php:1401
C:\Users\Gaser\Desktop\COPRRA\vendor\laravel\framework\src\Illuminate\Database\Eloquent\Model.php:1240
C:\Users\Gaser\Desktop\COPRRA\vendor\laravel\framework\src\Illuminate\Database\Eloquent\Factories\Factory.php:370
C:\Users\Gaser\Desktop\COPRRA\vendor\laravel\framework\src\Illuminate\Collections\Traits\EnumeratesValues.php:271
C:\Users\Gaser\Desktop\COPRRA\vendor\laravel\framework\src\Illuminate\Database\Eloquent\Factories\Factory.php:365
C:\Users\Gaser\Desktop\COPRRA\vendor\laravel\framework\src\Illuminate\Database\Eloquent\Factories\Factory.php:321
C:\Users\Gaser\Desktop\COPRRA\vendor\laravel\framework\src\Illuminate\Database\Eloquent\Factories\Factory.php:315
C:\Users\Gaser\Desktop\COPRRA\tests\Feature\Models\NotificationTest.php:666

125) Tests\Feature\Models\NotificationTest::test_set_tags
Illuminate\Database\QueryException: SQLSTATE[23000]: Integrity constraint violation: 19 FOREIGN KEY constraint failed (Connection: sqlite, SQL: insert into "custom_notifications" ("user_id", "type", "title", "message", "data", "read_at", "sent_at", "priority", "channel", "status", "metadata", "tags", "updated_at", "created_at") values (1, info, Dignissimos dolor., Pariatur eaque assumenda molestias animi commodi molestiae atque in. Et consequatur impedit praesentium est. Fuga sed esse nesciunt et dolorem., [], ?, ?, 1, email, failed, {"source":"quia","timestamp":1508795775}, ["qui","accusamus","ut"], 2025-10-10 20:40:08, 2025-10-10 20:40:08))

C:\Users\Gaser\Desktop\COPRRA\vendor\laravel\framework\src\Illuminate\Database\Connection.php:824
C:\Users\Gaser\Desktop\COPRRA\vendor\laravel\framework\src\Illuminate\Database\Connection.php:778
C:\Users\Gaser\Desktop\COPRRA\vendor\laravel\framework\src\Illuminate\Database\Connection.php:559
C:\Users\Gaser\Desktop\COPRRA\vendor\laravel\framework\src\Illuminate\Database\Connection.php:523
C:\Users\Gaser\Desktop\COPRRA\vendor\laravel\framework\src\Illuminate\Database\Query\Processors\Processor.php:32
C:\Users\Gaser\Desktop\COPRRA\vendor\laravel\framework\src\Illuminate\Database\Query\Builder.php:3853
C:\Users\Gaser\Desktop\COPRRA\vendor\laravel\framework\src\Illuminate\Database\Eloquent\Builder.php:2235
C:\Users\Gaser\Desktop\COPRRA\vendor\laravel\framework\src\Illuminate\Database\Eloquent\Model.php:1436
C:\Users\Gaser\Desktop\COPRRA\vendor\laravel\framework\src\Illuminate\Database\Eloquent\Model.php:1401
C:\Users\Gaser\Desktop\COPRRA\vendor\laravel\framework\src\Illuminate\Database\Eloquent\Model.php:1240
C:\Users\Gaser\Desktop\COPRRA\vendor\laravel\framework\src\Illuminate\Database\Eloquent\Factories\Factory.php:370
C:\Users\Gaser\Desktop\COPRRA\vendor\laravel\framework\src\Illuminate\Collections\Traits\EnumeratesValues.php:271
C:\Users\Gaser\Desktop\COPRRA\vendor\laravel\framework\src\Illuminate\Database\Eloquent\Factories\Factory.php:365
C:\Users\Gaser\Desktop\COPRRA\vendor\laravel\framework\src\Illuminate\Database\Eloquent\Factories\Factory.php:321
C:\Users\Gaser\Desktop\COPRRA\vendor\laravel\framework\src\Illuminate\Database\Eloquent\Factories\Factory.php:315
C:\Users\Gaser\Desktop\COPRRA\tests\Feature\Models\NotificationTest.php:674

Caused by
PDOException: SQLSTATE[23000]: Integrity constraint violation: 19 FOREIGN KEY constraint failed

C:\Users\Gaser\Desktop\COPRRA\vendor\laravel\framework\src\Illuminate\Database\Connection.php:570
C:\Users\Gaser\Desktop\COPRRA\vendor\laravel\framework\src\Illuminate\Database\Connection.php:811
C:\Users\Gaser\Desktop\COPRRA\vendor\laravel\framework\src\Illuminate\Database\Connection.php:778
C:\Users\Gaser\Desktop\COPRRA\vendor\laravel\framework\src\Illuminate\Database\Connection.php:559
C:\Users\Gaser\Desktop\COPRRA\vendor\laravel\framework\src\Illuminate\Database\Connection.php:523
C:\Users\Gaser\Desktop\COPRRA\vendor\laravel\framework\src\Illuminate\Database\Query\Processors\Processor.php:32
C:\Users\Gaser\Desktop\COPRRA\vendor\laravel\framework\src\Illuminate\Database\Query\Builder.php:3853
C:\Users\Gaser\Desktop\COPRRA\vendor\laravel\framework\src\Illuminate\Database\Eloquent\Builder.php:2235
C:\Users\Gaser\Desktop\COPRRA\vendor\laravel\framework\src\Illuminate\Database\Eloquent\Model.php:1436
C:\Users\Gaser\Desktop\COPRRA\vendor\laravel\framework\src\Illuminate\Database\Eloquent\Model.php:1401
C:\Users\Gaser\Desktop\COPRRA\vendor\laravel\framework\src\Illuminate\Database\Eloquent\Model.php:1240
C:\Users\Gaser\Desktop\COPRRA\vendor\laravel\framework\src\Illuminate\Database\Eloquent\Factories\Factory.php:370
C:\Users\Gaser\Desktop\COPRRA\vendor\laravel\framework\src\Illuminate\Collections\Traits\EnumeratesValues.php:271
C:\Users\Gaser\Desktop\COPRRA\vendor\laravel\framework\src\Illuminate\Database\Eloquent\Factories\Factory.php:365
C:\Users\Gaser\Desktop\COPRRA\vendor\laravel\framework\src\Illuminate\Database\Eloquent\Factories\Factory.php:321
C:\Users\Gaser\Desktop\COPRRA\vendor\laravel\framework\src\Illuminate\Database\Eloquent\Factories\Factory.php:315
C:\Users\Gaser\Desktop\COPRRA\tests\Feature\Models\NotificationTest.php:674

126) Tests\Feature\Models\NotificationTest::test_add_tag
Illuminate\Database\QueryException: SQLSTATE[23000]: Integrity constraint violation: 19 FOREIGN KEY constraint failed (Connection: sqlite, SQL: insert into "custom_notifications" ("user_id", "type", "title", "message", "data", "read_at", "sent_at", "priority", "channel", "status", "metadata", "tags", "updated_at", "created_at") values (1, info, Enim assumenda molestias ut., Voluptatem consectetur sed alias fuga iste similique. Illo excepturi qui qui iure eos rem. Repellat consequatur aspernatur aut et illo doloremque totam asperiores., {"tags":["urgent"]}, ?, ?, 4, push, pending, {"source":"ad","timestamp":937583515}, ["ea","veritatis","occaecati"], 2025-10-10 20:40:08, 2025-10-10 20:40:08))

C:\Users\Gaser\Desktop\COPRRA\vendor\laravel\framework\src\Illuminate\Database\Connection.php:824
C:\Users\Gaser\Desktop\COPRRA\vendor\laravel\framework\src\Illuminate\Database\Connection.php:778
C:\Users\Gaser\Desktop\COPRRA\vendor\laravel\framework\src\Illuminate\Database\Connection.php:559
C:\Users\Gaser\Desktop\COPRRA\vendor\laravel\framework\src\Illuminate\Database\Connection.php:523
C:\Users\Gaser\Desktop\COPRRA\vendor\laravel\framework\src\Illuminate\Database\Query\Processors\Processor.php:32
C:\Users\Gaser\Desktop\COPRRA\vendor\laravel\framework\src\Illuminate\Database\Query\Builder.php:3853
C:\Users\Gaser\Desktop\COPRRA\vendor\laravel\framework\src\Illuminate\Database\Eloquent\Builder.php:2235
C:\Users\Gaser\Desktop\COPRRA\vendor\laravel\framework\src\Illuminate\Database\Eloquent\Model.php:1436
C:\Users\Gaser\Desktop\COPRRA\vendor\laravel\framework\src\Illuminate\Database\Eloquent\Model.php:1401
C:\Users\Gaser\Desktop\COPRRA\vendor\laravel\framework\src\Illuminate\Database\Eloquent\Model.php:1240
C:\Users\Gaser\Desktop\COPRRA\vendor\laravel\framework\src\Illuminate\Database\Eloquent\Factories\Factory.php:370
C:\Users\Gaser\Desktop\COPRRA\vendor\laravel\framework\src\Illuminate\Collections\Traits\EnumeratesValues.php:271
C:\Users\Gaser\Desktop\COPRRA\vendor\laravel\framework\src\Illuminate\Database\Eloquent\Factories\Factory.php:365
C:\Users\Gaser\Desktop\COPRRA\vendor\laravel\framework\src\Illuminate\Database\Eloquent\Factories\Factory.php:321
C:\Users\Gaser\Desktop\COPRRA\vendor\laravel\framework\src\Illuminate\Database\Eloquent\Factories\Factory.php:315
C:\Users\Gaser\Desktop\COPRRA\tests\Feature\Models\NotificationTest.php:685

Caused by
PDOException: SQLSTATE[23000]: Integrity constraint violation: 19 FOREIGN KEY constraint failed

C:\Users\Gaser\Desktop\COPRRA\vendor\laravel\framework\src\Illuminate\Database\Connection.php:570
C:\Users\Gaser\Desktop\COPRRA\vendor\laravel\framework\src\Illuminate\Database\Connection.php:811
C:\Users\Gaser\Desktop\COPRRA\vendor\laravel\framework\src\Illuminate\Database\Connection.php:778
C:\Users\Gaser\Desktop\COPRRA\vendor\laravel\framework\src\Illuminate\Database\Connection.php:559
C:\Users\Gaser\Desktop\COPRRA\vendor\laravel\framework\src\Illuminate\Database\Connection.php:523
C:\Users\Gaser\Desktop\COPRRA\vendor\laravel\framework\src\Illuminate\Database\Query\Processors\Processor.php:32
C:\Users\Gaser\Desktop\COPRRA\vendor\laravel\framework\src\Illuminate\Database\Query\Builder.php:3853
C:\Users\Gaser\Desktop\COPRRA\vendor\laravel\framework\src\Illuminate\Database\Eloquent\Builder.php:2235
C:\Users\Gaser\Desktop\COPRRA\vendor\laravel\framework\src\Illuminate\Database\Eloquent\Model.php:1436
C:\Users\Gaser\Desktop\COPRRA\vendor\laravel\framework\src\Illuminate\Database\Eloquent\Model.php:1401
C:\Users\Gaser\Desktop\COPRRA\vendor\laravel\framework\src\Illuminate\Database\Eloquent\Model.php:1240
C:\Users\Gaser\Desktop\COPRRA\vendor\laravel\framework\src\Illuminate\Database\Eloquent\Factories\Factory.php:370
C:\Users\Gaser\Desktop\COPRRA\vendor\laravel\framework\src\Illuminate\Collections\Traits\EnumeratesValues.php:271
C:\Users\Gaser\Desktop\COPRRA\vendor\laravel\framework\src\Illuminate\Database\Eloquent\Factories\Factory.php:365
C:\Users\Gaser\Desktop\COPRRA\vendor\laravel\framework\src\Illuminate\Database\Eloquent\Factories\Factory.php:321
C:\Users\Gaser\Desktop\COPRRA\vendor\laravel\framework\src\Illuminate\Database\Eloquent\Factories\Factory.php:315
C:\Users\Gaser\Desktop\COPRRA\tests\Feature\Models\NotificationTest.php:685

127) Tests\Feature\Models\NotificationTest::test_add_existing_tag
Illuminate\Database\QueryException: SQLSTATE[23000]: Integrity constraint violation: 19 FOREIGN KEY constraint failed (Connection: sqlite, SQL: insert into "custom_notifications" ("user_id", "type", "title", "message", "data", "read_at", "sent_at", "priority", "channel", "status", "metadata", "tags", "updated_at", "created_at") values (1, error, Ut neque voluptatem., Dolorum qui sit iste cupiditate aut. Est impedit repellat maxime vel qui dicta. Est debitis placeat sit debitis., {"tags":["urgent"]}, ?, ?, 5, push, failed, {"source":"quibusdam","timestamp":1500021780}, ["et","mollitia","atque"], 2025-10-10 20:40:08, 2025-10-10 20:40:08))

C:\Users\Gaser\Desktop\COPRRA\vendor\laravel\framework\src\Illuminate\Database\Connection.php:824
C:\Users\Gaser\Desktop\COPRRA\vendor\laravel\framework\src\Illuminate\Database\Connection.php:778
C:\Users\Gaser\Desktop\COPRRA\vendor\laravel\framework\src\Illuminate\Database\Connection.php:559
C:\Users\Gaser\Desktop\COPRRA\vendor\laravel\framework\src\Illuminate\Database\Connection.php:523
C:\Users\Gaser\Desktop\COPRRA\vendor\laravel\framework\src\Illuminate\Database\Query\Processors\Processor.php:32
C:\Users\Gaser\Desktop\COPRRA\vendor\laravel\framework\src\Illuminate\Database\Query\Builder.php:3853
C:\Users\Gaser\Desktop\COPRRA\vendor\laravel\framework\src\Illuminate\Database\Eloquent\Builder.php:2235
C:\Users\Gaser\Desktop\COPRRA\vendor\laravel\framework\src\Illuminate\Database\Eloquent\Model.php:1436
C:\Users\Gaser\Desktop\COPRRA\vendor\laravel\framework\src\Illuminate\Database\Eloquent\Model.php:1401
C:\Users\Gaser\Desktop\COPRRA\vendor\laravel\framework\src\Illuminate\Database\Eloquent\Model.php:1240
C:\Users\Gaser\Desktop\COPRRA\vendor\laravel\framework\src\Illuminate\Database\Eloquent\Factories\Factory.php:370
C:\Users\Gaser\Desktop\COPRRA\vendor\laravel\framework\src\Illuminate\Collections\Traits\EnumeratesValues.php:271
C:\Users\Gaser\Desktop\COPRRA\vendor\laravel\framework\src\Illuminate\Database\Eloquent\Factories\Factory.php:365
C:\Users\Gaser\Desktop\COPRRA\vendor\laravel\framework\src\Illuminate\Database\Eloquent\Factories\Factory.php:321
C:\Users\Gaser\Desktop\COPRRA\vendor\laravel\framework\src\Illuminate\Database\Eloquent\Factories\Factory.php:315
C:\Users\Gaser\Desktop\COPRRA\tests\Feature\Models\NotificationTest.php:696

Caused by
PDOException: SQLSTATE[23000]: Integrity constraint violation: 19 FOREIGN KEY constraint failed

C:\Users\Gaser\Desktop\COPRRA\vendor\laravel\framework\src\Illuminate\Database\Connection.php:570
C:\Users\Gaser\Desktop\COPRRA\vendor\laravel\framework\src\Illuminate\Database\Connection.php:811
C:\Users\Gaser\Desktop\COPRRA\vendor\laravel\framework\src\Illuminate\Database\Connection.php:778
C:\Users\Gaser\Desktop\COPRRA\vendor\laravel\framework\src\Illuminate\Database\Connection.php:559
C:\Users\Gaser\Desktop\COPRRA\vendor\laravel\framework\src\Illuminate\Database\Connection.php:523
C:\Users\Gaser\Desktop\COPRRA\vendor\laravel\framework\src\Illuminate\Database\Query\Processors\Processor.php:32
C:\Users\Gaser\Desktop\COPRRA\vendor\laravel\framework\src\Illuminate\Database\Query\Builder.php:3853
C:\Users\Gaser\Desktop\COPRRA\vendor\laravel\framework\src\Illuminate\Database\Eloquent\Builder.php:2235
C:\Users\Gaser\Desktop\COPRRA\vendor\laravel\framework\src\Illuminate\Database\Eloquent\Model.php:1436
C:\Users\Gaser\Desktop\COPRRA\vendor\laravel\framework\src\Illuminate\Database\Eloquent\Model.php:1401
C:\Users\Gaser\Desktop\COPRRA\vendor\laravel\framework\src\Illuminate\Database\Eloquent\Model.php:1240
C:\Users\Gaser\Desktop\COPRRA\vendor\laravel\framework\src\Illuminate\Database\Eloquent\Factories\Factory.php:370
C:\Users\Gaser\Desktop\COPRRA\vendor\laravel\framework\src\Illuminate\Collections\Traits\EnumeratesValues.php:271
C:\Users\Gaser\Desktop\COPRRA\vendor\laravel\framework\src\Illuminate\Database\Eloquent\Factories\Factory.php:365
C:\Users\Gaser\Desktop\COPRRA\vendor\laravel\framework\src\Illuminate\Database\Eloquent\Factories\Factory.php:321
C:\Users\Gaser\Desktop\COPRRA\vendor\laravel\framework\src\Illuminate\Database\Eloquent\Factories\Factory.php:315
C:\Users\Gaser\Desktop\COPRRA\tests\Feature\Models\NotificationTest.php:696

128) Tests\Feature\Models\NotificationTest::test_remove_tag
Illuminate\Database\QueryException: SQLSTATE[23000]: Integrity constraint violation: 19 FOREIGN KEY constraint failed (Connection: sqlite, SQL: insert into "custom_notifications" ("user_id", "type", "title", "message", "data", "read_at", "sent_at", "priority", "channel", "status", "metadata", "tags", "updated_at", "created_at") values (1, error, Occaecati et tenetur., Voluptas nulla delectus nesciunt minima ducimus aut. Sed et nemo facilis eveniet sit., {"tags":["urgent","system"]}, ?, ?, 4, database, pending, {"source":"possimus","timestamp":1530869764}, ["et","ut","voluptatem"], 2025-10-10 20:40:08, 2025-10-10 20:40:08))

C:\Users\Gaser\Desktop\COPRRA\vendor\laravel\framework\src\Illuminate\Database\Connection.php:824
C:\Users\Gaser\Desktop\COPRRA\vendor\laravel\framework\src\Illuminate\Database\Connection.php:778
C:\Users\Gaser\Desktop\COPRRA\vendor\laravel\framework\src\Illuminate\Database\Connection.php:559
C:\Users\Gaser\Desktop\COPRRA\vendor\laravel\framework\src\Illuminate\Database\Connection.php:523
C:\Users\Gaser\Desktop\COPRRA\vendor\laravel\framework\src\Illuminate\Database\Query\Processors\Processor.php:32
C:\Users\Gaser\Desktop\COPRRA\vendor\laravel\framework\src\Illuminate\Database\Query\Builder.php:3853
C:\Users\Gaser\Desktop\COPRRA\vendor\laravel\framework\src\Illuminate\Database\Eloquent\Builder.php:2235
C:\Users\Gaser\Desktop\COPRRA\vendor\laravel\framework\src\Illuminate\Database\Eloquent\Model.php:1436
C:\Users\Gaser\Desktop\COPRRA\vendor\laravel\framework\src\Illuminate\Database\Eloquent\Model.php:1401
C:\Users\Gaser\Desktop\COPRRA\vendor\laravel\framework\src\Illuminate\Database\Eloquent\Model.php:1240
C:\Users\Gaser\Desktop\COPRRA\vendor\laravel\framework\src\Illuminate\Database\Eloquent\Factories\Factory.php:370
C:\Users\Gaser\Desktop\COPRRA\vendor\laravel\framework\src\Illuminate\Collections\Traits\EnumeratesValues.php:271
C:\Users\Gaser\Desktop\COPRRA\vendor\laravel\framework\src\Illuminate\Database\Eloquent\Factories\Factory.php:365
C:\Users\Gaser\Desktop\COPRRA\vendor\laravel\framework\src\Illuminate\Database\Eloquent\Factories\Factory.php:321
C:\Users\Gaser\Desktop\COPRRA\vendor\laravel\framework\src\Illuminate\Database\Eloquent\Factories\Factory.php:315
C:\Users\Gaser\Desktop\COPRRA\tests\Feature\Models\NotificationTest.php:707

Caused by
PDOException: SQLSTATE[23000]: Integrity constraint violation: 19 FOREIGN KEY constraint failed

C:\Users\Gaser\Desktop\COPRRA\vendor\laravel\framework\src\Illuminate\Database\Connection.php:570
C:\Users\Gaser\Desktop\COPRRA\vendor\laravel\framework\src\Illuminate\Database\Connection.php:811
C:\Users\Gaser\Desktop\COPRRA\vendor\laravel\framework\src\Illuminate\Database\Connection.php:778
C:\Users\Gaser\Desktop\COPRRA\vendor\laravel\framework\src\Illuminate\Database\Connection.php:559
C:\Users\Gaser\Desktop\COPRRA\vendor\laravel\framework\src\Illuminate\Database\Connection.php:523
C:\Users\Gaser\Desktop\COPRRA\vendor\laravel\framework\src\Illuminate\Database\Query\Processors\Processor.php:32
C:\Users\Gaser\Desktop\COPRRA\vendor\laravel\framework\src\Illuminate\Database\Query\Builder.php:3853
C:\Users\Gaser\Desktop\COPRRA\vendor\laravel\framework\src\Illuminate\Database\Eloquent\Builder.php:2235
C:\Users\Gaser\Desktop\COPRRA\vendor\laravel\framework\src\Illuminate\Database\Eloquent\Model.php:1436
C:\Users\Gaser\Desktop\COPRRA\vendor\laravel\framework\src\Illuminate\Database\Eloquent\Model.php:1401
C:\Users\Gaser\Desktop\COPRRA\vendor\laravel\framework\src\Illuminate\Database\Eloquent\Model.php:1240
C:\Users\Gaser\Desktop\COPRRA\vendor\laravel\framework\src\Illuminate\Database\Eloquent\Factories\Factory.php:370
C:\Users\Gaser\Desktop\COPRRA\vendor\laravel\framework\src\Illuminate\Collections\Traits\EnumeratesValues.php:271
C:\Users\Gaser\Desktop\COPRRA\vendor\laravel\framework\src\Illuminate\Database\Eloquent\Factories\Factory.php:365
C:\Users\Gaser\Desktop\COPRRA\vendor\laravel\framework\src\Illuminate\Database\Eloquent\Factories\Factory.php:321
C:\Users\Gaser\Desktop\COPRRA\vendor\laravel\framework\src\Illuminate\Database\Eloquent\Factories\Factory.php:315
C:\Users\Gaser\Desktop\COPRRA\tests\Feature\Models\NotificationTest.php:707

129) Tests\Feature\Models\NotificationTest::test_has_tag
Illuminate\Database\QueryException: SQLSTATE[23000]: Integrity constraint violation: 19 FOREIGN KEY constraint failed (Connection: sqlite, SQL: insert into "custom_notifications" ("user_id", "type", "title", "message", "data", "read_at", "sent_at", "priority", "channel", "status", "metadata", "tags", "updated_at", "created_at") values (1, warning, Adipisci accusantium sed nulla., Quae rerum error possimus illo sit corporis velit. Perspiciatis veritatis architecto dolores et. Aut aut voluptates maiores quia error non., {"tags":["urgent","system"]}, ?, ?, 1, database, failed, {"source":"repellendus","timestamp":347796269}, ["amet","voluptatum","tempore"], 2025-10-10 20:40:08, 2025-10-10 20:40:08))

C:\Users\Gaser\Desktop\COPRRA\vendor\laravel\framework\src\Illuminate\Database\Connection.php:824
C:\Users\Gaser\Desktop\COPRRA\vendor\laravel\framework\src\Illuminate\Database\Connection.php:778
C:\Users\Gaser\Desktop\COPRRA\vendor\laravel\framework\src\Illuminate\Database\Connection.php:559
C:\Users\Gaser\Desktop\COPRRA\vendor\laravel\framework\src\Illuminate\Database\Connection.php:523
C:\Users\Gaser\Desktop\COPRRA\vendor\laravel\framework\src\Illuminate\Database\Query\Processors\Processor.php:32
C:\Users\Gaser\Desktop\COPRRA\vendor\laravel\framework\src\Illuminate\Database\Query\Builder.php:3853
C:\Users\Gaser\Desktop\COPRRA\vendor\laravel\framework\src\Illuminate\Database\Eloquent\Builder.php:2235
C:\Users\Gaser\Desktop\COPRRA\vendor\laravel\framework\src\Illuminate\Database\Eloquent\Model.php:1436
C:\Users\Gaser\Desktop\COPRRA\vendor\laravel\framework\src\Illuminate\Database\Eloquent\Model.php:1401
C:\Users\Gaser\Desktop\COPRRA\vendor\laravel\framework\src\Illuminate\Database\Eloquent\Model.php:1240
C:\Users\Gaser\Desktop\COPRRA\vendor\laravel\framework\src\Illuminate\Database\Eloquent\Factories\Factory.php:370
C:\Users\Gaser\Desktop\COPRRA\vendor\laravel\framework\src\Illuminate\Collections\Traits\EnumeratesValues.php:271
C:\Users\Gaser\Desktop\COPRRA\vendor\laravel\framework\src\Illuminate\Database\Eloquent\Factories\Factory.php:365
C:\Users\Gaser\Desktop\COPRRA\vendor\laravel\framework\src\Illuminate\Database\Eloquent\Factories\Factory.php:321
C:\Users\Gaser\Desktop\COPRRA\vendor\laravel\framework\src\Illuminate\Database\Eloquent\Factories\Factory.php:315
C:\Users\Gaser\Desktop\COPRRA\tests\Feature\Models\NotificationTest.php:718

Caused by
PDOException: SQLSTATE[23000]: Integrity constraint violation: 19 FOREIGN KEY constraint failed

C:\Users\Gaser\Desktop\COPRRA\vendor\laravel\framework\src\Illuminate\Database\Connection.php:570
C:\Users\Gaser\Desktop\COPRRA\vendor\laravel\framework\src\Illuminate\Database\Connection.php:811
C:\Users\Gaser\Desktop\COPRRA\vendor\laravel\framework\src\Illuminate\Database\Connection.php:778
C:\Users\Gaser\Desktop\COPRRA\vendor\laravel\framework\src\Illuminate\Database\Connection.php:559
C:\Users\Gaser\Desktop\COPRRA\vendor\laravel\framework\src\Illuminate\Database\Connection.php:523
C:\Users\Gaser\Desktop\COPRRA\vendor\laravel\framework\src\Illuminate\Database\Query\Processors\Processor.php:32
C:\Users\Gaser\Desktop\COPRRA\vendor\laravel\framework\src\Illuminate\Database\Query\Builder.php:3853
C:\Users\Gaser\Desktop\COPRRA\vendor\laravel\framework\src\Illuminate\Database\Eloquent\Builder.php:2235
C:\Users\Gaser\Desktop\COPRRA\vendor\laravel\framework\src\Illuminate\Database\Eloquent\Model.php:1436
C:\Users\Gaser\Desktop\COPRRA\vendor\laravel\framework\src\Illuminate\Database\Eloquent\Model.php:1401
C:\Users\Gaser\Desktop\COPRRA\vendor\laravel\framework\src\Illuminate\Database\Eloquent\Model.php:1240
C:\Users\Gaser\Desktop\COPRRA\vendor\laravel\framework\src\Illuminate\Database\Eloquent\Factories\Factory.php:370
C:\Users\Gaser\Desktop\COPRRA\vendor\laravel\framework\src\Illuminate\Collections\Traits\EnumeratesValues.php:271
C:\Users\Gaser\Desktop\COPRRA\vendor\laravel\framework\src\Illuminate\Database\Eloquent\Factories\Factory.php:365
C:\Users\Gaser\Desktop\COPRRA\vendor\laravel\framework\src\Illuminate\Database\Eloquent\Factories\Factory.php:321
C:\Users\Gaser\Desktop\COPRRA\vendor\laravel\framework\src\Illuminate\Database\Eloquent\Factories\Factory.php:315
C:\Users\Gaser\Desktop\COPRRA\tests\Feature\Models\NotificationTest.php:718

130) Tests\Feature\Models\PaymentMethodTest::it_can_create_a_payment_method
Error: Class "Database\Factories\PaymentMethodFactory" not found

C:\Users\Gaser\Desktop\COPRRA\vendor\laravel\framework\src\Illuminate\Database\Eloquent\Factories\Factory.php:919
C:\Users\Gaser\Desktop\COPRRA\vendor\laravel\framework\src\Illuminate\Database\Eloquent\Factories\HasFactory.php:21
C:\Users\Gaser\Desktop\COPRRA\tests\Feature\Models\PaymentMethodTest.php:17

131) Tests\Feature\Models\PaymentMethodTest::it_casts_attributes_correctly
Error: Class "Database\Factories\PaymentMethodFactory" not found

C:\Users\Gaser\Desktop\COPRRA\vendor\laravel\framework\src\Illuminate\Database\Eloquent\Factories\Factory.php:919
C:\Users\Gaser\Desktop\COPRRA\vendor\laravel\framework\src\Illuminate\Database\Eloquent\Factories\HasFactory.php:21
C:\Users\Gaser\Desktop\COPRRA\tests\Feature\Models\PaymentMethodTest.php:46

132) Tests\Feature\Models\PaymentMethodTest::it_has_many_payments
Error: Class "Database\Factories\PaymentMethodFactory" not found

C:\Users\Gaser\Desktop\COPRRA\vendor\laravel\framework\src\Illuminate\Database\Eloquent\Factories\Factory.php:919
C:\Users\Gaser\Desktop\COPRRA\vendor\laravel\framework\src\Illuminate\Database\Eloquent\Factories\HasFactory.php:21
C:\Users\Gaser\Desktop\COPRRA\tests\Feature\Models\PaymentMethodTest.php:63

133) Tests\Feature\Models\PaymentMethodTest::it_has_active_scope
Error: Class "Database\Factories\PaymentMethodFactory" not found

C:\Users\Gaser\Desktop\COPRRA\vendor\laravel\framework\src\Illuminate\Database\Eloquent\Factories\Factory.php:919
C:\Users\Gaser\Desktop\COPRRA\vendor\laravel\framework\src\Illuminate\Database\Eloquent\Factories\HasFactory.php:21
C:\Users\Gaser\Desktop\COPRRA\tests\Feature\Models\PaymentMethodTest.php:75

134) Tests\Feature\Models\PaymentMethodTest::it_has_default_scope
Error: Class "Database\Factories\PaymentMethodFactory" not found

C:\Users\Gaser\Desktop\COPRRA\vendor\laravel\framework\src\Illuminate\Database\Eloquent\Factories\Factory.php:919
C:\Users\Gaser\Desktop\COPRRA\vendor\laravel\framework\src\Illuminate\Database\Eloquent\Factories\HasFactory.php:21
C:\Users\Gaser\Desktop\COPRRA\tests\Feature\Models\PaymentMethodTest.php:87

135) Tests\Feature\Models\PaymentTest::test_it_can_create_a_payment
Error: Class "Database\Factories\PaymentMethodFactory" not found

C:\Users\Gaser\Desktop\COPRRA\vendor\laravel\framework\src\Illuminate\Database\Eloquent\Factories\Factory.php:919
C:\Users\Gaser\Desktop\COPRRA\vendor\laravel\framework\src\Illuminate\Database\Eloquent\Factories\HasFactory.php:21
C:\Users\Gaser\Desktop\COPRRA\tests\Feature\Models\PaymentTest.php:23

136) Tests\Feature\Models\PaymentTest::test_payment_relationships
Error: Class "Database\Factories\PaymentMethodFactory" not found

C:\Users\Gaser\Desktop\COPRRA\vendor\laravel\framework\src\Illuminate\Database\Eloquent\Factories\Factory.php:919
C:\Users\Gaser\Desktop\COPRRA\vendor\laravel\framework\src\Illuminate\Database\Eloquent\Factories\HasFactory.php:21
C:\Users\Gaser\Desktop\COPRRA\tests\Feature\Models\PaymentTest.php:53

137) Tests\Feature\Models\PriceAlertTest::test_activate
BadMethodCallException: Call to undefined method App\Models\PriceAlert::activate()

C:\Users\Gaser\Desktop\COPRRA\vendor\laravel\framework\src\Illuminate\Support\Traits\ForwardsCalls.php:67
C:\Users\Gaser\Desktop\COPRRA\vendor\laravel\framework\src\Illuminate\Support\Traits\ForwardsCalls.php:36
C:\Users\Gaser\Desktop\COPRRA\vendor\laravel\framework\src\Illuminate\Database\Eloquent\Model.php:2540
C:\Users\Gaser\Desktop\COPRRA\tests\Feature\Models\PriceAlertTest.php:157

138) Tests\Feature\Models\PriceAlertTest::test_deactivate
BadMethodCallException: Call to undefined method App\Models\PriceAlert::deactivate()

C:\Users\Gaser\Desktop\COPRRA\vendor\laravel\framework\src\Illuminate\Support\Traits\ForwardsCalls.php:67
C:\Users\Gaser\Desktop\COPRRA\vendor\laravel\framework\src\Illuminate\Support\Traits\ForwardsCalls.php:36
C:\Users\Gaser\Desktop\COPRRA\vendor\laravel\framework\src\Illuminate\Database\Eloquent\Model.php:2540
C:\Users\Gaser\Desktop\COPRRA\tests\Feature\Models\PriceAlertTest.php:169

139) Tests\Feature\Models\PriceAlertTest::test_validation_passes_with_valid_data
BadMethodCallException: Call to undefined method App\Models\PriceAlert::validate()

C:\Users\Gaser\Desktop\COPRRA\vendor\laravel\framework\src\Illuminate\Support\Traits\ForwardsCalls.php:67
C:\Users\Gaser\Desktop\COPRRA\vendor\laravel\framework\src\Illuminate\Support\Traits\ForwardsCalls.php:36
C:\Users\Gaser\Desktop\COPRRA\vendor\laravel\framework\src\Illuminate\Database\Eloquent\Model.php:2540
C:\Users\Gaser\Desktop\COPRRA\tests\Feature\Models\PriceAlertTest.php:188

140) Tests\Feature\Models\PriceAlertTest::test_validation_fails_with_missing_required_fields
BadMethodCallException: Call to undefined method App\Models\PriceAlert::validate()

C:\Users\Gaser\Desktop\COPRRA\vendor\laravel\framework\src\Illuminate\Support\Traits\ForwardsCalls.php:67
C:\Users\Gaser\Desktop\COPRRA\vendor\laravel\framework\src\Illuminate\Support\Traits\ForwardsCalls.php:36
C:\Users\Gaser\Desktop\COPRRA\vendor\laravel\framework\src\Illuminate\Database\Eloquent\Model.php:2540
C:\Users\Gaser\Desktop\COPRRA\tests\Feature\Models\PriceAlertTest.php:197

141) Tests\Feature\Models\PriceAlertTest::test_validation_fails_with_invalid_target_price
BadMethodCallException: Call to undefined method App\Models\PriceAlert::validate()

C:\Users\Gaser\Desktop\COPRRA\vendor\laravel\framework\src\Illuminate\Support\Traits\ForwardsCalls.php:67
C:\Users\Gaser\Desktop\COPRRA\vendor\laravel\framework\src\Illuminate\Support\Traits\ForwardsCalls.php:36
C:\Users\Gaser\Desktop\COPRRA\vendor\laravel\framework\src\Illuminate\Database\Eloquent\Model.php:2540
C:\Users\Gaser\Desktop\COPRRA\tests\Feature\Models\PriceAlertTest.php:216

142) Tests\Feature\Models\RewardTest::it_can_create_a_reward
Error: Class "Database\Factories\RewardFactory" not found

C:\Users\Gaser\Desktop\COPRRA\vendor\laravel\framework\src\Illuminate\Database\Eloquent\Factories\Factory.php:919
C:\Users\Gaser\Desktop\COPRRA\vendor\laravel\framework\src\Illuminate\Database\Eloquent\Factories\HasFactory.php:21
C:\Users\Gaser\Desktop\COPRRA\tests\Feature\Models\RewardTest.php:17

143) Tests\Feature\Models\RewardTest::it_casts_attributes_correctly
Error: Class "Database\Factories\RewardFactory" not found

C:\Users\Gaser\Desktop\COPRRA\vendor\laravel\framework\src\Illuminate\Database\Eloquent\Factories\Factory.php:919
C:\Users\Gaser\Desktop\COPRRA\vendor\laravel\framework\src\Illuminate\Database\Eloquent\Factories\HasFactory.php:21
C:\Users\Gaser\Desktop\COPRRA\tests\Feature\Models\RewardTest.php:51

144) Tests\Feature\Models\RewardTest::it_has_active_scope
Error: Class "Database\Factories\RewardFactory" not found

C:\Users\Gaser\Desktop\COPRRA\vendor\laravel\framework\src\Illuminate\Database\Eloquent\Factories\Factory.php:919
C:\Users\Gaser\Desktop\COPRRA\vendor\laravel\framework\src\Illuminate\Database\Eloquent\Factories\HasFactory.php:21
C:\Users\Gaser\Desktop\COPRRA\tests\Feature\Models\RewardTest.php:70

145) Tests\Feature\Models\RewardTest::it_has_available_for_points_scope
Error: Class "Database\Factories\RewardFactory" not found

C:\Users\Gaser\Desktop\COPRRA\vendor\laravel\framework\src\Illuminate\Database\Eloquent\Factories\Factory.php:919
C:\Users\Gaser\Desktop\COPRRA\vendor\laravel\framework\src\Illuminate\Database\Eloquent\Factories\HasFactory.php:21
C:\Users\Gaser\Desktop\COPRRA\tests\Feature\Models\RewardTest.php:100

146) Tests\Feature\Models\UserLocaleSettingTest::test_it_can_create_a_user_locale_setting
ErrorException: include(C:\Users\Gaser\Desktop\COPRRA\vendor\composer/../mockery/mockery/library/Mockery/Exception/NoMatchingExpectationException.php): Failed to open stream: No such file or directory

C:\Users\Gaser\Desktop\COPRRA\vendor\laravel\framework\src\Illuminate\Foundation\Bootstrap\HandleExceptions.php:258
C:\Users\Gaser\Desktop\COPRRA\vendor\laravel\framework\src\Illuminate\Database\DatabaseServiceProvider.php:104
C:\Users\Gaser\Desktop\COPRRA\vendor\laravel\framework\src\Illuminate\Container\Container.php:1154
C:\Users\Gaser\Desktop\COPRRA\vendor\laravel\framework\src\Illuminate\Container\Container.php:972
C:\Users\Gaser\Desktop\COPRRA\vendor\laravel\framework\src\Illuminate\Foundation\Application.php:1078
C:\Users\Gaser\Desktop\COPRRA\vendor\laravel\framework\src\Illuminate\Container\Container.php:903
C:\Users\Gaser\Desktop\COPRRA\vendor\laravel\framework\src\Illuminate\Foundation\Application.php:1058
C:\Users\Gaser\Desktop\COPRRA\vendor\laravel\framework\src\Illuminate\Database\Eloquent\Factories\Factory.php:964
C:\Users\Gaser\Desktop\COPRRA\vendor\laravel\framework\src\Illuminate\Database\Eloquent\Factories\Factory.php:187
C:\Users\Gaser\Desktop\COPRRA\vendor\laravel\framework\src\Illuminate\Database\Eloquent\Factories\Factory.php:207
C:\Users\Gaser\Desktop\COPRRA\vendor\laravel\framework\src\Illuminate\Database\Eloquent\Factories\HasFactory.php:36
C:\Users\Gaser\Desktop\COPRRA\vendor\laravel\framework\src\Illuminate\Database\Eloquent\Factories\HasFactory.php:21
C:\Users\Gaser\Desktop\COPRRA\tests\Feature\Models\UserLocaleSettingTest.php:30

147) Tests\Feature\Models\UserLocaleSettingTest::test_it_casts_attributes_correctly
PDOException: SQLSTATE[HY000]: General error: 1 cannot start a transaction within a transaction

C:\Users\Gaser\Desktop\COPRRA\vendor\laravel\framework\src\Illuminate\Database\SQLiteConnection.php:33
C:\Users\Gaser\Desktop\COPRRA\vendor\laravel\framework\src\Illuminate\Database\Concerns\ManagesTransactions.php:154
C:\Users\Gaser\Desktop\COPRRA\vendor\laravel\framework\src\Illuminate\Database\Concerns\ManagesTransactions.php:130
C:\Users\Gaser\Desktop\COPRRA\vendor\laravel\framework\src\Illuminate\Foundation\Testing\RefreshDatabase.php:129
C:\Users\Gaser\Desktop\COPRRA\vendor\laravel\framework\src\Illuminate\Foundation\Testing\RefreshDatabase.php:91
C:\Users\Gaser\Desktop\COPRRA\vendor\laravel\framework\src\Illuminate\Foundation\Testing\RefreshDatabase.php:25
C:\Users\Gaser\Desktop\COPRRA\vendor\laravel\framework\src\Illuminate\Foundation\Testing\Concerns\InteractsWithTestCaseLifecycle.php:209
C:\Users\Gaser\Desktop\COPRRA\vendor\laravel\framework\src\Illuminate\Foundation\Testing\Concerns\InteractsWithTestCaseLifecycle.php:97
C:\Users\Gaser\Desktop\COPRRA\vendor\laravel\framework\src\Illuminate\Foundation\Testing\TestCase.php:44
C:\Users\Gaser\Desktop\COPRRA\tests\TestCase.php:24
C:\Users\Gaser\Desktop\COPRRA\tests\Feature\Models\UserLocaleSettingTest.php:23

148) Tests\Feature\Models\UserLocaleSettingTest::test_it_belongs_to_user
PDOException: SQLSTATE[HY000]: General error: 1 cannot start a transaction within a transaction

C:\Users\Gaser\Desktop\COPRRA\vendor\laravel\framework\src\Illuminate\Database\SQLiteConnection.php:33
C:\Users\Gaser\Desktop\COPRRA\vendor\laravel\framework\src\Illuminate\Database\Concerns\ManagesTransactions.php:154
C:\Users\Gaser\Desktop\COPRRA\vendor\laravel\framework\src\Illuminate\Database\Concerns\ManagesTransactions.php:130
C:\Users\Gaser\Desktop\COPRRA\vendor\laravel\framework\src\Illuminate\Foundation\Testing\RefreshDatabase.php:129
C:\Users\Gaser\Desktop\COPRRA\vendor\laravel\framework\src\Illuminate\Foundation\Testing\RefreshDatabase.php:91
C:\Users\Gaser\Desktop\COPRRA\vendor\laravel\framework\src\Illuminate\Foundation\Testing\RefreshDatabase.php:25
C:\Users\Gaser\Desktop\COPRRA\vendor\laravel\framework\src\Illuminate\Foundation\Testing\Concerns\InteractsWithTestCaseLifecycle.php:209
C:\Users\Gaser\Desktop\COPRRA\vendor\laravel\framework\src\Illuminate\Foundation\Testing\Concerns\InteractsWithTestCaseLifecycle.php:97
C:\Users\Gaser\Desktop\COPRRA\vendor\laravel\framework\src\Illuminate\Foundation\Testing\TestCase.php:44
C:\Users\Gaser\Desktop\COPRRA\tests\TestCase.php:24
C:\Users\Gaser\Desktop\COPRRA\tests\Feature\Models\UserLocaleSettingTest.php:23

149) Tests\Feature\Models\UserLocaleSettingTest::test_it_belongs_to_language
PDOException: SQLSTATE[HY000]: General error: 1 cannot start a transaction within a transaction

C:\Users\Gaser\Desktop\COPRRA\vendor\laravel\framework\src\Illuminate\Database\SQLiteConnection.php:33
C:\Users\Gaser\Desktop\COPRRA\vendor\laravel\framework\src\Illuminate\Database\Concerns\ManagesTransactions.php:154
C:\Users\Gaser\Desktop\COPRRA\vendor\laravel\framework\src\Illuminate\Database\Concerns\ManagesTransactions.php:130
C:\Users\Gaser\Desktop\COPRRA\vendor\laravel\framework\src\Illuminate\Foundation\Testing\RefreshDatabase.php:129
C:\Users\Gaser\Desktop\COPRRA\vendor\laravel\framework\src\Illuminate\Foundation\Testing\RefreshDatabase.php:91
C:\Users\Gaser\Desktop\COPRRA\vendor\laravel\framework\src\Illuminate\Foundation\Testing\RefreshDatabase.php:25
C:\Users\Gaser\Desktop\COPRRA\vendor\laravel\framework\src\Illuminate\Foundation\Testing\Concerns\InteractsWithTestCaseLifecycle.php:209
C:\Users\Gaser\Desktop\COPRRA\vendor\laravel\framework\src\Illuminate\Foundation\Testing\Concerns\InteractsWithTestCaseLifecycle.php:97
C:\Users\Gaser\Desktop\COPRRA\vendor\laravel\framework\src\Illuminate\Foundation\Testing\TestCase.php:44
C:\Users\Gaser\Desktop\COPRRA\tests\TestCase.php:24
C:\Users\Gaser\Desktop\COPRRA\tests\Feature\Models\UserLocaleSettingTest.php:23

150) Tests\Feature\Models\UserLocaleSettingTest::test_it_belongs_to_currency
PDOException: SQLSTATE[HY000]: General error: 1 cannot start a transaction within a transaction

C:\Users\Gaser\Desktop\COPRRA\vendor\laravel\framework\src\Illuminate\Database\SQLiteConnection.php:33
C:\Users\Gaser\Desktop\COPRRA\vendor\laravel\framework\src\Illuminate\Database\Concerns\ManagesTransactions.php:154
C:\Users\Gaser\Desktop\COPRRA\vendor\laravel\framework\src\Illuminate\Database\Concerns\ManagesTransactions.php:130
C:\Users\Gaser\Desktop\COPRRA\vendor\laravel\framework\src\Illuminate\Foundation\Testing\RefreshDatabase.php:129
C:\Users\Gaser\Desktop\COPRRA\vendor\laravel\framework\src\Illuminate\Foundation\Testing\RefreshDatabase.php:91
C:\Users\Gaser\Desktop\COPRRA\vendor\laravel\framework\src\Illuminate\Foundation\Testing\RefreshDatabase.php:25
C:\Users\Gaser\Desktop\COPRRA\vendor\laravel\framework\src\Illuminate\Foundation\Testing\Concerns\InteractsWithTestCaseLifecycle.php:209
C:\Users\Gaser\Desktop\COPRRA\vendor\laravel\framework\src\Illuminate\Foundation\Testing\Concerns\InteractsWithTestCaseLifecycle.php:97
C:\Users\Gaser\Desktop\COPRRA\vendor\laravel\framework\src\Illuminate\Foundation\Testing\TestCase.php:44
C:\Users\Gaser\Desktop\COPRRA\tests\TestCase.php:24
C:\Users\Gaser\Desktop\COPRRA\tests\Feature\Models\UserLocaleSettingTest.php:23

151) Tests\Feature\Models\UserLocaleSettingTest::test_find_for_user_with_user_id
PDOException: SQLSTATE[HY000]: General error: 1 cannot start a transaction within a transaction

C:\Users\Gaser\Desktop\COPRRA\vendor\laravel\framework\src\Illuminate\Database\SQLiteConnection.php:33
C:\Users\Gaser\Desktop\COPRRA\vendor\laravel\framework\src\Illuminate\Database\Concerns\ManagesTransactions.php:154
C:\Users\Gaser\Desktop\COPRRA\vendor\laravel\framework\src\Illuminate\Database\Concerns\ManagesTransactions.php:130
C:\Users\Gaser\Desktop\COPRRA\vendor\laravel\framework\src\Illuminate\Foundation\Testing\RefreshDatabase.php:129
C:\Users\Gaser\Desktop\COPRRA\vendor\laravel\framework\src\Illuminate\Foundation\Testing\RefreshDatabase.php:91
C:\Users\Gaser\Desktop\COPRRA\vendor\laravel\framework\src\Illuminate\Foundation\Testing\RefreshDatabase.php:25
C:\Users\Gaser\Desktop\COPRRA\vendor\laravel\framework\src\Illuminate\Foundation\Testing\Concerns\InteractsWithTestCaseLifecycle.php:209
C:\Users\Gaser\Desktop\COPRRA\vendor\laravel\framework\src\Illuminate\Foundation\Testing\Concerns\InteractsWithTestCaseLifecycle.php:97
C:\Users\Gaser\Desktop\COPRRA\vendor\laravel\framework\src\Illuminate\Foundation\Testing\TestCase.php:44
C:\Users\Gaser\Desktop\COPRRA\tests\TestCase.php:24
C:\Users\Gaser\Desktop\COPRRA\tests\Feature\Models\UserLocaleSettingTest.php:23

152) Tests\Feature\Models\UserLocaleSettingTest::test_find_for_user_with_session_id
PDOException: SQLSTATE[HY000]: General error: 1 cannot start a transaction within a transaction

C:\Users\Gaser\Desktop\COPRRA\vendor\laravel\framework\src\Illuminate\Database\SQLiteConnection.php:33
C:\Users\Gaser\Desktop\COPRRA\vendor\laravel\framework\src\Illuminate\Database\Concerns\ManagesTransactions.php:154
C:\Users\Gaser\Desktop\COPRRA\vendor\laravel\framework\src\Illuminate\Database\Concerns\ManagesTransactions.php:130
C:\Users\Gaser\Desktop\COPRRA\vendor\laravel\framework\src\Illuminate\Foundation\Testing\RefreshDatabase.php:129
C:\Users\Gaser\Desktop\COPRRA\vendor\laravel\framework\src\Illuminate\Foundation\Testing\RefreshDatabase.php:91
C:\Users\Gaser\Desktop\COPRRA\vendor\laravel\framework\src\Illuminate\Foundation\Testing\RefreshDatabase.php:25
C:\Users\Gaser\Desktop\COPRRA\vendor\laravel\framework\src\Illuminate\Foundation\Testing\Concerns\InteractsWithTestCaseLifecycle.php:209
C:\Users\Gaser\Desktop\COPRRA\vendor\laravel\framework\src\Illuminate\Foundation\Testing\Concerns\InteractsWithTestCaseLifecycle.php:97
C:\Users\Gaser\Desktop\COPRRA\vendor\laravel\framework\src\Illuminate\Foundation\Testing\TestCase.php:44
C:\Users\Gaser\Desktop\COPRRA\tests\TestCase.php:24
C:\Users\Gaser\Desktop\COPRRA\tests\Feature\Models\UserLocaleSettingTest.php:23

153) Tests\Feature\Models\UserLocaleSettingTest::test_find_for_user_returns_latest_when_multiple_exist
PDOException: SQLSTATE[HY000]: General error: 1 cannot start a transaction within a transaction

C:\Users\Gaser\Desktop\COPRRA\vendor\laravel\framework\src\Illuminate\Database\SQLiteConnection.php:33
C:\Users\Gaser\Desktop\COPRRA\vendor\laravel\framework\src\Illuminate\Database\Concerns\ManagesTransactions.php:154
C:\Users\Gaser\Desktop\COPRRA\vendor\laravel\framework\src\Illuminate\Database\Concerns\ManagesTransactions.php:130
C:\Users\Gaser\Desktop\COPRRA\vendor\laravel\framework\src\Illuminate\Foundation\Testing\RefreshDatabase.php:129
C:\Users\Gaser\Desktop\COPRRA\vendor\laravel\framework\src\Illuminate\Foundation\Testing\RefreshDatabase.php:91
C:\Users\Gaser\Desktop\COPRRA\vendor\laravel\framework\src\Illuminate\Foundation\Testing\RefreshDatabase.php:25
C:\Users\Gaser\Desktop\COPRRA\vendor\laravel\framework\src\Illuminate\Foundation\Testing\Concerns\InteractsWithTestCaseLifecycle.php:209
C:\Users\Gaser\Desktop\COPRRA\vendor\laravel\framework\src\Illuminate\Foundation\Testing\Concerns\InteractsWithTestCaseLifecycle.php:97
C:\Users\Gaser\Desktop\COPRRA\vendor\laravel\framework\src\Illuminate\Foundation\Testing\TestCase.php:44
C:\Users\Gaser\Desktop\COPRRA\tests\TestCase.php:24
C:\Users\Gaser\Desktop\COPRRA\tests\Feature\Models\UserLocaleSettingTest.php:23

154) Tests\Feature\Models\UserLocaleSettingTest::test_find_for_user_returns_null_when_no_user_or_session
PDOException: SQLSTATE[HY000]: General error: 1 cannot start a transaction within a transaction

C:\Users\Gaser\Desktop\COPRRA\vendor\laravel\framework\src\Illuminate\Database\SQLiteConnection.php:33
C:\Users\Gaser\Desktop\COPRRA\vendor\laravel\framework\src\Illuminate\Database\Concerns\ManagesTransactions.php:154
C:\Users\Gaser\Desktop\COPRRA\vendor\laravel\framework\src\Illuminate\Database\Concerns\ManagesTransactions.php:130
C:\Users\Gaser\Desktop\COPRRA\vendor\laravel\framework\src\Illuminate\Foundation\Testing\RefreshDatabase.php:129
C:\Users\Gaser\Desktop\COPRRA\vendor\laravel\framework\src\Illuminate\Foundation\Testing\RefreshDatabase.php:91
C:\Users\Gaser\Desktop\COPRRA\vendor\laravel\framework\src\Illuminate\Foundation\Testing\RefreshDatabase.php:25
C:\Users\Gaser\Desktop\COPRRA\vendor\laravel\framework\src\Illuminate\Foundation\Testing\Concerns\InteractsWithTestCaseLifecycle.php:209
C:\Users\Gaser\Desktop\COPRRA\vendor\laravel\framework\src\Illuminate\Foundation\Testing\Concerns\InteractsWithTestCaseLifecycle.php:97
C:\Users\Gaser\Desktop\COPRRA\vendor\laravel\framework\src\Illuminate\Foundation\Testing\TestCase.php:44
C:\Users\Gaser\Desktop\COPRRA\tests\TestCase.php:24
C:\Users\Gaser\Desktop\COPRRA\tests\Feature\Models\UserLocaleSettingTest.php:23

155) Tests\Feature\Models\UserLocaleSettingTest::test_find_for_user_returns_null_when_no_match
PDOException: SQLSTATE[HY000]: General error: 1 cannot start a transaction within a transaction

C:\Users\Gaser\Desktop\COPRRA\vendor\laravel\framework\src\Illuminate\Database\SQLiteConnection.php:33
C:\Users\Gaser\Desktop\COPRRA\vendor\laravel\framework\src\Illuminate\Database\Concerns\ManagesTransactions.php:154
C:\Users\Gaser\Desktop\COPRRA\vendor\laravel\framework\src\Illuminate\Database\Concerns\ManagesTransactions.php:130
C:\Users\Gaser\Desktop\COPRRA\vendor\laravel\framework\src\Illuminate\Foundation\Testing\RefreshDatabase.php:129
C:\Users\Gaser\Desktop\COPRRA\vendor\laravel\framework\src\Illuminate\Foundation\Testing\RefreshDatabase.php:91
C:\Users\Gaser\Desktop\COPRRA\vendor\laravel\framework\src\Illuminate\Foundation\Testing\RefreshDatabase.php:25
C:\Users\Gaser\Desktop\COPRRA\vendor\laravel\framework\src\Illuminate\Foundation\Testing\Concerns\InteractsWithTestCaseLifecycle.php:209
C:\Users\Gaser\Desktop\COPRRA\vendor\laravel\framework\src\Illuminate\Foundation\Testing\Concerns\InteractsWithTestCaseLifecycle.php:97
C:\Users\Gaser\Desktop\COPRRA\vendor\laravel\framework\src\Illuminate\Foundation\Testing\TestCase.php:44
C:\Users\Gaser\Desktop\COPRRA\tests\TestCase.php:24
C:\Users\Gaser\Desktop\COPRRA\tests\Feature\Models\UserLocaleSettingTest.php:23

156) Tests\Feature\Models\UserLocaleSettingTest::test_update_or_create_for_user_with_user_id
PDOException: SQLSTATE[HY000]: General error: 1 cannot start a transaction within a transaction

C:\Users\Gaser\Desktop\COPRRA\vendor\laravel\framework\src\Illuminate\Database\SQLiteConnection.php:33
C:\Users\Gaser\Desktop\COPRRA\vendor\laravel\framework\src\Illuminate\Database\Concerns\ManagesTransactions.php:154
C:\Users\Gaser\Desktop\COPRRA\vendor\laravel\framework\src\Illuminate\Database\Concerns\ManagesTransactions.php:130
C:\Users\Gaser\Desktop\COPRRA\vendor\laravel\framework\src\Illuminate\Foundation\Testing\RefreshDatabase.php:129
C:\Users\Gaser\Desktop\COPRRA\vendor\laravel\framework\src\Illuminate\Foundation\Testing\RefreshDatabase.php:91
C:\Users\Gaser\Desktop\COPRRA\vendor\laravel\framework\src\Illuminate\Foundation\Testing\RefreshDatabase.php:25
C:\Users\Gaser\Desktop\COPRRA\vendor\laravel\framework\src\Illuminate\Foundation\Testing\Concerns\InteractsWithTestCaseLifecycle.php:209
C:\Users\Gaser\Desktop\COPRRA\vendor\laravel\framework\src\Illuminate\Foundation\Testing\Concerns\InteractsWithTestCaseLifecycle.php:97
C:\Users\Gaser\Desktop\COPRRA\vendor\laravel\framework\src\Illuminate\Foundation\Testing\TestCase.php:44
C:\Users\Gaser\Desktop\COPRRA\tests\TestCase.php:24
C:\Users\Gaser\Desktop\COPRRA\tests\Feature\Models\UserLocaleSettingTest.php:23

157) Tests\Feature\Models\UserLocaleSettingTest::test_update_or_create_for_user_with_session_id
PDOException: SQLSTATE[HY000]: General error: 1 cannot start a transaction within a transaction

C:\Users\Gaser\Desktop\COPRRA\vendor\laravel\framework\src\Illuminate\Database\SQLiteConnection.php:33
C:\Users\Gaser\Desktop\COPRRA\vendor\laravel\framework\src\Illuminate\Database\Concerns\ManagesTransactions.php:154
C:\Users\Gaser\Desktop\COPRRA\vendor\laravel\framework\src\Illuminate\Database\Concerns\ManagesTransactions.php:130
C:\Users\Gaser\Desktop\COPRRA\vendor\laravel\framework\src\Illuminate\Foundation\Testing\RefreshDatabase.php:129
C:\Users\Gaser\Desktop\COPRRA\vendor\laravel\framework\src\Illuminate\Foundation\Testing\RefreshDatabase.php:91
C:\Users\Gaser\Desktop\COPRRA\vendor\laravel\framework\src\Illuminate\Foundation\Testing\RefreshDatabase.php:25
C:\Users\Gaser\Desktop\COPRRA\vendor\laravel\framework\src\Illuminate\Foundation\Testing\Concerns\InteractsWithTestCaseLifecycle.php:209
C:\Users\Gaser\Desktop\COPRRA\vendor\laravel\framework\src\Illuminate\Foundation\Testing\Concerns\InteractsWithTestCaseLifecycle.php:97
C:\Users\Gaser\Desktop\COPRRA\vendor\laravel\framework\src\Illuminate\Foundation\Testing\TestCase.php:44
C:\Users\Gaser\Desktop\COPRRA\tests\TestCase.php:24
C:\Users\Gaser\Desktop\COPRRA\tests\Feature\Models\UserLocaleSettingTest.php:23

158) Tests\Feature\Models\UserLocaleSettingTest::test_update_or_create_for_user_updates_existing
PDOException: SQLSTATE[HY000]: General error: 1 cannot start a transaction within a transaction

C:\Users\Gaser\Desktop\COPRRA\vendor\laravel\framework\src\Illuminate\Database\SQLiteConnection.php:33
C:\Users\Gaser\Desktop\COPRRA\vendor\laravel\framework\src\Illuminate\Database\Concerns\ManagesTransactions.php:154
C:\Users\Gaser\Desktop\COPRRA\vendor\laravel\framework\src\Illuminate\Database\Concerns\ManagesTransactions.php:130
C:\Users\Gaser\Desktop\COPRRA\vendor\laravel\framework\src\Illuminate\Foundation\Testing\RefreshDatabase.php:129
C:\Users\Gaser\Desktop\COPRRA\vendor\laravel\framework\src\Illuminate\Foundation\Testing\RefreshDatabase.php:91
C:\Users\Gaser\Desktop\COPRRA\vendor\laravel\framework\src\Illuminate\Foundation\Testing\RefreshDatabase.php:25
C:\Users\Gaser\Desktop\COPRRA\vendor\laravel\framework\src\Illuminate\Foundation\Testing\Concerns\InteractsWithTestCaseLifecycle.php:209
C:\Users\Gaser\Desktop\COPRRA\vendor\laravel\framework\src\Illuminate\Foundation\Testing\Concerns\InteractsWithTestCaseLifecycle.php:97
C:\Users\Gaser\Desktop\COPRRA\vendor\laravel\framework\src\Illuminate\Foundation\Testing\TestCase.php:44
C:\Users\Gaser\Desktop\COPRRA\tests\TestCase.php:24
C:\Users\Gaser\Desktop\COPRRA\tests\Feature\Models\UserLocaleSettingTest.php:23

159) Tests\Feature\Models\UserLocaleSettingTest::test_update_or_create_for_user_throws_exception_without_user_or_session
PDOException: SQLSTATE[HY000]: General error: 1 cannot start a transaction within a transaction

C:\Users\Gaser\Desktop\COPRRA\vendor\laravel\framework\src\Illuminate\Database\SQLiteConnection.php:33
C:\Users\Gaser\Desktop\COPRRA\vendor\laravel\framework\src\Illuminate\Database\Concerns\ManagesTransactions.php:154
C:\Users\Gaser\Desktop\COPRRA\vendor\laravel\framework\src\Illuminate\Database\Concerns\ManagesTransactions.php:130
C:\Users\Gaser\Desktop\COPRRA\vendor\laravel\framework\src\Illuminate\Foundation\Testing\RefreshDatabase.php:129
C:\Users\Gaser\Desktop\COPRRA\vendor\laravel\framework\src\Illuminate\Foundation\Testing\RefreshDatabase.php:91
C:\Users\Gaser\Desktop\COPRRA\vendor\laravel\framework\src\Illuminate\Foundation\Testing\RefreshDatabase.php:25
C:\Users\Gaser\Desktop\COPRRA\vendor\laravel\framework\src\Illuminate\Foundation\Testing\Concerns\InteractsWithTestCaseLifecycle.php:209
C:\Users\Gaser\Desktop\COPRRA\vendor\laravel\framework\src\Illuminate\Foundation\Testing\Concerns\InteractsWithTestCaseLifecycle.php:97
C:\Users\Gaser\Desktop\COPRRA\vendor\laravel\framework\src\Illuminate\Foundation\Testing\TestCase.php:44
C:\Users\Gaser\Desktop\COPRRA\tests\TestCase.php:24
C:\Users\Gaser\Desktop\COPRRA\tests\Feature\Models\UserLocaleSettingTest.php:23

160) Tests\Feature\Models\UserLocaleSettingTest::test_update_or_create_for_user_with_minimal_parameters
PDOException: SQLSTATE[HY000]: General error: 1 cannot start a transaction within a transaction

C:\Users\Gaser\Desktop\COPRRA\vendor\laravel\framework\src\Illuminate\Database\SQLiteConnection.php:33
C:\Users\Gaser\Desktop\COPRRA\vendor\laravel\framework\src\Illuminate\Database\Concerns\ManagesTransactions.php:154
C:\Users\Gaser\Desktop\COPRRA\vendor\laravel\framework\src\Illuminate\Database\Concerns\ManagesTransactions.php:130
C:\Users\Gaser\Desktop\COPRRA\vendor\laravel\framework\src\Illuminate\Foundation\Testing\RefreshDatabase.php:129
C:\Users\Gaser\Desktop\COPRRA\vendor\laravel\framework\src\Illuminate\Foundation\Testing\RefreshDatabase.php:91
C:\Users\Gaser\Desktop\COPRRA\vendor\laravel\framework\src\Illuminate\Foundation\Testing\RefreshDatabase.php:25
C:\Users\Gaser\Desktop\COPRRA\vendor\laravel\framework\src\Illuminate\Foundation\Testing\Concerns\InteractsWithTestCaseLifecycle.php:209
C:\Users\Gaser\Desktop\COPRRA\vendor\laravel\framework\src\Illuminate\Foundation\Testing\Concerns\InteractsWithTestCaseLifecycle.php:97
C:\Users\Gaser\Desktop\COPRRA\vendor\laravel\framework\src\Illuminate\Foundation\Testing\TestCase.php:44
C:\Users\Gaser\Desktop\COPRRA\tests\TestCase.php:24
C:\Users\Gaser\Desktop\COPRRA\tests\Feature\Models\UserLocaleSettingTest.php:23

161) Tests\Feature\Models\UserLocaleSettingTest::test_factory_creates_valid_user_locale_setting
PDOException: SQLSTATE[HY000]: General error: 1 cannot start a transaction within a transaction

C:\Users\Gaser\Desktop\COPRRA\vendor\laravel\framework\src\Illuminate\Database\SQLiteConnection.php:33
C:\Users\Gaser\Desktop\COPRRA\vendor\laravel\framework\src\Illuminate\Database\Concerns\ManagesTransactions.php:154
C:\Users\Gaser\Desktop\COPRRA\vendor\laravel\framework\src\Illuminate\Database\Concerns\ManagesTransactions.php:130
C:\Users\Gaser\Desktop\COPRRA\vendor\laravel\framework\src\Illuminate\Foundation\Testing\RefreshDatabase.php:129
C:\Users\Gaser\Desktop\COPRRA\vendor\laravel\framework\src\Illuminate\Foundation\Testing\RefreshDatabase.php:91
C:\Users\Gaser\Desktop\COPRRA\vendor\laravel\framework\src\Illuminate\Foundation\Testing\RefreshDatabase.php:25
C:\Users\Gaser\Desktop\COPRRA\vendor\laravel\framework\src\Illuminate\Foundation\Testing\Concerns\InteractsWithTestCaseLifecycle.php:209
C:\Users\Gaser\Desktop\COPRRA\vendor\laravel\framework\src\Illuminate\Foundation\Testing\Concerns\InteractsWithTestCaseLifecycle.php:97
C:\Users\Gaser\Desktop\COPRRA\vendor\laravel\framework\src\Illuminate\Foundation\Testing\TestCase.php:44
C:\Users\Gaser\Desktop\COPRRA\tests\TestCase.php:24
C:\Users\Gaser\Desktop\COPRRA\tests\Feature\Models\UserLocaleSettingTest.php:23

162) Tests\Feature\Models\UserLocaleSettingTest::test_fillable_attributes
PDOException: SQLSTATE[HY000]: General error: 1 cannot start a transaction within a transaction

C:\Users\Gaser\Desktop\COPRRA\vendor\laravel\framework\src\Illuminate\Database\SQLiteConnection.php:33
C:\Users\Gaser\Desktop\COPRRA\vendor\laravel\framework\src\Illuminate\Database\Concerns\ManagesTransactions.php:154
C:\Users\Gaser\Desktop\COPRRA\vendor\laravel\framework\src\Illuminate\Database\Concerns\ManagesTransactions.php:130
C:\Users\Gaser\Desktop\COPRRA\vendor\laravel\framework\src\Illuminate\Foundation\Testing\RefreshDatabase.php:129
C:\Users\Gaser\Desktop\COPRRA\vendor\laravel\framework\src\Illuminate\Foundation\Testing\RefreshDatabase.php:91
C:\Users\Gaser\Desktop\COPRRA\vendor\laravel\framework\src\Illuminate\Foundation\Testing\RefreshDatabase.php:25
C:\Users\Gaser\Desktop\COPRRA\vendor\laravel\framework\src\Illuminate\Foundation\Testing\Concerns\InteractsWithTestCaseLifecycle.php:209
C:\Users\Gaser\Desktop\COPRRA\vendor\laravel\framework\src\Illuminate\Foundation\Testing\Concerns\InteractsWithTestCaseLifecycle.php:97
C:\Users\Gaser\Desktop\COPRRA\vendor\laravel\framework\src\Illuminate\Foundation\Testing\TestCase.php:44
C:\Users\Gaser\Desktop\COPRRA\tests\TestCase.php:24
C:\Users\Gaser\Desktop\COPRRA\tests\Feature\Models\UserLocaleSettingTest.php:23

163) Tests\Feature\Models\UserLocaleSettingTest::test_relationships_work_correctly
PDOException: SQLSTATE[HY000]: General error: 1 cannot start a transaction within a transaction

C:\Users\Gaser\Desktop\COPRRA\vendor\laravel\framework\src\Illuminate\Database\SQLiteConnection.php:33
C:\Users\Gaser\Desktop\COPRRA\vendor\laravel\framework\src\Illuminate\Database\Concerns\ManagesTransactions.php:154
C:\Users\Gaser\Desktop\COPRRA\vendor\laravel\framework\src\Illuminate\Database\Concerns\ManagesTransactions.php:130
C:\Users\Gaser\Desktop\COPRRA\vendor\laravel\framework\src\Illuminate\Foundation\Testing\RefreshDatabase.php:129
C:\Users\Gaser\Desktop\COPRRA\vendor\laravel\framework\src\Illuminate\Foundation\Testing\RefreshDatabase.php:91
C:\Users\Gaser\Desktop\COPRRA\vendor\laravel\framework\src\Illuminate\Foundation\Testing\RefreshDatabase.php:25
C:\Users\Gaser\Desktop\COPRRA\vendor\laravel\framework\src\Illuminate\Foundation\Testing\Concerns\InteractsWithTestCaseLifecycle.php:209
C:\Users\Gaser\Desktop\COPRRA\vendor\laravel\framework\src\Illuminate\Foundation\Testing\Concerns\InteractsWithTestCaseLifecycle.php:97
C:\Users\Gaser\Desktop\COPRRA\vendor\laravel\framework\src\Illuminate\Foundation\Testing\TestCase.php:44
C:\Users\Gaser\Desktop\COPRRA\tests\TestCase.php:24
C:\Users\Gaser\Desktop\COPRRA\tests\Feature\Models\UserLocaleSettingTest.php:23

164) Tests\Feature\Models\UserLocaleSettingTest::test_can_have_null_user_id
PDOException: SQLSTATE[HY000]: General error: 1 cannot start a transaction within a transaction

C:\Users\Gaser\Desktop\COPRRA\vendor\laravel\framework\src\Illuminate\Database\SQLiteConnection.php:33
C:\Users\Gaser\Desktop\COPRRA\vendor\laravel\framework\src\Illuminate\Database\Concerns\ManagesTransactions.php:154
C:\Users\Gaser\Desktop\COPRRA\vendor\laravel\framework\src\Illuminate\Database\Concerns\ManagesTransactions.php:130
C:\Users\Gaser\Desktop\COPRRA\vendor\laravel\framework\src\Illuminate\Foundation\Testing\RefreshDatabase.php:129
C:\Users\Gaser\Desktop\COPRRA\vendor\laravel\framework\src\Illuminate\Foundation\Testing\RefreshDatabase.php:91
C:\Users\Gaser\Desktop\COPRRA\vendor\laravel\framework\src\Illuminate\Foundation\Testing\RefreshDatabase.php:25
C:\Users\Gaser\Desktop\COPRRA\vendor\laravel\framework\src\Illuminate\Foundation\Testing\Concerns\InteractsWithTestCaseLifecycle.php:209
C:\Users\Gaser\Desktop\COPRRA\vendor\laravel\framework\src\Illuminate\Foundation\Testing\Concerns\InteractsWithTestCaseLifecycle.php:97
C:\Users\Gaser\Desktop\COPRRA\vendor\laravel\framework\src\Illuminate\Foundation\Testing\TestCase.php:44
C:\Users\Gaser\Desktop\COPRRA\tests\TestCase.php:24
C:\Users\Gaser\Desktop\COPRRA\tests\Feature\Models\UserLocaleSettingTest.php:23

165) Tests\Feature\Models\UserLocaleSettingTest::test_can_have_null_session_id
PDOException: SQLSTATE[HY000]: General error: 1 cannot start a transaction within a transaction

C:\Users\Gaser\Desktop\COPRRA\vendor\laravel\framework\src\Illuminate\Database\SQLiteConnection.php:33
C:\Users\Gaser\Desktop\COPRRA\vendor\laravel\framework\src\Illuminate\Database\Concerns\ManagesTransactions.php:154
C:\Users\Gaser\Desktop\COPRRA\vendor\laravel\framework\src\Illuminate\Database\Concerns\ManagesTransactions.php:130
C:\Users\Gaser\Desktop\COPRRA\vendor\laravel\framework\src\Illuminate\Foundation\Testing\RefreshDatabase.php:129
C:\Users\Gaser\Desktop\COPRRA\vendor\laravel\framework\src\Illuminate\Foundation\Testing\RefreshDatabase.php:91
C:\Users\Gaser\Desktop\COPRRA\vendor\laravel\framework\src\Illuminate\Foundation\Testing\RefreshDatabase.php:25
C:\Users\Gaser\Desktop\COPRRA\vendor\laravel\framework\src\Illuminate\Foundation\Testing\Concerns\InteractsWithTestCaseLifecycle.php:209
C:\Users\Gaser\Desktop\COPRRA\vendor\laravel\framework\src\Illuminate\Foundation\Testing\Concerns\InteractsWithTestCaseLifecycle.php:97
C:\Users\Gaser\Desktop\COPRRA\vendor\laravel\framework\src\Illuminate\Foundation\Testing\TestCase.php:44
C:\Users\Gaser\Desktop\COPRRA\tests\TestCase.php:24
C:\Users\Gaser\Desktop\COPRRA\tests\Feature\Models\UserLocaleSettingTest.php:23

166) Tests\Feature\Models\UserLocaleSettingTest::test_can_have_null_ip_address
PDOException: SQLSTATE[HY000]: General error: 1 cannot start a transaction within a transaction

C:\Users\Gaser\Desktop\COPRRA\vendor\laravel\framework\src\Illuminate\Database\SQLiteConnection.php:33
C:\Users\Gaser\Desktop\COPRRA\vendor\laravel\framework\src\Illuminate\Database\Concerns\ManagesTransactions.php:154
C:\Users\Gaser\Desktop\COPRRA\vendor\laravel\framework\src\Illuminate\Database\Concerns\ManagesTransactions.php:130
C:\Users\Gaser\Desktop\COPRRA\vendor\laravel\framework\src\Illuminate\Foundation\Testing\RefreshDatabase.php:129
C:\Users\Gaser\Desktop\COPRRA\vendor\laravel\framework\src\Illuminate\Foundation\Testing\RefreshDatabase.php:91
C:\Users\Gaser\Desktop\COPRRA\vendor\laravel\framework\src\Illuminate\Foundation\Testing\RefreshDatabase.php:25
C:\Users\Gaser\Desktop\COPRRA\vendor\laravel\framework\src\Illuminate\Foundation\Testing\Concerns\InteractsWithTestCaseLifecycle.php:209
C:\Users\Gaser\Desktop\COPRRA\vendor\laravel\framework\src\Illuminate\Foundation\Testing\Concerns\InteractsWithTestCaseLifecycle.php:97
C:\Users\Gaser\Desktop\COPRRA\vendor\laravel\framework\src\Illuminate\Foundation\Testing\TestCase.php:44
C:\Users\Gaser\Desktop\COPRRA\tests\TestCase.php:24
C:\Users\Gaser\Desktop\COPRRA\tests\Feature\Models\UserLocaleSettingTest.php:23

167) Tests\Feature\Models\UserLocaleSettingTest::test_can_have_null_country_code
PDOException: SQLSTATE[HY000]: General error: 1 cannot start a transaction within a transaction

C:\Users\Gaser\Desktop\COPRRA\vendor\laravel\framework\src\Illuminate\Database\SQLiteConnection.php:33
C:\Users\Gaser\Desktop\COPRRA\vendor\laravel\framework\src\Illuminate\Database\Concerns\ManagesTransactions.php:154
C:\Users\Gaser\Desktop\COPRRA\vendor\laravel\framework\src\Illuminate\Database\Concerns\ManagesTransactions.php:130
C:\Users\Gaser\Desktop\COPRRA\vendor\laravel\framework\src\Illuminate\Foundation\Testing\RefreshDatabase.php:129
C:\Users\Gaser\Desktop\COPRRA\vendor\laravel\framework\src\Illuminate\Foundation\Testing\RefreshDatabase.php:91
C:\Users\Gaser\Desktop\COPRRA\vendor\laravel\framework\src\Illuminate\Foundation\Testing\RefreshDatabase.php:25
C:\Users\Gaser\Desktop\COPRRA\vendor\laravel\framework\src\Illuminate\Foundation\Testing\Concerns\InteractsWithTestCaseLifecycle.php:209
C:\Users\Gaser\Desktop\COPRRA\vendor\laravel\framework\src\Illuminate\Foundation\Testing\Concerns\InteractsWithTestCaseLifecycle.php:97
C:\Users\Gaser\Desktop\COPRRA\vendor\laravel\framework\src\Illuminate\Foundation\Testing\TestCase.php:44
C:\Users\Gaser\Desktop\COPRRA\tests\TestCase.php:24
C:\Users\Gaser\Desktop\COPRRA\tests\Feature\Models\UserLocaleSettingTest.php:23

168) Tests\Feature\Models\UserPointTest::it_can_create_a_user_point
PDOException: SQLSTATE[HY000]: General error: 1 cannot start a transaction within a transaction

C:\Users\Gaser\Desktop\COPRRA\vendor\laravel\framework\src\Illuminate\Database\SQLiteConnection.php:33
C:\Users\Gaser\Desktop\COPRRA\vendor\laravel\framework\src\Illuminate\Database\Concerns\ManagesTransactions.php:154
C:\Users\Gaser\Desktop\COPRRA\vendor\laravel\framework\src\Illuminate\Database\Concerns\ManagesTransactions.php:130
C:\Users\Gaser\Desktop\COPRRA\vendor\laravel\framework\src\Illuminate\Foundation\Testing\RefreshDatabase.php:129
C:\Users\Gaser\Desktop\COPRRA\vendor\laravel\framework\src\Illuminate\Foundation\Testing\RefreshDatabase.php:91
C:\Users\Gaser\Desktop\COPRRA\vendor\laravel\framework\src\Illuminate\Foundation\Testing\RefreshDatabase.php:25
C:\Users\Gaser\Desktop\COPRRA\vendor\laravel\framework\src\Illuminate\Foundation\Testing\Concerns\InteractsWithTestCaseLifecycle.php:209
C:\Users\Gaser\Desktop\COPRRA\vendor\laravel\framework\src\Illuminate\Foundation\Testing\Concerns\InteractsWithTestCaseLifecycle.php:97
C:\Users\Gaser\Desktop\COPRRA\vendor\laravel\framework\src\Illuminate\Foundation\Testing\TestCase.php:44
C:\Users\Gaser\Desktop\COPRRA\tests\TestCase.php:24

169) Tests\Feature\Models\UserPointTest::it_casts_expires_at_to_datetime
PDOException: SQLSTATE[HY000]: General error: 1 cannot start a transaction within a transaction

C:\Users\Gaser\Desktop\COPRRA\vendor\laravel\framework\src\Illuminate\Database\SQLiteConnection.php:33
C:\Users\Gaser\Desktop\COPRRA\vendor\laravel\framework\src\Illuminate\Database\Concerns\ManagesTransactions.php:154
C:\Users\Gaser\Desktop\COPRRA\vendor\laravel\framework\src\Illuminate\Database\Concerns\ManagesTransactions.php:130
C:\Users\Gaser\Desktop\COPRRA\vendor\laravel\framework\src\Illuminate\Foundation\Testing\RefreshDatabase.php:129
C:\Users\Gaser\Desktop\COPRRA\vendor\laravel\framework\src\Illuminate\Foundation\Testing\RefreshDatabase.php:91
C:\Users\Gaser\Desktop\COPRRA\vendor\laravel\framework\src\Illuminate\Foundation\Testing\RefreshDatabase.php:25
C:\Users\Gaser\Desktop\COPRRA\vendor\laravel\framework\src\Illuminate\Foundation\Testing\Concerns\InteractsWithTestCaseLifecycle.php:209
C:\Users\Gaser\Desktop\COPRRA\vendor\laravel\framework\src\Illuminate\Foundation\Testing\Concerns\InteractsWithTestCaseLifecycle.php:97
C:\Users\Gaser\Desktop\COPRRA\vendor\laravel\framework\src\Illuminate\Foundation\Testing\TestCase.php:44
C:\Users\Gaser\Desktop\COPRRA\tests\TestCase.php:24

170) Tests\Feature\Models\UserPointTest::it_belongs_to_user
PDOException: SQLSTATE[HY000]: General error: 1 cannot start a transaction within a transaction

C:\Users\Gaser\Desktop\COPRRA\vendor\laravel\framework\src\Illuminate\Database\SQLiteConnection.php:33
C:\Users\Gaser\Desktop\COPRRA\vendor\laravel\framework\src\Illuminate\Database\Concerns\ManagesTransactions.php:154
C:\Users\Gaser\Desktop\COPRRA\vendor\laravel\framework\src\Illuminate\Database\Concerns\ManagesTransactions.php:130
C:\Users\Gaser\Desktop\COPRRA\vendor\laravel\framework\src\Illuminate\Foundation\Testing\RefreshDatabase.php:129
C:\Users\Gaser\Desktop\COPRRA\vendor\laravel\framework\src\Illuminate\Foundation\Testing\RefreshDatabase.php:91
C:\Users\Gaser\Desktop\COPRRA\vendor\laravel\framework\src\Illuminate\Foundation\Testing\RefreshDatabase.php:25
C:\Users\Gaser\Desktop\COPRRA\vendor\laravel\framework\src\Illuminate\Foundation\Testing\Concerns\InteractsWithTestCaseLifecycle.php:209
C:\Users\Gaser\Desktop\COPRRA\vendor\laravel\framework\src\Illuminate\Foundation\Testing\Concerns\InteractsWithTestCaseLifecycle.php:97
C:\Users\Gaser\Desktop\COPRRA\vendor\laravel\framework\src\Illuminate\Foundation\Testing\TestCase.php:44
C:\Users\Gaser\Desktop\COPRRA\tests\TestCase.php:24

171) Tests\Feature\Models\UserPointTest::it_belongs_to_order
PDOException: SQLSTATE[HY000]: General error: 1 cannot start a transaction within a transaction

C:\Users\Gaser\Desktop\COPRRA\vendor\laravel\framework\src\Illuminate\Database\SQLiteConnection.php:33
C:\Users\Gaser\Desktop\COPRRA\vendor\laravel\framework\src\Illuminate\Database\Concerns\ManagesTransactions.php:154
C:\Users\Gaser\Desktop\COPRRA\vendor\laravel\framework\src\Illuminate\Database\Concerns\ManagesTransactions.php:130
C:\Users\Gaser\Desktop\COPRRA\vendor\laravel\framework\src\Illuminate\Foundation\Testing\RefreshDatabase.php:129
C:\Users\Gaser\Desktop\COPRRA\vendor\laravel\framework\src\Illuminate\Foundation\Testing\RefreshDatabase.php:91
C:\Users\Gaser\Desktop\COPRRA\vendor\laravel\framework\src\Illuminate\Foundation\Testing\RefreshDatabase.php:25
C:\Users\Gaser\Desktop\COPRRA\vendor\laravel\framework\src\Illuminate\Foundation\Testing\Concerns\InteractsWithTestCaseLifecycle.php:209
C:\Users\Gaser\Desktop\COPRRA\vendor\laravel\framework\src\Illuminate\Foundation\Testing\Concerns\InteractsWithTestCaseLifecycle.php:97
C:\Users\Gaser\Desktop\COPRRA\vendor\laravel\framework\src\Illuminate\Foundation\Testing\TestCase.php:44
C:\Users\Gaser\Desktop\COPRRA\tests\TestCase.php:24

172) Tests\Feature\Models\UserPointTest::it_has_earned_scope
PDOException: SQLSTATE[HY000]: General error: 1 cannot start a transaction within a transaction

C:\Users\Gaser\Desktop\COPRRA\vendor\laravel\framework\src\Illuminate\Database\SQLiteConnection.php:33
C:\Users\Gaser\Desktop\COPRRA\vendor\laravel\framework\src\Illuminate\Database\Concerns\ManagesTransactions.php:154
C:\Users\Gaser\Desktop\COPRRA\vendor\laravel\framework\src\Illuminate\Database\Concerns\ManagesTransactions.php:130
C:\Users\Gaser\Desktop\COPRRA\vendor\laravel\framework\src\Illuminate\Foundation\Testing\RefreshDatabase.php:129
C:\Users\Gaser\Desktop\COPRRA\vendor\laravel\framework\src\Illuminate\Foundation\Testing\RefreshDatabase.php:91
C:\Users\Gaser\Desktop\COPRRA\vendor\laravel\framework\src\Illuminate\Foundation\Testing\RefreshDatabase.php:25
C:\Users\Gaser\Desktop\COPRRA\vendor\laravel\framework\src\Illuminate\Foundation\Testing\Concerns\InteractsWithTestCaseLifecycle.php:209
C:\Users\Gaser\Desktop\COPRRA\vendor\laravel\framework\src\Illuminate\Foundation\Testing\Concerns\InteractsWithTestCaseLifecycle.php:97
C:\Users\Gaser\Desktop\COPRRA\vendor\laravel\framework\src\Illuminate\Foundation\Testing\TestCase.php:44
C:\Users\Gaser\Desktop\COPRRA\tests\TestCase.php:24

173) Tests\Feature\Models\UserPointTest::it_has_redeemed_scope
PDOException: SQLSTATE[HY000]: General error: 1 cannot start a transaction within a transaction

C:\Users\Gaser\Desktop\COPRRA\vendor\laravel\framework\src\Illuminate\Database\SQLiteConnection.php:33
C:\Users\Gaser\Desktop\COPRRA\vendor\laravel\framework\src\Illuminate\Database\Concerns\ManagesTransactions.php:154
C:\Users\Gaser\Desktop\COPRRA\vendor\laravel\framework\src\Illuminate\Database\Concerns\ManagesTransactions.php:130
C:\Users\Gaser\Desktop\COPRRA\vendor\laravel\framework\src\Illuminate\Foundation\Testing\RefreshDatabase.php:129
C:\Users\Gaser\Desktop\COPRRA\vendor\laravel\framework\src\Illuminate\Foundation\Testing\RefreshDatabase.php:91
C:\Users\Gaser\Desktop\COPRRA\vendor\laravel\framework\src\Illuminate\Foundation\Testing\RefreshDatabase.php:25
C:\Users\Gaser\Desktop\COPRRA\vendor\laravel\framework\src\Illuminate\Foundation\Testing\Concerns\InteractsWithTestCaseLifecycle.php:209
C:\Users\Gaser\Desktop\COPRRA\vendor\laravel\framework\src\Illuminate\Foundation\Testing\Concerns\InteractsWithTestCaseLifecycle.php:97
C:\Users\Gaser\Desktop\COPRRA\vendor\laravel\framework\src\Illuminate\Foundation\Testing\TestCase.php:44
C:\Users\Gaser\Desktop\COPRRA\tests\TestCase.php:24

174) Tests\Feature\Models\UserPointTest::it_has_valid_scope
PDOException: SQLSTATE[HY000]: General error: 1 cannot start a transaction within a transaction

C:\Users\Gaser\Desktop\COPRRA\vendor\laravel\framework\src\Illuminate\Database\SQLiteConnection.php:33
C:\Users\Gaser\Desktop\COPRRA\vendor\laravel\framework\src\Illuminate\Database\Concerns\ManagesTransactions.php:154
C:\Users\Gaser\Desktop\COPRRA\vendor\laravel\framework\src\Illuminate\Database\Concerns\ManagesTransactions.php:130
C:\Users\Gaser\Desktop\COPRRA\vendor\laravel\framework\src\Illuminate\Foundation\Testing\RefreshDatabase.php:129
C:\Users\Gaser\Desktop\COPRRA\vendor\laravel\framework\src\Illuminate\Foundation\Testing\RefreshDatabase.php:91
C:\Users\Gaser\Desktop\COPRRA\vendor\laravel\framework\src\Illuminate\Foundation\Testing\RefreshDatabase.php:25
C:\Users\Gaser\Desktop\COPRRA\vendor\laravel\framework\src\Illuminate\Foundation\Testing\Concerns\InteractsWithTestCaseLifecycle.php:209
C:\Users\Gaser\Desktop\COPRRA\vendor\laravel\framework\src\Illuminate\Foundation\Testing\Concerns\InteractsWithTestCaseLifecycle.php:97
C:\Users\Gaser\Desktop\COPRRA\vendor\laravel\framework\src\Illuminate\Foundation\Testing\TestCase.php:44
C:\Users\Gaser\Desktop\COPRRA\tests\TestCase.php:24

175) Tests\Feature\Models\UserPointTest::it_has_fillable_attributes
PDOException: SQLSTATE[HY000]: General error: 1 cannot start a transaction within a transaction

C:\Users\Gaser\Desktop\COPRRA\vendor\laravel\framework\src\Illuminate\Database\SQLiteConnection.php:33
C:\Users\Gaser\Desktop\COPRRA\vendor\laravel\framework\src\Illuminate\Database\Concerns\ManagesTransactions.php:154
C:\Users\Gaser\Desktop\COPRRA\vendor\laravel\framework\src\Illuminate\Database\Concerns\ManagesTransactions.php:130
C:\Users\Gaser\Desktop\COPRRA\vendor\laravel\framework\src\Illuminate\Foundation\Testing\RefreshDatabase.php:129
C:\Users\Gaser\Desktop\COPRRA\vendor\laravel\framework\src\Illuminate\Foundation\Testing\RefreshDatabase.php:91
C:\Users\Gaser\Desktop\COPRRA\vendor\laravel\framework\src\Illuminate\Foundation\Testing\RefreshDatabase.php:25
C:\Users\Gaser\Desktop\COPRRA\vendor\laravel\framework\src\Illuminate\Foundation\Testing\Concerns\InteractsWithTestCaseLifecycle.php:209
C:\Users\Gaser\Desktop\COPRRA\vendor\laravel\framework\src\Illuminate\Foundation\Testing\Concerns\InteractsWithTestCaseLifecycle.php:97
C:\Users\Gaser\Desktop\COPRRA\vendor\laravel\framework\src\Illuminate\Foundation\Testing\TestCase.php:44
C:\Users\Gaser\Desktop\COPRRA\tests\TestCase.php:24

176) Tests\Feature\Models\UserTest::test_it_can_create_a_user
PDOException: SQLSTATE[HY000]: General error: 1 cannot start a transaction within a transaction

C:\Users\Gaser\Desktop\COPRRA\vendor\laravel\framework\src\Illuminate\Database\SQLiteConnection.php:33
C:\Users\Gaser\Desktop\COPRRA\vendor\laravel\framework\src\Illuminate\Database\Concerns\ManagesTransactions.php:154
C:\Users\Gaser\Desktop\COPRRA\vendor\laravel\framework\src\Illuminate\Database\Concerns\ManagesTransactions.php:130
C:\Users\Gaser\Desktop\COPRRA\vendor\laravel\framework\src\Illuminate\Foundation\Testing\RefreshDatabase.php:129
C:\Users\Gaser\Desktop\COPRRA\vendor\laravel\framework\src\Illuminate\Foundation\Testing\RefreshDatabase.php:91
C:\Users\Gaser\Desktop\COPRRA\vendor\laravel\framework\src\Illuminate\Foundation\Testing\RefreshDatabase.php:25
C:\Users\Gaser\Desktop\COPRRA\vendor\laravel\framework\src\Illuminate\Foundation\Testing\Concerns\InteractsWithTestCaseLifecycle.php:209
C:\Users\Gaser\Desktop\COPRRA\vendor\laravel\framework\src\Illuminate\Foundation\Testing\Concerns\InteractsWithTestCaseLifecycle.php:97
C:\Users\Gaser\Desktop\COPRRA\vendor\laravel\framework\src\Illuminate\Foundation\Testing\TestCase.php:44
C:\Users\Gaser\Desktop\COPRRA\tests\TestCase.php:24
C:\Users\Gaser\Desktop\COPRRA\tests\Feature\Models\UserTest.php:21

177) Tests\Feature\Models\UserTest::test_it_casts_attributes_correctly
PDOException: SQLSTATE[HY000]: General error: 1 cannot start a transaction within a transaction

C:\Users\Gaser\Desktop\COPRRA\vendor\laravel\framework\src\Illuminate\Database\SQLiteConnection.php:33
C:\Users\Gaser\Desktop\COPRRA\vendor\laravel\framework\src\Illuminate\Database\Concerns\ManagesTransactions.php:154
C:\Users\Gaser\Desktop\COPRRA\vendor\laravel\framework\src\Illuminate\Database\Concerns\ManagesTransactions.php:130
C:\Users\Gaser\Desktop\COPRRA\vendor\laravel\framework\src\Illuminate\Foundation\Testing\RefreshDatabase.php:129
C:\Users\Gaser\Desktop\COPRRA\vendor\laravel\framework\src\Illuminate\Foundation\Testing\RefreshDatabase.php:91
C:\Users\Gaser\Desktop\COPRRA\vendor\laravel\framework\src\Illuminate\Foundation\Testing\RefreshDatabase.php:25
C:\Users\Gaser\Desktop\COPRRA\vendor\laravel\framework\src\Illuminate\Foundation\Testing\Concerns\InteractsWithTestCaseLifecycle.php:209
C:\Users\Gaser\Desktop\COPRRA\vendor\laravel\framework\src\Illuminate\Foundation\Testing\Concerns\InteractsWithTestCaseLifecycle.php:97
C:\Users\Gaser\Desktop\COPRRA\vendor\laravel\framework\src\Illuminate\Foundation\Testing\TestCase.php:44
C:\Users\Gaser\Desktop\COPRRA\tests\TestCase.php:24
C:\Users\Gaser\Desktop\COPRRA\tests\Feature\Models\UserTest.php:21

178) Tests\Feature\Models\UserTest::test_it_hides_sensitive_attributes
PDOException: SQLSTATE[HY000]: General error: 1 cannot start a transaction within a transaction

C:\Users\Gaser\Desktop\COPRRA\vendor\laravel\framework\src\Illuminate\Database\SQLiteConnection.php:33
C:\Users\Gaser\Desktop\COPRRA\vendor\laravel\framework\src\Illuminate\Database\Concerns\ManagesTransactions.php:154
C:\Users\Gaser\Desktop\COPRRA\vendor\laravel\framework\src\Illuminate\Database\Concerns\ManagesTransactions.php:130
C:\Users\Gaser\Desktop\COPRRA\vendor\laravel\framework\src\Illuminate\Foundation\Testing\RefreshDatabase.php:129
C:\Users\Gaser\Desktop\COPRRA\vendor\laravel\framework\src\Illuminate\Foundation\Testing\RefreshDatabase.php:91
C:\Users\Gaser\Desktop\COPRRA\vendor\laravel\framework\src\Illuminate\Foundation\Testing\RefreshDatabase.php:25
C:\Users\Gaser\Desktop\COPRRA\vendor\laravel\framework\src\Illuminate\Foundation\Testing\Concerns\InteractsWithTestCaseLifecycle.php:209
C:\Users\Gaser\Desktop\COPRRA\vendor\laravel\framework\src\Illuminate\Foundation\Testing\Concerns\InteractsWithTestCaseLifecycle.php:97
C:\Users\Gaser\Desktop\COPRRA\vendor\laravel\framework\src\Illuminate\Foundation\Testing\TestCase.php:44
C:\Users\Gaser\Desktop\COPRRA\tests\TestCase.php:24
C:\Users\Gaser\Desktop\COPRRA\tests\Feature\Models\UserTest.php:21

179) Tests\Feature\Models\UserTest::test_it_has_many_reviews
PDOException: SQLSTATE[HY000]: General error: 1 cannot start a transaction within a transaction

C:\Users\Gaser\Desktop\COPRRA\vendor\laravel\framework\src\Illuminate\Database\SQLiteConnection.php:33
C:\Users\Gaser\Desktop\COPRRA\vendor\laravel\framework\src\Illuminate\Database\Concerns\ManagesTransactions.php:154
C:\Users\Gaser\Desktop\COPRRA\vendor\laravel\framework\src\Illuminate\Database\Concerns\ManagesTransactions.php:130
C:\Users\Gaser\Desktop\COPRRA\vendor\laravel\framework\src\Illuminate\Foundation\Testing\RefreshDatabase.php:129
C:\Users\Gaser\Desktop\COPRRA\vendor\laravel\framework\src\Illuminate\Foundation\Testing\RefreshDatabase.php:91
C:\Users\Gaser\Desktop\COPRRA\vendor\laravel\framework\src\Illuminate\Foundation\Testing\RefreshDatabase.php:25
C:\Users\Gaser\Desktop\COPRRA\vendor\laravel\framework\src\Illuminate\Foundation\Testing\Concerns\InteractsWithTestCaseLifecycle.php:209
C:\Users\Gaser\Desktop\COPRRA\vendor\laravel\framework\src\Illuminate\Foundation\Testing\Concerns\InteractsWithTestCaseLifecycle.php:97
C:\Users\Gaser\Desktop\COPRRA\vendor\laravel\framework\src\Illuminate\Foundation\Testing\TestCase.php:44
C:\Users\Gaser\Desktop\COPRRA\tests\TestCase.php:24
C:\Users\Gaser\Desktop\COPRRA\tests\Feature\Models\UserTest.php:21

180) Tests\Feature\Models\UserTest::test_it_has_many_wishlists
PDOException: SQLSTATE[HY000]: General error: 1 cannot start a transaction within a transaction

C:\Users\Gaser\Desktop\COPRRA\vendor\laravel\framework\src\Illuminate\Database\SQLiteConnection.php:33
C:\Users\Gaser\Desktop\COPRRA\vendor\laravel\framework\src\Illuminate\Database\Concerns\ManagesTransactions.php:154
C:\Users\Gaser\Desktop\COPRRA\vendor\laravel\framework\src\Illuminate\Database\Concerns\ManagesTransactions.php:130
C:\Users\Gaser\Desktop\COPRRA\vendor\laravel\framework\src\Illuminate\Foundation\Testing\RefreshDatabase.php:129
C:\Users\Gaser\Desktop\COPRRA\vendor\laravel\framework\src\Illuminate\Foundation\Testing\RefreshDatabase.php:91
C:\Users\Gaser\Desktop\COPRRA\vendor\laravel\framework\src\Illuminate\Foundation\Testing\RefreshDatabase.php:25
C:\Users\Gaser\Desktop\COPRRA\vendor\laravel\framework\src\Illuminate\Foundation\Testing\Concerns\InteractsWithTestCaseLifecycle.php:209
C:\Users\Gaser\Desktop\COPRRA\vendor\laravel\framework\src\Illuminate\Foundation\Testing\Concerns\InteractsWithTestCaseLifecycle.php:97
C:\Users\Gaser\Desktop\COPRRA\vendor\laravel\framework\src\Illuminate\Foundation\Testing\TestCase.php:44
C:\Users\Gaser\Desktop\COPRRA\tests\TestCase.php:24
C:\Users\Gaser\Desktop\COPRRA\tests\Feature\Models\UserTest.php:21

181) Tests\Feature\Models\UserTest::test_it_has_many_price_alerts
PDOException: SQLSTATE[HY000]: General error: 1 cannot start a transaction within a transaction

C:\Users\Gaser\Desktop\COPRRA\vendor\laravel\framework\src\Illuminate\Database\SQLiteConnection.php:33
C:\Users\Gaser\Desktop\COPRRA\vendor\laravel\framework\src\Illuminate\Database\Concerns\ManagesTransactions.php:154
C:\Users\Gaser\Desktop\COPRRA\vendor\laravel\framework\src\Illuminate\Database\Concerns\ManagesTransactions.php:130
C:\Users\Gaser\Desktop\COPRRA\vendor\laravel\framework\src\Illuminate\Foundation\Testing\RefreshDatabase.php:129
C:\Users\Gaser\Desktop\COPRRA\vendor\laravel\framework\src\Illuminate\Foundation\Testing\RefreshDatabase.php:91
C:\Users\Gaser\Desktop\COPRRA\vendor\laravel\framework\src\Illuminate\Foundation\Testing\RefreshDatabase.php:25
C:\Users\Gaser\Desktop\COPRRA\vendor\laravel\framework\src\Illuminate\Foundation\Testing\Concerns\InteractsWithTestCaseLifecycle.php:209
C:\Users\Gaser\Desktop\COPRRA\vendor\laravel\framework\src\Illuminate\Foundation\Testing\Concerns\InteractsWithTestCaseLifecycle.php:97
C:\Users\Gaser\Desktop\COPRRA\vendor\laravel\framework\src\Illuminate\Foundation\Testing\TestCase.php:44
C:\Users\Gaser\Desktop\COPRRA\tests\TestCase.php:24
C:\Users\Gaser\Desktop\COPRRA\tests\Feature\Models\UserTest.php:21

182) Tests\Feature\Models\UserTest::test_it_has_one_locale_setting
PDOException: SQLSTATE[HY000]: General error: 1 cannot start a transaction within a transaction

C:\Users\Gaser\Desktop\COPRRA\vendor\laravel\framework\src\Illuminate\Database\SQLiteConnection.php:33
C:\Users\Gaser\Desktop\COPRRA\vendor\laravel\framework\src\Illuminate\Database\Concerns\ManagesTransactions.php:154
C:\Users\Gaser\Desktop\COPRRA\vendor\laravel\framework\src\Illuminate\Database\Concerns\ManagesTransactions.php:130
C:\Users\Gaser\Desktop\COPRRA\vendor\laravel\framework\src\Illuminate\Foundation\Testing\RefreshDatabase.php:129
C:\Users\Gaser\Desktop\COPRRA\vendor\laravel\framework\src\Illuminate\Foundation\Testing\RefreshDatabase.php:91
C:\Users\Gaser\Desktop\COPRRA\vendor\laravel\framework\src\Illuminate\Foundation\Testing\RefreshDatabase.php:25
C:\Users\Gaser\Desktop\COPRRA\vendor\laravel\framework\src\Illuminate\Foundation\Testing\Concerns\InteractsWithTestCaseLifecycle.php:209
C:\Users\Gaser\Desktop\COPRRA\vendor\laravel\framework\src\Illuminate\Foundation\Testing\Concerns\InteractsWithTestCaseLifecycle.php:97
C:\Users\Gaser\Desktop\COPRRA\vendor\laravel\framework\src\Illuminate\Foundation\Testing\TestCase.php:44
C:\Users\Gaser\Desktop\COPRRA\tests\TestCase.php:24
C:\Users\Gaser\Desktop\COPRRA\tests\Feature\Models\UserTest.php:21

183) Tests\Feature\Models\UserTest::test_is_admin_method
PDOException: SQLSTATE[HY000]: General error: 1 cannot start a transaction within a transaction

C:\Users\Gaser\Desktop\COPRRA\vendor\laravel\framework\src\Illuminate\Database\SQLiteConnection.php:33
C:\Users\Gaser\Desktop\COPRRA\vendor\laravel\framework\src\Illuminate\Database\Concerns\ManagesTransactions.php:154
C:\Users\Gaser\Desktop\COPRRA\vendor\laravel\framework\src\Illuminate\Database\Concerns\ManagesTransactions.php:130
C:\Users\Gaser\Desktop\COPRRA\vendor\laravel\framework\src\Illuminate\Foundation\Testing\RefreshDatabase.php:129
C:\Users\Gaser\Desktop\COPRRA\vendor\laravel\framework\src\Illuminate\Foundation\Testing\RefreshDatabase.php:91
C:\Users\Gaser\Desktop\COPRRA\vendor\laravel\framework\src\Illuminate\Foundation\Testing\RefreshDatabase.php:25
C:\Users\Gaser\Desktop\COPRRA\vendor\laravel\framework\src\Illuminate\Foundation\Testing\Concerns\InteractsWithTestCaseLifecycle.php:209
C:\Users\Gaser\Desktop\COPRRA\vendor\laravel\framework\src\Illuminate\Foundation\Testing\Concerns\InteractsWithTestCaseLifecycle.php:97
C:\Users\Gaser\Desktop\COPRRA\vendor\laravel\framework\src\Illuminate\Foundation\Testing\TestCase.php:44
C:\Users\Gaser\Desktop\COPRRA\tests\TestCase.php:24
C:\Users\Gaser\Desktop\COPRRA\tests\Feature\Models\UserTest.php:21

184) Tests\Feature\Models\UserTest::test_is_banned_method
PDOException: SQLSTATE[HY000]: General error: 1 cannot start a transaction within a transaction

C:\Users\Gaser\Desktop\COPRRA\vendor\laravel\framework\src\Illuminate\Database\SQLiteConnection.php:33
C:\Users\Gaser\Desktop\COPRRA\vendor\laravel\framework\src\Illuminate\Database\Concerns\ManagesTransactions.php:154
C:\Users\Gaser\Desktop\COPRRA\vendor\laravel\framework\src\Illuminate\Database\Concerns\ManagesTransactions.php:130
C:\Users\Gaser\Desktop\COPRRA\vendor\laravel\framework\src\Illuminate\Foundation\Testing\RefreshDatabase.php:129
C:\Users\Gaser\Desktop\COPRRA\vendor\laravel\framework\src\Illuminate\Foundation\Testing\RefreshDatabase.php:91
C:\Users\Gaser\Desktop\COPRRA\vendor\laravel\framework\src\Illuminate\Foundation\Testing\RefreshDatabase.php:25
C:\Users\Gaser\Desktop\COPRRA\vendor\laravel\framework\src\Illuminate\Foundation\Testing\Concerns\InteractsWithTestCaseLifecycle.php:209
C:\Users\Gaser\Desktop\COPRRA\vendor\laravel\framework\src\Illuminate\Foundation\Testing\Concerns\InteractsWithTestCaseLifecycle.php:97
C:\Users\Gaser\Desktop\COPRRA\vendor\laravel\framework\src\Illuminate\Foundation\Testing\TestCase.php:44
C:\Users\Gaser\Desktop\COPRRA\tests\TestCase.php:24
C:\Users\Gaser\Desktop\COPRRA\tests\Feature\Models\UserTest.php:21

185) Tests\Feature\Models\UserTest::test_is_ban_expired_method
PDOException: SQLSTATE[HY000]: General error: 1 cannot start a transaction within a transaction

C:\Users\Gaser\Desktop\COPRRA\vendor\laravel\framework\src\Illuminate\Database\SQLiteConnection.php:33
C:\Users\Gaser\Desktop\COPRRA\vendor\laravel\framework\src\Illuminate\Database\Concerns\ManagesTransactions.php:154
C:\Users\Gaser\Desktop\COPRRA\vendor\laravel\framework\src\Illuminate\Database\Concerns\ManagesTransactions.php:130
C:\Users\Gaser\Desktop\COPRRA\vendor\laravel\framework\src\Illuminate\Foundation\Testing\RefreshDatabase.php:129
C:\Users\Gaser\Desktop\COPRRA\vendor\laravel\framework\src\Illuminate\Foundation\Testing\RefreshDatabase.php:91
C:\Users\Gaser\Desktop\COPRRA\vendor\laravel\framework\src\Illuminate\Foundation\Testing\RefreshDatabase.php:25
C:\Users\Gaser\Desktop\COPRRA\vendor\laravel\framework\src\Illuminate\Foundation\Testing\Concerns\InteractsWithTestCaseLifecycle.php:209
C:\Users\Gaser\Desktop\COPRRA\vendor\laravel\framework\src\Illuminate\Foundation\Testing\Concerns\InteractsWithTestCaseLifecycle.php:97
C:\Users\Gaser\Desktop\COPRRA\vendor\laravel\framework\src\Illuminate\Foundation\Testing\TestCase.php:44
C:\Users\Gaser\Desktop\COPRRA\tests\TestCase.php:24
C:\Users\Gaser\Desktop\COPRRA\tests\Feature\Models\UserTest.php:21

186) Tests\Feature\Models\UserTest::test_fillable_attributes
PDOException: SQLSTATE[HY000]: General error: 1 cannot start a transaction within a transaction

C:\Users\Gaser\Desktop\COPRRA\vendor\laravel\framework\src\Illuminate\Database\SQLiteConnection.php:33
C:\Users\Gaser\Desktop\COPRRA\vendor\laravel\framework\src\Illuminate\Database\Concerns\ManagesTransactions.php:154
C:\Users\Gaser\Desktop\COPRRA\vendor\laravel\framework\src\Illuminate\Database\Concerns\ManagesTransactions.php:130
C:\Users\Gaser\Desktop\COPRRA\vendor\laravel\framework\src\Illuminate\Foundation\Testing\RefreshDatabase.php:129
C:\Users\Gaser\Desktop\COPRRA\vendor\laravel\framework\src\Illuminate\Foundation\Testing\RefreshDatabase.php:91
C:\Users\Gaser\Desktop\COPRRA\vendor\laravel\framework\src\Illuminate\Foundation\Testing\RefreshDatabase.php:25
C:\Users\Gaser\Desktop\COPRRA\vendor\laravel\framework\src\Illuminate\Foundation\Testing\Concerns\InteractsWithTestCaseLifecycle.php:209
C:\Users\Gaser\Desktop\COPRRA\vendor\laravel\framework\src\Illuminate\Foundation\Testing\Concerns\InteractsWithTestCaseLifecycle.php:97
C:\Users\Gaser\Desktop\COPRRA\vendor\laravel\framework\src\Illuminate\Foundation\Testing\TestCase.php:44
C:\Users\Gaser\Desktop\COPRRA\tests\TestCase.php:24
C:\Users\Gaser\Desktop\COPRRA\tests\Feature\Models\UserTest.php:21

187) Tests\Feature\Models\UserTest::test_factory_creates_valid_user
PDOException: SQLSTATE[HY000]: General error: 1 cannot start a transaction within a transaction

C:\Users\Gaser\Desktop\COPRRA\vendor\laravel\framework\src\Illuminate\Database\SQLiteConnection.php:33
C:\Users\Gaser\Desktop\COPRRA\vendor\laravel\framework\src\Illuminate\Database\Concerns\ManagesTransactions.php:154
C:\Users\Gaser\Desktop\COPRRA\vendor\laravel\framework\src\Illuminate\Database\Concerns\ManagesTransactions.php:130
C:\Users\Gaser\Desktop\COPRRA\vendor\laravel\framework\src\Illuminate\Foundation\Testing\RefreshDatabase.php:129
C:\Users\Gaser\Desktop\COPRRA\vendor\laravel\framework\src\Illuminate\Foundation\Testing\RefreshDatabase.php:91
C:\Users\Gaser\Desktop\COPRRA\vendor\laravel\framework\src\Illuminate\Foundation\Testing\RefreshDatabase.php:25
C:\Users\Gaser\Desktop\COPRRA\vendor\laravel\framework\src\Illuminate\Foundation\Testing\Concerns\InteractsWithTestCaseLifecycle.php:209
C:\Users\Gaser\Desktop\COPRRA\vendor\laravel\framework\src\Illuminate\Foundation\Testing\Concerns\InteractsWithTestCaseLifecycle.php:97
C:\Users\Gaser\Desktop\COPRRA\vendor\laravel\framework\src\Illuminate\Foundation\Testing\TestCase.php:44
C:\Users\Gaser\Desktop\COPRRA\tests\TestCase.php:24
C:\Users\Gaser\Desktop\COPRRA\tests\Feature\Models\UserTest.php:21

188) Tests\Feature\Models\WishlistTest::test_it_can_create_a_wishlist
PDOException: SQLSTATE[HY000]: General error: 1 cannot start a transaction within a transaction

C:\Users\Gaser\Desktop\COPRRA\vendor\laravel\framework\src\Illuminate\Database\SQLiteConnection.php:33
C:\Users\Gaser\Desktop\COPRRA\vendor\laravel\framework\src\Illuminate\Database\Concerns\ManagesTransactions.php:154
C:\Users\Gaser\Desktop\COPRRA\vendor\laravel\framework\src\Illuminate\Database\Concerns\ManagesTransactions.php:130
C:\Users\Gaser\Desktop\COPRRA\vendor\laravel\framework\src\Illuminate\Foundation\Testing\RefreshDatabase.php:129
C:\Users\Gaser\Desktop\COPRRA\vendor\laravel\framework\src\Illuminate\Foundation\Testing\RefreshDatabase.php:91
C:\Users\Gaser\Desktop\COPRRA\vendor\laravel\framework\src\Illuminate\Foundation\Testing\RefreshDatabase.php:25
C:\Users\Gaser\Desktop\COPRRA\vendor\laravel\framework\src\Illuminate\Foundation\Testing\Concerns\InteractsWithTestCaseLifecycle.php:209
C:\Users\Gaser\Desktop\COPRRA\vendor\laravel\framework\src\Illuminate\Foundation\Testing\Concerns\InteractsWithTestCaseLifecycle.php:97
C:\Users\Gaser\Desktop\COPRRA\vendor\laravel\framework\src\Illuminate\Foundation\Testing\TestCase.php:44
C:\Users\Gaser\Desktop\COPRRA\tests\TestCase.php:24
C:\Users\Gaser\Desktop\COPRRA\tests\Feature\Models\WishlistTest.php:17

189) Tests\Feature\Models\WishlistTest::test_it_belongs_to_user
PDOException: SQLSTATE[HY000]: General error: 1 cannot start a transaction within a transaction

C:\Users\Gaser\Desktop\COPRRA\vendor\laravel\framework\src\Illuminate\Database\SQLiteConnection.php:33
C:\Users\Gaser\Desktop\COPRRA\vendor\laravel\framework\src\Illuminate\Database\Concerns\ManagesTransactions.php:154
C:\Users\Gaser\Desktop\COPRRA\vendor\laravel\framework\src\Illuminate\Database\Concerns\ManagesTransactions.php:130
C:\Users\Gaser\Desktop\COPRRA\vendor\laravel\framework\src\Illuminate\Foundation\Testing\RefreshDatabase.php:129
C:\Users\Gaser\Desktop\COPRRA\vendor\laravel\framework\src\Illuminate\Foundation\Testing\RefreshDatabase.php:91
C:\Users\Gaser\Desktop\COPRRA\vendor\laravel\framework\src\Illuminate\Foundation\Testing\RefreshDatabase.php:25
C:\Users\Gaser\Desktop\COPRRA\vendor\laravel\framework\src\Illuminate\Foundation\Testing\Concerns\InteractsWithTestCaseLifecycle.php:209
C:\Users\Gaser\Desktop\COPRRA\vendor\laravel\framework\src\Illuminate\Foundation\Testing\Concerns\InteractsWithTestCaseLifecycle.php:97
C:\Users\Gaser\Desktop\COPRRA\vendor\laravel\framework\src\Illuminate\Foundation\Testing\TestCase.php:44
C:\Users\Gaser\Desktop\COPRRA\tests\TestCase.php:24
C:\Users\Gaser\Desktop\COPRRA\tests\Feature\Models\WishlistTest.php:17

190) Tests\Feature\Models\WishlistTest::test_it_belongs_to_product
PDOException: SQLSTATE[HY000]: General error: 1 cannot start a transaction within a transaction

C:\Users\Gaser\Desktop\COPRRA\vendor\laravel\framework\src\Illuminate\Database\SQLiteConnection.php:33
C:\Users\Gaser\Desktop\COPRRA\vendor\laravel\framework\src\Illuminate\Database\Concerns\ManagesTransactions.php:154
C:\Users\Gaser\Desktop\COPRRA\vendor\laravel\framework\src\Illuminate\Database\Concerns\ManagesTransactions.php:130
C:\Users\Gaser\Desktop\COPRRA\vendor\laravel\framework\src\Illuminate\Foundation\Testing\RefreshDatabase.php:129
C:\Users\Gaser\Desktop\COPRRA\vendor\laravel\framework\src\Illuminate\Foundation\Testing\RefreshDatabase.php:91
C:\Users\Gaser\Desktop\COPRRA\vendor\laravel\framework\src\Illuminate\Foundation\Testing\RefreshDatabase.php:25
C:\Users\Gaser\Desktop\COPRRA\vendor\laravel\framework\src\Illuminate\Foundation\Testing\Concerns\InteractsWithTestCaseLifecycle.php:209
C:\Users\Gaser\Desktop\COPRRA\vendor\laravel\framework\src\Illuminate\Foundation\Testing\Concerns\InteractsWithTestCaseLifecycle.php:97
C:\Users\Gaser\Desktop\COPRRA\vendor\laravel\framework\src\Illuminate\Foundation\Testing\TestCase.php:44
C:\Users\Gaser\Desktop\COPRRA\tests\TestCase.php:24
C:\Users\Gaser\Desktop\COPRRA\tests\Feature\Models\WishlistTest.php:17

191) Tests\Feature\Models\WishlistTest::test_scope_for_user
PDOException: SQLSTATE[HY000]: General error: 1 cannot start a transaction within a transaction

C:\Users\Gaser\Desktop\COPRRA\vendor\laravel\framework\src\Illuminate\Database\SQLiteConnection.php:33
C:\Users\Gaser\Desktop\COPRRA\vendor\laravel\framework\src\Illuminate\Database\Concerns\ManagesTransactions.php:154
C:\Users\Gaser\Desktop\COPRRA\vendor\laravel\framework\src\Illuminate\Database\Concerns\ManagesTransactions.php:130
C:\Users\Gaser\Desktop\COPRRA\vendor\laravel\framework\src\Illuminate\Foundation\Testing\RefreshDatabase.php:129
C:\Users\Gaser\Desktop\COPRRA\vendor\laravel\framework\src\Illuminate\Foundation\Testing\RefreshDatabase.php:91
C:\Users\Gaser\Desktop\COPRRA\vendor\laravel\framework\src\Illuminate\Foundation\Testing\RefreshDatabase.php:25
C:\Users\Gaser\Desktop\COPRRA\vendor\laravel\framework\src\Illuminate\Foundation\Testing\Concerns\InteractsWithTestCaseLifecycle.php:209
C:\Users\Gaser\Desktop\COPRRA\vendor\laravel\framework\src\Illuminate\Foundation\Testing\Concerns\InteractsWithTestCaseLifecycle.php:97
C:\Users\Gaser\Desktop\COPRRA\vendor\laravel\framework\src\Illuminate\Foundation\Testing\TestCase.php:44
C:\Users\Gaser\Desktop\COPRRA\tests\TestCase.php:24
C:\Users\Gaser\Desktop\COPRRA\tests\Feature\Models\WishlistTest.php:17

192) Tests\Feature\Models\WishlistTest::test_scope_for_product
PDOException: SQLSTATE[HY000]: General error: 1 cannot start a transaction within a transaction

C:\Users\Gaser\Desktop\COPRRA\vendor\laravel\framework\src\Illuminate\Database\SQLiteConnection.php:33
C:\Users\Gaser\Desktop\COPRRA\vendor\laravel\framework\src\Illuminate\Database\Concerns\ManagesTransactions.php:154
C:\Users\Gaser\Desktop\COPRRA\vendor\laravel\framework\src\Illuminate\Database\Concerns\ManagesTransactions.php:130
C:\Users\Gaser\Desktop\COPRRA\vendor\laravel\framework\src\Illuminate\Foundation\Testing\RefreshDatabase.php:129
C:\Users\Gaser\Desktop\COPRRA\vendor\laravel\framework\src\Illuminate\Foundation\Testing\RefreshDatabase.php:91
C:\Users\Gaser\Desktop\COPRRA\vendor\laravel\framework\src\Illuminate\Foundation\Testing\RefreshDatabase.php:25
C:\Users\Gaser\Desktop\COPRRA\vendor\laravel\framework\src\Illuminate\Foundation\Testing\Concerns\InteractsWithTestCaseLifecycle.php:209
C:\Users\Gaser\Desktop\COPRRA\vendor\laravel\framework\src\Illuminate\Foundation\Testing\Concerns\InteractsWithTestCaseLifecycle.php:97
C:\Users\Gaser\Desktop\COPRRA\vendor\laravel\framework\src\Illuminate\Foundation\Testing\TestCase.php:44
C:\Users\Gaser\Desktop\COPRRA\tests\TestCase.php:24
C:\Users\Gaser\Desktop\COPRRA\tests\Feature\Models\WishlistTest.php:17

193) Tests\Feature\Models\WishlistTest::test_is_product_in_wishlist
PDOException: SQLSTATE[HY000]: General error: 1 cannot start a transaction within a transaction

C:\Users\Gaser\Desktop\COPRRA\vendor\laravel\framework\src\Illuminate\Database\SQLiteConnection.php:33
C:\Users\Gaser\Desktop\COPRRA\vendor\laravel\framework\src\Illuminate\Database\Concerns\ManagesTransactions.php:154
C:\Users\Gaser\Desktop\COPRRA\vendor\laravel\framework\src\Illuminate\Database\Concerns\ManagesTransactions.php:130
C:\Users\Gaser\Desktop\COPRRA\vendor\laravel\framework\src\Illuminate\Foundation\Testing\RefreshDatabase.php:129
C:\Users\Gaser\Desktop\COPRRA\vendor\laravel\framework\src\Illuminate\Foundation\Testing\RefreshDatabase.php:91
C:\Users\Gaser\Desktop\COPRRA\vendor\laravel\framework\src\Illuminate\Foundation\Testing\RefreshDatabase.php:25
C:\Users\Gaser\Desktop\COPRRA\vendor\laravel\framework\src\Illuminate\Foundation\Testing\Concerns\InteractsWithTestCaseLifecycle.php:209
C:\Users\Gaser\Desktop\COPRRA\vendor\laravel\framework\src\Illuminate\Foundation\Testing\Concerns\InteractsWithTestCaseLifecycle.php:97
C:\Users\Gaser\Desktop\COPRRA\vendor\laravel\framework\src\Illuminate\Foundation\Testing\TestCase.php:44
C:\Users\Gaser\Desktop\COPRRA\tests\TestCase.php:24
C:\Users\Gaser\Desktop\COPRRA\tests\Feature\Models\WishlistTest.php:17

194) Tests\Feature\Models\WishlistTest::test_add_to_wishlist
PDOException: SQLSTATE[HY000]: General error: 1 cannot start a transaction within a transaction

C:\Users\Gaser\Desktop\COPRRA\vendor\laravel\framework\src\Illuminate\Database\SQLiteConnection.php:33
C:\Users\Gaser\Desktop\COPRRA\vendor\laravel\framework\src\Illuminate\Database\Concerns\ManagesTransactions.php:154
C:\Users\Gaser\Desktop\COPRRA\vendor\laravel\framework\src\Illuminate\Database\Concerns\ManagesTransactions.php:130
C:\Users\Gaser\Desktop\COPRRA\vendor\laravel\framework\src\Illuminate\Foundation\Testing\RefreshDatabase.php:129
C:\Users\Gaser\Desktop\COPRRA\vendor\laravel\framework\src\Illuminate\Foundation\Testing\RefreshDatabase.php:91
C:\Users\Gaser\Desktop\COPRRA\vendor\laravel\framework\src\Illuminate\Foundation\Testing\RefreshDatabase.php:25
C:\Users\Gaser\Desktop\COPRRA\vendor\laravel\framework\src\Illuminate\Foundation\Testing\Concerns\InteractsWithTestCaseLifecycle.php:209
C:\Users\Gaser\Desktop\COPRRA\vendor\laravel\framework\src\Illuminate\Foundation\Testing\Concerns\InteractsWithTestCaseLifecycle.php:97
C:\Users\Gaser\Desktop\COPRRA\vendor\laravel\framework\src\Illuminate\Foundation\Testing\TestCase.php:44
C:\Users\Gaser\Desktop\COPRRA\tests\TestCase.php:24
C:\Users\Gaser\Desktop\COPRRA\tests\Feature\Models\WishlistTest.php:17

195) Tests\Feature\Models\WishlistTest::test_remove_from_wishlist
PDOException: SQLSTATE[HY000]: General error: 1 cannot start a transaction within a transaction

C:\Users\Gaser\Desktop\COPRRA\vendor\laravel\framework\src\Illuminate\Database\SQLiteConnection.php:33
C:\Users\Gaser\Desktop\COPRRA\vendor\laravel\framework\src\Illuminate\Database\Concerns\ManagesTransactions.php:154
C:\Users\Gaser\Desktop\COPRRA\vendor\laravel\framework\src\Illuminate\Database\Concerns\ManagesTransactions.php:130
C:\Users\Gaser\Desktop\COPRRA\vendor\laravel\framework\src\Illuminate\Foundation\Testing\RefreshDatabase.php:129
C:\Users\Gaser\Desktop\COPRRA\vendor\laravel\framework\src\Illuminate\Foundation\Testing\RefreshDatabase.php:91
C:\Users\Gaser\Desktop\COPRRA\vendor\laravel\framework\src\Illuminate\Foundation\Testing\RefreshDatabase.php:25
C:\Users\Gaser\Desktop\COPRRA\vendor\laravel\framework\src\Illuminate\Foundation\Testing\Concerns\InteractsWithTestCaseLifecycle.php:209
C:\Users\Gaser\Desktop\COPRRA\vendor\laravel\framework\src\Illuminate\Foundation\Testing\Concerns\InteractsWithTestCaseLifecycle.php:97
C:\Users\Gaser\Desktop\COPRRA\vendor\laravel\framework\src\Illuminate\Foundation\Testing\TestCase.php:44
C:\Users\Gaser\Desktop\COPRRA\tests\TestCase.php:24
C:\Users\Gaser\Desktop\COPRRA\tests\Feature\Models\WishlistTest.php:17

196) Tests\Feature\Models\WishlistTest::test_get_wishlist_count
PDOException: SQLSTATE[HY000]: General error: 1 cannot start a transaction within a transaction

C:\Users\Gaser\Desktop\COPRRA\vendor\laravel\framework\src\Illuminate\Database\SQLiteConnection.php:33
C:\Users\Gaser\Desktop\COPRRA\vendor\laravel\framework\src\Illuminate\Database\Concerns\ManagesTransactions.php:154
C:\Users\Gaser\Desktop\COPRRA\vendor\laravel\framework\src\Illuminate\Database\Concerns\ManagesTransactions.php:130
C:\Users\Gaser\Desktop\COPRRA\vendor\laravel\framework\src\Illuminate\Foundation\Testing\RefreshDatabase.php:129
C:\Users\Gaser\Desktop\COPRRA\vendor\laravel\framework\src\Illuminate\Foundation\Testing\RefreshDatabase.php:91
C:\Users\Gaser\Desktop\COPRRA\vendor\laravel\framework\src\Illuminate\Foundation\Testing\RefreshDatabase.php:25
C:\Users\Gaser\Desktop\COPRRA\vendor\laravel\framework\src\Illuminate\Foundation\Testing\Concerns\InteractsWithTestCaseLifecycle.php:209
C:\Users\Gaser\Desktop\COPRRA\vendor\laravel\framework\src\Illuminate\Foundation\Testing\Concerns\InteractsWithTestCaseLifecycle.php:97
C:\Users\Gaser\Desktop\COPRRA\vendor\laravel\framework\src\Illuminate\Foundation\Testing\TestCase.php:44
C:\Users\Gaser\Desktop\COPRRA\tests\TestCase.php:24
C:\Users\Gaser\Desktop\COPRRA\tests\Feature\Models\WishlistTest.php:17

197) Tests\Feature\Models\WishlistTest::test_validation_passes_with_valid_data
PDOException: SQLSTATE[HY000]: General error: 1 cannot start a transaction within a transaction

C:\Users\Gaser\Desktop\COPRRA\vendor\laravel\framework\src\Illuminate\Database\SQLiteConnection.php:33
C:\Users\Gaser\Desktop\COPRRA\vendor\laravel\framework\src\Illuminate\Database\Concerns\ManagesTransactions.php:154
C:\Users\Gaser\Desktop\COPRRA\vendor\laravel\framework\src\Illuminate\Database\Concerns\ManagesTransactions.php:130
C:\Users\Gaser\Desktop\COPRRA\vendor\laravel\framework\src\Illuminate\Foundation\Testing\RefreshDatabase.php:129
C:\Users\Gaser\Desktop\COPRRA\vendor\laravel\framework\src\Illuminate\Foundation\Testing\RefreshDatabase.php:91
C:\Users\Gaser\Desktop\COPRRA\vendor\laravel\framework\src\Illuminate\Foundation\Testing\RefreshDatabase.php:25
C:\Users\Gaser\Desktop\COPRRA\vendor\laravel\framework\src\Illuminate\Foundation\Testing\Concerns\InteractsWithTestCaseLifecycle.php:209
C:\Users\Gaser\Desktop\COPRRA\vendor\laravel\framework\src\Illuminate\Foundation\Testing\Concerns\InteractsWithTestCaseLifecycle.php:97
C:\Users\Gaser\Desktop\COPRRA\vendor\laravel\framework\src\Illuminate\Foundation\Testing\TestCase.php:44
C:\Users\Gaser\Desktop\COPRRA\tests\TestCase.php:24
C:\Users\Gaser\Desktop\COPRRA\tests\Feature\Models\WishlistTest.php:17

198) Tests\Feature\Models\WishlistTest::test_validation_fails_with_missing_required_fields
PDOException: SQLSTATE[HY000]: General error: 1 cannot start a transaction within a transaction

C:\Users\Gaser\Desktop\COPRRA\vendor\laravel\framework\src\Illuminate\Database\SQLiteConnection.php:33
C:\Users\Gaser\Desktop\COPRRA\vendor\laravel\framework\src\Illuminate\Database\Concerns\ManagesTransactions.php:154
C:\Users\Gaser\Desktop\COPRRA\vendor\laravel\framework\src\Illuminate\Database\Concerns\ManagesTransactions.php:130
C:\Users\Gaser\Desktop\COPRRA\vendor\laravel\framework\src\Illuminate\Foundation\Testing\RefreshDatabase.php:129
C:\Users\Gaser\Desktop\COPRRA\vendor\laravel\framework\src\Illuminate\Foundation\Testing\RefreshDatabase.php:91
C:\Users\Gaser\Desktop\COPRRA\vendor\laravel\framework\src\Illuminate\Foundation\Testing\RefreshDatabase.php:25
C:\Users\Gaser\Desktop\COPRRA\vendor\laravel\framework\src\Illuminate\Foundation\Testing\Concerns\InteractsWithTestCaseLifecycle.php:209
C:\Users\Gaser\Desktop\COPRRA\vendor\laravel\framework\src\Illuminate\Foundation\Testing\Concerns\InteractsWithTestCaseLifecycle.php:97
C:\Users\Gaser\Desktop\COPRRA\vendor\laravel\framework\src\Illuminate\Foundation\Testing\TestCase.php:44
C:\Users\Gaser\Desktop\COPRRA\tests\TestCase.php:24
C:\Users\Gaser\Desktop\COPRRA\tests\Feature\Models\WishlistTest.php:17

199) Tests\Feature\Models\WishlistTest::test_soft_deletes
PDOException: SQLSTATE[HY000]: General error: 1 cannot start a transaction within a transaction

C:\Users\Gaser\Desktop\COPRRA\vendor\laravel\framework\src\Illuminate\Database\SQLiteConnection.php:33
C:\Users\Gaser\Desktop\COPRRA\vendor\laravel\framework\src\Illuminate\Database\Concerns\ManagesTransactions.php:154
C:\Users\Gaser\Desktop\COPRRA\vendor\laravel\framework\src\Illuminate\Database\Concerns\ManagesTransactions.php:130
C:\Users\Gaser\Desktop\COPRRA\vendor\laravel\framework\src\Illuminate\Foundation\Testing\RefreshDatabase.php:129
C:\Users\Gaser\Desktop\COPRRA\vendor\laravel\framework\src\Illuminate\Foundation\Testing\RefreshDatabase.php:91
C:\Users\Gaser\Desktop\COPRRA\vendor\laravel\framework\src\Illuminate\Foundation\Testing\RefreshDatabase.php:25
C:\Users\Gaser\Desktop\COPRRA\vendor\laravel\framework\src\Illuminate\Foundation\Testing\Concerns\InteractsWithTestCaseLifecycle.php:209
C:\Users\Gaser\Desktop\COPRRA\vendor\laravel\framework\src\Illuminate\Foundation\Testing\Concerns\InteractsWithTestCaseLifecycle.php:97
C:\Users\Gaser\Desktop\COPRRA\vendor\laravel\framework\src\Illuminate\Foundation\Testing\TestCase.php:44
C:\Users\Gaser\Desktop\COPRRA\tests\TestCase.php:24
C:\Users\Gaser\Desktop\COPRRA\tests\Feature\Models\WishlistTest.php:17

200) Tests\Feature\Models\WishlistTest::test_fillable_attributes
PDOException: SQLSTATE[HY000]: General error: 1 cannot start a transaction within a transaction

C:\Users\Gaser\Desktop\COPRRA\vendor\laravel\framework\src\Illuminate\Database\SQLiteConnection.php:33
C:\Users\Gaser\Desktop\COPRRA\vendor\laravel\framework\src\Illuminate\Database\Concerns\ManagesTransactions.php:154
C:\Users\Gaser\Desktop\COPRRA\vendor\laravel\framework\src\Illuminate\Database\Concerns\ManagesTransactions.php:130
C:\Users\Gaser\Desktop\COPRRA\vendor\laravel\framework\src\Illuminate\Foundation\Testing\RefreshDatabase.php:129
C:\Users\Gaser\Desktop\COPRRA\vendor\laravel\framework\src\Illuminate\Foundation\Testing\RefreshDatabase.php:91
C:\Users\Gaser\Desktop\COPRRA\vendor\laravel\framework\src\Illuminate\Foundation\Testing\RefreshDatabase.php:25
C:\Users\Gaser\Desktop\COPRRA\vendor\laravel\framework\src\Illuminate\Foundation\Testing\Concerns\InteractsWithTestCaseLifecycle.php:209
C:\Users\Gaser\Desktop\COPRRA\vendor\laravel\framework\src\Illuminate\Foundation\Testing\Concerns\InteractsWithTestCaseLifecycle.php:97
C:\Users\Gaser\Desktop\COPRRA\vendor\laravel\framework\src\Illuminate\Foundation\Testing\TestCase.php:44
C:\Users\Gaser\Desktop\COPRRA\tests\TestCase.php:24
C:\Users\Gaser\Desktop\COPRRA\tests\Feature\Models\WishlistTest.php:17

201) Tests\Feature\Models\WishlistTest::test_factory_creates_valid_wishlist
PDOException: SQLSTATE[HY000]: General error: 1 cannot start a transaction within a transaction

C:\Users\Gaser\Desktop\COPRRA\vendor\laravel\framework\src\Illuminate\Database\SQLiteConnection.php:33
C:\Users\Gaser\Desktop\COPRRA\vendor\laravel\framework\src\Illuminate\Database\Concerns\ManagesTransactions.php:154
C:\Users\Gaser\Desktop\COPRRA\vendor\laravel\framework\src\Illuminate\Database\Concerns\ManagesTransactions.php:130
C:\Users\Gaser\Desktop\COPRRA\vendor\laravel\framework\src\Illuminate\Foundation\Testing\RefreshDatabase.php:129
C:\Users\Gaser\Desktop\COPRRA\vendor\laravel\framework\src\Illuminate\Foundation\Testing\RefreshDatabase.php:91
C:\Users\Gaser\Desktop\COPRRA\vendor\laravel\framework\src\Illuminate\Foundation\Testing\RefreshDatabase.php:25
C:\Users\Gaser\Desktop\COPRRA\vendor\laravel\framework\src\Illuminate\Foundation\Testing\Concerns\InteractsWithTestCaseLifecycle.php:209
C:\Users\Gaser\Desktop\COPRRA\vendor\laravel\framework\src\Illuminate\Foundation\Testing\Concerns\InteractsWithTestCaseLifecycle.php:97
C:\Users\Gaser\Desktop\COPRRA\vendor\laravel\framework\src\Illuminate\Foundation\Testing\TestCase.php:44
C:\Users\Gaser\Desktop\COPRRA\tests\TestCase.php:24
C:\Users\Gaser\Desktop\COPRRA\tests\Feature\Models\WishlistTest.php:17

202) Tests\Feature\Performance\PerformanceTest::test_basic_functionality
PDOException: SQLSTATE[HY000]: General error: 1 cannot start a transaction within a transaction

C:\Users\Gaser\Desktop\COPRRA\vendor\laravel\framework\src\Illuminate\Database\SQLiteConnection.php:33
C:\Users\Gaser\Desktop\COPRRA\vendor\laravel\framework\src\Illuminate\Database\Concerns\ManagesTransactions.php:154
C:\Users\Gaser\Desktop\COPRRA\vendor\laravel\framework\src\Illuminate\Database\Concerns\ManagesTransactions.php:130
C:\Users\Gaser\Desktop\COPRRA\vendor\laravel\framework\src\Illuminate\Foundation\Testing\RefreshDatabase.php:129
C:\Users\Gaser\Desktop\COPRRA\vendor\laravel\framework\src\Illuminate\Foundation\Testing\RefreshDatabase.php:91
C:\Users\Gaser\Desktop\COPRRA\vendor\laravel\framework\src\Illuminate\Foundation\Testing\RefreshDatabase.php:25
C:\Users\Gaser\Desktop\COPRRA\vendor\laravel\framework\src\Illuminate\Foundation\Testing\Concerns\InteractsWithTestCaseLifecycle.php:209
C:\Users\Gaser\Desktop\COPRRA\vendor\laravel\framework\src\Illuminate\Foundation\Testing\Concerns\InteractsWithTestCaseLifecycle.php:97
C:\Users\Gaser\Desktop\COPRRA\vendor\laravel\framework\src\Illuminate\Foundation\Testing\TestCase.php:44
C:\Users\Gaser\Desktop\COPRRA\tests\TestCase.php:24
C:\Users\Gaser\Desktop\COPRRA\tests\Feature\Performance\PerformanceTest.php:38

203) Tests\Feature\Performance\PerformanceTest::test_expected_behavior
PDOException: SQLSTATE[HY000]: General error: 1 cannot start a transaction within a transaction

C:\Users\Gaser\Desktop\COPRRA\vendor\laravel\framework\src\Illuminate\Database\SQLiteConnection.php:33
C:\Users\Gaser\Desktop\COPRRA\vendor\laravel\framework\src\Illuminate\Database\Concerns\ManagesTransactions.php:154
C:\Users\Gaser\Desktop\COPRRA\vendor\laravel\framework\src\Illuminate\Database\Concerns\ManagesTransactions.php:130
C:\Users\Gaser\Desktop\COPRRA\vendor\laravel\framework\src\Illuminate\Foundation\Testing\RefreshDatabase.php:129
C:\Users\Gaser\Desktop\COPRRA\vendor\laravel\framework\src\Illuminate\Foundation\Testing\RefreshDatabase.php:91
C:\Users\Gaser\Desktop\COPRRA\vendor\laravel\framework\src\Illuminate\Foundation\Testing\RefreshDatabase.php:25
C:\Users\Gaser\Desktop\COPRRA\vendor\laravel\framework\src\Illuminate\Foundation\Testing\Concerns\InteractsWithTestCaseLifecycle.php:209
C:\Users\Gaser\Desktop\COPRRA\vendor\laravel\framework\src\Illuminate\Foundation\Testing\Concerns\InteractsWithTestCaseLifecycle.php:97
C:\Users\Gaser\Desktop\COPRRA\vendor\laravel\framework\src\Illuminate\Foundation\Testing\TestCase.php:44
C:\Users\Gaser\Desktop\COPRRA\tests\TestCase.php:24
C:\Users\Gaser\Desktop\COPRRA\tests\Feature\Performance\PerformanceTest.php:38

204) Tests\Feature\Performance\PerformanceTest::test_validation
PDOException: SQLSTATE[HY000]: General error: 1 cannot start a transaction within a transaction

C:\Users\Gaser\Desktop\COPRRA\vendor\laravel\framework\src\Illuminate\Database\SQLiteConnection.php:33
C:\Users\Gaser\Desktop\COPRRA\vendor\laravel\framework\src\Illuminate\Database\Concerns\ManagesTransactions.php:154
C:\Users\Gaser\Desktop\COPRRA\vendor\laravel\framework\src\Illuminate\Database\Concerns\ManagesTransactions.php:130
C:\Users\Gaser\Desktop\COPRRA\vendor\laravel\framework\src\Illuminate\Foundation\Testing\RefreshDatabase.php:129
C:\Users\Gaser\Desktop\COPRRA\vendor\laravel\framework\src\Illuminate\Foundation\Testing\RefreshDatabase.php:91
C:\Users\Gaser\Desktop\COPRRA\vendor\laravel\framework\src\Illuminate\Foundation\Testing\RefreshDatabase.php:25
C:\Users\Gaser\Desktop\COPRRA\vendor\laravel\framework\src\Illuminate\Foundation\Testing\Concerns\InteractsWithTestCaseLifecycle.php:209
C:\Users\Gaser\Desktop\COPRRA\vendor\laravel\framework\src\Illuminate\Foundation\Testing\Concerns\InteractsWithTestCaseLifecycle.php:97
C:\Users\Gaser\Desktop\COPRRA\vendor\laravel\framework\src\Illuminate\Foundation\Testing\TestCase.php:44
C:\Users\Gaser\Desktop\COPRRA\tests\TestCase.php:24
C:\Users\Gaser\Desktop\COPRRA\tests\Feature\Performance\PerformanceTest.php:38

205) Tests\Feature\PermissionControlTest::test_basic_functionality
PDOException: SQLSTATE[HY000]: General error: 1 cannot start a transaction within a transaction

C:\Users\Gaser\Desktop\COPRRA\vendor\laravel\framework\src\Illuminate\Database\SQLiteConnection.php:33
C:\Users\Gaser\Desktop\COPRRA\vendor\laravel\framework\src\Illuminate\Database\Concerns\ManagesTransactions.php:154
C:\Users\Gaser\Desktop\COPRRA\vendor\laravel\framework\src\Illuminate\Database\Concerns\ManagesTransactions.php:130
C:\Users\Gaser\Desktop\COPRRA\vendor\laravel\framework\src\Illuminate\Foundation\Testing\RefreshDatabase.php:129
C:\Users\Gaser\Desktop\COPRRA\vendor\laravel\framework\src\Illuminate\Foundation\Testing\RefreshDatabase.php:91
C:\Users\Gaser\Desktop\COPRRA\vendor\laravel\framework\src\Illuminate\Foundation\Testing\RefreshDatabase.php:25
C:\Users\Gaser\Desktop\COPRRA\vendor\laravel\framework\src\Illuminate\Foundation\Testing\Concerns\InteractsWithTestCaseLifecycle.php:209
C:\Users\Gaser\Desktop\COPRRA\vendor\laravel\framework\src\Illuminate\Foundation\Testing\Concerns\InteractsWithTestCaseLifecycle.php:97
C:\Users\Gaser\Desktop\COPRRA\vendor\laravel\framework\src\Illuminate\Foundation\Testing\TestCase.php:44
C:\Users\Gaser\Desktop\COPRRA\tests\TestCase.php:24
C:\Users\Gaser\Desktop\COPRRA\tests\Feature\PermissionControlTest.php:38

206) Tests\Feature\PermissionControlTest::test_expected_behavior
PDOException: SQLSTATE[HY000]: General error: 1 cannot start a transaction within a transaction

C:\Users\Gaser\Desktop\COPRRA\vendor\laravel\framework\src\Illuminate\Database\SQLiteConnection.php:33
C:\Users\Gaser\Desktop\COPRRA\vendor\laravel\framework\src\Illuminate\Database\Concerns\ManagesTransactions.php:154
C:\Users\Gaser\Desktop\COPRRA\vendor\laravel\framework\src\Illuminate\Database\Concerns\ManagesTransactions.php:130
C:\Users\Gaser\Desktop\COPRRA\vendor\laravel\framework\src\Illuminate\Foundation\Testing\RefreshDatabase.php:129
C:\Users\Gaser\Desktop\COPRRA\vendor\laravel\framework\src\Illuminate\Foundation\Testing\RefreshDatabase.php:91
C:\Users\Gaser\Desktop\COPRRA\vendor\laravel\framework\src\Illuminate\Foundation\Testing\RefreshDatabase.php:25
C:\Users\Gaser\Desktop\COPRRA\vendor\laravel\framework\src\Illuminate\Foundation\Testing\Concerns\InteractsWithTestCaseLifecycle.php:209
C:\Users\Gaser\Desktop\COPRRA\vendor\laravel\framework\src\Illuminate\Foundation\Testing\Concerns\InteractsWithTestCaseLifecycle.php:97
C:\Users\Gaser\Desktop\COPRRA\vendor\laravel\framework\src\Illuminate\Foundation\Testing\TestCase.php:44
C:\Users\Gaser\Desktop\COPRRA\tests\TestCase.php:24
C:\Users\Gaser\Desktop\COPRRA\tests\Feature\PermissionControlTest.php:38

207) Tests\Feature\PermissionControlTest::test_validation
PDOException: SQLSTATE[HY000]: General error: 1 cannot start a transaction within a transaction

C:\Users\Gaser\Desktop\COPRRA\vendor\laravel\framework\src\Illuminate\Database\SQLiteConnection.php:33
C:\Users\Gaser\Desktop\COPRRA\vendor\laravel\framework\src\Illuminate\Database\Concerns\ManagesTransactions.php:154
C:\Users\Gaser\Desktop\COPRRA\vendor\laravel\framework\src\Illuminate\Database\Concerns\ManagesTransactions.php:130
C:\Users\Gaser\Desktop\COPRRA\vendor\laravel\framework\src\Illuminate\Foundation\Testing\RefreshDatabase.php:129
C:\Users\Gaser\Desktop\COPRRA\vendor\laravel\framework\src\Illuminate\Foundation\Testing\RefreshDatabase.php:91
C:\Users\Gaser\Desktop\COPRRA\vendor\laravel\framework\src\Illuminate\Foundation\Testing\RefreshDatabase.php:25
C:\Users\Gaser\Desktop\COPRRA\vendor\laravel\framework\src\Illuminate\Foundation\Testing\Concerns\InteractsWithTestCaseLifecycle.php:209
C:\Users\Gaser\Desktop\COPRRA\vendor\laravel\framework\src\Illuminate\Foundation\Testing\Concerns\InteractsWithTestCaseLifecycle.php:97
C:\Users\Gaser\Desktop\COPRRA\vendor\laravel\framework\src\Illuminate\Foundation\Testing\TestCase.php:44
C:\Users\Gaser\Desktop\COPRRA\tests\TestCase.php:24
C:\Users\Gaser\Desktop\COPRRA\tests\Feature\PermissionControlTest.php:38

208) Tests\Feature\RoutingTest::test_basic_functionality
PDOException: SQLSTATE[HY000]: General error: 1 cannot start a transaction within a transaction

C:\Users\Gaser\Desktop\COPRRA\vendor\laravel\framework\src\Illuminate\Database\SQLiteConnection.php:33
C:\Users\Gaser\Desktop\COPRRA\vendor\laravel\framework\src\Illuminate\Database\Concerns\ManagesTransactions.php:154
C:\Users\Gaser\Desktop\COPRRA\vendor\laravel\framework\src\Illuminate\Database\Concerns\ManagesTransactions.php:130
C:\Users\Gaser\Desktop\COPRRA\vendor\laravel\framework\src\Illuminate\Foundation\Testing\RefreshDatabase.php:129
C:\Users\Gaser\Desktop\COPRRA\vendor\laravel\framework\src\Illuminate\Foundation\Testing\RefreshDatabase.php:91
C:\Users\Gaser\Desktop\COPRRA\vendor\laravel\framework\src\Illuminate\Foundation\Testing\RefreshDatabase.php:25
C:\Users\Gaser\Desktop\COPRRA\vendor\laravel\framework\src\Illuminate\Foundation\Testing\Concerns\InteractsWithTestCaseLifecycle.php:209
C:\Users\Gaser\Desktop\COPRRA\vendor\laravel\framework\src\Illuminate\Foundation\Testing\Concerns\InteractsWithTestCaseLifecycle.php:97
C:\Users\Gaser\Desktop\COPRRA\vendor\laravel\framework\src\Illuminate\Foundation\Testing\TestCase.php:44
C:\Users\Gaser\Desktop\COPRRA\tests\TestCase.php:24
C:\Users\Gaser\Desktop\COPRRA\tests\Feature\RoutingTest.php:38

209) Tests\Feature\RoutingTest::test_expected_behavior
PDOException: SQLSTATE[HY000]: General error: 1 cannot start a transaction within a transaction

C:\Users\Gaser\Desktop\COPRRA\vendor\laravel\framework\src\Illuminate\Database\SQLiteConnection.php:33
C:\Users\Gaser\Desktop\COPRRA\vendor\laravel\framework\src\Illuminate\Database\Concerns\ManagesTransactions.php:154
C:\Users\Gaser\Desktop\COPRRA\vendor\laravel\framework\src\Illuminate\Database\Concerns\ManagesTransactions.php:130
C:\Users\Gaser\Desktop\COPRRA\vendor\laravel\framework\src\Illuminate\Foundation\Testing\RefreshDatabase.php:129
C:\Users\Gaser\Desktop\COPRRA\vendor\laravel\framework\src\Illuminate\Foundation\Testing\RefreshDatabase.php:91
C:\Users\Gaser\Desktop\COPRRA\vendor\laravel\framework\src\Illuminate\Foundation\Testing\RefreshDatabase.php:25
C:\Users\Gaser\Desktop\COPRRA\vendor\laravel\framework\src\Illuminate\Foundation\Testing\Concerns\InteractsWithTestCaseLifecycle.php:209
C:\Users\Gaser\Desktop\COPRRA\vendor\laravel\framework\src\Illuminate\Foundation\Testing\Concerns\InteractsWithTestCaseLifecycle.php:97
C:\Users\Gaser\Desktop\COPRRA\vendor\laravel\framework\src\Illuminate\Foundation\Testing\TestCase.php:44
C:\Users\Gaser\Desktop\COPRRA\tests\TestCase.php:24
C:\Users\Gaser\Desktop\COPRRA\tests\Feature\RoutingTest.php:38

210) Tests\Feature\RoutingTest::test_validation
PDOException: SQLSTATE[HY000]: General error: 1 cannot start a transaction within a transaction

C:\Users\Gaser\Desktop\COPRRA\vendor\laravel\framework\src\Illuminate\Database\SQLiteConnection.php:33
C:\Users\Gaser\Desktop\COPRRA\vendor\laravel\framework\src\Illuminate\Database\Concerns\ManagesTransactions.php:154
C:\Users\Gaser\Desktop\COPRRA\vendor\laravel\framework\src\Illuminate\Database\Concerns\ManagesTransactions.php:130
C:\Users\Gaser\Desktop\COPRRA\vendor\laravel\framework\src\Illuminate\Foundation\Testing\RefreshDatabase.php:129
C:\Users\Gaser\Desktop\COPRRA\vendor\laravel\framework\src\Illuminate\Foundation\Testing\RefreshDatabase.php:91
C:\Users\Gaser\Desktop\COPRRA\vendor\laravel\framework\src\Illuminate\Foundation\Testing\RefreshDatabase.php:25
C:\Users\Gaser\Desktop\COPRRA\vendor\laravel\framework\src\Illuminate\Foundation\Testing\Concerns\InteractsWithTestCaseLifecycle.php:209
C:\Users\Gaser\Desktop\COPRRA\vendor\laravel\framework\src\Illuminate\Foundation\Testing\Concerns\InteractsWithTestCaseLifecycle.php:97
C:\Users\Gaser\Desktop\COPRRA\vendor\laravel\framework\src\Illuminate\Foundation\Testing\TestCase.php:44
C:\Users\Gaser\Desktop\COPRRA\tests\TestCase.php:24
C:\Users\Gaser\Desktop\COPRRA\tests\Feature\RoutingTest.php:38

211) Tests\Feature\SEOTest::test_generates_meta_data_for_product
PDOException: SQLSTATE[HY000]: General error: 1 cannot start a transaction within a transaction

C:\Users\Gaser\Desktop\COPRRA\vendor\laravel\framework\src\Illuminate\Database\SQLiteConnection.php:33
C:\Users\Gaser\Desktop\COPRRA\vendor\laravel\framework\src\Illuminate\Database\Concerns\ManagesTransactions.php:154
C:\Users\Gaser\Desktop\COPRRA\vendor\laravel\framework\src\Illuminate\Database\Concerns\ManagesTransactions.php:130
C:\Users\Gaser\Desktop\COPRRA\vendor\laravel\framework\src\Illuminate\Foundation\Testing\RefreshDatabase.php:129
C:\Users\Gaser\Desktop\COPRRA\vendor\laravel\framework\src\Illuminate\Foundation\Testing\RefreshDatabase.php:91
C:\Users\Gaser\Desktop\COPRRA\vendor\laravel\framework\src\Illuminate\Foundation\Testing\RefreshDatabase.php:25
C:\Users\Gaser\Desktop\COPRRA\vendor\laravel\framework\src\Illuminate\Foundation\Testing\Concerns\InteractsWithTestCaseLifecycle.php:209
C:\Users\Gaser\Desktop\COPRRA\vendor\laravel\framework\src\Illuminate\Foundation\Testing\Concerns\InteractsWithTestCaseLifecycle.php:97
C:\Users\Gaser\Desktop\COPRRA\vendor\laravel\framework\src\Illuminate\Foundation\Testing\TestCase.php:44
C:\Users\Gaser\Desktop\COPRRA\tests\TestCase.php:24
C:\Users\Gaser\Desktop\COPRRA\tests\Feature\SEOTest.php:29

212) Tests\Feature\SEOTest::test_generates_meta_data_for_category
PDOException: SQLSTATE[HY000]: General error: 1 cannot start a transaction within a transaction

C:\Users\Gaser\Desktop\COPRRA\vendor\laravel\framework\src\Illuminate\Database\SQLiteConnection.php:33
C:\Users\Gaser\Desktop\COPRRA\vendor\laravel\framework\src\Illuminate\Database\Concerns\ManagesTransactions.php:154
C:\Users\Gaser\Desktop\COPRRA\vendor\laravel\framework\src\Illuminate\Database\Concerns\ManagesTransactions.php:130
C:\Users\Gaser\Desktop\COPRRA\vendor\laravel\framework\src\Illuminate\Foundation\Testing\RefreshDatabase.php:129
C:\Users\Gaser\Desktop\COPRRA\vendor\laravel\framework\src\Illuminate\Foundation\Testing\RefreshDatabase.php:91
C:\Users\Gaser\Desktop\COPRRA\vendor\laravel\framework\src\Illuminate\Foundation\Testing\RefreshDatabase.php:25
C:\Users\Gaser\Desktop\COPRRA\vendor\laravel\framework\src\Illuminate\Foundation\Testing\Concerns\InteractsWithTestCaseLifecycle.php:209
C:\Users\Gaser\Desktop\COPRRA\vendor\laravel\framework\src\Illuminate\Foundation\Testing\Concerns\InteractsWithTestCaseLifecycle.php:97
C:\Users\Gaser\Desktop\COPRRA\vendor\laravel\framework\src\Illuminate\Foundation\Testing\TestCase.php:44
C:\Users\Gaser\Desktop\COPRRA\tests\TestCase.php:24
C:\Users\Gaser\Desktop\COPRRA\tests\Feature\SEOTest.php:29

213) Tests\Feature\SEOTest::test_generates_meta_data_for_store
PDOException: SQLSTATE[HY000]: General error: 1 cannot start a transaction within a transaction

C:\Users\Gaser\Desktop\COPRRA\vendor\laravel\framework\src\Illuminate\Database\SQLiteConnection.php:33
C:\Users\Gaser\Desktop\COPRRA\vendor\laravel\framework\src\Illuminate\Database\Concerns\ManagesTransactions.php:154
C:\Users\Gaser\Desktop\COPRRA\vendor\laravel\framework\src\Illuminate\Database\Concerns\ManagesTransactions.php:130
C:\Users\Gaser\Desktop\COPRRA\vendor\laravel\framework\src\Illuminate\Foundation\Testing\RefreshDatabase.php:129
C:\Users\Gaser\Desktop\COPRRA\vendor\laravel\framework\src\Illuminate\Foundation\Testing\RefreshDatabase.php:91
C:\Users\Gaser\Desktop\COPRRA\vendor\laravel\framework\src\Illuminate\Foundation\Testing\RefreshDatabase.php:25
C:\Users\Gaser\Desktop\COPRRA\vendor\laravel\framework\src\Illuminate\Foundation\Testing\Concerns\InteractsWithTestCaseLifecycle.php:209
C:\Users\Gaser\Desktop\COPRRA\vendor\laravel\framework\src\Illuminate\Foundation\Testing\Concerns\InteractsWithTestCaseLifecycle.php:97
C:\Users\Gaser\Desktop\COPRRA\vendor\laravel\framework\src\Illuminate\Foundation\Testing\TestCase.php:44
C:\Users\Gaser\Desktop\COPRRA\tests\TestCase.php:24
C:\Users\Gaser\Desktop\COPRRA\tests\Feature\SEOTest.php:29

214) Tests\Feature\SEOTest::test_generates_title_with_correct_length
PDOException: SQLSTATE[HY000]: General error: 1 cannot start a transaction within a transaction

C:\Users\Gaser\Desktop\COPRRA\vendor\laravel\framework\src\Illuminate\Database\SQLiteConnection.php:33
C:\Users\Gaser\Desktop\COPRRA\vendor\laravel\framework\src\Illuminate\Database\Concerns\ManagesTransactions.php:154
C:\Users\Gaser\Desktop\COPRRA\vendor\laravel\framework\src\Illuminate\Database\Concerns\ManagesTransactions.php:130
C:\Users\Gaser\Desktop\COPRRA\vendor\laravel\framework\src\Illuminate\Foundation\Testing\RefreshDatabase.php:129
C:\Users\Gaser\Desktop\COPRRA\vendor\laravel\framework\src\Illuminate\Foundation\Testing\RefreshDatabase.php:91
C:\Users\Gaser\Desktop\COPRRA\vendor\laravel\framework\src\Illuminate\Foundation\Testing\RefreshDatabase.php:25
C:\Users\Gaser\Desktop\COPRRA\vendor\laravel\framework\src\Illuminate\Foundation\Testing\Concerns\InteractsWithTestCaseLifecycle.php:209
C:\Users\Gaser\Desktop\COPRRA\vendor\laravel\framework\src\Illuminate\Foundation\Testing\Concerns\InteractsWithTestCaseLifecycle.php:97
C:\Users\Gaser\Desktop\COPRRA\vendor\laravel\framework\src\Illuminate\Foundation\Testing\TestCase.php:44
C:\Users\Gaser\Desktop\COPRRA\tests\TestCase.php:24
C:\Users\Gaser\Desktop\COPRRA\tests\Feature\SEOTest.php:29

215) Tests\Feature\SEOTest::test_generates_description_with_correct_length
PDOException: SQLSTATE[HY000]: General error: 1 cannot start a transaction within a transaction

C:\Users\Gaser\Desktop\COPRRA\vendor\laravel\framework\src\Illuminate\Database\SQLiteConnection.php:33
C:\Users\Gaser\Desktop\COPRRA\vendor\laravel\framework\src\Illuminate\Database\Concerns\ManagesTransactions.php:154
C:\Users\Gaser\Desktop\COPRRA\vendor\laravel\framework\src\Illuminate\Database\Concerns\ManagesTransactions.php:130
C:\Users\Gaser\Desktop\COPRRA\vendor\laravel\framework\src\Illuminate\Foundation\Testing\RefreshDatabase.php:129
C:\Users\Gaser\Desktop\COPRRA\vendor\laravel\framework\src\Illuminate\Foundation\Testing\RefreshDatabase.php:91
C:\Users\Gaser\Desktop\COPRRA\vendor\laravel\framework\src\Illuminate\Foundation\Testing\RefreshDatabase.php:25
C:\Users\Gaser\Desktop\COPRRA\vendor\laravel\framework\src\Illuminate\Foundation\Testing\Concerns\InteractsWithTestCaseLifecycle.php:209
C:\Users\Gaser\Desktop\COPRRA\vendor\laravel\framework\src\Illuminate\Foundation\Testing\Concerns\InteractsWithTestCaseLifecycle.php:97
C:\Users\Gaser\Desktop\COPRRA\vendor\laravel\framework\src\Illuminate\Foundation\Testing\TestCase.php:44
C:\Users\Gaser\Desktop\COPRRA\tests\TestCase.php:24
C:\Users\Gaser\Desktop\COPRRA\tests\Feature\SEOTest.php:29

216) Tests\Feature\SEOTest::test_validates_meta_data_correctly
PDOException: SQLSTATE[HY000]: General error: 1 cannot start a transaction within a transaction

C:\Users\Gaser\Desktop\COPRRA\vendor\laravel\framework\src\Illuminate\Database\SQLiteConnection.php:33
C:\Users\Gaser\Desktop\COPRRA\vendor\laravel\framework\src\Illuminate\Database\Concerns\ManagesTransactions.php:154
C:\Users\Gaser\Desktop\COPRRA\vendor\laravel\framework\src\Illuminate\Database\Concerns\ManagesTransactions.php:130
C:\Users\Gaser\Desktop\COPRRA\vendor\laravel\framework\src\Illuminate\Foundation\Testing\RefreshDatabase.php:129
C:\Users\Gaser\Desktop\COPRRA\vendor\laravel\framework\src\Illuminate\Foundation\Testing\RefreshDatabase.php:91
C:\Users\Gaser\Desktop\COPRRA\vendor\laravel\framework\src\Illuminate\Foundation\Testing\RefreshDatabase.php:25
C:\Users\Gaser\Desktop\COPRRA\vendor\laravel\framework\src\Illuminate\Foundation\Testing\Concerns\InteractsWithTestCaseLifecycle.php:209
C:\Users\Gaser\Desktop\COPRRA\vendor\laravel\framework\src\Illuminate\Foundation\Testing\Concerns\InteractsWithTestCaseLifecycle.php:97
C:\Users\Gaser\Desktop\COPRRA\vendor\laravel\framework\src\Illuminate\Foundation\Testing\TestCase.php:44
C:\Users\Gaser\Desktop\COPRRA\tests\TestCase.php:24
C:\Users\Gaser\Desktop\COPRRA\tests\Feature\SEOTest.php:29

217) Tests\Feature\SEOTest::test_detects_missing_title
PDOException: SQLSTATE[HY000]: General error: 1 cannot start a transaction within a transaction

C:\Users\Gaser\Desktop\COPRRA\vendor\laravel\framework\src\Illuminate\Database\SQLiteConnection.php:33
C:\Users\Gaser\Desktop\COPRRA\vendor\laravel\framework\src\Illuminate\Database\Concerns\ManagesTransactions.php:154
C:\Users\Gaser\Desktop\COPRRA\vendor\laravel\framework\src\Illuminate\Database\Concerns\ManagesTransactions.php:130
C:\Users\Gaser\Desktop\COPRRA\vendor\laravel\framework\src\Illuminate\Foundation\Testing\RefreshDatabase.php:129
C:\Users\Gaser\Desktop\COPRRA\vendor\laravel\framework\src\Illuminate\Foundation\Testing\RefreshDatabase.php:91
C:\Users\Gaser\Desktop\COPRRA\vendor\laravel\framework\src\Illuminate\Foundation\Testing\RefreshDatabase.php:25
C:\Users\Gaser\Desktop\COPRRA\vendor\laravel\framework\src\Illuminate\Foundation\Testing\Concerns\InteractsWithTestCaseLifecycle.php:209
C:\Users\Gaser\Desktop\COPRRA\vendor\laravel\framework\src\Illuminate\Foundation\Testing\Concerns\InteractsWithTestCaseLifecycle.php:97
C:\Users\Gaser\Desktop\COPRRA\vendor\laravel\framework\src\Illuminate\Foundation\Testing\TestCase.php:44
C:\Users\Gaser\Desktop\COPRRA\tests\TestCase.php:24
C:\Users\Gaser\Desktop\COPRRA\tests\Feature\SEOTest.php:29

218) Tests\Feature\SEOTest::test_detects_short_title
PDOException: SQLSTATE[HY000]: General error: 1 cannot start a transaction within a transaction

C:\Users\Gaser\Desktop\COPRRA\vendor\laravel\framework\src\Illuminate\Database\SQLiteConnection.php:33
C:\Users\Gaser\Desktop\COPRRA\vendor\laravel\framework\src\Illuminate\Database\Concerns\ManagesTransactions.php:154
C:\Users\Gaser\Desktop\COPRRA\vendor\laravel\framework\src\Illuminate\Database\Concerns\ManagesTransactions.php:130
C:\Users\Gaser\Desktop\COPRRA\vendor\laravel\framework\src\Illuminate\Foundation\Testing\RefreshDatabase.php:129
C:\Users\Gaser\Desktop\COPRRA\vendor\laravel\framework\src\Illuminate\Foundation\Testing\RefreshDatabase.php:91
C:\Users\Gaser\Desktop\COPRRA\vendor\laravel\framework\src\Illuminate\Foundation\Testing\RefreshDatabase.php:25
C:\Users\Gaser\Desktop\COPRRA\vendor\laravel\framework\src\Illuminate\Foundation\Testing\Concerns\InteractsWithTestCaseLifecycle.php:209
C:\Users\Gaser\Desktop\COPRRA\vendor\laravel\framework\src\Illuminate\Foundation\Testing\Concerns\InteractsWithTestCaseLifecycle.php:97
C:\Users\Gaser\Desktop\COPRRA\vendor\laravel\framework\src\Illuminate\Foundation\Testing\TestCase.php:44
C:\Users\Gaser\Desktop\COPRRA\tests\TestCase.php:24
C:\Users\Gaser\Desktop\COPRRA\tests\Feature\SEOTest.php:29

219) Tests\Feature\SEOTest::test_detects_long_title
PDOException: SQLSTATE[HY000]: General error: 1 cannot start a transaction within a transaction

C:\Users\Gaser\Desktop\COPRRA\vendor\laravel\framework\src\Illuminate\Database\SQLiteConnection.php:33
C:\Users\Gaser\Desktop\COPRRA\vendor\laravel\framework\src\Illuminate\Database\Concerns\ManagesTransactions.php:154
C:\Users\Gaser\Desktop\COPRRA\vendor\laravel\framework\src\Illuminate\Database\Concerns\ManagesTransactions.php:130
C:\Users\Gaser\Desktop\COPRRA\vendor\laravel\framework\src\Illuminate\Foundation\Testing\RefreshDatabase.php:129
C:\Users\Gaser\Desktop\COPRRA\vendor\laravel\framework\src\Illuminate\Foundation\Testing\RefreshDatabase.php:91
C:\Users\Gaser\Desktop\COPRRA\vendor\laravel\framework\src\Illuminate\Foundation\Testing\RefreshDatabase.php:25
C:\Users\Gaser\Desktop\COPRRA\vendor\laravel\framework\src\Illuminate\Foundation\Testing\Concerns\InteractsWithTestCaseLifecycle.php:209
C:\Users\Gaser\Desktop\COPRRA\vendor\laravel\framework\src\Illuminate\Foundation\Testing\Concerns\InteractsWithTestCaseLifecycle.php:97
C:\Users\Gaser\Desktop\COPRRA\vendor\laravel\framework\src\Illuminate\Foundation\Testing\TestCase.php:44
C:\Users\Gaser\Desktop\COPRRA\tests\TestCase.php:24
C:\Users\Gaser\Desktop\COPRRA\tests\Feature\SEOTest.php:29

220) Tests\Feature\SEOTest::test_detects_missing_description
PDOException: SQLSTATE[HY000]: General error: 1 cannot start a transaction within a transaction

C:\Users\Gaser\Desktop\COPRRA\vendor\laravel\framework\src\Illuminate\Database\SQLiteConnection.php:33
C:\Users\Gaser\Desktop\COPRRA\vendor\laravel\framework\src\Illuminate\Database\Concerns\ManagesTransactions.php:154
C:\Users\Gaser\Desktop\COPRRA\vendor\laravel\framework\src\Illuminate\Database\Concerns\ManagesTransactions.php:130
C:\Users\Gaser\Desktop\COPRRA\vendor\laravel\framework\src\Illuminate\Foundation\Testing\RefreshDatabase.php:129
C:\Users\Gaser\Desktop\COPRRA\vendor\laravel\framework\src\Illuminate\Foundation\Testing\RefreshDatabase.php:91
C:\Users\Gaser\Desktop\COPRRA\vendor\laravel\framework\src\Illuminate\Foundation\Testing\RefreshDatabase.php:25
C:\Users\Gaser\Desktop\COPRRA\vendor\laravel\framework\src\Illuminate\Foundation\Testing\Concerns\InteractsWithTestCaseLifecycle.php:209
C:\Users\Gaser\Desktop\COPRRA\vendor\laravel\framework\src\Illuminate\Foundation\Testing\Concerns\InteractsWithTestCaseLifecycle.php:97
C:\Users\Gaser\Desktop\COPRRA\vendor\laravel\framework\src\Illuminate\Foundation\Testing\TestCase.php:44
C:\Users\Gaser\Desktop\COPRRA\tests\TestCase.php:24
C:\Users\Gaser\Desktop\COPRRA\tests\Feature\SEOTest.php:29

221) Tests\Feature\SEOTest::test_generates_structured_data_for_product
PDOException: SQLSTATE[HY000]: General error: 1 cannot start a transaction within a transaction

C:\Users\Gaser\Desktop\COPRRA\vendor\laravel\framework\src\Illuminate\Database\SQLiteConnection.php:33
C:\Users\Gaser\Desktop\COPRRA\vendor\laravel\framework\src\Illuminate\Database\Concerns\ManagesTransactions.php:154
C:\Users\Gaser\Desktop\COPRRA\vendor\laravel\framework\src\Illuminate\Database\Concerns\ManagesTransactions.php:130
C:\Users\Gaser\Desktop\COPRRA\vendor\laravel\framework\src\Illuminate\Foundation\Testing\RefreshDatabase.php:129
C:\Users\Gaser\Desktop\COPRRA\vendor\laravel\framework\src\Illuminate\Foundation\Testing\RefreshDatabase.php:91
C:\Users\Gaser\Desktop\COPRRA\vendor\laravel\framework\src\Illuminate\Foundation\Testing\RefreshDatabase.php:25
C:\Users\Gaser\Desktop\COPRRA\vendor\laravel\framework\src\Illuminate\Foundation\Testing\Concerns\InteractsWithTestCaseLifecycle.php:209
C:\Users\Gaser\Desktop\COPRRA\vendor\laravel\framework\src\Illuminate\Foundation\Testing\Concerns\InteractsWithTestCaseLifecycle.php:97
C:\Users\Gaser\Desktop\COPRRA\vendor\laravel\framework\src\Illuminate\Foundation\Testing\TestCase.php:44
C:\Users\Gaser\Desktop\COPRRA\tests\TestCase.php:24
C:\Users\Gaser\Desktop\COPRRA\tests\Feature\SEOTest.php:29

222) Tests\Feature\SEOTest::test_generates_breadcrumb_structured_data
PDOException: SQLSTATE[HY000]: General error: 1 cannot start a transaction within a transaction

C:\Users\Gaser\Desktop\COPRRA\vendor\laravel\framework\src\Illuminate\Database\SQLiteConnection.php:33
C:\Users\Gaser\Desktop\COPRRA\vendor\laravel\framework\src\Illuminate\Database\Concerns\ManagesTransactions.php:154
C:\Users\Gaser\Desktop\COPRRA\vendor\laravel\framework\src\Illuminate\Database\Concerns\ManagesTransactions.php:130
C:\Users\Gaser\Desktop\COPRRA\vendor\laravel\framework\src\Illuminate\Foundation\Testing\RefreshDatabase.php:129
C:\Users\Gaser\Desktop\COPRRA\vendor\laravel\framework\src\Illuminate\Foundation\Testing\RefreshDatabase.php:91
C:\Users\Gaser\Desktop\COPRRA\vendor\laravel\framework\src\Illuminate\Foundation\Testing\RefreshDatabase.php:25
C:\Users\Gaser\Desktop\COPRRA\vendor\laravel\framework\src\Illuminate\Foundation\Testing\Concerns\InteractsWithTestCaseLifecycle.php:209
C:\Users\Gaser\Desktop\COPRRA\vendor\laravel\framework\src\Illuminate\Foundation\Testing\Concerns\InteractsWithTestCaseLifecycle.php:97
C:\Users\Gaser\Desktop\COPRRA\vendor\laravel\framework\src\Illuminate\Foundation\Testing\TestCase.php:44
C:\Users\Gaser\Desktop\COPRRA\tests\TestCase.php:24
C:\Users\Gaser\Desktop\COPRRA\tests\Feature\SEOTest.php:29

223) Tests\Feature\SEOTest::test_generates_sitemap_successfully
PDOException: SQLSTATE[HY000]: General error: 1 cannot start a transaction within a transaction

C:\Users\Gaser\Desktop\COPRRA\vendor\laravel\framework\src\Illuminate\Database\SQLiteConnection.php:33
C:\Users\Gaser\Desktop\COPRRA\vendor\laravel\framework\src\Illuminate\Database\Concerns\ManagesTransactions.php:154
C:\Users\Gaser\Desktop\COPRRA\vendor\laravel\framework\src\Illuminate\Database\Concerns\ManagesTransactions.php:130
C:\Users\Gaser\Desktop\COPRRA\vendor\laravel\framework\src\Illuminate\Foundation\Testing\RefreshDatabase.php:129
C:\Users\Gaser\Desktop\COPRRA\vendor\laravel\framework\src\Illuminate\Foundation\Testing\RefreshDatabase.php:91
C:\Users\Gaser\Desktop\COPRRA\vendor\laravel\framework\src\Illuminate\Foundation\Testing\RefreshDatabase.php:25
C:\Users\Gaser\Desktop\COPRRA\vendor\laravel\framework\src\Illuminate\Foundation\Testing\Concerns\InteractsWithTestCaseLifecycle.php:209
C:\Users\Gaser\Desktop\COPRRA\vendor\laravel\framework\src\Illuminate\Foundation\Testing\Concerns\InteractsWithTestCaseLifecycle.php:97
C:\Users\Gaser\Desktop\COPRRA\vendor\laravel\framework\src\Illuminate\Foundation\Testing\TestCase.php:44
C:\Users\Gaser\Desktop\COPRRA\tests\TestCase.php:24
C:\Users\Gaser\Desktop\COPRRA\tests\Feature\SEOTest.php:29

224) Tests\Feature\SEOTest::test_sitemap_includes_products
PDOException: SQLSTATE[HY000]: General error: 1 cannot start a transaction within a transaction

C:\Users\Gaser\Desktop\COPRRA\vendor\laravel\framework\src\Illuminate\Database\SQLiteConnection.php:33
C:\Users\Gaser\Desktop\COPRRA\vendor\laravel\framework\src\Illuminate\Database\Concerns\ManagesTransactions.php:154
C:\Users\Gaser\Desktop\COPRRA\vendor\laravel\framework\src\Illuminate\Database\Concerns\ManagesTransactions.php:130
C:\Users\Gaser\Desktop\COPRRA\vendor\laravel\framework\src\Illuminate\Foundation\Testing\RefreshDatabase.php:129
C:\Users\Gaser\Desktop\COPRRA\vendor\laravel\framework\src\Illuminate\Foundation\Testing\RefreshDatabase.php:91
C:\Users\Gaser\Desktop\COPRRA\vendor\laravel\framework\src\Illuminate\Foundation\Testing\RefreshDatabase.php:25
C:\Users\Gaser\Desktop\COPRRA\vendor\laravel\framework\src\Illuminate\Foundation\Testing\Concerns\InteractsWithTestCaseLifecycle.php:209
C:\Users\Gaser\Desktop\COPRRA\vendor\laravel\framework\src\Illuminate\Foundation\Testing\Concerns\InteractsWithTestCaseLifecycle.php:97
C:\Users\Gaser\Desktop\COPRRA\vendor\laravel\framework\src\Illuminate\Foundation\Testing\TestCase.php:44
C:\Users\Gaser\Desktop\COPRRA\tests\TestCase.php:24
C:\Users\Gaser\Desktop\COPRRA\tests\Feature\SEOTest.php:29

225) Tests\Feature\SEOTest::test_seo_audit_command_runs_successfully
PDOException: SQLSTATE[HY000]: General error: 1 cannot start a transaction within a transaction

C:\Users\Gaser\Desktop\COPRRA\vendor\laravel\framework\src\Illuminate\Database\SQLiteConnection.php:33
C:\Users\Gaser\Desktop\COPRRA\vendor\laravel\framework\src\Illuminate\Database\Concerns\ManagesTransactions.php:154
C:\Users\Gaser\Desktop\COPRRA\vendor\laravel\framework\src\Illuminate\Database\Concerns\ManagesTransactions.php:130
C:\Users\Gaser\Desktop\COPRRA\vendor\laravel\framework\src\Illuminate\Foundation\Testing\RefreshDatabase.php:129
C:\Users\Gaser\Desktop\COPRRA\vendor\laravel\framework\src\Illuminate\Foundation\Testing\RefreshDatabase.php:91
C:\Users\Gaser\Desktop\COPRRA\vendor\laravel\framework\src\Illuminate\Foundation\Testing\RefreshDatabase.php:25
C:\Users\Gaser\Desktop\COPRRA\vendor\laravel\framework\src\Illuminate\Foundation\Testing\Concerns\InteractsWithTestCaseLifecycle.php:209
C:\Users\Gaser\Desktop\COPRRA\vendor\laravel\framework\src\Illuminate\Foundation\Testing\Concerns\InteractsWithTestCaseLifecycle.php:97
C:\Users\Gaser\Desktop\COPRRA\vendor\laravel\framework\src\Illuminate\Foundation\Testing\TestCase.php:44
C:\Users\Gaser\Desktop\COPRRA\tests\TestCase.php:24
C:\Users\Gaser\Desktop\COPRRA\tests\Feature\SEOTest.php:29

226) Tests\Feature\SEOTest::test_seo_audit_can_fix_issues
PDOException: SQLSTATE[HY000]: General error: 1 cannot start a transaction within a transaction

C:\Users\Gaser\Desktop\COPRRA\vendor\laravel\framework\src\Illuminate\Database\SQLiteConnection.php:33
C:\Users\Gaser\Desktop\COPRRA\vendor\laravel\framework\src\Illuminate\Database\Concerns\ManagesTransactions.php:154
C:\Users\Gaser\Desktop\COPRRA\vendor\laravel\framework\src\Illuminate\Database\Concerns\ManagesTransactions.php:130
C:\Users\Gaser\Desktop\COPRRA\vendor\laravel\framework\src\Illuminate\Foundation\Testing\RefreshDatabase.php:129
C:\Users\Gaser\Desktop\COPRRA\vendor\laravel\framework\src\Illuminate\Foundation\Testing\RefreshDatabase.php:91
C:\Users\Gaser\Desktop\COPRRA\vendor\laravel\framework\src\Illuminate\Foundation\Testing\RefreshDatabase.php:25
C:\Users\Gaser\Desktop\COPRRA\vendor\laravel\framework\src\Illuminate\Foundation\Testing\Concerns\InteractsWithTestCaseLifecycle.php:209
C:\Users\Gaser\Desktop\COPRRA\vendor\laravel\framework\src\Illuminate\Foundation\Testing\Concerns\InteractsWithTestCaseLifecycle.php:97
C:\Users\Gaser\Desktop\COPRRA\vendor\laravel\framework\src\Illuminate\Foundation\Testing\TestCase.php:44
C:\Users\Gaser\Desktop\COPRRA\tests\TestCase.php:24
C:\Users\Gaser\Desktop\COPRRA\tests\Feature\SEOTest.php:29

227) Tests\Feature\SEOTest::test_robots_txt_file_exists
PDOException: SQLSTATE[HY000]: General error: 1 cannot start a transaction within a transaction

C:\Users\Gaser\Desktop\COPRRA\vendor\laravel\framework\src\Illuminate\Database\SQLiteConnection.php:33
C:\Users\Gaser\Desktop\COPRRA\vendor\laravel\framework\src\Illuminate\Database\Concerns\ManagesTransactions.php:154
C:\Users\Gaser\Desktop\COPRRA\vendor\laravel\framework\src\Illuminate\Database\Concerns\ManagesTransactions.php:130
C:\Users\Gaser\Desktop\COPRRA\vendor\laravel\framework\src\Illuminate\Foundation\Testing\RefreshDatabase.php:129
C:\Users\Gaser\Desktop\COPRRA\vendor\laravel\framework\src\Illuminate\Foundation\Testing\RefreshDatabase.php:91
C:\Users\Gaser\Desktop\COPRRA\vendor\laravel\framework\src\Illuminate\Foundation\Testing\RefreshDatabase.php:25
C:\Users\Gaser\Desktop\COPRRA\vendor\laravel\framework\src\Illuminate\Foundation\Testing\Concerns\InteractsWithTestCaseLifecycle.php:209
C:\Users\Gaser\Desktop\COPRRA\vendor\laravel\framework\src\Illuminate\Foundation\Testing\Concerns\InteractsWithTestCaseLifecycle.php:97
C:\Users\Gaser\Desktop\COPRRA\vendor\laravel\framework\src\Illuminate\Foundation\Testing\TestCase.php:44
C:\Users\Gaser\Desktop\COPRRA\tests\TestCase.php:24
C:\Users\Gaser\Desktop\COPRRA\tests\Feature\SEOTest.php:29

228) Tests\Feature\SEOTest::test_robots_txt_has_correct_content
PDOException: SQLSTATE[HY000]: General error: 1 cannot start a transaction within a transaction

C:\Users\Gaser\Desktop\COPRRA\vendor\laravel\framework\src\Illuminate\Database\SQLiteConnection.php:33
C:\Users\Gaser\Desktop\COPRRA\vendor\laravel\framework\src\Illuminate\Database\Concerns\ManagesTransactions.php:154
C:\Users\Gaser\Desktop\COPRRA\vendor\laravel\framework\src\Illuminate\Database\Concerns\ManagesTransactions.php:130
C:\Users\Gaser\Desktop\COPRRA\vendor\laravel\framework\src\Illuminate\Foundation\Testing\RefreshDatabase.php:129
C:\Users\Gaser\Desktop\COPRRA\vendor\laravel\framework\src\Illuminate\Foundation\Testing\RefreshDatabase.php:91
C:\Users\Gaser\Desktop\COPRRA\vendor\laravel\framework\src\Illuminate\Foundation\Testing\RefreshDatabase.php:25
C:\Users\Gaser\Desktop\COPRRA\vendor\laravel\framework\src\Illuminate\Foundation\Testing\Concerns\InteractsWithTestCaseLifecycle.php:209
C:\Users\Gaser\Desktop\COPRRA\vendor\laravel\framework\src\Illuminate\Foundation\Testing\Concerns\InteractsWithTestCaseLifecycle.php:97
C:\Users\Gaser\Desktop\COPRRA\vendor\laravel\framework\src\Illuminate\Foundation\Testing\TestCase.php:44
C:\Users\Gaser\Desktop\COPRRA\tests\TestCase.php:24
C:\Users\Gaser\Desktop\COPRRA\tests\Feature\SEOTest.php:29

229) Tests\Feature\Security\SecurityTest::test_basic_functionality
PDOException: SQLSTATE[HY000]: General error: 1 cannot start a transaction within a transaction

C:\Users\Gaser\Desktop\COPRRA\vendor\laravel\framework\src\Illuminate\Database\SQLiteConnection.php:33
C:\Users\Gaser\Desktop\COPRRA\vendor\laravel\framework\src\Illuminate\Database\Concerns\ManagesTransactions.php:154
C:\Users\Gaser\Desktop\COPRRA\vendor\laravel\framework\src\Illuminate\Database\Concerns\ManagesTransactions.php:130
C:\Users\Gaser\Desktop\COPRRA\vendor\laravel\framework\src\Illuminate\Foundation\Testing\RefreshDatabase.php:129
C:\Users\Gaser\Desktop\COPRRA\vendor\laravel\framework\src\Illuminate\Foundation\Testing\RefreshDatabase.php:91
C:\Users\Gaser\Desktop\COPRRA\vendor\laravel\framework\src\Illuminate\Foundation\Testing\RefreshDatabase.php:25
C:\Users\Gaser\Desktop\COPRRA\vendor\laravel\framework\src\Illuminate\Foundation\Testing\Concerns\InteractsWithTestCaseLifecycle.php:209
C:\Users\Gaser\Desktop\COPRRA\vendor\laravel\framework\src\Illuminate\Foundation\Testing\Concerns\InteractsWithTestCaseLifecycle.php:97
C:\Users\Gaser\Desktop\COPRRA\vendor\laravel\framework\src\Illuminate\Foundation\Testing\TestCase.php:44
C:\Users\Gaser\Desktop\COPRRA\tests\TestCase.php:24
C:\Users\Gaser\Desktop\COPRRA\tests\Feature\Security\SecurityTest.php:38

230) Tests\Feature\Security\SecurityTest::test_expected_behavior
PDOException: SQLSTATE[HY000]: General error: 1 cannot start a transaction within a transaction

C:\Users\Gaser\Desktop\COPRRA\vendor\laravel\framework\src\Illuminate\Database\SQLiteConnection.php:33
C:\Users\Gaser\Desktop\COPRRA\vendor\laravel\framework\src\Illuminate\Database\Concerns\ManagesTransactions.php:154
C:\Users\Gaser\Desktop\COPRRA\vendor\laravel\framework\src\Illuminate\Database\Concerns\ManagesTransactions.php:130
C:\Users\Gaser\Desktop\COPRRA\vendor\laravel\framework\src\Illuminate\Foundation\Testing\RefreshDatabase.php:129
C:\Users\Gaser\Desktop\COPRRA\vendor\laravel\framework\src\Illuminate\Foundation\Testing\RefreshDatabase.php:91
C:\Users\Gaser\Desktop\COPRRA\vendor\laravel\framework\src\Illuminate\Foundation\Testing\RefreshDatabase.php:25
C:\Users\Gaser\Desktop\COPRRA\vendor\laravel\framework\src\Illuminate\Foundation\Testing\Concerns\InteractsWithTestCaseLifecycle.php:209
C:\Users\Gaser\Desktop\COPRRA\vendor\laravel\framework\src\Illuminate\Foundation\Testing\Concerns\InteractsWithTestCaseLifecycle.php:97
C:\Users\Gaser\Desktop\COPRRA\vendor\laravel\framework\src\Illuminate\Foundation\Testing\TestCase.php:44
C:\Users\Gaser\Desktop\COPRRA\tests\TestCase.php:24
C:\Users\Gaser\Desktop\COPRRA\tests\Feature\Security\SecurityTest.php:38

231) Tests\Feature\Security\SecurityTest::test_validation
PDOException: SQLSTATE[HY000]: General error: 1 cannot start a transaction within a transaction

C:\Users\Gaser\Desktop\COPRRA\vendor\laravel\framework\src\Illuminate\Database\SQLiteConnection.php:33
C:\Users\Gaser\Desktop\COPRRA\vendor\laravel\framework\src\Illuminate\Database\Concerns\ManagesTransactions.php:154
C:\Users\Gaser\Desktop\COPRRA\vendor\laravel\framework\src\Illuminate\Database\Concerns\ManagesTransactions.php:130
C:\Users\Gaser\Desktop\COPRRA\vendor\laravel\framework\src\Illuminate\Foundation\Testing\RefreshDatabase.php:129
C:\Users\Gaser\Desktop\COPRRA\vendor\laravel\framework\src\Illuminate\Foundation\Testing\RefreshDatabase.php:91
C:\Users\Gaser\Desktop\COPRRA\vendor\laravel\framework\src\Illuminate\Foundation\Testing\RefreshDatabase.php:25
C:\Users\Gaser\Desktop\COPRRA\vendor\laravel\framework\src\Illuminate\Foundation\Testing\Concerns\InteractsWithTestCaseLifecycle.php:209
C:\Users\Gaser\Desktop\COPRRA\vendor\laravel\framework\src\Illuminate\Foundation\Testing\Concerns\InteractsWithTestCaseLifecycle.php:97
C:\Users\Gaser\Desktop\COPRRA\vendor\laravel\framework\src\Illuminate\Foundation\Testing\TestCase.php:44
C:\Users\Gaser\Desktop\COPRRA\tests\TestCase.php:24
C:\Users\Gaser\Desktop\COPRRA\tests\Feature\Security\SecurityTest.php:38

232) Tests\Feature\Services\AuditServiceTest::test_can_be_instantiated
PDOException: SQLSTATE[HY000]: General error: 1 cannot start a transaction within a transaction

C:\Users\Gaser\Desktop\COPRRA\vendor\laravel\framework\src\Illuminate\Database\SQLiteConnection.php:33
C:\Users\Gaser\Desktop\COPRRA\vendor\laravel\framework\src\Illuminate\Database\Concerns\ManagesTransactions.php:154
C:\Users\Gaser\Desktop\COPRRA\vendor\laravel\framework\src\Illuminate\Database\Concerns\ManagesTransactions.php:130
C:\Users\Gaser\Desktop\COPRRA\vendor\laravel\framework\src\Illuminate\Foundation\Testing\RefreshDatabase.php:129
C:\Users\Gaser\Desktop\COPRRA\vendor\laravel\framework\src\Illuminate\Foundation\Testing\RefreshDatabase.php:91
C:\Users\Gaser\Desktop\COPRRA\vendor\laravel\framework\src\Illuminate\Foundation\Testing\RefreshDatabase.php:25
C:\Users\Gaser\Desktop\COPRRA\vendor\laravel\framework\src\Illuminate\Foundation\Testing\Concerns\InteractsWithTestCaseLifecycle.php:209
C:\Users\Gaser\Desktop\COPRRA\vendor\laravel\framework\src\Illuminate\Foundation\Testing\Concerns\InteractsWithTestCaseLifecycle.php:97
C:\Users\Gaser\Desktop\COPRRA\vendor\laravel\framework\src\Illuminate\Foundation\Testing\TestCase.php:44
C:\Users\Gaser\Desktop\COPRRA\tests\TestCase.php:24
C:\Users\Gaser\Desktop\COPRRA\tests\Feature\Services\AuditServiceTest.php:23

233) Tests\Feature\Services\AuditServiceTest::test_logs_created_event
PDOException: SQLSTATE[HY000]: General error: 1 cannot start a transaction within a transaction

C:\Users\Gaser\Desktop\COPRRA\vendor\laravel\framework\src\Illuminate\Database\SQLiteConnection.php:33
C:\Users\Gaser\Desktop\COPRRA\vendor\laravel\framework\src\Illuminate\Database\Concerns\ManagesTransactions.php:154
C:\Users\Gaser\Desktop\COPRRA\vendor\laravel\framework\src\Illuminate\Database\Concerns\ManagesTransactions.php:130
C:\Users\Gaser\Desktop\COPRRA\vendor\laravel\framework\src\Illuminate\Foundation\Testing\RefreshDatabase.php:129
C:\Users\Gaser\Desktop\COPRRA\vendor\laravel\framework\src\Illuminate\Foundation\Testing\RefreshDatabase.php:91
C:\Users\Gaser\Desktop\COPRRA\vendor\laravel\framework\src\Illuminate\Foundation\Testing\RefreshDatabase.php:25
C:\Users\Gaser\Desktop\COPRRA\vendor\laravel\framework\src\Illuminate\Foundation\Testing\Concerns\InteractsWithTestCaseLifecycle.php:209
C:\Users\Gaser\Desktop\COPRRA\vendor\laravel\framework\src\Illuminate\Foundation\Testing\Concerns\InteractsWithTestCaseLifecycle.php:97
C:\Users\Gaser\Desktop\COPRRA\vendor\laravel\framework\src\Illuminate\Foundation\Testing\TestCase.php:44
C:\Users\Gaser\Desktop\COPRRA\tests\TestCase.php:24
C:\Users\Gaser\Desktop\COPRRA\tests\Feature\Services\AuditServiceTest.php:23

234) Tests\Feature\Services\AuditServiceTest::test_logs_updated_event
PDOException: SQLSTATE[HY000]: General error: 1 cannot start a transaction within a transaction

C:\Users\Gaser\Desktop\COPRRA\vendor\laravel\framework\src\Illuminate\Database\SQLiteConnection.php:33
C:\Users\Gaser\Desktop\COPRRA\vendor\laravel\framework\src\Illuminate\Database\Concerns\ManagesTransactions.php:154
C:\Users\Gaser\Desktop\COPRRA\vendor\laravel\framework\src\Illuminate\Database\Concerns\ManagesTransactions.php:130
C:\Users\Gaser\Desktop\COPRRA\vendor\laravel\framework\src\Illuminate\Foundation\Testing\RefreshDatabase.php:129
C:\Users\Gaser\Desktop\COPRRA\vendor\laravel\framework\src\Illuminate\Foundation\Testing\RefreshDatabase.php:91
C:\Users\Gaser\Desktop\COPRRA\vendor\laravel\framework\src\Illuminate\Foundation\Testing\RefreshDatabase.php:25
C:\Users\Gaser\Desktop\COPRRA\vendor\laravel\framework\src\Illuminate\Foundation\Testing\Concerns\InteractsWithTestCaseLifecycle.php:209
C:\Users\Gaser\Desktop\COPRRA\vendor\laravel\framework\src\Illuminate\Foundation\Testing\Concerns\InteractsWithTestCaseLifecycle.php:97
C:\Users\Gaser\Desktop\COPRRA\vendor\laravel\framework\src\Illuminate\Foundation\Testing\TestCase.php:44
C:\Users\Gaser\Desktop\COPRRA\tests\TestCase.php:24
C:\Users\Gaser\Desktop\COPRRA\tests\Feature\Services\AuditServiceTest.php:23

235) Tests\Feature\Services\AuditServiceTest::test_logs_deleted_event
PDOException: SQLSTATE[HY000]: General error: 1 cannot start a transaction within a transaction

C:\Users\Gaser\Desktop\COPRRA\vendor\laravel\framework\src\Illuminate\Database\SQLiteConnection.php:33
C:\Users\Gaser\Desktop\COPRRA\vendor\laravel\framework\src\Illuminate\Database\Concerns\ManagesTransactions.php:154
C:\Users\Gaser\Desktop\COPRRA\vendor\laravel\framework\src\Illuminate\Database\Concerns\ManagesTransactions.php:130
C:\Users\Gaser\Desktop\COPRRA\vendor\laravel\framework\src\Illuminate\Foundation\Testing\RefreshDatabase.php:129
C:\Users\Gaser\Desktop\COPRRA\vendor\laravel\framework\src\Illuminate\Foundation\Testing\RefreshDatabase.php:91
C:\Users\Gaser\Desktop\COPRRA\vendor\laravel\framework\src\Illuminate\Foundation\Testing\RefreshDatabase.php:25
C:\Users\Gaser\Desktop\COPRRA\vendor\laravel\framework\src\Illuminate\Foundation\Testing\Concerns\InteractsWithTestCaseLifecycle.php:209
C:\Users\Gaser\Desktop\COPRRA\vendor\laravel\framework\src\Illuminate\Foundation\Testing\Concerns\InteractsWithTestCaseLifecycle.php:97
C:\Users\Gaser\Desktop\COPRRA\vendor\laravel\framework\src\Illuminate\Foundation\Testing\TestCase.php:44
C:\Users\Gaser\Desktop\COPRRA\tests\TestCase.php:24
C:\Users\Gaser\Desktop\COPRRA\tests\Feature\Services\AuditServiceTest.php:23

236) Tests\Feature\Services\AuditServiceTest::test_logs_viewed_event
PDOException: SQLSTATE[HY000]: General error: 1 cannot start a transaction within a transaction

C:\Users\Gaser\Desktop\COPRRA\vendor\laravel\framework\src\Illuminate\Database\SQLiteConnection.php:33
C:\Users\Gaser\Desktop\COPRRA\vendor\laravel\framework\src\Illuminate\Database\Concerns\ManagesTransactions.php:154
C:\Users\Gaser\Desktop\COPRRA\vendor\laravel\framework\src\Illuminate\Database\Concerns\ManagesTransactions.php:130
C:\Users\Gaser\Desktop\COPRRA\vendor\laravel\framework\src\Illuminate\Foundation\Testing\RefreshDatabase.php:129
C:\Users\Gaser\Desktop\COPRRA\vendor\laravel\framework\src\Illuminate\Foundation\Testing\RefreshDatabase.php:91
C:\Users\Gaser\Desktop\COPRRA\vendor\laravel\framework\src\Illuminate\Foundation\Testing\RefreshDatabase.php:25
C:\Users\Gaser\Desktop\COPRRA\vendor\laravel\framework\src\Illuminate\Foundation\Testing\Concerns\InteractsWithTestCaseLifecycle.php:209
C:\Users\Gaser\Desktop\COPRRA\vendor\laravel\framework\src\Illuminate\Foundation\Testing\Concerns\InteractsWithTestCaseLifecycle.php:97
C:\Users\Gaser\Desktop\COPRRA\vendor\laravel\framework\src\Illuminate\Foundation\Testing\TestCase.php:44
C:\Users\Gaser\Desktop\COPRRA\tests\TestCase.php:24
C:\Users\Gaser\Desktop\COPRRA\tests\Feature\Services\AuditServiceTest.php:23

237) Tests\Feature\Services\AuditServiceTest::test_logs_sensitive_operation
PDOException: SQLSTATE[HY000]: General error: 1 cannot start a transaction within a transaction

C:\Users\Gaser\Desktop\COPRRA\vendor\laravel\framework\src\Illuminate\Database\SQLiteConnection.php:33
C:\Users\Gaser\Desktop\COPRRA\vendor\laravel\framework\src\Illuminate\Database\Concerns\ManagesTransactions.php:154
C:\Users\Gaser\Desktop\COPRRA\vendor\laravel\framework\src\Illuminate\Database\Concerns\ManagesTransactions.php:130
C:\Users\Gaser\Desktop\COPRRA\vendor\laravel\framework\src\Illuminate\Foundation\Testing\RefreshDatabase.php:129
C:\Users\Gaser\Desktop\COPRRA\vendor\laravel\framework\src\Illuminate\Foundation\Testing\RefreshDatabase.php:91
C:\Users\Gaser\Desktop\COPRRA\vendor\laravel\framework\src\Illuminate\Foundation\Testing\RefreshDatabase.php:25
C:\Users\Gaser\Desktop\COPRRA\vendor\laravel\framework\src\Illuminate\Foundation\Testing\Concerns\InteractsWithTestCaseLifecycle.php:209
C:\Users\Gaser\Desktop\COPRRA\vendor\laravel\framework\src\Illuminate\Foundation\Testing\Concerns\InteractsWithTestCaseLifecycle.php:97
C:\Users\Gaser\Desktop\COPRRA\vendor\laravel\framework\src\Illuminate\Foundation\Testing\TestCase.php:44
C:\Users\Gaser\Desktop\COPRRA\tests\TestCase.php:24
C:\Users\Gaser\Desktop\COPRRA\tests\Feature\Services\AuditServiceTest.php:23

238) Tests\Feature\Services\AuditServiceTest::test_logs_auth_event_with_user_id
PDOException: SQLSTATE[HY000]: General error: 1 cannot start a transaction within a transaction

C:\Users\Gaser\Desktop\COPRRA\vendor\laravel\framework\src\Illuminate\Database\SQLiteConnection.php:33
C:\Users\Gaser\Desktop\COPRRA\vendor\laravel\framework\src\Illuminate\Database\Concerns\ManagesTransactions.php:154
C:\Users\Gaser\Desktop\COPRRA\vendor\laravel\framework\src\Illuminate\Database\Concerns\ManagesTransactions.php:130
C:\Users\Gaser\Desktop\COPRRA\vendor\laravel\framework\src\Illuminate\Foundation\Testing\RefreshDatabase.php:129
C:\Users\Gaser\Desktop\COPRRA\vendor\laravel\framework\src\Illuminate\Foundation\Testing\RefreshDatabase.php:91
C:\Users\Gaser\Desktop\COPRRA\vendor\laravel\framework\src\Illuminate\Foundation\Testing\RefreshDatabase.php:25
C:\Users\Gaser\Desktop\COPRRA\vendor\laravel\framework\src\Illuminate\Foundation\Testing\Concerns\InteractsWithTestCaseLifecycle.php:209
C:\Users\Gaser\Desktop\COPRRA\vendor\laravel\framework\src\Illuminate\Foundation\Testing\Concerns\InteractsWithTestCaseLifecycle.php:97
C:\Users\Gaser\Desktop\COPRRA\vendor\laravel\framework\src\Illuminate\Foundation\Testing\TestCase.php:44
C:\Users\Gaser\Desktop\COPRRA\tests\TestCase.php:24
C:\Users\Gaser\Desktop\COPRRA\tests\Feature\Services\AuditServiceTest.php:23

239) Tests\Feature\Services\AuditServiceTest::test_logs_auth_event_without_user_id
PDOException: SQLSTATE[HY000]: General error: 1 cannot start a transaction within a transaction

C:\Users\Gaser\Desktop\COPRRA\vendor\laravel\framework\src\Illuminate\Database\SQLiteConnection.php:33
C:\Users\Gaser\Desktop\COPRRA\vendor\laravel\framework\src\Illuminate\Database\Concerns\ManagesTransactions.php:154
C:\Users\Gaser\Desktop\COPRRA\vendor\laravel\framework\src\Illuminate\Database\Concerns\ManagesTransactions.php:130
C:\Users\Gaser\Desktop\COPRRA\vendor\laravel\framework\src\Illuminate\Foundation\Testing\RefreshDatabase.php:129
C:\Users\Gaser\Desktop\COPRRA\vendor\laravel\framework\src\Illuminate\Foundation\Testing\RefreshDatabase.php:91
C:\Users\Gaser\Desktop\COPRRA\vendor\laravel\framework\src\Illuminate\Foundation\Testing\RefreshDatabase.php:25
C:\Users\Gaser\Desktop\COPRRA\vendor\laravel\framework\src\Illuminate\Foundation\Testing\Concerns\InteractsWithTestCaseLifecycle.php:209
C:\Users\Gaser\Desktop\COPRRA\vendor\laravel\framework\src\Illuminate\Foundation\Testing\Concerns\InteractsWithTestCaseLifecycle.php:97
C:\Users\Gaser\Desktop\COPRRA\vendor\laravel\framework\src\Illuminate\Foundation\Testing\TestCase.php:44
C:\Users\Gaser\Desktop\COPRRA\tests\TestCase.php:24
C:\Users\Gaser\Desktop\COPRRA\tests\Feature\Services\AuditServiceTest.php:23

240) Tests\Feature\Services\AuditServiceTest::test_logs_api_access
PDOException: SQLSTATE[HY000]: General error: 1 cannot start a transaction within a transaction

C:\Users\Gaser\Desktop\COPRRA\vendor\laravel\framework\src\Illuminate\Database\SQLiteConnection.php:33
C:\Users\Gaser\Desktop\COPRRA\vendor\laravel\framework\src\Illuminate\Database\Concerns\ManagesTransactions.php:154
C:\Users\Gaser\Desktop\COPRRA\vendor\laravel\framework\src\Illuminate\Database\Concerns\ManagesTransactions.php:130
C:\Users\Gaser\Desktop\COPRRA\vendor\laravel\framework\src\Illuminate\Foundation\Testing\RefreshDatabase.php:129
C:\Users\Gaser\Desktop\COPRRA\vendor\laravel\framework\src\Illuminate\Foundation\Testing\RefreshDatabase.php:91
C:\Users\Gaser\Desktop\COPRRA\vendor\laravel\framework\src\Illuminate\Foundation\Testing\RefreshDatabase.php:25
C:\Users\Gaser\Desktop\COPRRA\vendor\laravel\framework\src\Illuminate\Foundation\Testing\Concerns\InteractsWithTestCaseLifecycle.php:209
C:\Users\Gaser\Desktop\COPRRA\vendor\laravel\framework\src\Illuminate\Foundation\Testing\Concerns\InteractsWithTestCaseLifecycle.php:97
C:\Users\Gaser\Desktop\COPRRA\vendor\laravel\framework\src\Illuminate\Foundation\Testing\TestCase.php:44
C:\Users\Gaser\Desktop\COPRRA\tests\TestCase.php:24
C:\Users\Gaser\Desktop\COPRRA\tests\Feature\Services\AuditServiceTest.php:23

241) Tests\Feature\Services\AuditServiceTest::test_gets_model_logs
PDOException: SQLSTATE[HY000]: General error: 1 cannot start a transaction within a transaction

C:\Users\Gaser\Desktop\COPRRA\vendor\laravel\framework\src\Illuminate\Database\SQLiteConnection.php:33
C:\Users\Gaser\Desktop\COPRRA\vendor\laravel\framework\src\Illuminate\Database\Concerns\ManagesTransactions.php:154
C:\Users\Gaser\Desktop\COPRRA\vendor\laravel\framework\src\Illuminate\Database\Concerns\ManagesTransactions.php:130
C:\Users\Gaser\Desktop\COPRRA\vendor\laravel\framework\src\Illuminate\Foundation\Testing\RefreshDatabase.php:129
C:\Users\Gaser\Desktop\COPRRA\vendor\laravel\framework\src\Illuminate\Foundation\Testing\RefreshDatabase.php:91
C:\Users\Gaser\Desktop\COPRRA\vendor\laravel\framework\src\Illuminate\Foundation\Testing\RefreshDatabase.php:25
C:\Users\Gaser\Desktop\COPRRA\vendor\laravel\framework\src\Illuminate\Foundation\Testing\Concerns\InteractsWithTestCaseLifecycle.php:209
C:\Users\Gaser\Desktop\COPRRA\vendor\laravel\framework\src\Illuminate\Foundation\Testing\Concerns\InteractsWithTestCaseLifecycle.php:97
C:\Users\Gaser\Desktop\COPRRA\vendor\laravel\framework\src\Illuminate\Foundation\Testing\TestCase.php:44
C:\Users\Gaser\Desktop\COPRRA\tests\TestCase.php:24
C:\Users\Gaser\Desktop\COPRRA\tests\Feature\Services\AuditServiceTest.php:23

242) Tests\Feature\Services\AuditServiceTest::test_gets_user_logs
PDOException: SQLSTATE[HY000]: General error: 1 cannot start a transaction within a transaction

C:\Users\Gaser\Desktop\COPRRA\vendor\laravel\framework\src\Illuminate\Database\SQLiteConnection.php:33
C:\Users\Gaser\Desktop\COPRRA\vendor\laravel\framework\src\Illuminate\Database\Concerns\ManagesTransactions.php:154
C:\Users\Gaser\Desktop\COPRRA\vendor\laravel\framework\src\Illuminate\Database\Concerns\ManagesTransactions.php:130
C:\Users\Gaser\Desktop\COPRRA\vendor\laravel\framework\src\Illuminate\Foundation\Testing\RefreshDatabase.php:129
C:\Users\Gaser\Desktop\COPRRA\vendor\laravel\framework\src\Illuminate\Foundation\Testing\RefreshDatabase.php:91
C:\Users\Gaser\Desktop\COPRRA\vendor\laravel\framework\src\Illuminate\Foundation\Testing\RefreshDatabase.php:25
C:\Users\Gaser\Desktop\COPRRA\vendor\laravel\framework\src\Illuminate\Foundation\Testing\Concerns\InteractsWithTestCaseLifecycle.php:209
C:\Users\Gaser\Desktop\COPRRA\vendor\laravel\framework\src\Illuminate\Foundation\Testing\Concerns\InteractsWithTestCaseLifecycle.php:97
C:\Users\Gaser\Desktop\COPRRA\vendor\laravel\framework\src\Illuminate\Foundation\Testing\TestCase.php:44
C:\Users\Gaser\Desktop\COPRRA\tests\TestCase.php:24
C:\Users\Gaser\Desktop\COPRRA\tests\Feature\Services\AuditServiceTest.php:23

243) Tests\Feature\Services\AuditServiceTest::test_gets_event_logs
PDOException: SQLSTATE[HY000]: General error: 1 cannot start a transaction within a transaction

C:\Users\Gaser\Desktop\COPRRA\vendor\laravel\framework\src\Illuminate\Database\SQLiteConnection.php:33
C:\Users\Gaser\Desktop\COPRRA\vendor\laravel\framework\src\Illuminate\Database\Concerns\ManagesTransactions.php:154
C:\Users\Gaser\Desktop\COPRRA\vendor\laravel\framework\src\Illuminate\Database\Concerns\ManagesTransactions.php:130
C:\Users\Gaser\Desktop\COPRRA\vendor\laravel\framework\src\Illuminate\Foundation\Testing\RefreshDatabase.php:129
C:\Users\Gaser\Desktop\COPRRA\vendor\laravel\framework\src\Illuminate\Foundation\Testing\RefreshDatabase.php:91
C:\Users\Gaser\Desktop\COPRRA\vendor\laravel\framework\src\Illuminate\Foundation\Testing\RefreshDatabase.php:25
C:\Users\Gaser\Desktop\COPRRA\vendor\laravel\framework\src\Illuminate\Foundation\Testing\Concerns\InteractsWithTestCaseLifecycle.php:209
C:\Users\Gaser\Desktop\COPRRA\vendor\laravel\framework\src\Illuminate\Foundation\Testing\Concerns\InteractsWithTestCaseLifecycle.php:97
C:\Users\Gaser\Desktop\COPRRA\vendor\laravel\framework\src\Illuminate\Foundation\Testing\TestCase.php:44
C:\Users\Gaser\Desktop\COPRRA\tests\TestCase.php:24
C:\Users\Gaser\Desktop\COPRRA\tests\Feature\Services\AuditServiceTest.php:23

244) Tests\Feature\Services\AuditServiceTest::test_cleans_old_logs
PDOException: SQLSTATE[HY000]: General error: 1 cannot start a transaction within a transaction

C:\Users\Gaser\Desktop\COPRRA\vendor\laravel\framework\src\Illuminate\Database\SQLiteConnection.php:33
C:\Users\Gaser\Desktop\COPRRA\vendor\laravel\framework\src\Illuminate\Database\Concerns\ManagesTransactions.php:154
C:\Users\Gaser\Desktop\COPRRA\vendor\laravel\framework\src\Illuminate\Database\Concerns\ManagesTransactions.php:130
C:\Users\Gaser\Desktop\COPRRA\vendor\laravel\framework\src\Illuminate\Foundation\Testing\RefreshDatabase.php:129
C:\Users\Gaser\Desktop\COPRRA\vendor\laravel\framework\src\Illuminate\Foundation\Testing\RefreshDatabase.php:91
C:\Users\Gaser\Desktop\COPRRA\vendor\laravel\framework\src\Illuminate\Foundation\Testing\RefreshDatabase.php:25
C:\Users\Gaser\Desktop\COPRRA\vendor\laravel\framework\src\Illuminate\Foundation\Testing\Concerns\InteractsWithTestCaseLifecycle.php:209
C:\Users\Gaser\Desktop\COPRRA\vendor\laravel\framework\src\Illuminate\Foundation\Testing\Concerns\InteractsWithTestCaseLifecycle.php:97
C:\Users\Gaser\Desktop\COPRRA\vendor\laravel\framework\src\Illuminate\Foundation\Testing\TestCase.php:44
C:\Users\Gaser\Desktop\COPRRA\tests\TestCase.php:24
C:\Users\Gaser\Desktop\COPRRA\tests\Feature\Services\AuditServiceTest.php:23

245) Tests\Feature\Services\BackupServiceTest::test_creates_full_backup_successfully
PDOException: SQLSTATE[HY000]: General error: 1 cannot start a transaction within a transaction

C:\Users\Gaser\Desktop\COPRRA\vendor\laravel\framework\src\Illuminate\Database\SQLiteConnection.php:33
C:\Users\Gaser\Desktop\COPRRA\vendor\laravel\framework\src\Illuminate\Database\Concerns\ManagesTransactions.php:154
C:\Users\Gaser\Desktop\COPRRA\vendor\laravel\framework\src\Illuminate\Database\Concerns\ManagesTransactions.php:130
C:\Users\Gaser\Desktop\COPRRA\vendor\laravel\framework\src\Illuminate\Foundation\Testing\RefreshDatabase.php:129
C:\Users\Gaser\Desktop\COPRRA\vendor\laravel\framework\src\Illuminate\Foundation\Testing\RefreshDatabase.php:91
C:\Users\Gaser\Desktop\COPRRA\vendor\laravel\framework\src\Illuminate\Foundation\Testing\RefreshDatabase.php:25
C:\Users\Gaser\Desktop\COPRRA\vendor\laravel\framework\src\Illuminate\Foundation\Testing\Concerns\InteractsWithTestCaseLifecycle.php:209
C:\Users\Gaser\Desktop\COPRRA\vendor\laravel\framework\src\Illuminate\Foundation\Testing\Concerns\InteractsWithTestCaseLifecycle.php:97
C:\Users\Gaser\Desktop\COPRRA\vendor\laravel\framework\src\Illuminate\Foundation\Testing\TestCase.php:44
C:\Users\Gaser\Desktop\COPRRA\tests\TestCase.php:24
C:\Users\Gaser\Desktop\COPRRA\tests\Feature\Services\BackupServiceTest.php:26

246) Tests\Feature\Services\BackupServiceTest::test_handles_full_backup_exception
PDOException: SQLSTATE[HY000]: General error: 1 cannot start a transaction within a transaction

C:\Users\Gaser\Desktop\COPRRA\vendor\laravel\framework\src\Illuminate\Database\SQLiteConnection.php:33
C:\Users\Gaser\Desktop\COPRRA\vendor\laravel\framework\src\Illuminate\Database\Concerns\ManagesTransactions.php:154
C:\Users\Gaser\Desktop\COPRRA\vendor\laravel\framework\src\Illuminate\Database\Concerns\ManagesTransactions.php:130
C:\Users\Gaser\Desktop\COPRRA\vendor\laravel\framework\src\Illuminate\Foundation\Testing\RefreshDatabase.php:129
C:\Users\Gaser\Desktop\COPRRA\vendor\laravel\framework\src\Illuminate\Foundation\Testing\RefreshDatabase.php:91
C:\Users\Gaser\Desktop\COPRRA\vendor\laravel\framework\src\Illuminate\Foundation\Testing\RefreshDatabase.php:25
C:\Users\Gaser\Desktop\COPRRA\vendor\laravel\framework\src\Illuminate\Foundation\Testing\Concerns\InteractsWithTestCaseLifecycle.php:209
C:\Users\Gaser\Desktop\COPRRA\vendor\laravel\framework\src\Illuminate\Foundation\Testing\Concerns\InteractsWithTestCaseLifecycle.php:97
C:\Users\Gaser\Desktop\COPRRA\vendor\laravel\framework\src\Illuminate\Foundation\Testing\TestCase.php:44
C:\Users\Gaser\Desktop\COPRRA\tests\TestCase.php:24
C:\Users\Gaser\Desktop\COPRRA\tests\Feature\Services\BackupServiceTest.php:26

247) Tests\Feature\Services\BackupServiceTest::test_creates_database_backup_successfully
PDOException: SQLSTATE[HY000]: General error: 1 cannot start a transaction within a transaction

C:\Users\Gaser\Desktop\COPRRA\vendor\laravel\framework\src\Illuminate\Database\SQLiteConnection.php:33
C:\Users\Gaser\Desktop\COPRRA\vendor\laravel\framework\src\Illuminate\Database\Concerns\ManagesTransactions.php:154
C:\Users\Gaser\Desktop\COPRRA\vendor\laravel\framework\src\Illuminate\Database\Concerns\ManagesTransactions.php:130
C:\Users\Gaser\Desktop\COPRRA\vendor\laravel\framework\src\Illuminate\Foundation\Testing\RefreshDatabase.php:129
C:\Users\Gaser\Desktop\COPRRA\vendor\laravel\framework\src\Illuminate\Foundation\Testing\RefreshDatabase.php:91
C:\Users\Gaser\Desktop\COPRRA\vendor\laravel\framework\src\Illuminate\Foundation\Testing\RefreshDatabase.php:25
C:\Users\Gaser\Desktop\COPRRA\vendor\laravel\framework\src\Illuminate\Foundation\Testing\Concerns\InteractsWithTestCaseLifecycle.php:209
C:\Users\Gaser\Desktop\COPRRA\vendor\laravel\framework\src\Illuminate\Foundation\Testing\Concerns\InteractsWithTestCaseLifecycle.php:97
C:\Users\Gaser\Desktop\COPRRA\vendor\laravel\framework\src\Illuminate\Foundation\Testing\TestCase.php:44
C:\Users\Gaser\Desktop\COPRRA\tests\TestCase.php:24
C:\Users\Gaser\Desktop\COPRRA\tests\Feature\Services\BackupServiceTest.php:26

248) Tests\Feature\Services\BackupServiceTest::test_creates_files_backup_successfully
PDOException: SQLSTATE[HY000]: General error: 1 cannot start a transaction within a transaction

C:\Users\Gaser\Desktop\COPRRA\vendor\laravel\framework\src\Illuminate\Database\SQLiteConnection.php:33
C:\Users\Gaser\Desktop\COPRRA\vendor\laravel\framework\src\Illuminate\Database\Concerns\ManagesTransactions.php:154
C:\Users\Gaser\Desktop\COPRRA\vendor\laravel\framework\src\Illuminate\Database\Concerns\ManagesTransactions.php:130
C:\Users\Gaser\Desktop\COPRRA\vendor\laravel\framework\src\Illuminate\Foundation\Testing\RefreshDatabase.php:129
C:\Users\Gaser\Desktop\COPRRA\vendor\laravel\framework\src\Illuminate\Foundation\Testing\RefreshDatabase.php:91
C:\Users\Gaser\Desktop\COPRRA\vendor\laravel\framework\src\Illuminate\Foundation\Testing\RefreshDatabase.php:25
C:\Users\Gaser\Desktop\COPRRA\vendor\laravel\framework\src\Illuminate\Foundation\Testing\Concerns\InteractsWithTestCaseLifecycle.php:209
C:\Users\Gaser\Desktop\COPRRA\vendor\laravel\framework\src\Illuminate\Foundation\Testing\Concerns\InteractsWithTestCaseLifecycle.php:97
C:\Users\Gaser\Desktop\COPRRA\vendor\laravel\framework\src\Illuminate\Foundation\Testing\TestCase.php:44
C:\Users\Gaser\Desktop\COPRRA\tests\TestCase.php:24
C:\Users\Gaser\Desktop\COPRRA\tests\Feature\Services\BackupServiceTest.php:26

249) Tests\Feature\Services\BackupServiceTest::test_restores_from_backup_successfully
PDOException: SQLSTATE[HY000]: General error: 1 cannot start a transaction within a transaction

C:\Users\Gaser\Desktop\COPRRA\vendor\laravel\framework\src\Illuminate\Database\SQLiteConnection.php:33
C:\Users\Gaser\Desktop\COPRRA\vendor\laravel\framework\src\Illuminate\Database\Concerns\ManagesTransactions.php:154
C:\Users\Gaser\Desktop\COPRRA\vendor\laravel\framework\src\Illuminate\Database\Concerns\ManagesTransactions.php:130
C:\Users\Gaser\Desktop\COPRRA\vendor\laravel\framework\src\Illuminate\Foundation\Testing\RefreshDatabase.php:129
C:\Users\Gaser\Desktop\COPRRA\vendor\laravel\framework\src\Illuminate\Foundation\Testing\RefreshDatabase.php:91
C:\Users\Gaser\Desktop\COPRRA\vendor\laravel\framework\src\Illuminate\Foundation\Testing\RefreshDatabase.php:25
C:\Users\Gaser\Desktop\COPRRA\vendor\laravel\framework\src\Illuminate\Foundation\Testing\Concerns\InteractsWithTestCaseLifecycle.php:209
C:\Users\Gaser\Desktop\COPRRA\vendor\laravel\framework\src\Illuminate\Foundation\Testing\Concerns\InteractsWithTestCaseLifecycle.php:97
C:\Users\Gaser\Desktop\COPRRA\vendor\laravel\framework\src\Illuminate\Foundation\Testing\TestCase.php:44
C:\Users\Gaser\Desktop\COPRRA\tests\TestCase.php:24
C:\Users\Gaser\Desktop\COPRRA\tests\Feature\Services\BackupServiceTest.php:26

250) Tests\Feature\Services\BackupServiceTest::test_handles_restore_with_nonexistent_backup
PDOException: SQLSTATE[HY000]: General error: 1 cannot start a transaction within a transaction

C:\Users\Gaser\Desktop\COPRRA\vendor\laravel\framework\src\Illuminate\Database\SQLiteConnection.php:33
C:\Users\Gaser\Desktop\COPRRA\vendor\laravel\framework\src\Illuminate\Database\Concerns\ManagesTransactions.php:154
C:\Users\Gaser\Desktop\COPRRA\vendor\laravel\framework\src\Illuminate\Database\Concerns\ManagesTransactions.php:130
C:\Users\Gaser\Desktop\COPRRA\vendor\laravel\framework\src\Illuminate\Foundation\Testing\RefreshDatabase.php:129
C:\Users\Gaser\Desktop\COPRRA\vendor\laravel\framework\src\Illuminate\Foundation\Testing\RefreshDatabase.php:91
C:\Users\Gaser\Desktop\COPRRA\vendor\laravel\framework\src\Illuminate\Foundation\Testing\RefreshDatabase.php:25
C:\Users\Gaser\Desktop\COPRRA\vendor\laravel\framework\src\Illuminate\Foundation\Testing\Concerns\InteractsWithTestCaseLifecycle.php:209
C:\Users\Gaser\Desktop\COPRRA\vendor\laravel\framework\src\Illuminate\Foundation\Testing\Concerns\InteractsWithTestCaseLifecycle.php:97
C:\Users\Gaser\Desktop\COPRRA\vendor\laravel\framework\src\Illuminate\Foundation\Testing\TestCase.php:44
C:\Users\Gaser\Desktop\COPRRA\tests\TestCase.php:24
C:\Users\Gaser\Desktop\COPRRA\tests\Feature\Services\BackupServiceTest.php:26

251) Tests\Feature\Services\BackupServiceTest::test_lists_backups_successfully
PDOException: SQLSTATE[HY000]: General error: 1 cannot start a transaction within a transaction

C:\Users\Gaser\Desktop\COPRRA\vendor\laravel\framework\src\Illuminate\Database\SQLiteConnection.php:33
C:\Users\Gaser\Desktop\COPRRA\vendor\laravel\framework\src\Illuminate\Database\Concerns\ManagesTransactions.php:154
C:\Users\Gaser\Desktop\COPRRA\vendor\laravel\framework\src\Illuminate\Database\Concerns\ManagesTransactions.php:130
C:\Users\Gaser\Desktop\COPRRA\vendor\laravel\framework\src\Illuminate\Foundation\Testing\RefreshDatabase.php:129
C:\Users\Gaser\Desktop\COPRRA\vendor\laravel\framework\src\Illuminate\Foundation\Testing\RefreshDatabase.php:91
C:\Users\Gaser\Desktop\COPRRA\vendor\laravel\framework\src\Illuminate\Foundation\Testing\RefreshDatabase.php:25
C:\Users\Gaser\Desktop\COPRRA\vendor\laravel\framework\src\Illuminate\Foundation\Testing\Concerns\InteractsWithTestCaseLifecycle.php:209
C:\Users\Gaser\Desktop\COPRRA\vendor\laravel\framework\src\Illuminate\Foundation\Testing\Concerns\InteractsWithTestCaseLifecycle.php:97
C:\Users\Gaser\Desktop\COPRRA\vendor\laravel\framework\src\Illuminate\Foundation\Testing\TestCase.php:44
C:\Users\Gaser\Desktop\COPRRA\tests\TestCase.php:24
C:\Users\Gaser\Desktop\COPRRA\tests\Feature\Services\BackupServiceTest.php:26

252) Tests\Feature\Services\BackupServiceTest::test_returns_empty_list_when_no_backup_directory
PDOException: SQLSTATE[HY000]: General error: 1 cannot start a transaction within a transaction

C:\Users\Gaser\Desktop\COPRRA\vendor\laravel\framework\src\Illuminate\Database\SQLiteConnection.php:33
C:\Users\Gaser\Desktop\COPRRA\vendor\laravel\framework\src\Illuminate\Database\Concerns\ManagesTransactions.php:154
C:\Users\Gaser\Desktop\COPRRA\vendor\laravel\framework\src\Illuminate\Database\Concerns\ManagesTransactions.php:130
C:\Users\Gaser\Desktop\COPRRA\vendor\laravel\framework\src\Illuminate\Foundation\Testing\RefreshDatabase.php:129
C:\Users\Gaser\Desktop\COPRRA\vendor\laravel\framework\src\Illuminate\Foundation\Testing\RefreshDatabase.php:91
C:\Users\Gaser\Desktop\COPRRA\vendor\laravel\framework\src\Illuminate\Foundation\Testing\RefreshDatabase.php:25
C:\Users\Gaser\Desktop\COPRRA\vendor\laravel\framework\src\Illuminate\Foundation\Testing\Concerns\InteractsWithTestCaseLifecycle.php:209
C:\Users\Gaser\Desktop\COPRRA\vendor\laravel\framework\src\Illuminate\Foundation\Testing\Concerns\InteractsWithTestCaseLifecycle.php:97
C:\Users\Gaser\Desktop\COPRRA\vendor\laravel\framework\src\Illuminate\Foundation\Testing\TestCase.php:44
C:\Users\Gaser\Desktop\COPRRA\tests\TestCase.php:24
C:\Users\Gaser\Desktop\COPRRA\tests\Feature\Services\BackupServiceTest.php:26

253) Tests\Feature\Services\BackupServiceTest::test_deletes_backup_successfully
PDOException: SQLSTATE[HY000]: General error: 1 cannot start a transaction within a transaction

C:\Users\Gaser\Desktop\COPRRA\vendor\laravel\framework\src\Illuminate\Database\SQLiteConnection.php:33
C:\Users\Gaser\Desktop\COPRRA\vendor\laravel\framework\src\Illuminate\Database\Concerns\ManagesTransactions.php:154
C:\Users\Gaser\Desktop\COPRRA\vendor\laravel\framework\src\Illuminate\Database\Concerns\ManagesTransactions.php:130
C:\Users\Gaser\Desktop\COPRRA\vendor\laravel\framework\src\Illuminate\Foundation\Testing\RefreshDatabase.php:129
C:\Users\Gaser\Desktop\COPRRA\vendor\laravel\framework\src\Illuminate\Foundation\Testing\RefreshDatabase.php:91
C:\Users\Gaser\Desktop\COPRRA\vendor\laravel\framework\src\Illuminate\Foundation\Testing\RefreshDatabase.php:25
C:\Users\Gaser\Desktop\COPRRA\vendor\laravel\framework\src\Illuminate\Foundation\Testing\Concerns\InteractsWithTestCaseLifecycle.php:209
C:\Users\Gaser\Desktop\COPRRA\vendor\laravel\framework\src\Illuminate\Foundation\Testing\Concerns\InteractsWithTestCaseLifecycle.php:97
C:\Users\Gaser\Desktop\COPRRA\vendor\laravel\framework\src\Illuminate\Foundation\Testing\TestCase.php:44
C:\Users\Gaser\Desktop\COPRRA\tests\TestCase.php:24
C:\Users\Gaser\Desktop\COPRRA\tests\Feature\Services\BackupServiceTest.php:26

254) Tests\Feature\Services\BackupServiceTest::test_handles_delete_nonexistent_backup
PDOException: SQLSTATE[HY000]: General error: 1 cannot start a transaction within a transaction

C:\Users\Gaser\Desktop\COPRRA\vendor\laravel\framework\src\Illuminate\Database\SQLiteConnection.php:33
C:\Users\Gaser\Desktop\COPRRA\vendor\laravel\framework\src\Illuminate\Database\Concerns\ManagesTransactions.php:154
C:\Users\Gaser\Desktop\COPRRA\vendor\laravel\framework\src\Illuminate\Database\Concerns\ManagesTransactions.php:130
C:\Users\Gaser\Desktop\COPRRA\vendor\laravel\framework\src\Illuminate\Foundation\Testing\RefreshDatabase.php:129
C:\Users\Gaser\Desktop\COPRRA\vendor\laravel\framework\src\Illuminate\Foundation\Testing\RefreshDatabase.php:91
C:\Users\Gaser\Desktop\COPRRA\vendor\laravel\framework\src\Illuminate\Foundation\Testing\RefreshDatabase.php:25
C:\Users\Gaser\Desktop\COPRRA\vendor\laravel\framework\src\Illuminate\Foundation\Testing\Concerns\InteractsWithTestCaseLifecycle.php:209
C:\Users\Gaser\Desktop\COPRRA\vendor\laravel\framework\src\Illuminate\Foundation\Testing\Concerns\InteractsWithTestCaseLifecycle.php:97
C:\Users\Gaser\Desktop\COPRRA\vendor\laravel\framework\src\Illuminate\Foundation\Testing\TestCase.php:44
C:\Users\Gaser\Desktop\COPRRA\tests\TestCase.php:24
C:\Users\Gaser\Desktop\COPRRA\tests\Feature\Services\BackupServiceTest.php:26

255) Tests\Feature\Services\BackupServiceTest::test_cleans_old_backups
PDOException: SQLSTATE[HY000]: General error: 1 cannot start a transaction within a transaction

C:\Users\Gaser\Desktop\COPRRA\vendor\laravel\framework\src\Illuminate\Database\SQLiteConnection.php:33
C:\Users\Gaser\Desktop\COPRRA\vendor\laravel\framework\src\Illuminate\Database\Concerns\ManagesTransactions.php:154
C:\Users\Gaser\Desktop\COPRRA\vendor\laravel\framework\src\Illuminate\Database\Concerns\ManagesTransactions.php:130
C:\Users\Gaser\Desktop\COPRRA\vendor\laravel\framework\src\Illuminate\Foundation\Testing\RefreshDatabase.php:129
C:\Users\Gaser\Desktop\COPRRA\vendor\laravel\framework\src\Illuminate\Foundation\Testing\RefreshDatabase.php:91
C:\Users\Gaser\Desktop\COPRRA\vendor\laravel\framework\src\Illuminate\Foundation\Testing\RefreshDatabase.php:25
C:\Users\Gaser\Desktop\COPRRA\vendor\laravel\framework\src\Illuminate\Foundation\Testing\Concerns\InteractsWithTestCaseLifecycle.php:209
C:\Users\Gaser\Desktop\COPRRA\vendor\laravel\framework\src\Illuminate\Foundation\Testing\Concerns\InteractsWithTestCaseLifecycle.php:97
C:\Users\Gaser\Desktop\COPRRA\vendor\laravel\framework\src\Illuminate\Foundation\Testing\TestCase.php:44
C:\Users\Gaser\Desktop\COPRRA\tests\TestCase.php:24
C:\Users\Gaser\Desktop\COPRRA\tests\Feature\Services\BackupServiceTest.php:26

256) Tests\Feature\Services\CacheServiceTest::test_remembers_data_with_cache_hit
PDOException: SQLSTATE[HY000]: General error: 1 cannot start a transaction within a transaction

C:\Users\Gaser\Desktop\COPRRA\vendor\laravel\framework\src\Illuminate\Database\SQLiteConnection.php:33
C:\Users\Gaser\Desktop\COPRRA\vendor\laravel\framework\src\Illuminate\Database\Concerns\ManagesTransactions.php:154
C:\Users\Gaser\Desktop\COPRRA\vendor\laravel\framework\src\Illuminate\Database\Concerns\ManagesTransactions.php:130
C:\Users\Gaser\Desktop\COPRRA\vendor\laravel\framework\src\Illuminate\Foundation\Testing\RefreshDatabase.php:129
C:\Users\Gaser\Desktop\COPRRA\vendor\laravel\framework\src\Illuminate\Foundation\Testing\RefreshDatabase.php:91
C:\Users\Gaser\Desktop\COPRRA\vendor\laravel\framework\src\Illuminate\Foundation\Testing\RefreshDatabase.php:25
C:\Users\Gaser\Desktop\COPRRA\vendor\laravel\framework\src\Illuminate\Foundation\Testing\Concerns\InteractsWithTestCaseLifecycle.php:209
C:\Users\Gaser\Desktop\COPRRA\vendor\laravel\framework\src\Illuminate\Foundation\Testing\Concerns\InteractsWithTestCaseLifecycle.php:97
C:\Users\Gaser\Desktop\COPRRA\vendor\laravel\framework\src\Illuminate\Foundation\Testing\TestCase.php:44
C:\Users\Gaser\Desktop\COPRRA\tests\TestCase.php:24
C:\Users\Gaser\Desktop\COPRRA\tests\Feature\Services\CacheServiceTest.php:22

257) Tests\Feature\Services\CacheServiceTest::test_executes_callback_on_cache_miss
PDOException: SQLSTATE[HY000]: General error: 1 cannot start a transaction within a transaction

C:\Users\Gaser\Desktop\COPRRA\vendor\laravel\framework\src\Illuminate\Database\SQLiteConnection.php:33
C:\Users\Gaser\Desktop\COPRRA\vendor\laravel\framework\src\Illuminate\Database\Concerns\ManagesTransactions.php:154
C:\Users\Gaser\Desktop\COPRRA\vendor\laravel\framework\src\Illuminate\Database\Concerns\ManagesTransactions.php:130
C:\Users\Gaser\Desktop\COPRRA\vendor\laravel\framework\src\Illuminate\Foundation\Testing\RefreshDatabase.php:129
C:\Users\Gaser\Desktop\COPRRA\vendor\laravel\framework\src\Illuminate\Foundation\Testing\RefreshDatabase.php:91
C:\Users\Gaser\Desktop\COPRRA\vendor\laravel\framework\src\Illuminate\Foundation\Testing\RefreshDatabase.php:25
C:\Users\Gaser\Desktop\COPRRA\vendor\laravel\framework\src\Illuminate\Foundation\Testing\Concerns\InteractsWithTestCaseLifecycle.php:209
C:\Users\Gaser\Desktop\COPRRA\vendor\laravel\framework\src\Illuminate\Foundation\Testing\Concerns\InteractsWithTestCaseLifecycle.php:97
C:\Users\Gaser\Desktop\COPRRA\vendor\laravel\framework\src\Illuminate\Foundation\Testing\TestCase.php:44
C:\Users\Gaser\Desktop\COPRRA\tests\TestCase.php:24
C:\Users\Gaser\Desktop\COPRRA\tests\Feature\Services\CacheServiceTest.php:22

258) Tests\Feature\Services\CacheServiceTest::test_handles_cache_exception_gracefully
PDOException: SQLSTATE[HY000]: General error: 1 cannot start a transaction within a transaction

C:\Users\Gaser\Desktop\COPRRA\vendor\laravel\framework\src\Illuminate\Database\SQLiteConnection.php:33
C:\Users\Gaser\Desktop\COPRRA\vendor\laravel\framework\src\Illuminate\Database\Concerns\ManagesTransactions.php:154
C:\Users\Gaser\Desktop\COPRRA\vendor\laravel\framework\src\Illuminate\Database\Concerns\ManagesTransactions.php:130
C:\Users\Gaser\Desktop\COPRRA\vendor\laravel\framework\src\Illuminate\Foundation\Testing\RefreshDatabase.php:129
C:\Users\Gaser\Desktop\COPRRA\vendor\laravel\framework\src\Illuminate\Foundation\Testing\RefreshDatabase.php:91
C:\Users\Gaser\Desktop\COPRRA\vendor\laravel\framework\src\Illuminate\Foundation\Testing\RefreshDatabase.php:25
C:\Users\Gaser\Desktop\COPRRA\vendor\laravel\framework\src\Illuminate\Foundation\Testing\Concerns\InteractsWithTestCaseLifecycle.php:209
C:\Users\Gaser\Desktop\COPRRA\vendor\laravel\framework\src\Illuminate\Foundation\Testing\Concerns\InteractsWithTestCaseLifecycle.php:97
C:\Users\Gaser\Desktop\COPRRA\vendor\laravel\framework\src\Illuminate\Foundation\Testing\TestCase.php:44
C:\Users\Gaser\Desktop\COPRRA\tests\TestCase.php:24
C:\Users\Gaser\Desktop\COPRRA\tests\Feature\Services\CacheServiceTest.php:22

259) Tests\Feature\Services\CacheServiceTest::test_builds_cache_key_correctly
PDOException: SQLSTATE[HY000]: General error: 1 cannot start a transaction within a transaction

C:\Users\Gaser\Desktop\COPRRA\vendor\laravel\framework\src\Illuminate\Database\SQLiteConnection.php:33
C:\Users\Gaser\Desktop\COPRRA\vendor\laravel\framework\src\Illuminate\Database\Concerns\ManagesTransactions.php:154
C:\Users\Gaser\Desktop\COPRRA\vendor\laravel\framework\src\Illuminate\Database\Concerns\ManagesTransactions.php:130
C:\Users\Gaser\Desktop\COPRRA\vendor\laravel\framework\src\Illuminate\Foundation\Testing\RefreshDatabase.php:129
C:\Users\Gaser\Desktop\COPRRA\vendor\laravel\framework\src\Illuminate\Foundation\Testing\RefreshDatabase.php:91
C:\Users\Gaser\Desktop\COPRRA\vendor\laravel\framework\src\Illuminate\Foundation\Testing\RefreshDatabase.php:25
C:\Users\Gaser\Desktop\COPRRA\vendor\laravel\framework\src\Illuminate\Foundation\Testing\Concerns\InteractsWithTestCaseLifecycle.php:209
C:\Users\Gaser\Desktop\COPRRA\vendor\laravel\framework\src\Illuminate\Foundation\Testing\Concerns\InteractsWithTestCaseLifecycle.php:97
C:\Users\Gaser\Desktop\COPRRA\vendor\laravel\framework\src\Illuminate\Foundation\Testing\TestCase.php:44
C:\Users\Gaser\Desktop\COPRRA\tests\TestCase.php:24
C:\Users\Gaser\Desktop\COPRRA\tests\Feature\Services\CacheServiceTest.php:22

260) Tests\Feature\Services\CacheServiceTest::test_handles_tags_when_supported
PDOException: SQLSTATE[HY000]: General error: 1 cannot start a transaction within a transaction

C:\Users\Gaser\Desktop\COPRRA\vendor\laravel\framework\src\Illuminate\Database\SQLiteConnection.php:33
C:\Users\Gaser\Desktop\COPRRA\vendor\laravel\framework\src\Illuminate\Database\Concerns\ManagesTransactions.php:154
C:\Users\Gaser\Desktop\COPRRA\vendor\laravel\framework\src\Illuminate\Database\Concerns\ManagesTransactions.php:130
C:\Users\Gaser\Desktop\COPRRA\vendor\laravel\framework\src\Illuminate\Foundation\Testing\RefreshDatabase.php:129
C:\Users\Gaser\Desktop\COPRRA\vendor\laravel\framework\src\Illuminate\Foundation\Testing\RefreshDatabase.php:91
C:\Users\Gaser\Desktop\COPRRA\vendor\laravel\framework\src\Illuminate\Foundation\Testing\RefreshDatabase.php:25
C:\Users\Gaser\Desktop\COPRRA\vendor\laravel\framework\src\Illuminate\Foundation\Testing\Concerns\InteractsWithTestCaseLifecycle.php:209
C:\Users\Gaser\Desktop\COPRRA\vendor\laravel\framework\src\Illuminate\Foundation\Testing\Concerns\InteractsWithTestCaseLifecycle.php:97
C:\Users\Gaser\Desktop\COPRRA\vendor\laravel\framework\src\Illuminate\Foundation\Testing\TestCase.php:44
C:\Users\Gaser\Desktop\COPRRA\tests\TestCase.php:24
C:\Users\Gaser\Desktop\COPRRA\tests\Feature\Services\CacheServiceTest.php:22

261) Tests\Feature\Services\CacheServiceTest::test_logs_cache_miss_with_execution_time
PDOException: SQLSTATE[HY000]: General error: 1 cannot start a transaction within a transaction

C:\Users\Gaser\Desktop\COPRRA\vendor\laravel\framework\src\Illuminate\Database\SQLiteConnection.php:33
C:\Users\Gaser\Desktop\COPRRA\vendor\laravel\framework\src\Illuminate\Database\Concerns\ManagesTransactions.php:154
C:\Users\Gaser\Desktop\COPRRA\vendor\laravel\framework\src\Illuminate\Database\Concerns\ManagesTransactions.php:130
C:\Users\Gaser\Desktop\COPRRA\vendor\laravel\framework\src\Illuminate\Foundation\Testing\RefreshDatabase.php:129
C:\Users\Gaser\Desktop\COPRRA\vendor\laravel\framework\src\Illuminate\Foundation\Testing\RefreshDatabase.php:91
C:\Users\Gaser\Desktop\COPRRA\vendor\laravel\framework\src\Illuminate\Foundation\Testing\RefreshDatabase.php:25
C:\Users\Gaser\Desktop\COPRRA\vendor\laravel\framework\src\Illuminate\Foundation\Testing\Concerns\InteractsWithTestCaseLifecycle.php:209
C:\Users\Gaser\Desktop\COPRRA\vendor\laravel\framework\src\Illuminate\Foundation\Testing\Concerns\InteractsWithTestCaseLifecycle.php:97
C:\Users\Gaser\Desktop\COPRRA\vendor\laravel\framework\src\Illuminate\Foundation\Testing\TestCase.php:44
C:\Users\Gaser\Desktop\COPRRA\tests\TestCase.php:24
C:\Users\Gaser\Desktop\COPRRA\tests\Feature\Services\CacheServiceTest.php:22

262) Tests\Feature\Services\CacheServiceTest::test_forgets_cache_by_key
PDOException: SQLSTATE[HY000]: General error: 1 cannot start a transaction within a transaction

C:\Users\Gaser\Desktop\COPRRA\vendor\laravel\framework\src\Illuminate\Database\SQLiteConnection.php:33
C:\Users\Gaser\Desktop\COPRRA\vendor\laravel\framework\src\Illuminate\Database\Concerns\ManagesTransactions.php:154
C:\Users\Gaser\Desktop\COPRRA\vendor\laravel\framework\src\Illuminate\Database\Concerns\ManagesTransactions.php:130
C:\Users\Gaser\Desktop\COPRRA\vendor\laravel\framework\src\Illuminate\Foundation\Testing\RefreshDatabase.php:129
C:\Users\Gaser\Desktop\COPRRA\vendor\laravel\framework\src\Illuminate\Foundation\Testing\RefreshDatabase.php:91
C:\Users\Gaser\Desktop\COPRRA\vendor\laravel\framework\src\Illuminate\Foundation\Testing\RefreshDatabase.php:25
C:\Users\Gaser\Desktop\COPRRA\vendor\laravel\framework\src\Illuminate\Foundation\Testing\Concerns\InteractsWithTestCaseLifecycle.php:209
C:\Users\Gaser\Desktop\COPRRA\vendor\laravel\framework\src\Illuminate\Foundation\Testing\Concerns\InteractsWithTestCaseLifecycle.php:97
C:\Users\Gaser\Desktop\COPRRA\vendor\laravel\framework\src\Illuminate\Foundation\Testing\TestCase.php:44
C:\Users\Gaser\Desktop\COPRRA\tests\TestCase.php:24
C:\Users\Gaser\Desktop\COPRRA\tests\Feature\Services\CacheServiceTest.php:22

263) Tests\Feature\Services\CacheServiceTest::test_forgets_cache_by_tags
PDOException: SQLSTATE[HY000]: General error: 1 cannot start a transaction within a transaction

C:\Users\Gaser\Desktop\COPRRA\vendor\laravel\framework\src\Illuminate\Database\SQLiteConnection.php:33
C:\Users\Gaser\Desktop\COPRRA\vendor\laravel\framework\src\Illuminate\Database\Concerns\ManagesTransactions.php:154
C:\Users\Gaser\Desktop\COPRRA\vendor\laravel\framework\src\Illuminate\Database\Concerns\ManagesTransactions.php:130
C:\Users\Gaser\Desktop\COPRRA\vendor\laravel\framework\src\Illuminate\Foundation\Testing\RefreshDatabase.php:129
C:\Users\Gaser\Desktop\COPRRA\vendor\laravel\framework\src\Illuminate\Foundation\Testing\RefreshDatabase.php:91
C:\Users\Gaser\Desktop\COPRRA\vendor\laravel\framework\src\Illuminate\Foundation\Testing\RefreshDatabase.php:25
C:\Users\Gaser\Desktop\COPRRA\vendor\laravel\framework\src\Illuminate\Foundation\Testing\Concerns\InteractsWithTestCaseLifecycle.php:209
C:\Users\Gaser\Desktop\COPRRA\vendor\laravel\framework\src\Illuminate\Foundation\Testing\Concerns\InteractsWithTestCaseLifecycle.php:97
C:\Users\Gaser\Desktop\COPRRA\vendor\laravel\framework\src\Illuminate\Foundation\Testing\TestCase.php:44
C:\Users\Gaser\Desktop\COPRRA\tests\TestCase.php:24
C:\Users\Gaser\Desktop\COPRRA\tests\Feature\Services\CacheServiceTest.php:22

264) Tests\Feature\Services\CacheServiceTest::test_handles_forget_exception
PDOException: SQLSTATE[HY000]: General error: 1 cannot start a transaction within a transaction

C:\Users\Gaser\Desktop\COPRRA\vendor\laravel\framework\src\Illuminate\Database\SQLiteConnection.php:33
C:\Users\Gaser\Desktop\COPRRA\vendor\laravel\framework\src\Illuminate\Database\Concerns\ManagesTransactions.php:154
C:\Users\Gaser\Desktop\COPRRA\vendor\laravel\framework\src\Illuminate\Database\Concerns\ManagesTransactions.php:130
C:\Users\Gaser\Desktop\COPRRA\vendor\laravel\framework\src\Illuminate\Foundation\Testing\RefreshDatabase.php:129
C:\Users\Gaser\Desktop\COPRRA\vendor\laravel\framework\src\Illuminate\Foundation\Testing\RefreshDatabase.php:91
C:\Users\Gaser\Desktop\COPRRA\vendor\laravel\framework\src\Illuminate\Foundation\Testing\RefreshDatabase.php:25
C:\Users\Gaser\Desktop\COPRRA\vendor\laravel\framework\src\Illuminate\Foundation\Testing\Concerns\InteractsWithTestCaseLifecycle.php:209
C:\Users\Gaser\Desktop\COPRRA\vendor\laravel\framework\src\Illuminate\Foundation\Testing\Concerns\InteractsWithTestCaseLifecycle.php:97
C:\Users\Gaser\Desktop\COPRRA\vendor\laravel\framework\src\Illuminate\Foundation\Testing\TestCase.php:44
C:\Users\Gaser\Desktop\COPRRA\tests\TestCase.php:24
C:\Users\Gaser\Desktop\COPRRA\tests\Feature\Services\CacheServiceTest.php:22

265) Tests\Feature\Services\FileCleanupServiceTest::test_cleans_up_temp_files
PDOException: SQLSTATE[HY000]: General error: 1 cannot start a transaction within a transaction

C:\Users\Gaser\Desktop\COPRRA\vendor\laravel\framework\src\Illuminate\Database\SQLiteConnection.php:33
C:\Users\Gaser\Desktop\COPRRA\vendor\laravel\framework\src\Illuminate\Database\Concerns\ManagesTransactions.php:154
C:\Users\Gaser\Desktop\COPRRA\vendor\laravel\framework\src\Illuminate\Database\Concerns\ManagesTransactions.php:130
C:\Users\Gaser\Desktop\COPRRA\vendor\laravel\framework\src\Illuminate\Foundation\Testing\RefreshDatabase.php:129
C:\Users\Gaser\Desktop\COPRRA\vendor\laravel\framework\src\Illuminate\Foundation\Testing\RefreshDatabase.php:91
C:\Users\Gaser\Desktop\COPRRA\vendor\laravel\framework\src\Illuminate\Foundation\Testing\RefreshDatabase.php:25
C:\Users\Gaser\Desktop\COPRRA\vendor\laravel\framework\src\Illuminate\Foundation\Testing\Concerns\InteractsWithTestCaseLifecycle.php:209
C:\Users\Gaser\Desktop\COPRRA\vendor\laravel\framework\src\Illuminate\Foundation\Testing\Concerns\InteractsWithTestCaseLifecycle.php:97
C:\Users\Gaser\Desktop\COPRRA\vendor\laravel\framework\src\Illuminate\Foundation\Testing\TestCase.php:44
C:\Users\Gaser\Desktop\COPRRA\tests\TestCase.php:24
C:\Users\Gaser\Desktop\COPRRA\tests\Feature\Services\FileCleanupServiceTest.php:24

266) Tests\Feature\Services\FileCleanupServiceTest::test_handles_temp_files_cleanup_exception
PDOException: SQLSTATE[HY000]: General error: 1 cannot start a transaction within a transaction

C:\Users\Gaser\Desktop\COPRRA\vendor\laravel\framework\src\Illuminate\Database\SQLiteConnection.php:33
C:\Users\Gaser\Desktop\COPRRA\vendor\laravel\framework\src\Illuminate\Database\Concerns\ManagesTransactions.php:154
C:\Users\Gaser\Desktop\COPRRA\vendor\laravel\framework\src\Illuminate\Database\Concerns\ManagesTransactions.php:130
C:\Users\Gaser\Desktop\COPRRA\vendor\laravel\framework\src\Illuminate\Foundation\Testing\RefreshDatabase.php:129
C:\Users\Gaser\Desktop\COPRRA\vendor\laravel\framework\src\Illuminate\Foundation\Testing\RefreshDatabase.php:91
C:\Users\Gaser\Desktop\COPRRA\vendor\laravel\framework\src\Illuminate\Foundation\Testing\RefreshDatabase.php:25
C:\Users\Gaser\Desktop\COPRRA\vendor\laravel\framework\src\Illuminate\Foundation\Testing\Concerns\InteractsWithTestCaseLifecycle.php:209
C:\Users\Gaser\Desktop\COPRRA\vendor\laravel\framework\src\Illuminate\Foundation\Testing\Concerns\InteractsWithTestCaseLifecycle.php:97
C:\Users\Gaser\Desktop\COPRRA\vendor\laravel\framework\src\Illuminate\Foundation\Testing\TestCase.php:44
C:\Users\Gaser\Desktop\COPRRA\tests\TestCase.php:24
C:\Users\Gaser\Desktop\COPRRA\tests\Feature\Services\FileCleanupServiceTest.php:24

267) Tests\Feature\Services\FileCleanupServiceTest::test_cleans_up_log_files
PDOException: SQLSTATE[HY000]: General error: 1 cannot start a transaction within a transaction

C:\Users\Gaser\Desktop\COPRRA\vendor\laravel\framework\src\Illuminate\Database\SQLiteConnection.php:33
C:\Users\Gaser\Desktop\COPRRA\vendor\laravel\framework\src\Illuminate\Database\Concerns\ManagesTransactions.php:154
C:\Users\Gaser\Desktop\COPRRA\vendor\laravel\framework\src\Illuminate\Database\Concerns\ManagesTransactions.php:130
C:\Users\Gaser\Desktop\COPRRA\vendor\laravel\framework\src\Illuminate\Foundation\Testing\RefreshDatabase.php:129
C:\Users\Gaser\Desktop\COPRRA\vendor\laravel\framework\src\Illuminate\Foundation\Testing\RefreshDatabase.php:91
C:\Users\Gaser\Desktop\COPRRA\vendor\laravel\framework\src\Illuminate\Foundation\Testing\RefreshDatabase.php:25
C:\Users\Gaser\Desktop\COPRRA\vendor\laravel\framework\src\Illuminate\Foundation\Testing\Concerns\InteractsWithTestCaseLifecycle.php:209
C:\Users\Gaser\Desktop\COPRRA\vendor\laravel\framework\src\Illuminate\Foundation\Testing\Concerns\InteractsWithTestCaseLifecycle.php:97
C:\Users\Gaser\Desktop\COPRRA\vendor\laravel\framework\src\Illuminate\Foundation\Testing\TestCase.php:44
C:\Users\Gaser\Desktop\COPRRA\tests\TestCase.php:24
C:\Users\Gaser\Desktop\COPRRA\tests\Feature\Services\FileCleanupServiceTest.php:24

268) Tests\Feature\Services\FileCleanupServiceTest::test_handles_log_files_cleanup_exception
PDOException: SQLSTATE[HY000]: General error: 1 cannot start a transaction within a transaction

C:\Users\Gaser\Desktop\COPRRA\vendor\laravel\framework\src\Illuminate\Database\SQLiteConnection.php:33
C:\Users\Gaser\Desktop\COPRRA\vendor\laravel\framework\src\Illuminate\Database\Concerns\ManagesTransactions.php:154
C:\Users\Gaser\Desktop\COPRRA\vendor\laravel\framework\src\Illuminate\Database\Concerns\ManagesTransactions.php:130
C:\Users\Gaser\Desktop\COPRRA\vendor\laravel\framework\src\Illuminate\Foundation\Testing\RefreshDatabase.php:129
C:\Users\Gaser\Desktop\COPRRA\vendor\laravel\framework\src\Illuminate\Foundation\Testing\RefreshDatabase.php:91
C:\Users\Gaser\Desktop\COPRRA\vendor\laravel\framework\src\Illuminate\Foundation\Testing\RefreshDatabase.php:25
C:\Users\Gaser\Desktop\COPRRA\vendor\laravel\framework\src\Illuminate\Foundation\Testing\Concerns\InteractsWithTestCaseLifecycle.php:209
C:\Users\Gaser\Desktop\COPRRA\vendor\laravel\framework\src\Illuminate\Foundation\Testing\Concerns\InteractsWithTestCaseLifecycle.php:97
C:\Users\Gaser\Desktop\COPRRA\vendor\laravel\framework\src\Illuminate\Foundation\Testing\TestCase.php:44
C:\Users\Gaser\Desktop\COPRRA\tests\TestCase.php:24
C:\Users\Gaser\Desktop\COPRRA\tests\Feature\Services\FileCleanupServiceTest.php:24

269) Tests\Feature\Services\FileCleanupServiceTest::test_cleans_up_cache_files
PDOException: SQLSTATE[HY000]: General error: 1 cannot start a transaction within a transaction

C:\Users\Gaser\Desktop\COPRRA\vendor\laravel\framework\src\Illuminate\Database\SQLiteConnection.php:33
C:\Users\Gaser\Desktop\COPRRA\vendor\laravel\framework\src\Illuminate\Database\Concerns\ManagesTransactions.php:154
C:\Users\Gaser\Desktop\COPRRA\vendor\laravel\framework\src\Illuminate\Database\Concerns\ManagesTransactions.php:130
C:\Users\Gaser\Desktop\COPRRA\vendor\laravel\framework\src\Illuminate\Foundation\Testing\RefreshDatabase.php:129
C:\Users\Gaser\Desktop\COPRRA\vendor\laravel\framework\src\Illuminate\Foundation\Testing\RefreshDatabase.php:91
C:\Users\Gaser\Desktop\COPRRA\vendor\laravel\framework\src\Illuminate\Foundation\Testing\RefreshDatabase.php:25
C:\Users\Gaser\Desktop\COPRRA\vendor\laravel\framework\src\Illuminate\Foundation\Testing\Concerns\InteractsWithTestCaseLifecycle.php:209
C:\Users\Gaser\Desktop\COPRRA\vendor\laravel\framework\src\Illuminate\Foundation\Testing\Concerns\InteractsWithTestCaseLifecycle.php:97
C:\Users\Gaser\Desktop\COPRRA\vendor\laravel\framework\src\Illuminate\Foundation\Testing\TestCase.php:44
C:\Users\Gaser\Desktop\COPRRA\tests\TestCase.php:24
C:\Users\Gaser\Desktop\COPRRA\tests\Feature\Services\FileCleanupServiceTest.php:24

270) Tests\Feature\Services\FileCleanupServiceTest::test_cleans_up_backup_files
PDOException: SQLSTATE[HY000]: General error: 1 cannot start a transaction within a transaction

C:\Users\Gaser\Desktop\COPRRA\vendor\laravel\framework\src\Illuminate\Database\SQLiteConnection.php:33
C:\Users\Gaser\Desktop\COPRRA\vendor\laravel\framework\src\Illuminate\Database\Concerns\ManagesTransactions.php:154
C:\Users\Gaser\Desktop\COPRRA\vendor\laravel\framework\src\Illuminate\Database\Concerns\ManagesTransactions.php:130
C:\Users\Gaser\Desktop\COPRRA\vendor\laravel\framework\src\Illuminate\Foundation\Testing\RefreshDatabase.php:129
C:\Users\Gaser\Desktop\COPRRA\vendor\laravel\framework\src\Illuminate\Foundation\Testing\RefreshDatabase.php:91
C:\Users\Gaser\Desktop\COPRRA\vendor\laravel\framework\src\Illuminate\Foundation\Testing\RefreshDatabase.php:25
C:\Users\Gaser\Desktop\COPRRA\vendor\laravel\framework\src\Illuminate\Foundation\Testing\Concerns\InteractsWithTestCaseLifecycle.php:209
C:\Users\Gaser\Desktop\COPRRA\vendor\laravel\framework\src\Illuminate\Foundation\Testing\Concerns\InteractsWithTestCaseLifecycle.php:97
C:\Users\Gaser\Desktop\COPRRA\vendor\laravel\framework\src\Illuminate\Foundation\Testing\TestCase.php:44
C:\Users\Gaser\Desktop\COPRRA\tests\TestCase.php:24
C:\Users\Gaser\Desktop\COPRRA\tests\Feature\Services\FileCleanupServiceTest.php:24

271) Tests\Feature\Services\FileCleanupServiceTest::test_cleans_up_uploaded_files
PDOException: SQLSTATE[HY000]: General error: 1 cannot start a transaction within a transaction

C:\Users\Gaser\Desktop\COPRRA\vendor\laravel\framework\src\Illuminate\Database\SQLiteConnection.php:33
C:\Users\Gaser\Desktop\COPRRA\vendor\laravel\framework\src\Illuminate\Database\Concerns\ManagesTransactions.php:154
C:\Users\Gaser\Desktop\COPRRA\vendor\laravel\framework\src\Illuminate\Database\Concerns\ManagesTransactions.php:130
C:\Users\Gaser\Desktop\COPRRA\vendor\laravel\framework\src\Illuminate\Foundation\Testing\RefreshDatabase.php:129
C:\Users\Gaser\Desktop\COPRRA\vendor\laravel\framework\src\Illuminate\Foundation\Testing\RefreshDatabase.php:91
C:\Users\Gaser\Desktop\COPRRA\vendor\laravel\framework\src\Illuminate\Foundation\Testing\RefreshDatabase.php:25
C:\Users\Gaser\Desktop\COPRRA\vendor\laravel\framework\src\Illuminate\Foundation\Testing\Concerns\InteractsWithTestCaseLifecycle.php:209
C:\Users\Gaser\Desktop\COPRRA\vendor\laravel\framework\src\Illuminate\Foundation\Testing\Concerns\InteractsWithTestCaseLifecycle.php:97
C:\Users\Gaser\Desktop\COPRRA\vendor\laravel\framework\src\Illuminate\Foundation\Testing\TestCase.php:44
C:\Users\Gaser\Desktop\COPRRA\tests\TestCase.php:24
C:\Users\Gaser\Desktop\COPRRA\tests\Feature\Services\FileCleanupServiceTest.php:24

272) Tests\Feature\Services\FileCleanupServiceTest::test_performs_complete_cleanup
PDOException: SQLSTATE[HY000]: General error: 1 cannot start a transaction within a transaction

C:\Users\Gaser\Desktop\COPRRA\vendor\laravel\framework\src\Illuminate\Database\SQLiteConnection.php:33
C:\Users\Gaser\Desktop\COPRRA\vendor\laravel\framework\src\Illuminate\Database\Concerns\ManagesTransactions.php:154
C:\Users\Gaser\Desktop\COPRRA\vendor\laravel\framework\src\Illuminate\Database\Concerns\ManagesTransactions.php:130
C:\Users\Gaser\Desktop\COPRRA\vendor\laravel\framework\src\Illuminate\Foundation\Testing\RefreshDatabase.php:129
C:\Users\Gaser\Desktop\COPRRA\vendor\laravel\framework\src\Illuminate\Foundation\Testing\RefreshDatabase.php:91
C:\Users\Gaser\Desktop\COPRRA\vendor\laravel\framework\src\Illuminate\Foundation\Testing\RefreshDatabase.php:25
C:\Users\Gaser\Desktop\COPRRA\vendor\laravel\framework\src\Illuminate\Foundation\Testing\Concerns\InteractsWithTestCaseLifecycle.php:209
C:\Users\Gaser\Desktop\COPRRA\vendor\laravel\framework\src\Illuminate\Foundation\Testing\Concerns\InteractsWithTestCaseLifecycle.php:97
C:\Users\Gaser\Desktop\COPRRA\vendor\laravel\framework\src\Illuminate\Foundation\Testing\TestCase.php:44
C:\Users\Gaser\Desktop\COPRRA\tests\TestCase.php:24
C:\Users\Gaser\Desktop\COPRRA\tests\Feature\Services\FileCleanupServiceTest.php:24

273) Tests\Feature\Services\FileCleanupServiceTest::test_checks_storage_usage
PDOException: SQLSTATE[HY000]: General error: 1 cannot start a transaction within a transaction

C:\Users\Gaser\Desktop\COPRRA\vendor\laravel\framework\src\Illuminate\Database\SQLiteConnection.php:33
C:\Users\Gaser\Desktop\COPRRA\vendor\laravel\framework\src\Illuminate\Database\Concerns\ManagesTransactions.php:154
C:\Users\Gaser\Desktop\COPRRA\vendor\laravel\framework\src\Illuminate\Database\Concerns\ManagesTransactions.php:130
C:\Users\Gaser\Desktop\COPRRA\vendor\laravel\framework\src\Illuminate\Foundation\Testing\RefreshDatabase.php:129
C:\Users\Gaser\Desktop\COPRRA\vendor\laravel\framework\src\Illuminate\Foundation\Testing\RefreshDatabase.php:91
C:\Users\Gaser\Desktop\COPRRA\vendor\laravel\framework\src\Illuminate\Foundation\Testing\RefreshDatabase.php:25
C:\Users\Gaser\Desktop\COPRRA\vendor\laravel\framework\src\Illuminate\Foundation\Testing\Concerns\InteractsWithTestCaseLifecycle.php:209
C:\Users\Gaser\Desktop\COPRRA\vendor\laravel\framework\src\Illuminate\Foundation\Testing\Concerns\InteractsWithTestCaseLifecycle.php:97
C:\Users\Gaser\Desktop\COPRRA\vendor\laravel\framework\src\Illuminate\Foundation\Testing\TestCase.php:44
C:\Users\Gaser\Desktop\COPRRA\tests\TestCase.php:24
C:\Users\Gaser\Desktop\COPRRA\tests\Feature\Services\FileCleanupServiceTest.php:24

274) Tests\Feature\Services\FileCleanupServiceTest::test_checks_storage_usage_over_limit
PDOException: SQLSTATE[HY000]: General error: 1 cannot start a transaction within a transaction

C:\Users\Gaser\Desktop\COPRRA\vendor\laravel\framework\src\Illuminate\Database\SQLiteConnection.php:33
C:\Users\Gaser\Desktop\COPRRA\vendor\laravel\framework\src\Illuminate\Database\Concerns\ManagesTransactions.php:154
C:\Users\Gaser\Desktop\COPRRA\vendor\laravel\framework\src\Illuminate\Database\Concerns\ManagesTransactions.php:130
C:\Users\Gaser\Desktop\COPRRA\vendor\laravel\framework\src\Illuminate\Foundation\Testing\RefreshDatabase.php:129
C:\Users\Gaser\Desktop\COPRRA\vendor\laravel\framework\src\Illuminate\Foundation\Testing\RefreshDatabase.php:91
C:\Users\Gaser\Desktop\COPRRA\vendor\laravel\framework\src\Illuminate\Foundation\Testing\RefreshDatabase.php:25
C:\Users\Gaser\Desktop\COPRRA\vendor\laravel\framework\src\Illuminate\Foundation\Testing\Concerns\InteractsWithTestCaseLifecycle.php:209
C:\Users\Gaser\Desktop\COPRRA\vendor\laravel\framework\src\Illuminate\Foundation\Testing\Concerns\InteractsWithTestCaseLifecycle.php:97
C:\Users\Gaser\Desktop\COPRRA\vendor\laravel\framework\src\Illuminate\Foundation\Testing\TestCase.php:44
C:\Users\Gaser\Desktop\COPRRA\tests\TestCase.php:24
C:\Users\Gaser\Desktop\COPRRA\tests\Feature\Services\FileCleanupServiceTest.php:24

275) Tests\Feature\Services\FileCleanupServiceTest::test_gets_cleanup_statistics
PDOException: SQLSTATE[HY000]: General error: 1 cannot start a transaction within a transaction

C:\Users\Gaser\Desktop\COPRRA\vendor\laravel\framework\src\Illuminate\Database\SQLiteConnection.php:33
C:\Users\Gaser\Desktop\COPRRA\vendor\laravel\framework\src\Illuminate\Database\Concerns\ManagesTransactions.php:154
C:\Users\Gaser\Desktop\COPRRA\vendor\laravel\framework\src\Illuminate\Database\Concerns\ManagesTransactions.php:130
C:\Users\Gaser\Desktop\COPRRA\vendor\laravel\framework\src\Illuminate\Foundation\Testing\RefreshDatabase.php:129
C:\Users\Gaser\Desktop\COPRRA\vendor\laravel\framework\src\Illuminate\Foundation\Testing\RefreshDatabase.php:91
C:\Users\Gaser\Desktop\COPRRA\vendor\laravel\framework\src\Illuminate\Foundation\Testing\RefreshDatabase.php:25
C:\Users\Gaser\Desktop\COPRRA\vendor\laravel\framework\src\Illuminate\Foundation\Testing\Concerns\InteractsWithTestCaseLifecycle.php:209
C:\Users\Gaser\Desktop\COPRRA\vendor\laravel\framework\src\Illuminate\Foundation\Testing\Concerns\InteractsWithTestCaseLifecycle.php:97
C:\Users\Gaser\Desktop\COPRRA\vendor\laravel\framework\src\Illuminate\Foundation\Testing\TestCase.php:44
C:\Users\Gaser\Desktop\COPRRA\tests\TestCase.php:24
C:\Users\Gaser\Desktop\COPRRA\tests\Feature\Services\FileCleanupServiceTest.php:24

276) Tests\Feature\Services\FileCleanupServiceTest::test_schedules_cleanup_daily
PDOException: SQLSTATE[HY000]: General error: 1 cannot start a transaction within a transaction

C:\Users\Gaser\Desktop\COPRRA\vendor\laravel\framework\src\Illuminate\Database\SQLiteConnection.php:33
C:\Users\Gaser\Desktop\COPRRA\vendor\laravel\framework\src\Illuminate\Database\Concerns\ManagesTransactions.php:154
C:\Users\Gaser\Desktop\COPRRA\vendor\laravel\framework\src\Illuminate\Database\Concerns\ManagesTransactions.php:130
C:\Users\Gaser\Desktop\COPRRA\vendor\laravel\framework\src\Illuminate\Foundation\Testing\RefreshDatabase.php:129
C:\Users\Gaser\Desktop\COPRRA\vendor\laravel\framework\src\Illuminate\Foundation\Testing\RefreshDatabase.php:91
C:\Users\Gaser\Desktop\COPRRA\vendor\laravel\framework\src\Illuminate\Foundation\Testing\RefreshDatabase.php:25
C:\Users\Gaser\Desktop\COPRRA\vendor\laravel\framework\src\Illuminate\Foundation\Testing\Concerns\InteractsWithTestCaseLifecycle.php:209
C:\Users\Gaser\Desktop\COPRRA\vendor\laravel\framework\src\Illuminate\Foundation\Testing\Concerns\InteractsWithTestCaseLifecycle.php:97
C:\Users\Gaser\Desktop\COPRRA\vendor\laravel\framework\src\Illuminate\Foundation\Testing\TestCase.php:44
C:\Users\Gaser\Desktop\COPRRA\tests\TestCase.php:24
C:\Users\Gaser\Desktop\COPRRA\tests\Feature\Services\FileCleanupServiceTest.php:24

277) Tests\Feature\Services\FileCleanupServiceTest::test_schedules_cleanup_weekly_on_sunday
PDOException: SQLSTATE[HY000]: General error: 1 cannot start a transaction within a transaction

C:\Users\Gaser\Desktop\COPRRA\vendor\laravel\framework\src\Illuminate\Database\SQLiteConnection.php:33
C:\Users\Gaser\Desktop\COPRRA\vendor\laravel\framework\src\Illuminate\Database\Concerns\ManagesTransactions.php:154
C:\Users\Gaser\Desktop\COPRRA\vendor\laravel\framework\src\Illuminate\Database\Concerns\ManagesTransactions.php:130
C:\Users\Gaser\Desktop\COPRRA\vendor\laravel\framework\src\Illuminate\Foundation\Testing\RefreshDatabase.php:129
C:\Users\Gaser\Desktop\COPRRA\vendor\laravel\framework\src\Illuminate\Foundation\Testing\RefreshDatabase.php:91
C:\Users\Gaser\Desktop\COPRRA\vendor\laravel\framework\src\Illuminate\Foundation\Testing\RefreshDatabase.php:25
C:\Users\Gaser\Desktop\COPRRA\vendor\laravel\framework\src\Illuminate\Foundation\Testing\Concerns\InteractsWithTestCaseLifecycle.php:209
C:\Users\Gaser\Desktop\COPRRA\vendor\laravel\framework\src\Illuminate\Foundation\Testing\Concerns\InteractsWithTestCaseLifecycle.php:97
C:\Users\Gaser\Desktop\COPRRA\vendor\laravel\framework\src\Illuminate\Foundation\Testing\TestCase.php:44
C:\Users\Gaser\Desktop\COPRRA\tests\TestCase.php:24
C:\Users\Gaser\Desktop\COPRRA\tests\Feature\Services\FileCleanupServiceTest.php:24

278) Tests\Feature\Services\FinancialTransactionServiceTest::test_processes_payment_successfully
PDOException: SQLSTATE[HY000]: General error: 1 cannot start a transaction within a transaction

C:\Users\Gaser\Desktop\COPRRA\vendor\laravel\framework\src\Illuminate\Database\SQLiteConnection.php:33
C:\Users\Gaser\Desktop\COPRRA\vendor\laravel\framework\src\Illuminate\Database\Concerns\ManagesTransactions.php:154
C:\Users\Gaser\Desktop\COPRRA\vendor\laravel\framework\src\Illuminate\Database\Concerns\ManagesTransactions.php:130
C:\Users\Gaser\Desktop\COPRRA\vendor\laravel\framework\src\Illuminate\Foundation\Testing\RefreshDatabase.php:129
C:\Users\Gaser\Desktop\COPRRA\vendor\laravel\framework\src\Illuminate\Foundation\Testing\RefreshDatabase.php:91
C:\Users\Gaser\Desktop\COPRRA\vendor\laravel\framework\src\Illuminate\Foundation\Testing\RefreshDatabase.php:25
C:\Users\Gaser\Desktop\COPRRA\vendor\laravel\framework\src\Illuminate\Foundation\Testing\Concerns\InteractsWithTestCaseLifecycle.php:209
C:\Users\Gaser\Desktop\COPRRA\vendor\laravel\framework\src\Illuminate\Foundation\Testing\Concerns\InteractsWithTestCaseLifecycle.php:97
C:\Users\Gaser\Desktop\COPRRA\vendor\laravel\framework\src\Illuminate\Foundation\Testing\TestCase.php:44
C:\Users\Gaser\Desktop\COPRRA\tests\TestCase.php:24
C:\Users\Gaser\Desktop\COPRRA\tests\Feature\Services\FinancialTransactionServiceTest.php:20

279) Tests\Feature\Services\FinancialTransactionServiceTest::test_handles_payment_failure
PDOException: SQLSTATE[HY000]: General error: 1 cannot start a transaction within a transaction

C:\Users\Gaser\Desktop\COPRRA\vendor\laravel\framework\src\Illuminate\Database\SQLiteConnection.php:33
C:\Users\Gaser\Desktop\COPRRA\vendor\laravel\framework\src\Illuminate\Database\Concerns\ManagesTransactions.php:154
C:\Users\Gaser\Desktop\COPRRA\vendor\laravel\framework\src\Illuminate\Database\Concerns\ManagesTransactions.php:130
C:\Users\Gaser\Desktop\COPRRA\vendor\laravel\framework\src\Illuminate\Foundation\Testing\RefreshDatabase.php:129
C:\Users\Gaser\Desktop\COPRRA\vendor\laravel\framework\src\Illuminate\Foundation\Testing\RefreshDatabase.php:91
C:\Users\Gaser\Desktop\COPRRA\vendor\laravel\framework\src\Illuminate\Foundation\Testing\RefreshDatabase.php:25
C:\Users\Gaser\Desktop\COPRRA\vendor\laravel\framework\src\Illuminate\Foundation\Testing\Concerns\InteractsWithTestCaseLifecycle.php:209
C:\Users\Gaser\Desktop\COPRRA\vendor\laravel\framework\src\Illuminate\Foundation\Testing\Concerns\InteractsWithTestCaseLifecycle.php:97
C:\Users\Gaser\Desktop\COPRRA\vendor\laravel\framework\src\Illuminate\Foundation\Testing\TestCase.php:44
C:\Users\Gaser\Desktop\COPRRA\tests\TestCase.php:24
C:\Users\Gaser\Desktop\COPRRA\tests\Feature\Services\FinancialTransactionServiceTest.php:20

280) Tests\Feature\Services\FinancialTransactionServiceTest::test_refunds_transaction
PDOException: SQLSTATE[HY000]: General error: 1 cannot start a transaction within a transaction

C:\Users\Gaser\Desktop\COPRRA\vendor\laravel\framework\src\Illuminate\Database\SQLiteConnection.php:33
C:\Users\Gaser\Desktop\COPRRA\vendor\laravel\framework\src\Illuminate\Database\Concerns\ManagesTransactions.php:154
C:\Users\Gaser\Desktop\COPRRA\vendor\laravel\framework\src\Illuminate\Database\Concerns\ManagesTransactions.php:130
C:\Users\Gaser\Desktop\COPRRA\vendor\laravel\framework\src\Illuminate\Foundation\Testing\RefreshDatabase.php:129
C:\Users\Gaser\Desktop\COPRRA\vendor\laravel\framework\src\Illuminate\Foundation\Testing\RefreshDatabase.php:91
C:\Users\Gaser\Desktop\COPRRA\vendor\laravel\framework\src\Illuminate\Foundation\Testing\RefreshDatabase.php:25
C:\Users\Gaser\Desktop\COPRRA\vendor\laravel\framework\src\Illuminate\Foundation\Testing\Concerns\InteractsWithTestCaseLifecycle.php:209
C:\Users\Gaser\Desktop\COPRRA\vendor\laravel\framework\src\Illuminate\Foundation\Testing\Concerns\InteractsWithTestCaseLifecycle.php:97
C:\Users\Gaser\Desktop\COPRRA\vendor\laravel\framework\src\Illuminate\Foundation\Testing\TestCase.php:44
C:\Users\Gaser\Desktop\COPRRA\tests\TestCase.php:24
C:\Users\Gaser\Desktop\COPRRA\tests\Feature\Services\FinancialTransactionServiceTest.php:20

281) Tests\Feature\Services\FinancialTransactionServiceTest::test_gets_transaction_history
PDOException: SQLSTATE[HY000]: General error: 1 cannot start a transaction within a transaction

C:\Users\Gaser\Desktop\COPRRA\vendor\laravel\framework\src\Illuminate\Database\SQLiteConnection.php:33
C:\Users\Gaser\Desktop\COPRRA\vendor\laravel\framework\src\Illuminate\Database\Concerns\ManagesTransactions.php:154
C:\Users\Gaser\Desktop\COPRRA\vendor\laravel\framework\src\Illuminate\Database\Concerns\ManagesTransactions.php:130
C:\Users\Gaser\Desktop\COPRRA\vendor\laravel\framework\src\Illuminate\Foundation\Testing\RefreshDatabase.php:129
C:\Users\Gaser\Desktop\COPRRA\vendor\laravel\framework\src\Illuminate\Foundation\Testing\RefreshDatabase.php:91
C:\Users\Gaser\Desktop\COPRRA\vendor\laravel\framework\src\Illuminate\Foundation\Testing\RefreshDatabase.php:25
C:\Users\Gaser\Desktop\COPRRA\vendor\laravel\framework\src\Illuminate\Foundation\Testing\Concerns\InteractsWithTestCaseLifecycle.php:209
C:\Users\Gaser\Desktop\COPRRA\vendor\laravel\framework\src\Illuminate\Foundation\Testing\Concerns\InteractsWithTestCaseLifecycle.php:97
C:\Users\Gaser\Desktop\COPRRA\vendor\laravel\framework\src\Illuminate\Foundation\Testing\TestCase.php:44
C:\Users\Gaser\Desktop\COPRRA\tests\TestCase.php:24
C:\Users\Gaser\Desktop\COPRRA\tests\Feature\Services\FinancialTransactionServiceTest.php:20

282) Tests\Feature\Services\FinancialTransactionServiceTest::test_calculates_tax
PDOException: SQLSTATE[HY000]: General error: 1 cannot start a transaction within a transaction

C:\Users\Gaser\Desktop\COPRRA\vendor\laravel\framework\src\Illuminate\Database\SQLiteConnection.php:33
C:\Users\Gaser\Desktop\COPRRA\vendor\laravel\framework\src\Illuminate\Database\Concerns\ManagesTransactions.php:154
C:\Users\Gaser\Desktop\COPRRA\vendor\laravel\framework\src\Illuminate\Database\Concerns\ManagesTransactions.php:130
C:\Users\Gaser\Desktop\COPRRA\vendor\laravel\framework\src\Illuminate\Foundation\Testing\RefreshDatabase.php:129
C:\Users\Gaser\Desktop\COPRRA\vendor\laravel\framework\src\Illuminate\Foundation\Testing\RefreshDatabase.php:91
C:\Users\Gaser\Desktop\COPRRA\vendor\laravel\framework\src\Illuminate\Foundation\Testing\RefreshDatabase.php:25
C:\Users\Gaser\Desktop\COPRRA\vendor\laravel\framework\src\Illuminate\Foundation\Testing\Concerns\InteractsWithTestCaseLifecycle.php:209
C:\Users\Gaser\Desktop\COPRRA\vendor\laravel\framework\src\Illuminate\Foundation\Testing\Concerns\InteractsWithTestCaseLifecycle.php:97
C:\Users\Gaser\Desktop\COPRRA\vendor\laravel\framework\src\Illuminate\Foundation\Testing\TestCase.php:44
C:\Users\Gaser\Desktop\COPRRA\tests\TestCase.php:24
C:\Users\Gaser\Desktop\COPRRA\tests\Feature\Services\FinancialTransactionServiceTest.php:20

283) Tests\Feature\Services\FinancialTransactionServiceTest::test_validates_payment_method
PDOException: SQLSTATE[HY000]: General error: 1 cannot start a transaction within a transaction

C:\Users\Gaser\Desktop\COPRRA\vendor\laravel\framework\src\Illuminate\Database\SQLiteConnection.php:33
C:\Users\Gaser\Desktop\COPRRA\vendor\laravel\framework\src\Illuminate\Database\Concerns\ManagesTransactions.php:154
C:\Users\Gaser\Desktop\COPRRA\vendor\laravel\framework\src\Illuminate\Database\Concerns\ManagesTransactions.php:130
C:\Users\Gaser\Desktop\COPRRA\vendor\laravel\framework\src\Illuminate\Foundation\Testing\RefreshDatabase.php:129
C:\Users\Gaser\Desktop\COPRRA\vendor\laravel\framework\src\Illuminate\Foundation\Testing\RefreshDatabase.php:91
C:\Users\Gaser\Desktop\COPRRA\vendor\laravel\framework\src\Illuminate\Foundation\Testing\RefreshDatabase.php:25
C:\Users\Gaser\Desktop\COPRRA\vendor\laravel\framework\src\Illuminate\Foundation\Testing\Concerns\InteractsWithTestCaseLifecycle.php:209
C:\Users\Gaser\Desktop\COPRRA\vendor\laravel\framework\src\Illuminate\Foundation\Testing\Concerns\InteractsWithTestCaseLifecycle.php:97
C:\Users\Gaser\Desktop\COPRRA\vendor\laravel\framework\src\Illuminate\Foundation\Testing\TestCase.php:44
C:\Users\Gaser\Desktop\COPRRA\tests\TestCase.php:24
C:\Users\Gaser\Desktop\COPRRA\tests\Feature\Services\FinancialTransactionServiceTest.php:20

284) Tests\Feature\Services\FinancialTransactionServiceTest::test_handles_invalid_payment_method
PDOException: SQLSTATE[HY000]: General error: 1 cannot start a transaction within a transaction

C:\Users\Gaser\Desktop\COPRRA\vendor\laravel\framework\src\Illuminate\Database\SQLiteConnection.php:33
C:\Users\Gaser\Desktop\COPRRA\vendor\laravel\framework\src\Illuminate\Database\Concerns\ManagesTransactions.php:154
C:\Users\Gaser\Desktop\COPRRA\vendor\laravel\framework\src\Illuminate\Database\Concerns\ManagesTransactions.php:130
C:\Users\Gaser\Desktop\COPRRA\vendor\laravel\framework\src\Illuminate\Foundation\Testing\RefreshDatabase.php:129
C:\Users\Gaser\Desktop\COPRRA\vendor\laravel\framework\src\Illuminate\Foundation\Testing\RefreshDatabase.php:91
C:\Users\Gaser\Desktop\COPRRA\vendor\laravel\framework\src\Illuminate\Foundation\Testing\RefreshDatabase.php:25
C:\Users\Gaser\Desktop\COPRRA\vendor\laravel\framework\src\Illuminate\Foundation\Testing\Concerns\InteractsWithTestCaseLifecycle.php:209
C:\Users\Gaser\Desktop\COPRRA\vendor\laravel\framework\src\Illuminate\Foundation\Testing\Concerns\InteractsWithTestCaseLifecycle.php:97
C:\Users\Gaser\Desktop\COPRRA\vendor\laravel\framework\src\Illuminate\Foundation\Testing\TestCase.php:44
C:\Users\Gaser\Desktop\COPRRA\tests\TestCase.php:24
C:\Users\Gaser\Desktop\COPRRA\tests\Feature\Services\FinancialTransactionServiceTest.php:20

285) Tests\Feature\Services\LoginAttemptServiceTest::test_records_failed_attempt_with_email
PDOException: SQLSTATE[HY000]: General error: 1 cannot start a transaction within a transaction

C:\Users\Gaser\Desktop\COPRRA\vendor\laravel\framework\src\Illuminate\Database\SQLiteConnection.php:33
C:\Users\Gaser\Desktop\COPRRA\vendor\laravel\framework\src\Illuminate\Database\Concerns\ManagesTransactions.php:154
C:\Users\Gaser\Desktop\COPRRA\vendor\laravel\framework\src\Illuminate\Database\Concerns\ManagesTransactions.php:130
C:\Users\Gaser\Desktop\COPRRA\vendor\laravel\framework\src\Illuminate\Foundation\Testing\RefreshDatabase.php:129
C:\Users\Gaser\Desktop\COPRRA\vendor\laravel\framework\src\Illuminate\Foundation\Testing\RefreshDatabase.php:91
C:\Users\Gaser\Desktop\COPRRA\vendor\laravel\framework\src\Illuminate\Foundation\Testing\RefreshDatabase.php:25
C:\Users\Gaser\Desktop\COPRRA\vendor\laravel\framework\src\Illuminate\Foundation\Testing\Concerns\InteractsWithTestCaseLifecycle.php:209
C:\Users\Gaser\Desktop\COPRRA\vendor\laravel\framework\src\Illuminate\Foundation\Testing\Concerns\InteractsWithTestCaseLifecycle.php:97
C:\Users\Gaser\Desktop\COPRRA\vendor\laravel\framework\src\Illuminate\Foundation\Testing\TestCase.php:44
C:\Users\Gaser\Desktop\COPRRA\tests\TestCase.php:24
C:\Users\Gaser\Desktop\COPRRA\tests\Feature\Services\LoginAttemptServiceTest.php:25

286) Tests\Feature\Services\LoginAttemptServiceTest::test_records_failed_attempt_without_email
PDOException: SQLSTATE[HY000]: General error: 1 cannot start a transaction within a transaction

C:\Users\Gaser\Desktop\COPRRA\vendor\laravel\framework\src\Illuminate\Database\SQLiteConnection.php:33
C:\Users\Gaser\Desktop\COPRRA\vendor\laravel\framework\src\Illuminate\Database\Concerns\ManagesTransactions.php:154
C:\Users\Gaser\Desktop\COPRRA\vendor\laravel\framework\src\Illuminate\Database\Concerns\ManagesTransactions.php:130
C:\Users\Gaser\Desktop\COPRRA\vendor\laravel\framework\src\Illuminate\Foundation\Testing\RefreshDatabase.php:129
C:\Users\Gaser\Desktop\COPRRA\vendor\laravel\framework\src\Illuminate\Foundation\Testing\RefreshDatabase.php:91
C:\Users\Gaser\Desktop\COPRRA\vendor\laravel\framework\src\Illuminate\Foundation\Testing\RefreshDatabase.php:25
C:\Users\Gaser\Desktop\COPRRA\vendor\laravel\framework\src\Illuminate\Foundation\Testing\Concerns\InteractsWithTestCaseLifecycle.php:209
C:\Users\Gaser\Desktop\COPRRA\vendor\laravel\framework\src\Illuminate\Foundation\Testing\Concerns\InteractsWithTestCaseLifecycle.php:97
C:\Users\Gaser\Desktop\COPRRA\vendor\laravel\framework\src\Illuminate\Foundation\Testing\TestCase.php:44
C:\Users\Gaser\Desktop\COPRRA\tests\TestCase.php:24
C:\Users\Gaser\Desktop\COPRRA\tests\Feature\Services\LoginAttemptServiceTest.php:25

287) Tests\Feature\Services\LoginAttemptServiceTest::test_records_successful_attempt
PDOException: SQLSTATE[HY000]: General error: 1 cannot start a transaction within a transaction

C:\Users\Gaser\Desktop\COPRRA\vendor\laravel\framework\src\Illuminate\Database\SQLiteConnection.php:33
C:\Users\Gaser\Desktop\COPRRA\vendor\laravel\framework\src\Illuminate\Database\Concerns\ManagesTransactions.php:154
C:\Users\Gaser\Desktop\COPRRA\vendor\laravel\framework\src\Illuminate\Database\Concerns\ManagesTransactions.php:130
C:\Users\Gaser\Desktop\COPRRA\vendor\laravel\framework\src\Illuminate\Foundation\Testing\RefreshDatabase.php:129
C:\Users\Gaser\Desktop\COPRRA\vendor\laravel\framework\src\Illuminate\Foundation\Testing\RefreshDatabase.php:91
C:\Users\Gaser\Desktop\COPRRA\vendor\laravel\framework\src\Illuminate\Foundation\Testing\RefreshDatabase.php:25
C:\Users\Gaser\Desktop\COPRRA\vendor\laravel\framework\src\Illuminate\Foundation\Testing\Concerns\InteractsWithTestCaseLifecycle.php:209
C:\Users\Gaser\Desktop\COPRRA\vendor\laravel\framework\src\Illuminate\Foundation\Testing\Concerns\InteractsWithTestCaseLifecycle.php:97
C:\Users\Gaser\Desktop\COPRRA\vendor\laravel\framework\src\Illuminate\Foundation\Testing\TestCase.php:44
C:\Users\Gaser\Desktop\COPRRA\tests\TestCase.php:24
C:\Users\Gaser\Desktop\COPRRA\tests\Feature\Services\LoginAttemptServiceTest.php:25

288) Tests\Feature\Services\LoginAttemptServiceTest::test_checks_email_blocked_when_under_limit
PDOException: SQLSTATE[HY000]: General error: 1 cannot start a transaction within a transaction

C:\Users\Gaser\Desktop\COPRRA\vendor\laravel\framework\src\Illuminate\Database\SQLiteConnection.php:33
C:\Users\Gaser\Desktop\COPRRA\vendor\laravel\framework\src\Illuminate\Database\Concerns\ManagesTransactions.php:154
C:\Users\Gaser\Desktop\COPRRA\vendor\laravel\framework\src\Illuminate\Database\Concerns\ManagesTransactions.php:130
C:\Users\Gaser\Desktop\COPRRA\vendor\laravel\framework\src\Illuminate\Foundation\Testing\RefreshDatabase.php:129
C:\Users\Gaser\Desktop\COPRRA\vendor\laravel\framework\src\Illuminate\Foundation\Testing\RefreshDatabase.php:91
C:\Users\Gaser\Desktop\COPRRA\vendor\laravel\framework\src\Illuminate\Foundation\Testing\RefreshDatabase.php:25
C:\Users\Gaser\Desktop\COPRRA\vendor\laravel\framework\src\Illuminate\Foundation\Testing\Concerns\InteractsWithTestCaseLifecycle.php:209
C:\Users\Gaser\Desktop\COPRRA\vendor\laravel\framework\src\Illuminate\Foundation\Testing\Concerns\InteractsWithTestCaseLifecycle.php:97
C:\Users\Gaser\Desktop\COPRRA\vendor\laravel\framework\src\Illuminate\Foundation\Testing\TestCase.php:44
C:\Users\Gaser\Desktop\COPRRA\tests\TestCase.php:24
C:\Users\Gaser\Desktop\COPRRA\tests\Feature\Services\LoginAttemptServiceTest.php:25

289) Tests\Feature\Services\LoginAttemptServiceTest::test_checks_email_blocked_when_over_limit
PDOException: SQLSTATE[HY000]: General error: 1 cannot start a transaction within a transaction

C:\Users\Gaser\Desktop\COPRRA\vendor\laravel\framework\src\Illuminate\Database\SQLiteConnection.php:33
C:\Users\Gaser\Desktop\COPRRA\vendor\laravel\framework\src\Illuminate\Database\Concerns\ManagesTransactions.php:154
C:\Users\Gaser\Desktop\COPRRA\vendor\laravel\framework\src\Illuminate\Database\Concerns\ManagesTransactions.php:130
C:\Users\Gaser\Desktop\COPRRA\vendor\laravel\framework\src\Illuminate\Foundation\Testing\RefreshDatabase.php:129
C:\Users\Gaser\Desktop\COPRRA\vendor\laravel\framework\src\Illuminate\Foundation\Testing\RefreshDatabase.php:91
C:\Users\Gaser\Desktop\COPRRA\vendor\laravel\framework\src\Illuminate\Foundation\Testing\RefreshDatabase.php:25
C:\Users\Gaser\Desktop\COPRRA\vendor\laravel\framework\src\Illuminate\Foundation\Testing\Concerns\InteractsWithTestCaseLifecycle.php:209
C:\Users\Gaser\Desktop\COPRRA\vendor\laravel\framework\src\Illuminate\Foundation\Testing\Concerns\InteractsWithTestCaseLifecycle.php:97
C:\Users\Gaser\Desktop\COPRRA\vendor\laravel\framework\src\Illuminate\Foundation\Testing\TestCase.php:44
C:\Users\Gaser\Desktop\COPRRA\tests\TestCase.php:24
C:\Users\Gaser\Desktop\COPRRA\tests\Feature\Services\LoginAttemptServiceTest.php:25

290) Tests\Feature\Services\LoginAttemptServiceTest::test_checks_ip_blocked_when_under_limit
PDOException: SQLSTATE[HY000]: General error: 1 cannot start a transaction within a transaction

C:\Users\Gaser\Desktop\COPRRA\vendor\laravel\framework\src\Illuminate\Database\SQLiteConnection.php:33
C:\Users\Gaser\Desktop\COPRRA\vendor\laravel\framework\src\Illuminate\Database\Concerns\ManagesTransactions.php:154
C:\Users\Gaser\Desktop\COPRRA\vendor\laravel\framework\src\Illuminate\Database\Concerns\ManagesTransactions.php:130
C:\Users\Gaser\Desktop\COPRRA\vendor\laravel\framework\src\Illuminate\Foundation\Testing\RefreshDatabase.php:129
C:\Users\Gaser\Desktop\COPRRA\vendor\laravel\framework\src\Illuminate\Foundation\Testing\RefreshDatabase.php:91
C:\Users\Gaser\Desktop\COPRRA\vendor\laravel\framework\src\Illuminate\Foundation\Testing\RefreshDatabase.php:25
C:\Users\Gaser\Desktop\COPRRA\vendor\laravel\framework\src\Illuminate\Foundation\Testing\Concerns\InteractsWithTestCaseLifecycle.php:209
C:\Users\Gaser\Desktop\COPRRA\vendor\laravel\framework\src\Illuminate\Foundation\Testing\Concerns\InteractsWithTestCaseLifecycle.php:97
C:\Users\Gaser\Desktop\COPRRA\vendor\laravel\framework\src\Illuminate\Foundation\Testing\TestCase.php:44
C:\Users\Gaser\Desktop\COPRRA\tests\TestCase.php:24
C:\Users\Gaser\Desktop\COPRRA\tests\Feature\Services\LoginAttemptServiceTest.php:25

291) Tests\Feature\Services\LoginAttemptServiceTest::test_checks_ip_blocked_when_over_limit
PDOException: SQLSTATE[HY000]: General error: 1 cannot start a transaction within a transaction

C:\Users\Gaser\Desktop\COPRRA\vendor\laravel\framework\src\Illuminate\Database\SQLiteConnection.php:33
C:\Users\Gaser\Desktop\COPRRA\vendor\laravel\framework\src\Illuminate\Database\Concerns\ManagesTransactions.php:154
C:\Users\Gaser\Desktop\COPRRA\vendor\laravel\framework\src\Illuminate\Database\Concerns\ManagesTransactions.php:130
C:\Users\Gaser\Desktop\COPRRA\vendor\laravel\framework\src\Illuminate\Foundation\Testing\RefreshDatabase.php:129
C:\Users\Gaser\Desktop\COPRRA\vendor\laravel\framework\src\Illuminate\Foundation\Testing\RefreshDatabase.php:91
C:\Users\Gaser\Desktop\COPRRA\vendor\laravel\framework\src\Illuminate\Foundation\Testing\RefreshDatabase.php:25
C:\Users\Gaser\Desktop\COPRRA\vendor\laravel\framework\src\Illuminate\Foundation\Testing\Concerns\InteractsWithTestCaseLifecycle.php:209
C:\Users\Gaser\Desktop\COPRRA\vendor\laravel\framework\src\Illuminate\Foundation\Testing\Concerns\InteractsWithTestCaseLifecycle.php:97
C:\Users\Gaser\Desktop\COPRRA\vendor\laravel\framework\src\Illuminate\Foundation\Testing\TestCase.php:44
C:\Users\Gaser\Desktop\COPRRA\tests\TestCase.php:24
C:\Users\Gaser\Desktop\COPRRA\tests\Feature\Services\LoginAttemptServiceTest.php:25

292) Tests\Feature\Services\LoginAttemptServiceTest::test_gets_remaining_attempts_for_email
PDOException: SQLSTATE[HY000]: General error: 1 cannot start a transaction within a transaction

C:\Users\Gaser\Desktop\COPRRA\vendor\laravel\framework\src\Illuminate\Database\SQLiteConnection.php:33
C:\Users\Gaser\Desktop\COPRRA\vendor\laravel\framework\src\Illuminate\Database\Concerns\ManagesTransactions.php:154
C:\Users\Gaser\Desktop\COPRRA\vendor\laravel\framework\src\Illuminate\Database\Concerns\ManagesTransactions.php:130
C:\Users\Gaser\Desktop\COPRRA\vendor\laravel\framework\src\Illuminate\Foundation\Testing\RefreshDatabase.php:129
C:\Users\Gaser\Desktop\COPRRA\vendor\laravel\framework\src\Illuminate\Foundation\Testing\RefreshDatabase.php:91
C:\Users\Gaser\Desktop\COPRRA\vendor\laravel\framework\src\Illuminate\Foundation\Testing\RefreshDatabase.php:25
C:\Users\Gaser\Desktop\COPRRA\vendor\laravel\framework\src\Illuminate\Foundation\Testing\Concerns\InteractsWithTestCaseLifecycle.php:209
C:\Users\Gaser\Desktop\COPRRA\vendor\laravel\framework\src\Illuminate\Foundation\Testing\Concerns\InteractsWithTestCaseLifecycle.php:97
C:\Users\Gaser\Desktop\COPRRA\vendor\laravel\framework\src\Illuminate\Foundation\Testing\TestCase.php:44
C:\Users\Gaser\Desktop\COPRRA\tests\TestCase.php:24
C:\Users\Gaser\Desktop\COPRRA\tests\Feature\Services\LoginAttemptServiceTest.php:25

293) Tests\Feature\Services\LoginAttemptServiceTest::test_gets_remaining_attempts_for_ip
PDOException: SQLSTATE[HY000]: General error: 1 cannot start a transaction within a transaction

C:\Users\Gaser\Desktop\COPRRA\vendor\laravel\framework\src\Illuminate\Database\SQLiteConnection.php:33
C:\Users\Gaser\Desktop\COPRRA\vendor\laravel\framework\src\Illuminate\Database\Concerns\ManagesTransactions.php:154
C:\Users\Gaser\Desktop\COPRRA\vendor\laravel\framework\src\Illuminate\Database\Concerns\ManagesTransactions.php:130
C:\Users\Gaser\Desktop\COPRRA\vendor\laravel\framework\src\Illuminate\Foundation\Testing\RefreshDatabase.php:129
C:\Users\Gaser\Desktop\COPRRA\vendor\laravel\framework\src\Illuminate\Foundation\Testing\RefreshDatabase.php:91
C:\Users\Gaser\Desktop\COPRRA\vendor\laravel\framework\src\Illuminate\Foundation\Testing\RefreshDatabase.php:25
C:\Users\Gaser\Desktop\COPRRA\vendor\laravel\framework\src\Illuminate\Foundation\Testing\Concerns\InteractsWithTestCaseLifecycle.php:209
C:\Users\Gaser\Desktop\COPRRA\vendor\laravel\framework\src\Illuminate\Foundation\Testing\Concerns\InteractsWithTestCaseLifecycle.php:97
C:\Users\Gaser\Desktop\COPRRA\vendor\laravel\framework\src\Illuminate\Foundation\Testing\TestCase.php:44
C:\Users\Gaser\Desktop\COPRRA\tests\TestCase.php:24
C:\Users\Gaser\Desktop\COPRRA\tests\Feature\Services\LoginAttemptServiceTest.php:25

294) Tests\Feature\Services\LoginAttemptServiceTest::test_gets_lockout_time_remaining_for_email
PDOException: SQLSTATE[HY000]: General error: 1 cannot start a transaction within a transaction

C:\Users\Gaser\Desktop\COPRRA\vendor\laravel\framework\src\Illuminate\Database\SQLiteConnection.php:33
C:\Users\Gaser\Desktop\COPRRA\vendor\laravel\framework\src\Illuminate\Database\Concerns\ManagesTransactions.php:154
C:\Users\Gaser\Desktop\COPRRA\vendor\laravel\framework\src\Illuminate\Database\Concerns\ManagesTransactions.php:130
C:\Users\Gaser\Desktop\COPRRA\vendor\laravel\framework\src\Illuminate\Foundation\Testing\RefreshDatabase.php:129
C:\Users\Gaser\Desktop\COPRRA\vendor\laravel\framework\src\Illuminate\Foundation\Testing\RefreshDatabase.php:91
C:\Users\Gaser\Desktop\COPRRA\vendor\laravel\framework\src\Illuminate\Foundation\Testing\RefreshDatabase.php:25
C:\Users\Gaser\Desktop\COPRRA\vendor\laravel\framework\src\Illuminate\Foundation\Testing\Concerns\InteractsWithTestCaseLifecycle.php:209
C:\Users\Gaser\Desktop\COPRRA\vendor\laravel\framework\src\Illuminate\Foundation\Testing\Concerns\InteractsWithTestCaseLifecycle.php:97
C:\Users\Gaser\Desktop\COPRRA\vendor\laravel\framework\src\Illuminate\Foundation\Testing\TestCase.php:44
C:\Users\Gaser\Desktop\COPRRA\tests\TestCase.php:24
C:\Users\Gaser\Desktop\COPRRA\tests\Feature\Services\LoginAttemptServiceTest.php:25

295) Tests\Feature\Services\LoginAttemptServiceTest::test_gets_lockout_time_remaining_for_ip
PDOException: SQLSTATE[HY000]: General error: 1 cannot start a transaction within a transaction

C:\Users\Gaser\Desktop\COPRRA\vendor\laravel\framework\src\Illuminate\Database\SQLiteConnection.php:33
C:\Users\Gaser\Desktop\COPRRA\vendor\laravel\framework\src\Illuminate\Database\Concerns\ManagesTransactions.php:154
C:\Users\Gaser\Desktop\COPRRA\vendor\laravel\framework\src\Illuminate\Database\Concerns\ManagesTransactions.php:130
C:\Users\Gaser\Desktop\COPRRA\vendor\laravel\framework\src\Illuminate\Foundation\Testing\RefreshDatabase.php:129
C:\Users\Gaser\Desktop\COPRRA\vendor\laravel\framework\src\Illuminate\Foundation\Testing\RefreshDatabase.php:91
C:\Users\Gaser\Desktop\COPRRA\vendor\laravel\framework\src\Illuminate\Foundation\Testing\RefreshDatabase.php:25
C:\Users\Gaser\Desktop\COPRRA\vendor\laravel\framework\src\Illuminate\Foundation\Testing\Concerns\InteractsWithTestCaseLifecycle.php:209
C:\Users\Gaser\Desktop\COPRRA\vendor\laravel\framework\src\Illuminate\Foundation\Testing\Concerns\InteractsWithTestCaseLifecycle.php:97
C:\Users\Gaser\Desktop\COPRRA\vendor\laravel\framework\src\Illuminate\Foundation\Testing\TestCase.php:44
C:\Users\Gaser\Desktop\COPRRA\tests\TestCase.php:24
C:\Users\Gaser\Desktop\COPRRA\tests\Feature\Services\LoginAttemptServiceTest.php:25

296) Tests\Feature\Services\LoginAttemptServiceTest::test_returns_null_when_no_lockout
PDOException: SQLSTATE[HY000]: General error: 1 cannot start a transaction within a transaction

C:\Users\Gaser\Desktop\COPRRA\vendor\laravel\framework\src\Illuminate\Database\SQLiteConnection.php:33
C:\Users\Gaser\Desktop\COPRRA\vendor\laravel\framework\src\Illuminate\Database\Concerns\ManagesTransactions.php:154
C:\Users\Gaser\Desktop\COPRRA\vendor\laravel\framework\src\Illuminate\Database\Concerns\ManagesTransactions.php:130
C:\Users\Gaser\Desktop\COPRRA\vendor\laravel\framework\src\Illuminate\Foundation\Testing\RefreshDatabase.php:129
C:\Users\Gaser\Desktop\COPRRA\vendor\laravel\framework\src\Illuminate\Foundation\Testing\RefreshDatabase.php:91
C:\Users\Gaser\Desktop\COPRRA\vendor\laravel\framework\src\Illuminate\Foundation\Testing\RefreshDatabase.php:25
C:\Users\Gaser\Desktop\COPRRA\vendor\laravel\framework\src\Illuminate\Foundation\Testing\Concerns\InteractsWithTestCaseLifecycle.php:209
C:\Users\Gaser\Desktop\COPRRA\vendor\laravel\framework\src\Illuminate\Foundation\Testing\Concerns\InteractsWithTestCaseLifecycle.php:97
C:\Users\Gaser\Desktop\COPRRA\vendor\laravel\framework\src\Illuminate\Foundation\Testing\TestCase.php:44
C:\Users\Gaser\Desktop\COPRRA\tests\TestCase.php:24
C:\Users\Gaser\Desktop\COPRRA\tests\Feature\Services\LoginAttemptServiceTest.php:25

297) Tests\Feature\Services\LoginAttemptServiceTest::test_handles_invalid_attempts_data
PDOException: SQLSTATE[HY000]: General error: 1 cannot start a transaction within a transaction

C:\Users\Gaser\Desktop\COPRRA\vendor\laravel\framework\src\Illuminate\Database\SQLiteConnection.php:33
C:\Users\Gaser\Desktop\COPRRA\vendor\laravel\framework\src\Illuminate\Database\Concerns\ManagesTransactions.php:154
C:\Users\Gaser\Desktop\COPRRA\vendor\laravel\framework\src\Illuminate\Database\Concerns\ManagesTransactions.php:130
C:\Users\Gaser\Desktop\COPRRA\vendor\laravel\framework\src\Illuminate\Foundation\Testing\RefreshDatabase.php:129
C:\Users\Gaser\Desktop\COPRRA\vendor\laravel\framework\src\Illuminate\Foundation\Testing\RefreshDatabase.php:91
C:\Users\Gaser\Desktop\COPRRA\vendor\laravel\framework\src\Illuminate\Foundation\Testing\RefreshDatabase.php:25
C:\Users\Gaser\Desktop\COPRRA\vendor\laravel\framework\src\Illuminate\Foundation\Testing\Concerns\InteractsWithTestCaseLifecycle.php:209
C:\Users\Gaser\Desktop\COPRRA\vendor\laravel\framework\src\Illuminate\Foundation\Testing\Concerns\InteractsWithTestCaseLifecycle.php:97
C:\Users\Gaser\Desktop\COPRRA\vendor\laravel\framework\src\Illuminate\Foundation\Testing\TestCase.php:44
C:\Users\Gaser\Desktop\COPRRA\tests\TestCase.php:24
C:\Users\Gaser\Desktop\COPRRA\tests\Feature\Services\LoginAttemptServiceTest.php:25

298) Tests\Feature\Services\LoginAttemptServiceTest::test_handles_null_attempts_data
PDOException: SQLSTATE[HY000]: General error: 1 cannot start a transaction within a transaction

C:\Users\Gaser\Desktop\COPRRA\vendor\laravel\framework\src\Illuminate\Database\SQLiteConnection.php:33
C:\Users\Gaser\Desktop\COPRRA\vendor\laravel\framework\src\Illuminate\Database\Concerns\ManagesTransactions.php:154
C:\Users\Gaser\Desktop\COPRRA\vendor\laravel\framework\src\Illuminate\Database\Concerns\ManagesTransactions.php:130
C:\Users\Gaser\Desktop\COPRRA\vendor\laravel\framework\src\Illuminate\Foundation\Testing\RefreshDatabase.php:129
C:\Users\Gaser\Desktop\COPRRA\vendor\laravel\framework\src\Illuminate\Foundation\Testing\RefreshDatabase.php:91
C:\Users\Gaser\Desktop\COPRRA\vendor\laravel\framework\src\Illuminate\Foundation\Testing\RefreshDatabase.php:25
C:\Users\Gaser\Desktop\COPRRA\vendor\laravel\framework\src\Illuminate\Foundation\Testing\Concerns\InteractsWithTestCaseLifecycle.php:209
C:\Users\Gaser\Desktop\COPRRA\vendor\laravel\framework\src\Illuminate\Foundation\Testing\Concerns\InteractsWithTestCaseLifecycle.php:97
C:\Users\Gaser\Desktop\COPRRA\vendor\laravel\framework\src\Illuminate\Foundation\Testing\TestCase.php:44
C:\Users\Gaser\Desktop\COPRRA\tests\TestCase.php:24
C:\Users\Gaser\Desktop\COPRRA\tests\Feature\Services\LoginAttemptServiceTest.php:25

299) Tests\Feature\Services\LoginAttemptServiceTest::test_unblocks_email
PDOException: SQLSTATE[HY000]: General error: 1 cannot start a transaction within a transaction

C:\Users\Gaser\Desktop\COPRRA\vendor\laravel\framework\src\Illuminate\Database\SQLiteConnection.php:33
C:\Users\Gaser\Desktop\COPRRA\vendor\laravel\framework\src\Illuminate\Database\Concerns\ManagesTransactions.php:154
C:\Users\Gaser\Desktop\COPRRA\vendor\laravel\framework\src\Illuminate\Database\Concerns\ManagesTransactions.php:130
C:\Users\Gaser\Desktop\COPRRA\vendor\laravel\framework\src\Illuminate\Foundation\Testing\RefreshDatabase.php:129
C:\Users\Gaser\Desktop\COPRRA\vendor\laravel\framework\src\Illuminate\Foundation\Testing\RefreshDatabase.php:91
C:\Users\Gaser\Desktop\COPRRA\vendor\laravel\framework\src\Illuminate\Foundation\Testing\RefreshDatabase.php:25
C:\Users\Gaser\Desktop\COPRRA\vendor\laravel\framework\src\Illuminate\Foundation\Testing\Concerns\InteractsWithTestCaseLifecycle.php:209
C:\Users\Gaser\Desktop\COPRRA\vendor\laravel\framework\src\Illuminate\Foundation\Testing\Concerns\InteractsWithTestCaseLifecycle.php:97
C:\Users\Gaser\Desktop\COPRRA\vendor\laravel\framework\src\Illuminate\Foundation\Testing\TestCase.php:44
C:\Users\Gaser\Desktop\COPRRA\tests\TestCase.php:24
C:\Users\Gaser\Desktop\COPRRA\tests\Feature\Services\LoginAttemptServiceTest.php:25

300) Tests\Feature\Services\LoginAttemptServiceTest::test_unblocks_ip
PDOException: SQLSTATE[HY000]: General error: 1 cannot start a transaction within a transaction

C:\Users\Gaser\Desktop\COPRRA\vendor\laravel\framework\src\Illuminate\Database\SQLiteConnection.php:33
C:\Users\Gaser\Desktop\COPRRA\vendor\laravel\framework\src\Illuminate\Database\Concerns\ManagesTransactions.php:154
C:\Users\Gaser\Desktop\COPRRA\vendor\laravel\framework\src\Illuminate\Database\Concerns\ManagesTransactions.php:130
C:\Users\Gaser\Desktop\COPRRA\vendor\laravel\framework\src\Illuminate\Foundation\Testing\RefreshDatabase.php:129
C:\Users\Gaser\Desktop\COPRRA\vendor\laravel\framework\src\Illuminate\Foundation\Testing\RefreshDatabase.php:91
C:\Users\Gaser\Desktop\COPRRA\vendor\laravel\framework\src\Illuminate\Foundation\Testing\RefreshDatabase.php:25
C:\Users\Gaser\Desktop\COPRRA\vendor\laravel\framework\src\Illuminate\Foundation\Testing\Concerns\InteractsWithTestCaseLifecycle.php:209
C:\Users\Gaser\Desktop\COPRRA\vendor\laravel\framework\src\Illuminate\Foundation\Testing\Concerns\InteractsWithTestCaseLifecycle.php:97
C:\Users\Gaser\Desktop\COPRRA\vendor\laravel\framework\src\Illuminate\Foundation\Testing\TestCase.php:44
C:\Users\Gaser\Desktop\COPRRA\tests\TestCase.php:24
C:\Users\Gaser\Desktop\COPRRA\tests\Feature\Services\LoginAttemptServiceTest.php:25

301) Tests\Feature\Services\LoginAttemptServiceTest::test_gets_statistics
PDOException: SQLSTATE[HY000]: General error: 1 cannot start a transaction within a transaction

C:\Users\Gaser\Desktop\COPRRA\vendor\laravel\framework\src\Illuminate\Database\SQLiteConnection.php:33
C:\Users\Gaser\Desktop\COPRRA\vendor\laravel\framework\src\Illuminate\Database\Concerns\ManagesTransactions.php:154
C:\Users\Gaser\Desktop\COPRRA\vendor\laravel\framework\src\Illuminate\Database\Concerns\ManagesTransactions.php:130
C:\Users\Gaser\Desktop\COPRRA\vendor\laravel\framework\src\Illuminate\Foundation\Testing\RefreshDatabase.php:129
C:\Users\Gaser\Desktop\COPRRA\vendor\laravel\framework\src\Illuminate\Foundation\Testing\RefreshDatabase.php:91
C:\Users\Gaser\Desktop\COPRRA\vendor\laravel\framework\src\Illuminate\Foundation\Testing\RefreshDatabase.php:25
C:\Users\Gaser\Desktop\COPRRA\vendor\laravel\framework\src\Illuminate\Foundation\Testing\Concerns\InteractsWithTestCaseLifecycle.php:209
C:\Users\Gaser\Desktop\COPRRA\vendor\laravel\framework\src\Illuminate\Foundation\Testing\Concerns\InteractsWithTestCaseLifecycle.php:97
C:\Users\Gaser\Desktop\COPRRA\vendor\laravel\framework\src\Illuminate\Foundation\Testing\TestCase.php:44
C:\Users\Gaser\Desktop\COPRRA\tests\TestCase.php:24
C:\Users\Gaser\Desktop\COPRRA\tests\Feature\Services\LoginAttemptServiceTest.php:25

302) Tests\Feature\Services\LoginAttemptServiceTest::test_handles_expired_lockout
PDOException: SQLSTATE[HY000]: General error: 1 cannot start a transaction within a transaction

C:\Users\Gaser\Desktop\COPRRA\vendor\laravel\framework\src\Illuminate\Database\SQLiteConnection.php:33
C:\Users\Gaser\Desktop\COPRRA\vendor\laravel\framework\src\Illuminate\Database\Concerns\ManagesTransactions.php:154
C:\Users\Gaser\Desktop\COPRRA\vendor\laravel\framework\src\Illuminate\Database\Concerns\ManagesTransactions.php:130
C:\Users\Gaser\Desktop\COPRRA\vendor\laravel\framework\src\Illuminate\Foundation\Testing\RefreshDatabase.php:129
C:\Users\Gaser\Desktop\COPRRA\vendor\laravel\framework\src\Illuminate\Foundation\Testing\RefreshDatabase.php:91
C:\Users\Gaser\Desktop\COPRRA\vendor\laravel\framework\src\Illuminate\Foundation\Testing\RefreshDatabase.php:25
C:\Users\Gaser\Desktop\COPRRA\vendor\laravel\framework\src\Illuminate\Foundation\Testing\Concerns\InteractsWithTestCaseLifecycle.php:209
C:\Users\Gaser\Desktop\COPRRA\vendor\laravel\framework\src\Illuminate\Foundation\Testing\Concerns\InteractsWithTestCaseLifecycle.php:97
C:\Users\Gaser\Desktop\COPRRA\vendor\laravel\framework\src\Illuminate\Foundation\Testing\TestCase.php:44
C:\Users\Gaser\Desktop\COPRRA\tests\TestCase.php:24
C:\Users\Gaser\Desktop\COPRRA\tests\Feature\Services\LoginAttemptServiceTest.php:25

303) Tests\Feature\Services\LoginAttemptServiceTest::test_handles_malformed_timestamp
PDOException: SQLSTATE[HY000]: General error: 1 cannot start a transaction within a transaction

C:\Users\Gaser\Desktop\COPRRA\vendor\laravel\framework\src\Illuminate\Database\SQLiteConnection.php:33
C:\Users\Gaser\Desktop\COPRRA\vendor\laravel\framework\src\Illuminate\Database\Concerns\ManagesTransactions.php:154
C:\Users\Gaser\Desktop\COPRRA\vendor\laravel\framework\src\Illuminate\Database\Concerns\ManagesTransactions.php:130
C:\Users\Gaser\Desktop\COPRRA\vendor\laravel\framework\src\Illuminate\Foundation\Testing\RefreshDatabase.php:129
C:\Users\Gaser\Desktop\COPRRA\vendor\laravel\framework\src\Illuminate\Foundation\Testing\RefreshDatabase.php:91
C:\Users\Gaser\Desktop\COPRRA\vendor\laravel\framework\src\Illuminate\Foundation\Testing\RefreshDatabase.php:25
C:\Users\Gaser\Desktop\COPRRA\vendor\laravel\framework\src\Illuminate\Foundation\Testing\Concerns\InteractsWithTestCaseLifecycle.php:209
C:\Users\Gaser\Desktop\COPRRA\vendor\laravel\framework\src\Illuminate\Foundation\Testing\Concerns\InteractsWithTestCaseLifecycle.php:97
C:\Users\Gaser\Desktop\COPRRA\vendor\laravel\framework\src\Illuminate\Foundation\Testing\TestCase.php:44
C:\Users\Gaser\Desktop\COPRRA\tests\TestCase.php:24
C:\Users\Gaser\Desktop\COPRRA\tests\Feature\Services\LoginAttemptServiceTest.php:25

304) Tests\Feature\Services\LoginAttemptServiceTest::test_handles_empty_attempts_array
PDOException: SQLSTATE[HY000]: General error: 1 cannot start a transaction within a transaction

C:\Users\Gaser\Desktop\COPRRA\vendor\laravel\framework\src\Illuminate\Database\SQLiteConnection.php:33
C:\Users\Gaser\Desktop\COPRRA\vendor\laravel\framework\src\Illuminate\Database\Concerns\ManagesTransactions.php:154
C:\Users\Gaser\Desktop\COPRRA\vendor\laravel\framework\src\Illuminate\Database\Concerns\ManagesTransactions.php:130
C:\Users\Gaser\Desktop\COPRRA\vendor\laravel\framework\src\Illuminate\Foundation\Testing\RefreshDatabase.php:129
C:\Users\Gaser\Desktop\COPRRA\vendor\laravel\framework\src\Illuminate\Foundation\Testing\RefreshDatabase.php:91
C:\Users\Gaser\Desktop\COPRRA\vendor\laravel\framework\src\Illuminate\Foundation\Testing\RefreshDatabase.php:25
C:\Users\Gaser\Desktop\COPRRA\vendor\laravel\framework\src\Illuminate\Foundation\Testing\Concerns\InteractsWithTestCaseLifecycle.php:209
C:\Users\Gaser\Desktop\COPRRA\vendor\laravel\framework\src\Illuminate\Foundation\Testing\Concerns\InteractsWithTestCaseLifecycle.php:97
C:\Users\Gaser\Desktop\COPRRA\vendor\laravel\framework\src\Illuminate\Foundation\Testing\TestCase.php:44
C:\Users\Gaser\Desktop\COPRRA\tests\TestCase.php:24
C:\Users\Gaser\Desktop\COPRRA\tests\Feature\Services\LoginAttemptServiceTest.php:25

305) Tests\Feature\Services\LoginAttemptServiceTest::test_handles_non_array_attempts_data
PDOException: SQLSTATE[HY000]: General error: 1 cannot start a transaction within a transaction

C:\Users\Gaser\Desktop\COPRRA\vendor\laravel\framework\src\Illuminate\Database\SQLiteConnection.php:33
C:\Users\Gaser\Desktop\COPRRA\vendor\laravel\framework\src\Illuminate\Database\Concerns\ManagesTransactions.php:154
C:\Users\Gaser\Desktop\COPRRA\vendor\laravel\framework\src\Illuminate\Database\Concerns\ManagesTransactions.php:130
C:\Users\Gaser\Desktop\COPRRA\vendor\laravel\framework\src\Illuminate\Foundation\Testing\RefreshDatabase.php:129
C:\Users\Gaser\Desktop\COPRRA\vendor\laravel\framework\src\Illuminate\Foundation\Testing\RefreshDatabase.php:91
C:\Users\Gaser\Desktop\COPRRA\vendor\laravel\framework\src\Illuminate\Foundation\Testing\RefreshDatabase.php:25
C:\Users\Gaser\Desktop\COPRRA\vendor\laravel\framework\src\Illuminate\Foundation\Testing\Concerns\InteractsWithTestCaseLifecycle.php:209
C:\Users\Gaser\Desktop\COPRRA\vendor\laravel\framework\src\Illuminate\Foundation\Testing\Concerns\InteractsWithTestCaseLifecycle.php:97
C:\Users\Gaser\Desktop\COPRRA\vendor\laravel\framework\src\Illuminate\Foundation\Testing\TestCase.php:44
C:\Users\Gaser\Desktop\COPRRA\tests\TestCase.php:24
C:\Users\Gaser\Desktop\COPRRA\tests\Feature\Services\LoginAttemptServiceTest.php:25

306) Tests\Feature\Services\LoginAttemptServiceTest::test_handles_missing_timestamp_in_attempt
PDOException: SQLSTATE[HY000]: General error: 1 cannot start a transaction within a transaction

C:\Users\Gaser\Desktop\COPRRA\vendor\laravel\framework\src\Illuminate\Database\SQLiteConnection.php:33
C:\Users\Gaser\Desktop\COPRRA\vendor\laravel\framework\src\Illuminate\Database\Concerns\ManagesTransactions.php:154
C:\Users\Gaser\Desktop\COPRRA\vendor\laravel\framework\src\Illuminate\Database\Concerns\ManagesTransactions.php:130
C:\Users\Gaser\Desktop\COPRRA\vendor\laravel\framework\src\Illuminate\Foundation\Testing\RefreshDatabase.php:129
C:\Users\Gaser\Desktop\COPRRA\vendor\laravel\framework\src\Illuminate\Foundation\Testing\RefreshDatabase.php:91
C:\Users\Gaser\Desktop\COPRRA\vendor\laravel\framework\src\Illuminate\Foundation\Testing\RefreshDatabase.php:25
C:\Users\Gaser\Desktop\COPRRA\vendor\laravel\framework\src\Illuminate\Foundation\Testing\Concerns\InteractsWithTestCaseLifecycle.php:209
C:\Users\Gaser\Desktop\COPRRA\vendor\laravel\framework\src\Illuminate\Foundation\Testing\Concerns\InteractsWithTestCaseLifecycle.php:97
C:\Users\Gaser\Desktop\COPRRA\vendor\laravel\framework\src\Illuminate\Foundation\Testing\TestCase.php:44
C:\Users\Gaser\Desktop\COPRRA\tests\TestCase.php:24
C:\Users\Gaser\Desktop\COPRRA\tests\Feature\Services\LoginAttemptServiceTest.php:25

307) Tests\Feature\Services\LoginAttemptServiceTest::test_handles_non_string_timestamp
PDOException: SQLSTATE[HY000]: General error: 1 cannot start a transaction within a transaction

C:\Users\Gaser\Desktop\COPRRA\vendor\laravel\framework\src\Illuminate\Database\SQLiteConnection.php:33
C:\Users\Gaser\Desktop\COPRRA\vendor\laravel\framework\src\Illuminate\Database\Concerns\ManagesTransactions.php:154
C:\Users\Gaser\Desktop\COPRRA\vendor\laravel\framework\src\Illuminate\Database\Concerns\ManagesTransactions.php:130
C:\Users\Gaser\Desktop\COPRRA\vendor\laravel\framework\src\Illuminate\Foundation\Testing\RefreshDatabase.php:129
C:\Users\Gaser\Desktop\COPRRA\vendor\laravel\framework\src\Illuminate\Foundation\Testing\RefreshDatabase.php:91
C:\Users\Gaser\Desktop\COPRRA\vendor\laravel\framework\src\Illuminate\Foundation\Testing\RefreshDatabase.php:25
C:\Users\Gaser\Desktop\COPRRA\vendor\laravel\framework\src\Illuminate\Foundation\Testing\Concerns\InteractsWithTestCaseLifecycle.php:209
C:\Users\Gaser\Desktop\COPRRA\vendor\laravel\framework\src\Illuminate\Foundation\Testing\Concerns\InteractsWithTestCaseLifecycle.php:97
C:\Users\Gaser\Desktop\COPRRA\vendor\laravel\framework\src\Illuminate\Foundation\Testing\TestCase.php:44
C:\Users\Gaser\Desktop\COPRRA\tests\TestCase.php:24
C:\Users\Gaser\Desktop\COPRRA\tests\Feature\Services\LoginAttemptServiceTest.php:25

308) Tests\Feature\Services\NotificationServiceTest::test_sends_price_drop_notification_to_active_alerts
PDOException: SQLSTATE[HY000]: General error: 1 cannot start a transaction within a transaction

C:\Users\Gaser\Desktop\COPRRA\vendor\laravel\framework\src\Illuminate\Database\SQLiteConnection.php:33
C:\Users\Gaser\Desktop\COPRRA\vendor\laravel\framework\src\Illuminate\Database\Concerns\ManagesTransactions.php:154
C:\Users\Gaser\Desktop\COPRRA\vendor\laravel\framework\src\Illuminate\Database\Concerns\ManagesTransactions.php:130
C:\Users\Gaser\Desktop\COPRRA\vendor\laravel\framework\src\Illuminate\Foundation\Testing\RefreshDatabase.php:129
C:\Users\Gaser\Desktop\COPRRA\vendor\laravel\framework\src\Illuminate\Foundation\Testing\RefreshDatabase.php:91
C:\Users\Gaser\Desktop\COPRRA\vendor\laravel\framework\src\Illuminate\Foundation\Testing\RefreshDatabase.php:25
C:\Users\Gaser\Desktop\COPRRA\vendor\laravel\framework\src\Illuminate\Foundation\Testing\Concerns\InteractsWithTestCaseLifecycle.php:209
C:\Users\Gaser\Desktop\COPRRA\vendor\laravel\framework\src\Illuminate\Foundation\Testing\Concerns\InteractsWithTestCaseLifecycle.php:97
C:\Users\Gaser\Desktop\COPRRA\vendor\laravel\framework\src\Illuminate\Foundation\Testing\TestCase.php:44
C:\Users\Gaser\Desktop\COPRRA\tests\TestCase.php:24
C:\Users\Gaser\Desktop\COPRRA\tests\Feature\Services\NotificationServiceTest.php:28

309) Tests\Feature\Services\NotificationServiceTest::test_does_not_send_notification_when_no_active_alerts
PDOException: SQLSTATE[HY000]: General error: 1 cannot start a transaction within a transaction

C:\Users\Gaser\Desktop\COPRRA\vendor\laravel\framework\src\Illuminate\Database\SQLiteConnection.php:33
C:\Users\Gaser\Desktop\COPRRA\vendor\laravel\framework\src\Illuminate\Database\Concerns\ManagesTransactions.php:154
C:\Users\Gaser\Desktop\COPRRA\vendor\laravel\framework\src\Illuminate\Database\Concerns\ManagesTransactions.php:130
C:\Users\Gaser\Desktop\COPRRA\vendor\laravel\framework\src\Illuminate\Foundation\Testing\RefreshDatabase.php:129
C:\Users\Gaser\Desktop\COPRRA\vendor\laravel\framework\src\Illuminate\Foundation\Testing\RefreshDatabase.php:91
C:\Users\Gaser\Desktop\COPRRA\vendor\laravel\framework\src\Illuminate\Foundation\Testing\RefreshDatabase.php:25
C:\Users\Gaser\Desktop\COPRRA\vendor\laravel\framework\src\Illuminate\Foundation\Testing\Concerns\InteractsWithTestCaseLifecycle.php:209
C:\Users\Gaser\Desktop\COPRRA\vendor\laravel\framework\src\Illuminate\Foundation\Testing\Concerns\InteractsWithTestCaseLifecycle.php:97
C:\Users\Gaser\Desktop\COPRRA\vendor\laravel\framework\src\Illuminate\Foundation\Testing\TestCase.php:44
C:\Users\Gaser\Desktop\COPRRA\tests\TestCase.php:24
C:\Users\Gaser\Desktop\COPRRA\tests\Feature\Services\NotificationServiceTest.php:28

310) Tests\Feature\Services\NotificationServiceTest::test_skips_notification_for_user_without_email
PDOException: SQLSTATE[HY000]: General error: 1 cannot start a transaction within a transaction

C:\Users\Gaser\Desktop\COPRRA\vendor\laravel\framework\src\Illuminate\Database\SQLiteConnection.php:33
C:\Users\Gaser\Desktop\COPRRA\vendor\laravel\framework\src\Illuminate\Database\Concerns\ManagesTransactions.php:154
C:\Users\Gaser\Desktop\COPRRA\vendor\laravel\framework\src\Illuminate\Database\Concerns\ManagesTransactions.php:130
C:\Users\Gaser\Desktop\COPRRA\vendor\laravel\framework\src\Illuminate\Foundation\Testing\RefreshDatabase.php:129
C:\Users\Gaser\Desktop\COPRRA\vendor\laravel\framework\src\Illuminate\Foundation\Testing\RefreshDatabase.php:91
C:\Users\Gaser\Desktop\COPRRA\vendor\laravel\framework\src\Illuminate\Foundation\Testing\RefreshDatabase.php:25
C:\Users\Gaser\Desktop\COPRRA\vendor\laravel\framework\src\Illuminate\Foundation\Testing\Concerns\InteractsWithTestCaseLifecycle.php:209
C:\Users\Gaser\Desktop\COPRRA\vendor\laravel\framework\src\Illuminate\Foundation\Testing\Concerns\InteractsWithTestCaseLifecycle.php:97
C:\Users\Gaser\Desktop\COPRRA\vendor\laravel\framework\src\Illuminate\Foundation\Testing\TestCase.php:44
C:\Users\Gaser\Desktop\COPRRA\tests\TestCase.php:24
C:\Users\Gaser\Desktop\COPRRA\tests\Feature\Services\NotificationServiceTest.php:28

311) Tests\Feature\Services\NotificationServiceTest::test_handles_exception_during_notification_sending
PDOException: SQLSTATE[HY000]: General error: 1 cannot start a transaction within a transaction

C:\Users\Gaser\Desktop\COPRRA\vendor\laravel\framework\src\Illuminate\Database\SQLiteConnection.php:33
C:\Users\Gaser\Desktop\COPRRA\vendor\laravel\framework\src\Illuminate\Database\Concerns\ManagesTransactions.php:154
C:\Users\Gaser\Desktop\COPRRA\vendor\laravel\framework\src\Illuminate\Database\Concerns\ManagesTransactions.php:130
C:\Users\Gaser\Desktop\COPRRA\vendor\laravel\framework\src\Illuminate\Foundation\Testing\RefreshDatabase.php:129
C:\Users\Gaser\Desktop\COPRRA\vendor\laravel\framework\src\Illuminate\Foundation\Testing\RefreshDatabase.php:91
C:\Users\Gaser\Desktop\COPRRA\vendor\laravel\framework\src\Illuminate\Foundation\Testing\RefreshDatabase.php:25
C:\Users\Gaser\Desktop\COPRRA\vendor\laravel\framework\src\Illuminate\Foundation\Testing\Concerns\InteractsWithTestCaseLifecycle.php:209
C:\Users\Gaser\Desktop\COPRRA\vendor\laravel\framework\src\Illuminate\Foundation\Testing\Concerns\InteractsWithTestCaseLifecycle.php:97
C:\Users\Gaser\Desktop\COPRRA\vendor\laravel\framework\src\Illuminate\Foundation\Testing\TestCase.php:44
C:\Users\Gaser\Desktop\COPRRA\tests\TestCase.php:24
C:\Users\Gaser\Desktop\COPRRA\tests\Feature\Services\NotificationServiceTest.php:28

312) Tests\Feature\Services\NotificationServiceTest::test_logs_audit_trail_for_notification
PDOException: SQLSTATE[HY000]: General error: 1 cannot start a transaction within a transaction

C:\Users\Gaser\Desktop\COPRRA\vendor\laravel\framework\src\Illuminate\Database\SQLiteConnection.php:33
C:\Users\Gaser\Desktop\COPRRA\vendor\laravel\framework\src\Illuminate\Database\Concerns\ManagesTransactions.php:154
C:\Users\Gaser\Desktop\COPRRA\vendor\laravel\framework\src\Illuminate\Database\Concerns\ManagesTransactions.php:130
C:\Users\Gaser\Desktop\COPRRA\vendor\laravel\framework\src\Illuminate\Foundation\Testing\RefreshDatabase.php:129
C:\Users\Gaser\Desktop\COPRRA\vendor\laravel\framework\src\Illuminate\Foundation\Testing\RefreshDatabase.php:91
C:\Users\Gaser\Desktop\COPRRA\vendor\laravel\framework\src\Illuminate\Foundation\Testing\RefreshDatabase.php:25
C:\Users\Gaser\Desktop\COPRRA\vendor\laravel\framework\src\Illuminate\Foundation\Testing\Concerns\InteractsWithTestCaseLifecycle.php:209
C:\Users\Gaser\Desktop\COPRRA\vendor\laravel\framework\src\Illuminate\Foundation\Testing\Concerns\InteractsWithTestCaseLifecycle.php:97
C:\Users\Gaser\Desktop\COPRRA\vendor\laravel\framework\src\Illuminate\Foundation\Testing\TestCase.php:44
C:\Users\Gaser\Desktop\COPRRA\tests\TestCase.php:24
C:\Users\Gaser\Desktop\COPRRA\tests\Feature\Services\NotificationServiceTest.php:28

313) Tests\Feature\Services\PasswordHistoryServiceTest::test_checks_password_not_in_history
PDOException: SQLSTATE[HY000]: General error: 1 cannot start a transaction within a transaction

C:\Users\Gaser\Desktop\COPRRA\vendor\laravel\framework\src\Illuminate\Database\SQLiteConnection.php:33
C:\Users\Gaser\Desktop\COPRRA\vendor\laravel\framework\src\Illuminate\Database\Concerns\ManagesTransactions.php:154
C:\Users\Gaser\Desktop\COPRRA\vendor\laravel\framework\src\Illuminate\Database\Concerns\ManagesTransactions.php:130
C:\Users\Gaser\Desktop\COPRRA\vendor\laravel\framework\src\Illuminate\Foundation\Testing\RefreshDatabase.php:129
C:\Users\Gaser\Desktop\COPRRA\vendor\laravel\framework\src\Illuminate\Foundation\Testing\RefreshDatabase.php:91
C:\Users\Gaser\Desktop\COPRRA\vendor\laravel\framework\src\Illuminate\Foundation\Testing\RefreshDatabase.php:25
C:\Users\Gaser\Desktop\COPRRA\vendor\laravel\framework\src\Illuminate\Foundation\Testing\Concerns\InteractsWithTestCaseLifecycle.php:209
C:\Users\Gaser\Desktop\COPRRA\vendor\laravel\framework\src\Illuminate\Foundation\Testing\Concerns\InteractsWithTestCaseLifecycle.php:97
C:\Users\Gaser\Desktop\COPRRA\vendor\laravel\framework\src\Illuminate\Foundation\Testing\TestCase.php:44
C:\Users\Gaser\Desktop\COPRRA\tests\TestCase.php:24
C:\Users\Gaser\Desktop\COPRRA\tests\Feature\Services\PasswordHistoryServiceTest.php:23

314) Tests\Feature\Services\PasswordHistoryServiceTest::test_checks_password_in_history
PDOException: SQLSTATE[HY000]: General error: 1 cannot start a transaction within a transaction

C:\Users\Gaser\Desktop\COPRRA\vendor\laravel\framework\src\Illuminate\Database\SQLiteConnection.php:33
C:\Users\Gaser\Desktop\COPRRA\vendor\laravel\framework\src\Illuminate\Database\Concerns\ManagesTransactions.php:154
C:\Users\Gaser\Desktop\COPRRA\vendor\laravel\framework\src\Illuminate\Database\Concerns\ManagesTransactions.php:130
C:\Users\Gaser\Desktop\COPRRA\vendor\laravel\framework\src\Illuminate\Foundation\Testing\RefreshDatabase.php:129
C:\Users\Gaser\Desktop\COPRRA\vendor\laravel\framework\src\Illuminate\Foundation\Testing\RefreshDatabase.php:91
C:\Users\Gaser\Desktop\COPRRA\vendor\laravel\framework\src\Illuminate\Foundation\Testing\RefreshDatabase.php:25
C:\Users\Gaser\Desktop\COPRRA\vendor\laravel\framework\src\Illuminate\Foundation\Testing\Concerns\InteractsWithTestCaseLifecycle.php:209
C:\Users\Gaser\Desktop\COPRRA\vendor\laravel\framework\src\Illuminate\Foundation\Testing\Concerns\InteractsWithTestCaseLifecycle.php:97
C:\Users\Gaser\Desktop\COPRRA\vendor\laravel\framework\src\Illuminate\Foundation\Testing\TestCase.php:44
C:\Users\Gaser\Desktop\COPRRA\tests\TestCase.php:24
C:\Users\Gaser\Desktop\COPRRA\tests\Feature\Services\PasswordHistoryServiceTest.php:23

315) Tests\Feature\Services\PasswordHistoryServiceTest::test_saves_password_to_history
PDOException: SQLSTATE[HY000]: General error: 1 cannot start a transaction within a transaction

C:\Users\Gaser\Desktop\COPRRA\vendor\laravel\framework\src\Illuminate\Database\SQLiteConnection.php:33
C:\Users\Gaser\Desktop\COPRRA\vendor\laravel\framework\src\Illuminate\Database\Concerns\ManagesTransactions.php:154
C:\Users\Gaser\Desktop\COPRRA\vendor\laravel\framework\src\Illuminate\Database\Concerns\ManagesTransactions.php:130
C:\Users\Gaser\Desktop\COPRRA\vendor\laravel\framework\src\Illuminate\Foundation\Testing\RefreshDatabase.php:129
C:\Users\Gaser\Desktop\COPRRA\vendor\laravel\framework\src\Illuminate\Foundation\Testing\RefreshDatabase.php:91
C:\Users\Gaser\Desktop\COPRRA\vendor\laravel\framework\src\Illuminate\Foundation\Testing\RefreshDatabase.php:25
C:\Users\Gaser\Desktop\COPRRA\vendor\laravel\framework\src\Illuminate\Foundation\Testing\Concerns\InteractsWithTestCaseLifecycle.php:209
C:\Users\Gaser\Desktop\COPRRA\vendor\laravel\framework\src\Illuminate\Foundation\Testing\Concerns\InteractsWithTestCaseLifecycle.php:97
C:\Users\Gaser\Desktop\COPRRA\vendor\laravel\framework\src\Illuminate\Foundation\Testing\TestCase.php:44
C:\Users\Gaser\Desktop\COPRRA\tests\TestCase.php:24
C:\Users\Gaser\Desktop\COPRRA\tests\Feature\Services\PasswordHistoryServiceTest.php:23

316) Tests\Feature\Services\PasswordHistoryServiceTest::test_clears_password_history
PDOException: SQLSTATE[HY000]: General error: 1 cannot start a transaction within a transaction

C:\Users\Gaser\Desktop\COPRRA\vendor\laravel\framework\src\Illuminate\Database\SQLiteConnection.php:33
C:\Users\Gaser\Desktop\COPRRA\vendor\laravel\framework\src\Illuminate\Database\Concerns\ManagesTransactions.php:154
C:\Users\Gaser\Desktop\COPRRA\vendor\laravel\framework\src\Illuminate\Database\Concerns\ManagesTransactions.php:130
C:\Users\Gaser\Desktop\COPRRA\vendor\laravel\framework\src\Illuminate\Foundation\Testing\RefreshDatabase.php:129
C:\Users\Gaser\Desktop\COPRRA\vendor\laravel\framework\src\Illuminate\Foundation\Testing\RefreshDatabase.php:91
C:\Users\Gaser\Desktop\COPRRA\vendor\laravel\framework\src\Illuminate\Foundation\Testing\RefreshDatabase.php:25
C:\Users\Gaser\Desktop\COPRRA\vendor\laravel\framework\src\Illuminate\Foundation\Testing\Concerns\InteractsWithTestCaseLifecycle.php:209
C:\Users\Gaser\Desktop\COPRRA\vendor\laravel\framework\src\Illuminate\Foundation\Testing\Concerns\InteractsWithTestCaseLifecycle.php:97
C:\Users\Gaser\Desktop\COPRRA\vendor\laravel\framework\src\Illuminate\Foundation\Testing\TestCase.php:44
C:\Users\Gaser\Desktop\COPRRA\tests\TestCase.php:24
C:\Users\Gaser\Desktop\COPRRA\tests\Feature\Services\PasswordHistoryServiceTest.php:23

317) Tests\Feature\Services\PasswordHistoryServiceTest::test_handles_password_history_check_exception
PDOException: SQLSTATE[HY000]: General error: 1 cannot start a transaction within a transaction

C:\Users\Gaser\Desktop\COPRRA\vendor\laravel\framework\src\Illuminate\Database\SQLiteConnection.php:33
C:\Users\Gaser\Desktop\COPRRA\vendor\laravel\framework\src\Illuminate\Database\Concerns\ManagesTransactions.php:154
C:\Users\Gaser\Desktop\COPRRA\vendor\laravel\framework\src\Illuminate\Database\Concerns\ManagesTransactions.php:130
C:\Users\Gaser\Desktop\COPRRA\vendor\laravel\framework\src\Illuminate\Foundation\Testing\RefreshDatabase.php:129
C:\Users\Gaser\Desktop\COPRRA\vendor\laravel\framework\src\Illuminate\Foundation\Testing\RefreshDatabase.php:91
C:\Users\Gaser\Desktop\COPRRA\vendor\laravel\framework\src\Illuminate\Foundation\Testing\RefreshDatabase.php:25
C:\Users\Gaser\Desktop\COPRRA\vendor\laravel\framework\src\Illuminate\Foundation\Testing\Concerns\InteractsWithTestCaseLifecycle.php:209
C:\Users\Gaser\Desktop\COPRRA\vendor\laravel\framework\src\Illuminate\Foundation\Testing\Concerns\InteractsWithTestCaseLifecycle.php:97
C:\Users\Gaser\Desktop\COPRRA\vendor\laravel\framework\src\Illuminate\Foundation\Testing\TestCase.php:44
C:\Users\Gaser\Desktop\COPRRA\tests\TestCase.php:24
C:\Users\Gaser\Desktop\COPRRA\tests\Feature\Services\PasswordHistoryServiceTest.php:23

318) Tests\Feature\Services\PasswordHistoryServiceTest::test_handles_save_password_history_exception
PDOException: SQLSTATE[HY000]: General error: 1 cannot start a transaction within a transaction

C:\Users\Gaser\Desktop\COPRRA\vendor\laravel\framework\src\Illuminate\Database\SQLiteConnection.php:33
C:\Users\Gaser\Desktop\COPRRA\vendor\laravel\framework\src\Illuminate\Database\Concerns\ManagesTransactions.php:154
C:\Users\Gaser\Desktop\COPRRA\vendor\laravel\framework\src\Illuminate\Database\Concerns\ManagesTransactions.php:130
C:\Users\Gaser\Desktop\COPRRA\vendor\laravel\framework\src\Illuminate\Foundation\Testing\RefreshDatabase.php:129
C:\Users\Gaser\Desktop\COPRRA\vendor\laravel\framework\src\Illuminate\Foundation\Testing\RefreshDatabase.php:91
C:\Users\Gaser\Desktop\COPRRA\vendor\laravel\framework\src\Illuminate\Foundation\Testing\RefreshDatabase.php:25
C:\Users\Gaser\Desktop\COPRRA\vendor\laravel\framework\src\Illuminate\Foundation\Testing\Concerns\InteractsWithTestCaseLifecycle.php:209
C:\Users\Gaser\Desktop\COPRRA\vendor\laravel\framework\src\Illuminate\Foundation\Testing\Concerns\InteractsWithTestCaseLifecycle.php:97
C:\Users\Gaser\Desktop\COPRRA\vendor\laravel\framework\src\Illuminate\Foundation\Testing\TestCase.php:44
C:\Users\Gaser\Desktop\COPRRA\tests\TestCase.php:24
C:\Users\Gaser\Desktop\COPRRA\tests\Feature\Services\PasswordHistoryServiceTest.php:23

319) Tests\Feature\Services\PasswordHistoryServiceTest::test_limits_password_history_count
PDOException: SQLSTATE[HY000]: General error: 1 cannot start a transaction within a transaction

C:\Users\Gaser\Desktop\COPRRA\vendor\laravel\framework\src\Illuminate\Database\SQLiteConnection.php:33
C:\Users\Gaser\Desktop\COPRRA\vendor\laravel\framework\src\Illuminate\Database\Concerns\ManagesTransactions.php:154
C:\Users\Gaser\Desktop\COPRRA\vendor\laravel\framework\src\Illuminate\Database\Concerns\ManagesTransactions.php:130
C:\Users\Gaser\Desktop\COPRRA\vendor\laravel\framework\src\Illuminate\Foundation\Testing\RefreshDatabase.php:129
C:\Users\Gaser\Desktop\COPRRA\vendor\laravel\framework\src\Illuminate\Foundation\Testing\RefreshDatabase.php:91
C:\Users\Gaser\Desktop\COPRRA\vendor\laravel\framework\src\Illuminate\Foundation\Testing\RefreshDatabase.php:25
C:\Users\Gaser\Desktop\COPRRA\vendor\laravel\framework\src\Illuminate\Foundation\Testing\Concerns\InteractsWithTestCaseLifecycle.php:209
C:\Users\Gaser\Desktop\COPRRA\vendor\laravel\framework\src\Illuminate\Foundation\Testing\Concerns\InteractsWithTestCaseLifecycle.php:97
C:\Users\Gaser\Desktop\COPRRA\vendor\laravel\framework\src\Illuminate\Foundation\Testing\TestCase.php:44
C:\Users\Gaser\Desktop\COPRRA\tests\TestCase.php:24
C:\Users\Gaser\Desktop\COPRRA\tests\Feature\Services\PasswordHistoryServiceTest.php:23

320) Tests\Feature\Services\PasswordPolicyServiceTest::test_validates_strong_password
PDOException: SQLSTATE[HY000]: General error: 1 cannot start a transaction within a transaction

C:\Users\Gaser\Desktop\COPRRA\vendor\laravel\framework\src\Illuminate\Database\SQLiteConnection.php:33
C:\Users\Gaser\Desktop\COPRRA\vendor\laravel\framework\src\Illuminate\Database\Concerns\ManagesTransactions.php:154
C:\Users\Gaser\Desktop\COPRRA\vendor\laravel\framework\src\Illuminate\Database\Concerns\ManagesTransactions.php:130
C:\Users\Gaser\Desktop\COPRRA\vendor\laravel\framework\src\Illuminate\Foundation\Testing\RefreshDatabase.php:129
C:\Users\Gaser\Desktop\COPRRA\vendor\laravel\framework\src\Illuminate\Foundation\Testing\RefreshDatabase.php:91
C:\Users\Gaser\Desktop\COPRRA\vendor\laravel\framework\src\Illuminate\Foundation\Testing\RefreshDatabase.php:25
C:\Users\Gaser\Desktop\COPRRA\vendor\laravel\framework\src\Illuminate\Foundation\Testing\Concerns\InteractsWithTestCaseLifecycle.php:209
C:\Users\Gaser\Desktop\COPRRA\vendor\laravel\framework\src\Illuminate\Foundation\Testing\Concerns\InteractsWithTestCaseLifecycle.php:97
C:\Users\Gaser\Desktop\COPRRA\vendor\laravel\framework\src\Illuminate\Foundation\Testing\TestCase.php:44
C:\Users\Gaser\Desktop\COPRRA\tests\TestCase.php:24
C:\Users\Gaser\Desktop\COPRRA\tests\Feature\Services\PasswordPolicyServiceTest.php:22

321) Tests\Feature\Services\PasswordPolicyServiceTest::test_validates_weak_password
PDOException: SQLSTATE[HY000]: General error: 1 cannot start a transaction within a transaction

C:\Users\Gaser\Desktop\COPRRA\vendor\laravel\framework\src\Illuminate\Database\SQLiteConnection.php:33
C:\Users\Gaser\Desktop\COPRRA\vendor\laravel\framework\src\Illuminate\Database\Concerns\ManagesTransactions.php:154
C:\Users\Gaser\Desktop\COPRRA\vendor\laravel\framework\src\Illuminate\Database\Concerns\ManagesTransactions.php:130
C:\Users\Gaser\Desktop\COPRRA\vendor\laravel\framework\src\Illuminate\Foundation\Testing\RefreshDatabase.php:129
C:\Users\Gaser\Desktop\COPRRA\vendor\laravel\framework\src\Illuminate\Foundation\Testing\RefreshDatabase.php:91
C:\Users\Gaser\Desktop\COPRRA\vendor\laravel\framework\src\Illuminate\Foundation\Testing\RefreshDatabase.php:25
C:\Users\Gaser\Desktop\COPRRA\vendor\laravel\framework\src\Illuminate\Foundation\Testing\Concerns\InteractsWithTestCaseLifecycle.php:209
C:\Users\Gaser\Desktop\COPRRA\vendor\laravel\framework\src\Illuminate\Foundation\Testing\Concerns\InteractsWithTestCaseLifecycle.php:97
C:\Users\Gaser\Desktop\COPRRA\vendor\laravel\framework\src\Illuminate\Foundation\Testing\TestCase.php:44
C:\Users\Gaser\Desktop\COPRRA\tests\TestCase.php:24
C:\Users\Gaser\Desktop\COPRRA\tests\Feature\Services\PasswordPolicyServiceTest.php:22

322) Tests\Feature\Services\PasswordPolicyServiceTest::test_validates_password_without_uppercase
PDOException: SQLSTATE[HY000]: General error: 1 cannot start a transaction within a transaction

C:\Users\Gaser\Desktop\COPRRA\vendor\laravel\framework\src\Illuminate\Database\SQLiteConnection.php:33
C:\Users\Gaser\Desktop\COPRRA\vendor\laravel\framework\src\Illuminate\Database\Concerns\ManagesTransactions.php:154
C:\Users\Gaser\Desktop\COPRRA\vendor\laravel\framework\src\Illuminate\Database\Concerns\ManagesTransactions.php:130
C:\Users\Gaser\Desktop\COPRRA\vendor\laravel\framework\src\Illuminate\Foundation\Testing\RefreshDatabase.php:129
C:\Users\Gaser\Desktop\COPRRA\vendor\laravel\framework\src\Illuminate\Foundation\Testing\RefreshDatabase.php:91
C:\Users\Gaser\Desktop\COPRRA\vendor\laravel\framework\src\Illuminate\Foundation\Testing\RefreshDatabase.php:25
C:\Users\Gaser\Desktop\COPRRA\vendor\laravel\framework\src\Illuminate\Foundation\Testing\Concerns\InteractsWithTestCaseLifecycle.php:209
C:\Users\Gaser\Desktop\COPRRA\vendor\laravel\framework\src\Illuminate\Foundation\Testing\Concerns\InteractsWithTestCaseLifecycle.php:97
C:\Users\Gaser\Desktop\COPRRA\vendor\laravel\framework\src\Illuminate\Foundation\Testing\TestCase.php:44
C:\Users\Gaser\Desktop\COPRRA\tests\TestCase.php:24
C:\Users\Gaser\Desktop\COPRRA\tests\Feature\Services\PasswordPolicyServiceTest.php:22

323) Tests\Feature\Services\PasswordPolicyServiceTest::test_validates_password_without_lowercase
PDOException: SQLSTATE[HY000]: General error: 1 cannot start a transaction within a transaction

C:\Users\Gaser\Desktop\COPRRA\vendor\laravel\framework\src\Illuminate\Database\SQLiteConnection.php:33
C:\Users\Gaser\Desktop\COPRRA\vendor\laravel\framework\src\Illuminate\Database\Concerns\ManagesTransactions.php:154
C:\Users\Gaser\Desktop\COPRRA\vendor\laravel\framework\src\Illuminate\Database\Concerns\ManagesTransactions.php:130
C:\Users\Gaser\Desktop\COPRRA\vendor\laravel\framework\src\Illuminate\Foundation\Testing\RefreshDatabase.php:129
C:\Users\Gaser\Desktop\COPRRA\vendor\laravel\framework\src\Illuminate\Foundation\Testing\RefreshDatabase.php:91
C:\Users\Gaser\Desktop\COPRRA\vendor\laravel\framework\src\Illuminate\Foundation\Testing\RefreshDatabase.php:25
C:\Users\Gaser\Desktop\COPRRA\vendor\laravel\framework\src\Illuminate\Foundation\Testing\Concerns\InteractsWithTestCaseLifecycle.php:209
C:\Users\Gaser\Desktop\COPRRA\vendor\laravel\framework\src\Illuminate\Foundation\Testing\Concerns\InteractsWithTestCaseLifecycle.php:97
C:\Users\Gaser\Desktop\COPRRA\vendor\laravel\framework\src\Illuminate\Foundation\Testing\TestCase.php:44
C:\Users\Gaser\Desktop\COPRRA\tests\TestCase.php:24
C:\Users\Gaser\Desktop\COPRRA\tests\Feature\Services\PasswordPolicyServiceTest.php:22

324) Tests\Feature\Services\PasswordPolicyServiceTest::test_validates_password_without_numbers
PDOException: SQLSTATE[HY000]: General error: 1 cannot start a transaction within a transaction

C:\Users\Gaser\Desktop\COPRRA\vendor\laravel\framework\src\Illuminate\Database\SQLiteConnection.php:33
C:\Users\Gaser\Desktop\COPRRA\vendor\laravel\framework\src\Illuminate\Database\Concerns\ManagesTransactions.php:154
C:\Users\Gaser\Desktop\COPRRA\vendor\laravel\framework\src\Illuminate\Database\Concerns\ManagesTransactions.php:130
C:\Users\Gaser\Desktop\COPRRA\vendor\laravel\framework\src\Illuminate\Foundation\Testing\RefreshDatabase.php:129
C:\Users\Gaser\Desktop\COPRRA\vendor\laravel\framework\src\Illuminate\Foundation\Testing\RefreshDatabase.php:91
C:\Users\Gaser\Desktop\COPRRA\vendor\laravel\framework\src\Illuminate\Foundation\Testing\RefreshDatabase.php:25
C:\Users\Gaser\Desktop\COPRRA\vendor\laravel\framework\src\Illuminate\Foundation\Testing\Concerns\InteractsWithTestCaseLifecycle.php:209
C:\Users\Gaser\Desktop\COPRRA\vendor\laravel\framework\src\Illuminate\Foundation\Testing\Concerns\InteractsWithTestCaseLifecycle.php:97
C:\Users\Gaser\Desktop\COPRRA\vendor\laravel\framework\src\Illuminate\Foundation\Testing\TestCase.php:44
C:\Users\Gaser\Desktop\COPRRA\tests\TestCase.php:24
C:\Users\Gaser\Desktop\COPRRA\tests\Feature\Services\PasswordPolicyServiceTest.php:22

325) Tests\Feature\Services\PasswordPolicyServiceTest::test_validates_password_without_symbols
PDOException: SQLSTATE[HY000]: General error: 1 cannot start a transaction within a transaction

C:\Users\Gaser\Desktop\COPRRA\vendor\laravel\framework\src\Illuminate\Database\SQLiteConnection.php:33
C:\Users\Gaser\Desktop\COPRRA\vendor\laravel\framework\src\Illuminate\Database\Concerns\ManagesTransactions.php:154
C:\Users\Gaser\Desktop\COPRRA\vendor\laravel\framework\src\Illuminate\Database\Concerns\ManagesTransactions.php:130
C:\Users\Gaser\Desktop\COPRRA\vendor\laravel\framework\src\Illuminate\Foundation\Testing\RefreshDatabase.php:129
C:\Users\Gaser\Desktop\COPRRA\vendor\laravel\framework\src\Illuminate\Foundation\Testing\RefreshDatabase.php:91
C:\Users\Gaser\Desktop\COPRRA\vendor\laravel\framework\src\Illuminate\Foundation\Testing\RefreshDatabase.php:25
C:\Users\Gaser\Desktop\COPRRA\vendor\laravel\framework\src\Illuminate\Foundation\Testing\Concerns\InteractsWithTestCaseLifecycle.php:209
C:\Users\Gaser\Desktop\COPRRA\vendor\laravel\framework\src\Illuminate\Foundation\Testing\Concerns\InteractsWithTestCaseLifecycle.php:97
C:\Users\Gaser\Desktop\COPRRA\vendor\laravel\framework\src\Illuminate\Foundation\Testing\TestCase.php:44
C:\Users\Gaser\Desktop\COPRRA\tests\TestCase.php:24
C:\Users\Gaser\Desktop\COPRRA\tests\Feature\Services\PasswordPolicyServiceTest.php:22

326) Tests\Feature\Services\PasswordPolicyServiceTest::test_validates_forbidden_password
PDOException: SQLSTATE[HY000]: General error: 1 cannot start a transaction within a transaction

C:\Users\Gaser\Desktop\COPRRA\vendor\laravel\framework\src\Illuminate\Database\SQLiteConnection.php:33
C:\Users\Gaser\Desktop\COPRRA\vendor\laravel\framework\src\Illuminate\Database\Concerns\ManagesTransactions.php:154
C:\Users\Gaser\Desktop\COPRRA\vendor\laravel\framework\src\Illuminate\Database\Concerns\ManagesTransactions.php:130
C:\Users\Gaser\Desktop\COPRRA\vendor\laravel\framework\src\Illuminate\Foundation\Testing\RefreshDatabase.php:129
C:\Users\Gaser\Desktop\COPRRA\vendor\laravel\framework\src\Illuminate\Foundation\Testing\RefreshDatabase.php:91
C:\Users\Gaser\Desktop\COPRRA\vendor\laravel\framework\src\Illuminate\Foundation\Testing\RefreshDatabase.php:25
C:\Users\Gaser\Desktop\COPRRA\vendor\laravel\framework\src\Illuminate\Foundation\Testing\Concerns\InteractsWithTestCaseLifecycle.php:209
C:\Users\Gaser\Desktop\COPRRA\vendor\laravel\framework\src\Illuminate\Foundation\Testing\Concerns\InteractsWithTestCaseLifecycle.php:97
C:\Users\Gaser\Desktop\COPRRA\vendor\laravel\framework\src\Illuminate\Foundation\Testing\TestCase.php:44
C:\Users\Gaser\Desktop\COPRRA\tests\TestCase.php:24
C:\Users\Gaser\Desktop\COPRRA\tests\Feature\Services\PasswordPolicyServiceTest.php:22

327) Tests\Feature\Services\PasswordPolicyServiceTest::test_validates_password_with_repeated_characters
PDOException: SQLSTATE[HY000]: General error: 1 cannot start a transaction within a transaction

C:\Users\Gaser\Desktop\COPRRA\vendor\laravel\framework\src\Illuminate\Database\SQLiteConnection.php:33
C:\Users\Gaser\Desktop\COPRRA\vendor\laravel\framework\src\Illuminate\Database\Concerns\ManagesTransactions.php:154
C:\Users\Gaser\Desktop\COPRRA\vendor\laravel\framework\src\Illuminate\Database\Concerns\ManagesTransactions.php:130
C:\Users\Gaser\Desktop\COPRRA\vendor\laravel\framework\src\Illuminate\Foundation\Testing\RefreshDatabase.php:129
C:\Users\Gaser\Desktop\COPRRA\vendor\laravel\framework\src\Illuminate\Foundation\Testing\RefreshDatabase.php:91
C:\Users\Gaser\Desktop\COPRRA\vendor\laravel\framework\src\Illuminate\Foundation\Testing\RefreshDatabase.php:25
C:\Users\Gaser\Desktop\COPRRA\vendor\laravel\framework\src\Illuminate\Foundation\Testing\Concerns\InteractsWithTestCaseLifecycle.php:209
C:\Users\Gaser\Desktop\COPRRA\vendor\laravel\framework\src\Illuminate\Foundation\Testing\Concerns\InteractsWithTestCaseLifecycle.php:97
C:\Users\Gaser\Desktop\COPRRA\vendor\laravel\framework\src\Illuminate\Foundation\Testing\TestCase.php:44
C:\Users\Gaser\Desktop\COPRRA\tests\TestCase.php:24
C:\Users\Gaser\Desktop\COPRRA\tests\Feature\Services\PasswordPolicyServiceTest.php:22

328) Tests\Feature\Services\PasswordPolicyServiceTest::test_validates_password_with_keyboard_patterns
PDOException: SQLSTATE[HY000]: General error: 1 cannot start a transaction within a transaction

C:\Users\Gaser\Desktop\COPRRA\vendor\laravel\framework\src\Illuminate\Database\SQLiteConnection.php:33
C:\Users\Gaser\Desktop\COPRRA\vendor\laravel\framework\src\Illuminate\Database\Concerns\ManagesTransactions.php:154
C:\Users\Gaser\Desktop\COPRRA\vendor\laravel\framework\src\Illuminate\Database\Concerns\ManagesTransactions.php:130
C:\Users\Gaser\Desktop\COPRRA\vendor\laravel\framework\src\Illuminate\Foundation\Testing\RefreshDatabase.php:129
C:\Users\Gaser\Desktop\COPRRA\vendor\laravel\framework\src\Illuminate\Foundation\Testing\RefreshDatabase.php:91
C:\Users\Gaser\Desktop\COPRRA\vendor\laravel\framework\src\Illuminate\Foundation\Testing\RefreshDatabase.php:25
C:\Users\Gaser\Desktop\COPRRA\vendor\laravel\framework\src\Illuminate\Foundation\Testing\Concerns\InteractsWithTestCaseLifecycle.php:209
C:\Users\Gaser\Desktop\COPRRA\vendor\laravel\framework\src\Illuminate\Foundation\Testing\Concerns\InteractsWithTestCaseLifecycle.php:97
C:\Users\Gaser\Desktop\COPRRA\vendor\laravel\framework\src\Illuminate\Foundation\Testing\TestCase.php:44
C:\Users\Gaser\Desktop\COPRRA\tests\TestCase.php:24
C:\Users\Gaser\Desktop\COPRRA\tests\Feature\Services\PasswordPolicyServiceTest.php:22

329) Tests\Feature\Services\PasswordPolicyServiceTest::test_validates_password_with_common_substitutions
PDOException: SQLSTATE[HY000]: General error: 1 cannot start a transaction within a transaction

C:\Users\Gaser\Desktop\COPRRA\vendor\laravel\framework\src\Illuminate\Database\SQLiteConnection.php:33
C:\Users\Gaser\Desktop\COPRRA\vendor\laravel\framework\src\Illuminate\Database\Concerns\ManagesTransactions.php:154
C:\Users\Gaser\Desktop\COPRRA\vendor\laravel\framework\src\Illuminate\Database\Concerns\ManagesTransactions.php:130
C:\Users\Gaser\Desktop\COPRRA\vendor\laravel\framework\src\Illuminate\Foundation\Testing\RefreshDatabase.php:129
C:\Users\Gaser\Desktop\COPRRA\vendor\laravel\framework\src\Illuminate\Foundation\Testing\RefreshDatabase.php:91
C:\Users\Gaser\Desktop\COPRRA\vendor\laravel\framework\src\Illuminate\Foundation\Testing\RefreshDatabase.php:25
C:\Users\Gaser\Desktop\COPRRA\vendor\laravel\framework\src\Illuminate\Foundation\Testing\Concerns\InteractsWithTestCaseLifecycle.php:209
C:\Users\Gaser\Desktop\COPRRA\vendor\laravel\framework\src\Illuminate\Foundation\Testing\Concerns\InteractsWithTestCaseLifecycle.php:97
C:\Users\Gaser\Desktop\COPRRA\vendor\laravel\framework\src\Illuminate\Foundation\Testing\TestCase.php:44
C:\Users\Gaser\Desktop\COPRRA\tests\TestCase.php:24
C:\Users\Gaser\Desktop\COPRRA\tests\Feature\Services\PasswordPolicyServiceTest.php:22

330) Tests\Feature\Services\PasswordPolicyServiceTest::test_calculates_password_strength_weak
PDOException: SQLSTATE[HY000]: General error: 1 cannot start a transaction within a transaction

C:\Users\Gaser\Desktop\COPRRA\vendor\laravel\framework\src\Illuminate\Database\SQLiteConnection.php:33
C:\Users\Gaser\Desktop\COPRRA\vendor\laravel\framework\src\Illuminate\Database\Concerns\ManagesTransactions.php:154
C:\Users\Gaser\Desktop\COPRRA\vendor\laravel\framework\src\Illuminate\Database\Concerns\ManagesTransactions.php:130
C:\Users\Gaser\Desktop\COPRRA\vendor\laravel\framework\src\Illuminate\Foundation\Testing\RefreshDatabase.php:129
C:\Users\Gaser\Desktop\COPRRA\vendor\laravel\framework\src\Illuminate\Foundation\Testing\RefreshDatabase.php:91
C:\Users\Gaser\Desktop\COPRRA\vendor\laravel\framework\src\Illuminate\Foundation\Testing\RefreshDatabase.php:25
C:\Users\Gaser\Desktop\COPRRA\vendor\laravel\framework\src\Illuminate\Foundation\Testing\Concerns\InteractsWithTestCaseLifecycle.php:209
C:\Users\Gaser\Desktop\COPRRA\vendor\laravel\framework\src\Illuminate\Foundation\Testing\Concerns\InteractsWithTestCaseLifecycle.php:97
C:\Users\Gaser\Desktop\COPRRA\vendor\laravel\framework\src\Illuminate\Foundation\Testing\TestCase.php:44
C:\Users\Gaser\Desktop\COPRRA\tests\TestCase.php:24
C:\Users\Gaser\Desktop\COPRRA\tests\Feature\Services\PasswordPolicyServiceTest.php:22

331) Tests\Feature\Services\PasswordPolicyServiceTest::test_calculates_password_strength_medium
PDOException: SQLSTATE[HY000]: General error: 1 cannot start a transaction within a transaction

C:\Users\Gaser\Desktop\COPRRA\vendor\laravel\framework\src\Illuminate\Database\SQLiteConnection.php:33
C:\Users\Gaser\Desktop\COPRRA\vendor\laravel\framework\src\Illuminate\Database\Concerns\ManagesTransactions.php:154
C:\Users\Gaser\Desktop\COPRRA\vendor\laravel\framework\src\Illuminate\Database\Concerns\ManagesTransactions.php:130
C:\Users\Gaser\Desktop\COPRRA\vendor\laravel\framework\src\Illuminate\Foundation\Testing\RefreshDatabase.php:129
C:\Users\Gaser\Desktop\COPRRA\vendor\laravel\framework\src\Illuminate\Foundation\Testing\RefreshDatabase.php:91
C:\Users\Gaser\Desktop\COPRRA\vendor\laravel\framework\src\Illuminate\Foundation\Testing\RefreshDatabase.php:25
C:\Users\Gaser\Desktop\COPRRA\vendor\laravel\framework\src\Illuminate\Foundation\Testing\Concerns\InteractsWithTestCaseLifecycle.php:209
C:\Users\Gaser\Desktop\COPRRA\vendor\laravel\framework\src\Illuminate\Foundation\Testing\Concerns\InteractsWithTestCaseLifecycle.php:97
C:\Users\Gaser\Desktop\COPRRA\vendor\laravel\framework\src\Illuminate\Foundation\Testing\TestCase.php:44
C:\Users\Gaser\Desktop\COPRRA\tests\TestCase.php:24
C:\Users\Gaser\Desktop\COPRRA\tests\Feature\Services\PasswordPolicyServiceTest.php:22

332) Tests\Feature\Services\PasswordPolicyServiceTest::test_calculates_password_strength_strong
PDOException: SQLSTATE[HY000]: General error: 1 cannot start a transaction within a transaction

C:\Users\Gaser\Desktop\COPRRA\vendor\laravel\framework\src\Illuminate\Database\SQLiteConnection.php:33
C:\Users\Gaser\Desktop\COPRRA\vendor\laravel\framework\src\Illuminate\Database\Concerns\ManagesTransactions.php:154
C:\Users\Gaser\Desktop\COPRRA\vendor\laravel\framework\src\Illuminate\Database\Concerns\ManagesTransactions.php:130
C:\Users\Gaser\Desktop\COPRRA\vendor\laravel\framework\src\Illuminate\Foundation\Testing\RefreshDatabase.php:129
C:\Users\Gaser\Desktop\COPRRA\vendor\laravel\framework\src\Illuminate\Foundation\Testing\RefreshDatabase.php:91
C:\Users\Gaser\Desktop\COPRRA\vendor\laravel\framework\src\Illuminate\Foundation\Testing\RefreshDatabase.php:25
C:\Users\Gaser\Desktop\COPRRA\vendor\laravel\framework\src\Illuminate\Foundation\Testing\Concerns\InteractsWithTestCaseLifecycle.php:209
C:\Users\Gaser\Desktop\COPRRA\vendor\laravel\framework\src\Illuminate\Foundation\Testing\Concerns\InteractsWithTestCaseLifecycle.php:97
C:\Users\Gaser\Desktop\COPRRA\vendor\laravel\framework\src\Illuminate\Foundation\Testing\TestCase.php:44
C:\Users\Gaser\Desktop\COPRRA\tests\TestCase.php:24
C:\Users\Gaser\Desktop\COPRRA\tests\Feature\Services\PasswordPolicyServiceTest.php:22

333) Tests\Feature\Services\PasswordPolicyServiceTest::test_calculates_password_strength_very_strong
PDOException: SQLSTATE[HY000]: General error: 1 cannot start a transaction within a transaction

C:\Users\Gaser\Desktop\COPRRA\vendor\laravel\framework\src\Illuminate\Database\SQLiteConnection.php:33
C:\Users\Gaser\Desktop\COPRRA\vendor\laravel\framework\src\Illuminate\Database\Concerns\ManagesTransactions.php:154
C:\Users\Gaser\Desktop\COPRRA\vendor\laravel\framework\src\Illuminate\Database\Concerns\ManagesTransactions.php:130
C:\Users\Gaser\Desktop\COPRRA\vendor\laravel\framework\src\Illuminate\Foundation\Testing\RefreshDatabase.php:129
C:\Users\Gaser\Desktop\COPRRA\vendor\laravel\framework\src\Illuminate\Foundation\Testing\RefreshDatabase.php:91
C:\Users\Gaser\Desktop\COPRRA\vendor\laravel\framework\src\Illuminate\Foundation\Testing\RefreshDatabase.php:25
C:\Users\Gaser\Desktop\COPRRA\vendor\laravel\framework\src\Illuminate\Foundation\Testing\Concerns\InteractsWithTestCaseLifecycle.php:209
C:\Users\Gaser\Desktop\COPRRA\vendor\laravel\framework\src\Illuminate\Foundation\Testing\Concerns\InteractsWithTestCaseLifecycle.php:97
C:\Users\Gaser\Desktop\COPRRA\vendor\laravel\framework\src\Illuminate\Foundation\Testing\TestCase.php:44
C:\Users\Gaser\Desktop\COPRRA\tests\TestCase.php:24
C:\Users\Gaser\Desktop\COPRRA\tests\Feature\Services\PasswordPolicyServiceTest.php:22

334) Tests\Feature\Services\PasswordPolicyServiceTest::test_checks_password_not_in_history
PDOException: SQLSTATE[HY000]: General error: 1 cannot start a transaction within a transaction

C:\Users\Gaser\Desktop\COPRRA\vendor\laravel\framework\src\Illuminate\Database\SQLiteConnection.php:33
C:\Users\Gaser\Desktop\COPRRA\vendor\laravel\framework\src\Illuminate\Database\Concerns\ManagesTransactions.php:154
C:\Users\Gaser\Desktop\COPRRA\vendor\laravel\framework\src\Illuminate\Database\Concerns\ManagesTransactions.php:130
C:\Users\Gaser\Desktop\COPRRA\vendor\laravel\framework\src\Illuminate\Foundation\Testing\RefreshDatabase.php:129
C:\Users\Gaser\Desktop\COPRRA\vendor\laravel\framework\src\Illuminate\Foundation\Testing\RefreshDatabase.php:91
C:\Users\Gaser\Desktop\COPRRA\vendor\laravel\framework\src\Illuminate\Foundation\Testing\RefreshDatabase.php:25
C:\Users\Gaser\Desktop\COPRRA\vendor\laravel\framework\src\Illuminate\Foundation\Testing\Concerns\InteractsWithTestCaseLifecycle.php:209
C:\Users\Gaser\Desktop\COPRRA\vendor\laravel\framework\src\Illuminate\Foundation\Testing\Concerns\InteractsWithTestCaseLifecycle.php:97
C:\Users\Gaser\Desktop\COPRRA\vendor\laravel\framework\src\Illuminate\Foundation\Testing\TestCase.php:44
C:\Users\Gaser\Desktop\COPRRA\tests\TestCase.php:24
C:\Users\Gaser\Desktop\COPRRA\tests\Feature\Services\PasswordPolicyServiceTest.php:22

335) Tests\Feature\Services\PasswordPolicyServiceTest::test_saves_password_to_history
PDOException: SQLSTATE[HY000]: General error: 1 cannot start a transaction within a transaction

C:\Users\Gaser\Desktop\COPRRA\vendor\laravel\framework\src\Illuminate\Database\SQLiteConnection.php:33
C:\Users\Gaser\Desktop\COPRRA\vendor\laravel\framework\src\Illuminate\Database\Concerns\ManagesTransactions.php:154
C:\Users\Gaser\Desktop\COPRRA\vendor\laravel\framework\src\Illuminate\Database\Concerns\ManagesTransactions.php:130
C:\Users\Gaser\Desktop\COPRRA\vendor\laravel\framework\src\Illuminate\Foundation\Testing\RefreshDatabase.php:129
C:\Users\Gaser\Desktop\COPRRA\vendor\laravel\framework\src\Illuminate\Foundation\Testing\RefreshDatabase.php:91
C:\Users\Gaser\Desktop\COPRRA\vendor\laravel\framework\src\Illuminate\Foundation\Testing\RefreshDatabase.php:25
C:\Users\Gaser\Desktop\COPRRA\vendor\laravel\framework\src\Illuminate\Foundation\Testing\Concerns\InteractsWithTestCaseLifecycle.php:209
C:\Users\Gaser\Desktop\COPRRA\vendor\laravel\framework\src\Illuminate\Foundation\Testing\Concerns\InteractsWithTestCaseLifecycle.php:97
C:\Users\Gaser\Desktop\COPRRA\vendor\laravel\framework\src\Illuminate\Foundation\Testing\TestCase.php:44
C:\Users\Gaser\Desktop\COPRRA\tests\TestCase.php:24
C:\Users\Gaser\Desktop\COPRRA\tests\Feature\Services\PasswordPolicyServiceTest.php:22

336) Tests\Feature\Services\PasswordPolicyServiceTest::test_handles_save_password_history_exception
PDOException: SQLSTATE[HY000]: General error: 1 cannot start a transaction within a transaction

C:\Users\Gaser\Desktop\COPRRA\vendor\laravel\framework\src\Illuminate\Database\SQLiteConnection.php:33
C:\Users\Gaser\Desktop\COPRRA\vendor\laravel\framework\src\Illuminate\Database\Concerns\ManagesTransactions.php:154
C:\Users\Gaser\Desktop\COPRRA\vendor\laravel\framework\src\Illuminate\Database\Concerns\ManagesTransactions.php:130
C:\Users\Gaser\Desktop\COPRRA\vendor\laravel\framework\src\Illuminate\Foundation\Testing\RefreshDatabase.php:129
C:\Users\Gaser\Desktop\COPRRA\vendor\laravel\framework\src\Illuminate\Foundation\Testing\RefreshDatabase.php:91
C:\Users\Gaser\Desktop\COPRRA\vendor\laravel\framework\src\Illuminate\Foundation\Testing\RefreshDatabase.php:25
C:\Users\Gaser\Desktop\COPRRA\vendor\laravel\framework\src\Illuminate\Foundation\Testing\Concerns\InteractsWithTestCaseLifecycle.php:209
C:\Users\Gaser\Desktop\COPRRA\vendor\laravel\framework\src\Illuminate\Foundation\Testing\Concerns\InteractsWithTestCaseLifecycle.php:97
C:\Users\Gaser\Desktop\COPRRA\vendor\laravel\framework\src\Illuminate\Foundation\Testing\TestCase.php:44
C:\Users\Gaser\Desktop\COPRRA\tests\TestCase.php:24
C:\Users\Gaser\Desktop\COPRRA\tests\Feature\Services\PasswordPolicyServiceTest.php:22

337) Tests\Feature\Services\PasswordPolicyServiceTest::test_checks_password_expired
PDOException: SQLSTATE[HY000]: General error: 1 cannot start a transaction within a transaction

C:\Users\Gaser\Desktop\COPRRA\vendor\laravel\framework\src\Illuminate\Database\SQLiteConnection.php:33
C:\Users\Gaser\Desktop\COPRRA\vendor\laravel\framework\src\Illuminate\Database\Concerns\ManagesTransactions.php:154
C:\Users\Gaser\Desktop\COPRRA\vendor\laravel\framework\src\Illuminate\Database\Concerns\ManagesTransactions.php:130
C:\Users\Gaser\Desktop\COPRRA\vendor\laravel\framework\src\Illuminate\Foundation\Testing\RefreshDatabase.php:129
C:\Users\Gaser\Desktop\COPRRA\vendor\laravel\framework\src\Illuminate\Foundation\Testing\RefreshDatabase.php:91
C:\Users\Gaser\Desktop\COPRRA\vendor\laravel\framework\src\Illuminate\Foundation\Testing\RefreshDatabase.php:25
C:\Users\Gaser\Desktop\COPRRA\vendor\laravel\framework\src\Illuminate\Foundation\Testing\Concerns\InteractsWithTestCaseLifecycle.php:209
C:\Users\Gaser\Desktop\COPRRA\vendor\laravel\framework\src\Illuminate\Foundation\Testing\Concerns\InteractsWithTestCaseLifecycle.php:97
C:\Users\Gaser\Desktop\COPRRA\vendor\laravel\framework\src\Illuminate\Foundation\Testing\TestCase.php:44
C:\Users\Gaser\Desktop\COPRRA\tests\TestCase.php:24
C:\Users\Gaser\Desktop\COPRRA\tests\Feature\Services\PasswordPolicyServiceTest.php:22

338) Tests\Feature\Services\PasswordPolicyServiceTest::test_handles_password_expiry_check_exception
PDOException: SQLSTATE[HY000]: General error: 1 cannot start a transaction within a transaction

C:\Users\Gaser\Desktop\COPRRA\vendor\laravel\framework\src\Illuminate\Database\SQLiteConnection.php:33
C:\Users\Gaser\Desktop\COPRRA\vendor\laravel\framework\src\Illuminate\Database\Concerns\ManagesTransactions.php:154
C:\Users\Gaser\Desktop\COPRRA\vendor\laravel\framework\src\Illuminate\Database\Concerns\ManagesTransactions.php:130
C:\Users\Gaser\Desktop\COPRRA\vendor\laravel\framework\src\Illuminate\Foundation\Testing\RefreshDatabase.php:129
C:\Users\Gaser\Desktop\COPRRA\vendor\laravel\framework\src\Illuminate\Foundation\Testing\RefreshDatabase.php:91
C:\Users\Gaser\Desktop\COPRRA\vendor\laravel\framework\src\Illuminate\Foundation\Testing\RefreshDatabase.php:25
C:\Users\Gaser\Desktop\COPRRA\vendor\laravel\framework\src\Illuminate\Foundation\Testing\Concerns\InteractsWithTestCaseLifecycle.php:209
C:\Users\Gaser\Desktop\COPRRA\vendor\laravel\framework\src\Illuminate\Foundation\Testing\Concerns\InteractsWithTestCaseLifecycle.php:97
C:\Users\Gaser\Desktop\COPRRA\vendor\laravel\framework\src\Illuminate\Foundation\Testing\TestCase.php:44
C:\Users\Gaser\Desktop\COPRRA\tests\TestCase.php:24
C:\Users\Gaser\Desktop\COPRRA\tests\Feature\Services\PasswordPolicyServiceTest.php:22

339) Tests\Feature\Services\PasswordPolicyServiceTest::test_checks_account_not_locked
PDOException: SQLSTATE[HY000]: General error: 1 cannot start a transaction within a transaction

C:\Users\Gaser\Desktop\COPRRA\vendor\laravel\framework\src\Illuminate\Database\SQLiteConnection.php:33
C:\Users\Gaser\Desktop\COPRRA\vendor\laravel\framework\src\Illuminate\Database\Concerns\ManagesTransactions.php:154
C:\Users\Gaser\Desktop\COPRRA\vendor\laravel\framework\src\Illuminate\Database\Concerns\ManagesTransactions.php:130
C:\Users\Gaser\Desktop\COPRRA\vendor\laravel\framework\src\Illuminate\Foundation\Testing\RefreshDatabase.php:129
C:\Users\Gaser\Desktop\COPRRA\vendor\laravel\framework\src\Illuminate\Foundation\Testing\RefreshDatabase.php:91
C:\Users\Gaser\Desktop\COPRRA\vendor\laravel\framework\src\Illuminate\Foundation\Testing\RefreshDatabase.php:25
C:\Users\Gaser\Desktop\COPRRA\vendor\laravel\framework\src\Illuminate\Foundation\Testing\Concerns\InteractsWithTestCaseLifecycle.php:209
C:\Users\Gaser\Desktop\COPRRA\vendor\laravel\framework\src\Illuminate\Foundation\Testing\Concerns\InteractsWithTestCaseLifecycle.php:97
C:\Users\Gaser\Desktop\COPRRA\vendor\laravel\framework\src\Illuminate\Foundation\Testing\TestCase.php:44
C:\Users\Gaser\Desktop\COPRRA\tests\TestCase.php:24
C:\Users\Gaser\Desktop\COPRRA\tests\Feature\Services\PasswordPolicyServiceTest.php:22

340) Tests\Feature\Services\PasswordPolicyServiceTest::test_handles_account_lock_check_exception
PDOException: SQLSTATE[HY000]: General error: 1 cannot start a transaction within a transaction

C:\Users\Gaser\Desktop\COPRRA\vendor\laravel\framework\src\Illuminate\Database\SQLiteConnection.php:33
C:\Users\Gaser\Desktop\COPRRA\vendor\laravel\framework\src\Illuminate\Database\Concerns\ManagesTransactions.php:154
C:\Users\Gaser\Desktop\COPRRA\vendor\laravel\framework\src\Illuminate\Database\Concerns\ManagesTransactions.php:130
C:\Users\Gaser\Desktop\COPRRA\vendor\laravel\framework\src\Illuminate\Foundation\Testing\RefreshDatabase.php:129
C:\Users\Gaser\Desktop\COPRRA\vendor\laravel\framework\src\Illuminate\Foundation\Testing\RefreshDatabase.php:91
C:\Users\Gaser\Desktop\COPRRA\vendor\laravel\framework\src\Illuminate\Foundation\Testing\RefreshDatabase.php:25
C:\Users\Gaser\Desktop\COPRRA\vendor\laravel\framework\src\Illuminate\Foundation\Testing\Concerns\InteractsWithTestCaseLifecycle.php:209
C:\Users\Gaser\Desktop\COPRRA\vendor\laravel\framework\src\Illuminate\Foundation\Testing\Concerns\InteractsWithTestCaseLifecycle.php:97
C:\Users\Gaser\Desktop\COPRRA\vendor\laravel\framework\src\Illuminate\Foundation\Testing\TestCase.php:44
C:\Users\Gaser\Desktop\COPRRA\tests\TestCase.php:24
C:\Users\Gaser\Desktop\COPRRA\tests\Feature\Services\PasswordPolicyServiceTest.php:22

341) Tests\Feature\Services\PasswordPolicyServiceTest::test_records_failed_attempt
PDOException: SQLSTATE[HY000]: General error: 1 cannot start a transaction within a transaction

C:\Users\Gaser\Desktop\COPRRA\vendor\laravel\framework\src\Illuminate\Database\SQLiteConnection.php:33
C:\Users\Gaser\Desktop\COPRRA\vendor\laravel\framework\src\Illuminate\Database\Concerns\ManagesTransactions.php:154
C:\Users\Gaser\Desktop\COPRRA\vendor\laravel\framework\src\Illuminate\Database\Concerns\ManagesTransactions.php:130
C:\Users\Gaser\Desktop\COPRRA\vendor\laravel\framework\src\Illuminate\Foundation\Testing\RefreshDatabase.php:129
C:\Users\Gaser\Desktop\COPRRA\vendor\laravel\framework\src\Illuminate\Foundation\Testing\RefreshDatabase.php:91
C:\Users\Gaser\Desktop\COPRRA\vendor\laravel\framework\src\Illuminate\Foundation\Testing\RefreshDatabase.php:25
C:\Users\Gaser\Desktop\COPRRA\vendor\laravel\framework\src\Illuminate\Foundation\Testing\Concerns\InteractsWithTestCaseLifecycle.php:209
C:\Users\Gaser\Desktop\COPRRA\vendor\laravel\framework\src\Illuminate\Foundation\Testing\Concerns\InteractsWithTestCaseLifecycle.php:97
C:\Users\Gaser\Desktop\COPRRA\vendor\laravel\framework\src\Illuminate\Foundation\Testing\TestCase.php:44
C:\Users\Gaser\Desktop\COPRRA\tests\TestCase.php:24
C:\Users\Gaser\Desktop\COPRRA\tests\Feature\Services\PasswordPolicyServiceTest.php:22

342) Tests\Feature\Services\PasswordPolicyServiceTest::test_handles_record_failed_attempt_exception
PDOException: SQLSTATE[HY000]: General error: 1 cannot start a transaction within a transaction

C:\Users\Gaser\Desktop\COPRRA\vendor\laravel\framework\src\Illuminate\Database\SQLiteConnection.php:33
C:\Users\Gaser\Desktop\COPRRA\vendor\laravel\framework\src\Illuminate\Database\Concerns\ManagesTransactions.php:154
C:\Users\Gaser\Desktop\COPRRA\vendor\laravel\framework\src\Illuminate\Database\Concerns\ManagesTransactions.php:130
C:\Users\Gaser\Desktop\COPRRA\vendor\laravel\framework\src\Illuminate\Foundation\Testing\RefreshDatabase.php:129
C:\Users\Gaser\Desktop\COPRRA\vendor\laravel\framework\src\Illuminate\Foundation\Testing\RefreshDatabase.php:91
C:\Users\Gaser\Desktop\COPRRA\vendor\laravel\framework\src\Illuminate\Foundation\Testing\RefreshDatabase.php:25
C:\Users\Gaser\Desktop\COPRRA\vendor\laravel\framework\src\Illuminate\Foundation\Testing\Concerns\InteractsWithTestCaseLifecycle.php:209
C:\Users\Gaser\Desktop\COPRRA\vendor\laravel\framework\src\Illuminate\Foundation\Testing\Concerns\InteractsWithTestCaseLifecycle.php:97
C:\Users\Gaser\Desktop\COPRRA\vendor\laravel\framework\src\Illuminate\Foundation\Testing\TestCase.php:44
C:\Users\Gaser\Desktop\COPRRA\tests\TestCase.php:24
C:\Users\Gaser\Desktop\COPRRA\tests\Feature\Services\PasswordPolicyServiceTest.php:22

343) Tests\Feature\Services\PasswordPolicyServiceTest::test_clears_failed_attempts
PDOException: SQLSTATE[HY000]: General error: 1 cannot start a transaction within a transaction

C:\Users\Gaser\Desktop\COPRRA\vendor\laravel\framework\src\Illuminate\Database\SQLiteConnection.php:33
C:\Users\Gaser\Desktop\COPRRA\vendor\laravel\framework\src\Illuminate\Database\Concerns\ManagesTransactions.php:154
C:\Users\Gaser\Desktop\COPRRA\vendor\laravel\framework\src\Illuminate\Database\Concerns\ManagesTransactions.php:130
C:\Users\Gaser\Desktop\COPRRA\vendor\laravel\framework\src\Illuminate\Foundation\Testing\RefreshDatabase.php:129
C:\Users\Gaser\Desktop\COPRRA\vendor\laravel\framework\src\Illuminate\Foundation\Testing\RefreshDatabase.php:91
C:\Users\Gaser\Desktop\COPRRA\vendor\laravel\framework\src\Illuminate\Foundation\Testing\RefreshDatabase.php:25
C:\Users\Gaser\Desktop\COPRRA\vendor\laravel\framework\src\Illuminate\Foundation\Testing\Concerns\InteractsWithTestCaseLifecycle.php:209
C:\Users\Gaser\Desktop\COPRRA\vendor\laravel\framework\src\Illuminate\Foundation\Testing\Concerns\InteractsWithTestCaseLifecycle.php:97
C:\Users\Gaser\Desktop\COPRRA\vendor\laravel\framework\src\Illuminate\Foundation\Testing\TestCase.php:44
C:\Users\Gaser\Desktop\COPRRA\tests\TestCase.php:24
C:\Users\Gaser\Desktop\COPRRA\tests\Feature\Services\PasswordPolicyServiceTest.php:22

344) Tests\Feature\Services\PasswordPolicyServiceTest::test_generates_secure_password
PDOException: SQLSTATE[HY000]: General error: 1 cannot start a transaction within a transaction

C:\Users\Gaser\Desktop\COPRRA\vendor\laravel\framework\src\Illuminate\Database\SQLiteConnection.php:33
C:\Users\Gaser\Desktop\COPRRA\vendor\laravel\framework\src\Illuminate\Database\Concerns\ManagesTransactions.php:154
C:\Users\Gaser\Desktop\COPRRA\vendor\laravel\framework\src\Illuminate\Database\Concerns\ManagesTransactions.php:130
C:\Users\Gaser\Desktop\COPRRA\vendor\laravel\framework\src\Illuminate\Foundation\Testing\RefreshDatabase.php:129
C:\Users\Gaser\Desktop\COPRRA\vendor\laravel\framework\src\Illuminate\Foundation\Testing\RefreshDatabase.php:91
C:\Users\Gaser\Desktop\COPRRA\vendor\laravel\framework\src\Illuminate\Foundation\Testing\RefreshDatabase.php:25
C:\Users\Gaser\Desktop\COPRRA\vendor\laravel\framework\src\Illuminate\Foundation\Testing\Concerns\InteractsWithTestCaseLifecycle.php:209
C:\Users\Gaser\Desktop\COPRRA\vendor\laravel\framework\src\Illuminate\Foundation\Testing\Concerns\InteractsWithTestCaseLifecycle.php:97
C:\Users\Gaser\Desktop\COPRRA\vendor\laravel\framework\src\Illuminate\Foundation\Testing\TestCase.php:44
C:\Users\Gaser\Desktop\COPRRA\tests\TestCase.php:24
C:\Users\Gaser\Desktop\COPRRA\tests\Feature\Services\PasswordPolicyServiceTest.php:22

345) Tests\Feature\Services\PasswordPolicyServiceTest::test_generates_secure_password_with_default_length
PDOException: SQLSTATE[HY000]: General error: 1 cannot start a transaction within a transaction

C:\Users\Gaser\Desktop\COPRRA\vendor\laravel\framework\src\Illuminate\Database\SQLiteConnection.php:33
C:\Users\Gaser\Desktop\COPRRA\vendor\laravel\framework\src\Illuminate\Database\Concerns\ManagesTransactions.php:154
C:\Users\Gaser\Desktop\COPRRA\vendor\laravel\framework\src\Illuminate\Database\Concerns\ManagesTransactions.php:130
C:\Users\Gaser\Desktop\COPRRA\vendor\laravel\framework\src\Illuminate\Foundation\Testing\RefreshDatabase.php:129
C:\Users\Gaser\Desktop\COPRRA\vendor\laravel\framework\src\Illuminate\Foundation\Testing\RefreshDatabase.php:91
C:\Users\Gaser\Desktop\COPRRA\vendor\laravel\framework\src\Illuminate\Foundation\Testing\RefreshDatabase.php:25
C:\Users\Gaser\Desktop\COPRRA\vendor\laravel\framework\src\Illuminate\Foundation\Testing\Concerns\InteractsWithTestCaseLifecycle.php:209
C:\Users\Gaser\Desktop\COPRRA\vendor\laravel\framework\src\Illuminate\Foundation\Testing\Concerns\InteractsWithTestCaseLifecycle.php:97
C:\Users\Gaser\Desktop\COPRRA\vendor\laravel\framework\src\Illuminate\Foundation\Testing\TestCase.php:44
C:\Users\Gaser\Desktop\COPRRA\tests\TestCase.php:24
C:\Users\Gaser\Desktop\COPRRA\tests\Feature\Services\PasswordPolicyServiceTest.php:22

346) Tests\Feature\Services\PasswordPolicyServiceTest::test_gets_policy_requirements
PDOException: SQLSTATE[HY000]: General error: 1 cannot start a transaction within a transaction

C:\Users\Gaser\Desktop\COPRRA\vendor\laravel\framework\src\Illuminate\Database\SQLiteConnection.php:33
C:\Users\Gaser\Desktop\COPRRA\vendor\laravel\framework\src\Illuminate\Database\Concerns\ManagesTransactions.php:154
C:\Users\Gaser\Desktop\COPRRA\vendor\laravel\framework\src\Illuminate\Database\Concerns\ManagesTransactions.php:130
C:\Users\Gaser\Desktop\COPRRA\vendor\laravel\framework\src\Illuminate\Foundation\Testing\RefreshDatabase.php:129
C:\Users\Gaser\Desktop\COPRRA\vendor\laravel\framework\src\Illuminate\Foundation\Testing\RefreshDatabase.php:91
C:\Users\Gaser\Desktop\COPRRA\vendor\laravel\framework\src\Illuminate\Foundation\Testing\RefreshDatabase.php:25
C:\Users\Gaser\Desktop\COPRRA\vendor\laravel\framework\src\Illuminate\Foundation\Testing\Concerns\InteractsWithTestCaseLifecycle.php:209
C:\Users\Gaser\Desktop\COPRRA\vendor\laravel\framework\src\Illuminate\Foundation\Testing\Concerns\InteractsWithTestCaseLifecycle.php:97
C:\Users\Gaser\Desktop\COPRRA\vendor\laravel\framework\src\Illuminate\Foundation\Testing\TestCase.php:44
C:\Users\Gaser\Desktop\COPRRA\tests\TestCase.php:24
C:\Users\Gaser\Desktop\COPRRA\tests\Feature\Services\PasswordPolicyServiceTest.php:22

347) Tests\Feature\Services\PasswordPolicyServiceTest::test_updates_policy
PDOException: SQLSTATE[HY000]: General error: 1 cannot start a transaction within a transaction

C:\Users\Gaser\Desktop\COPRRA\vendor\laravel\framework\src\Illuminate\Database\SQLiteConnection.php:33
C:\Users\Gaser\Desktop\COPRRA\vendor\laravel\framework\src\Illuminate\Database\Concerns\ManagesTransactions.php:154
C:\Users\Gaser\Desktop\COPRRA\vendor\laravel\framework\src\Illuminate\Database\Concerns\ManagesTransactions.php:130
C:\Users\Gaser\Desktop\COPRRA\vendor\laravel\framework\src\Illuminate\Foundation\Testing\RefreshDatabase.php:129
C:\Users\Gaser\Desktop\COPRRA\vendor\laravel\framework\src\Illuminate\Foundation\Testing\RefreshDatabase.php:91
C:\Users\Gaser\Desktop\COPRRA\vendor\laravel\framework\src\Illuminate\Foundation\Testing\RefreshDatabase.php:25
C:\Users\Gaser\Desktop\COPRRA\vendor\laravel\framework\src\Illuminate\Foundation\Testing\Concerns\InteractsWithTestCaseLifecycle.php:209
C:\Users\Gaser\Desktop\COPRRA\vendor\laravel\framework\src\Illuminate\Foundation\Testing\Concerns\InteractsWithTestCaseLifecycle.php:97
C:\Users\Gaser\Desktop\COPRRA\vendor\laravel\framework\src\Illuminate\Foundation\Testing\TestCase.php:44
C:\Users\Gaser\Desktop\COPRRA\tests\TestCase.php:24
C:\Users\Gaser\Desktop\COPRRA\tests\Feature\Services\PasswordPolicyServiceTest.php:22

348) Tests\Feature\Services\PasswordPolicyServiceTest::test_handles_update_policy_exception
PDOException: SQLSTATE[HY000]: General error: 1 cannot start a transaction within a transaction

C:\Users\Gaser\Desktop\COPRRA\vendor\laravel\framework\src\Illuminate\Database\SQLiteConnection.php:33
C:\Users\Gaser\Desktop\COPRRA\vendor\laravel\framework\src\Illuminate\Database\Concerns\ManagesTransactions.php:154
C:\Users\Gaser\Desktop\COPRRA\vendor\laravel\framework\src\Illuminate\Database\Concerns\ManagesTransactions.php:130
C:\Users\Gaser\Desktop\COPRRA\vendor\laravel\framework\src\Illuminate\Foundation\Testing\RefreshDatabase.php:129
C:\Users\Gaser\Desktop\COPRRA\vendor\laravel\framework\src\Illuminate\Foundation\Testing\RefreshDatabase.php:91
C:\Users\Gaser\Desktop\COPRRA\vendor\laravel\framework\src\Illuminate\Foundation\Testing\RefreshDatabase.php:25
C:\Users\Gaser\Desktop\COPRRA\vendor\laravel\framework\src\Illuminate\Foundation\Testing\Concerns\InteractsWithTestCaseLifecycle.php:209
C:\Users\Gaser\Desktop\COPRRA\vendor\laravel\framework\src\Illuminate\Foundation\Testing\Concerns\InteractsWithTestCaseLifecycle.php:97
C:\Users\Gaser\Desktop\COPRRA\vendor\laravel\framework\src\Illuminate\Foundation\Testing\TestCase.php:44
C:\Users\Gaser\Desktop\COPRRA\tests\TestCase.php:24
C:\Users\Gaser\Desktop\COPRRA\tests\Feature\Services\PasswordPolicyServiceTest.php:22

349) Tests\Feature\Services\PasswordPolicyServiceTest::test_validates_password_with_maximum_length
PDOException: SQLSTATE[HY000]: General error: 1 cannot start a transaction within a transaction

C:\Users\Gaser\Desktop\COPRRA\vendor\laravel\framework\src\Illuminate\Database\SQLiteConnection.php:33
C:\Users\Gaser\Desktop\COPRRA\vendor\laravel\framework\src\Illuminate\Database\Concerns\ManagesTransactions.php:154
C:\Users\Gaser\Desktop\COPRRA\vendor\laravel\framework\src\Illuminate\Database\Concerns\ManagesTransactions.php:130
C:\Users\Gaser\Desktop\COPRRA\vendor\laravel\framework\src\Illuminate\Foundation\Testing\RefreshDatabase.php:129
C:\Users\Gaser\Desktop\COPRRA\vendor\laravel\framework\src\Illuminate\Foundation\Testing\RefreshDatabase.php:91
C:\Users\Gaser\Desktop\COPRRA\vendor\laravel\framework\src\Illuminate\Foundation\Testing\RefreshDatabase.php:25
C:\Users\Gaser\Desktop\COPRRA\vendor\laravel\framework\src\Illuminate\Foundation\Testing\Concerns\InteractsWithTestCaseLifecycle.php:209
C:\Users\Gaser\Desktop\COPRRA\vendor\laravel\framework\src\Illuminate\Foundation\Testing\Concerns\InteractsWithTestCaseLifecycle.php:97
C:\Users\Gaser\Desktop\COPRRA\vendor\laravel\framework\src\Illuminate\Foundation\Testing\TestCase.php:44
C:\Users\Gaser\Desktop\COPRRA\tests\TestCase.php:24
C:\Users\Gaser\Desktop\COPRRA\tests\Feature\Services\PasswordPolicyServiceTest.php:22

350) Tests\Feature\Services\PasswordPolicyServiceTest::test_validates_password_with_case_insensitive_forbidden
PDOException: SQLSTATE[HY000]: General error: 1 cannot start a transaction within a transaction

C:\Users\Gaser\Desktop\COPRRA\vendor\laravel\framework\src\Illuminate\Database\SQLiteConnection.php:33
C:\Users\Gaser\Desktop\COPRRA\vendor\laravel\framework\src\Illuminate\Database\Concerns\ManagesTransactions.php:154
C:\Users\Gaser\Desktop\COPRRA\vendor\laravel\framework\src\Illuminate\Database\Concerns\ManagesTransactions.php:130
C:\Users\Gaser\Desktop\COPRRA\vendor\laravel\framework\src\Illuminate\Foundation\Testing\RefreshDatabase.php:129
C:\Users\Gaser\Desktop\COPRRA\vendor\laravel\framework\src\Illuminate\Foundation\Testing\RefreshDatabase.php:91
C:\Users\Gaser\Desktop\COPRRA\vendor\laravel\framework\src\Illuminate\Foundation\Testing\RefreshDatabase.php:25
C:\Users\Gaser\Desktop\COPRRA\vendor\laravel\framework\src\Illuminate\Foundation\Testing\Concerns\InteractsWithTestCaseLifecycle.php:209
C:\Users\Gaser\Desktop\COPRRA\vendor\laravel\framework\src\Illuminate\Foundation\Testing\Concerns\InteractsWithTestCaseLifecycle.php:97
C:\Users\Gaser\Desktop\COPRRA\vendor\laravel\framework\src\Illuminate\Foundation\Testing\TestCase.php:44
C:\Users\Gaser\Desktop\COPRRA\tests\TestCase.php:24
C:\Users\Gaser\Desktop\COPRRA\tests\Feature\Services\PasswordPolicyServiceTest.php:22

351) Tests\Feature\Services\ProcessServiceTest::test_runs_process_command_successfully
PDOException: SQLSTATE[HY000]: General error: 1 cannot start a transaction within a transaction

C:\Users\Gaser\Desktop\COPRRA\vendor\laravel\framework\src\Illuminate\Database\SQLiteConnection.php:33
C:\Users\Gaser\Desktop\COPRRA\vendor\laravel\framework\src\Illuminate\Database\Concerns\ManagesTransactions.php:154
C:\Users\Gaser\Desktop\COPRRA\vendor\laravel\framework\src\Illuminate\Database\Concerns\ManagesTransactions.php:130
C:\Users\Gaser\Desktop\COPRRA\vendor\laravel\framework\src\Illuminate\Foundation\Testing\RefreshDatabase.php:129
C:\Users\Gaser\Desktop\COPRRA\vendor\laravel\framework\src\Illuminate\Foundation\Testing\RefreshDatabase.php:91
C:\Users\Gaser\Desktop\COPRRA\vendor\laravel\framework\src\Illuminate\Foundation\Testing\RefreshDatabase.php:25
C:\Users\Gaser\Desktop\COPRRA\vendor\laravel\framework\src\Illuminate\Foundation\Testing\Concerns\InteractsWithTestCaseLifecycle.php:209
C:\Users\Gaser\Desktop\COPRRA\vendor\laravel\framework\src\Illuminate\Foundation\Testing\Concerns\InteractsWithTestCaseLifecycle.php:97
C:\Users\Gaser\Desktop\COPRRA\vendor\laravel\framework\src\Illuminate\Foundation\Testing\TestCase.php:44
C:\Users\Gaser\Desktop\COPRRA\tests\TestCase.php:24
C:\Users\Gaser\Desktop\COPRRA\tests\Feature\Services\ProcessServiceTest.php:22

352) Tests\Feature\Services\ProcessServiceTest::test_processes_data_successfully
PDOException: SQLSTATE[HY000]: General error: 1 cannot start a transaction within a transaction

C:\Users\Gaser\Desktop\COPRRA\vendor\laravel\framework\src\Illuminate\Database\SQLiteConnection.php:33
C:\Users\Gaser\Desktop\COPRRA\vendor\laravel\framework\src\Illuminate\Database\Concerns\ManagesTransactions.php:154
C:\Users\Gaser\Desktop\COPRRA\vendor\laravel\framework\src\Illuminate\Database\Concerns\ManagesTransactions.php:130
C:\Users\Gaser\Desktop\COPRRA\vendor\laravel\framework\src\Illuminate\Foundation\Testing\RefreshDatabase.php:129
C:\Users\Gaser\Desktop\COPRRA\vendor\laravel\framework\src\Illuminate\Foundation\Testing\RefreshDatabase.php:91
C:\Users\Gaser\Desktop\COPRRA\vendor\laravel\framework\src\Illuminate\Foundation\Testing\RefreshDatabase.php:25
C:\Users\Gaser\Desktop\COPRRA\vendor\laravel\framework\src\Illuminate\Foundation\Testing\Concerns\InteractsWithTestCaseLifecycle.php:209
C:\Users\Gaser\Desktop\COPRRA\vendor\laravel\framework\src\Illuminate\Foundation\Testing\Concerns\InteractsWithTestCaseLifecycle.php:97
C:\Users\Gaser\Desktop\COPRRA\vendor\laravel\framework\src\Illuminate\Foundation\Testing\TestCase.php:44
C:\Users\Gaser\Desktop\COPRRA\tests\TestCase.php:24
C:\Users\Gaser\Desktop\COPRRA\tests\Feature\Services\ProcessServiceTest.php:22

353) Tests\Feature\Services\ProcessServiceTest::test_handles_null_data
PDOException: SQLSTATE[HY000]: General error: 1 cannot start a transaction within a transaction

C:\Users\Gaser\Desktop\COPRRA\vendor\laravel\framework\src\Illuminate\Database\SQLiteConnection.php:33
C:\Users\Gaser\Desktop\COPRRA\vendor\laravel\framework\src\Illuminate\Database\Concerns\ManagesTransactions.php:154
C:\Users\Gaser\Desktop\COPRRA\vendor\laravel\framework\src\Illuminate\Database\Concerns\ManagesTransactions.php:130
C:\Users\Gaser\Desktop\COPRRA\vendor\laravel\framework\src\Illuminate\Foundation\Testing\RefreshDatabase.php:129
C:\Users\Gaser\Desktop\COPRRA\vendor\laravel\framework\src\Illuminate\Foundation\Testing\RefreshDatabase.php:91
C:\Users\Gaser\Desktop\COPRRA\vendor\laravel\framework\src\Illuminate\Foundation\Testing\RefreshDatabase.php:25
C:\Users\Gaser\Desktop\COPRRA\vendor\laravel\framework\src\Illuminate\Foundation\Testing\Concerns\InteractsWithTestCaseLifecycle.php:209
C:\Users\Gaser\Desktop\COPRRA\vendor\laravel\framework\src\Illuminate\Foundation\Testing\Concerns\InteractsWithTestCaseLifecycle.php:97
C:\Users\Gaser\Desktop\COPRRA\vendor\laravel\framework\src\Illuminate\Foundation\Testing\TestCase.php:44
C:\Users\Gaser\Desktop\COPRRA\tests\TestCase.php:24
C:\Users\Gaser\Desktop\COPRRA\tests\Feature\Services\ProcessServiceTest.php:22

354) Tests\Feature\Services\ProcessServiceTest::test_validates_data_successfully
PDOException: SQLSTATE[HY000]: General error: 1 cannot start a transaction within a transaction

C:\Users\Gaser\Desktop\COPRRA\vendor\laravel\framework\src\Illuminate\Database\SQLiteConnection.php:33
C:\Users\Gaser\Desktop\COPRRA\vendor\laravel\framework\src\Illuminate\Database\Concerns\ManagesTransactions.php:154
C:\Users\Gaser\Desktop\COPRRA\vendor\laravel\framework\src\Illuminate\Database\Concerns\ManagesTransactions.php:130
C:\Users\Gaser\Desktop\COPRRA\vendor\laravel\framework\src\Illuminate\Foundation\Testing\RefreshDatabase.php:129
C:\Users\Gaser\Desktop\COPRRA\vendor\laravel\framework\src\Illuminate\Foundation\Testing\RefreshDatabase.php:91
C:\Users\Gaser\Desktop\COPRRA\vendor\laravel\framework\src\Illuminate\Foundation\Testing\RefreshDatabase.php:25
C:\Users\Gaser\Desktop\COPRRA\vendor\laravel\framework\src\Illuminate\Foundation\Testing\Concerns\InteractsWithTestCaseLifecycle.php:209
C:\Users\Gaser\Desktop\COPRRA\vendor\laravel\framework\src\Illuminate\Foundation\Testing\Concerns\InteractsWithTestCaseLifecycle.php:97
C:\Users\Gaser\Desktop\COPRRA\vendor\laravel\framework\src\Illuminate\Foundation\Testing\TestCase.php:44
C:\Users\Gaser\Desktop\COPRRA\tests\TestCase.php:24
C:\Users\Gaser\Desktop\COPRRA\tests\Feature\Services\ProcessServiceTest.php:22

355) Tests\Feature\Services\ProcessServiceTest::test_validates_data_with_empty_name
PDOException: SQLSTATE[HY000]: General error: 1 cannot start a transaction within a transaction

C:\Users\Gaser\Desktop\COPRRA\vendor\laravel\framework\src\Illuminate\Database\SQLiteConnection.php:33
C:\Users\Gaser\Desktop\COPRRA\vendor\laravel\framework\src\Illuminate\Database\Concerns\ManagesTransactions.php:154
C:\Users\Gaser\Desktop\COPRRA\vendor\laravel\framework\src\Illuminate\Database\Concerns\ManagesTransactions.php:130
C:\Users\Gaser\Desktop\COPRRA\vendor\laravel\framework\src\Illuminate\Foundation\Testing\RefreshDatabase.php:129
C:\Users\Gaser\Desktop\COPRRA\vendor\laravel\framework\src\Illuminate\Foundation\Testing\RefreshDatabase.php:91
C:\Users\Gaser\Desktop\COPRRA\vendor\laravel\framework\src\Illuminate\Foundation\Testing\RefreshDatabase.php:25
C:\Users\Gaser\Desktop\COPRRA\vendor\laravel\framework\src\Illuminate\Foundation\Testing\Concerns\InteractsWithTestCaseLifecycle.php:209
C:\Users\Gaser\Desktop\COPRRA\vendor\laravel\framework\src\Illuminate\Foundation\Testing\Concerns\InteractsWithTestCaseLifecycle.php:97
C:\Users\Gaser\Desktop\COPRRA\vendor\laravel\framework\src\Illuminate\Foundation\Testing\TestCase.php:44
C:\Users\Gaser\Desktop\COPRRA\tests\TestCase.php:24
C:\Users\Gaser\Desktop\COPRRA\tests\Feature\Services\ProcessServiceTest.php:22

356) Tests\Feature\Services\ProcessServiceTest::test_cleans_data_successfully
PDOException: SQLSTATE[HY000]: General error: 1 cannot start a transaction within a transaction

C:\Users\Gaser\Desktop\COPRRA\vendor\laravel\framework\src\Illuminate\Database\SQLiteConnection.php:33
C:\Users\Gaser\Desktop\COPRRA\vendor\laravel\framework\src\Illuminate\Database\Concerns\ManagesTransactions.php:154
C:\Users\Gaser\Desktop\COPRRA\vendor\laravel\framework\src\Illuminate\Database\Concerns\ManagesTransactions.php:130
C:\Users\Gaser\Desktop\COPRRA\vendor\laravel\framework\src\Illuminate\Foundation\Testing\RefreshDatabase.php:129
C:\Users\Gaser\Desktop\COPRRA\vendor\laravel\framework\src\Illuminate\Foundation\Testing\RefreshDatabase.php:91
C:\Users\Gaser\Desktop\COPRRA\vendor\laravel\framework\src\Illuminate\Foundation\Testing\RefreshDatabase.php:25
C:\Users\Gaser\Desktop\COPRRA\vendor\laravel\framework\src\Illuminate\Foundation\Testing\Concerns\InteractsWithTestCaseLifecycle.php:209
C:\Users\Gaser\Desktop\COPRRA\vendor\laravel\framework\src\Illuminate\Foundation\Testing\Concerns\InteractsWithTestCaseLifecycle.php:97
C:\Users\Gaser\Desktop\COPRRA\vendor\laravel\framework\src\Illuminate\Foundation\Testing\TestCase.php:44
C:\Users\Gaser\Desktop\COPRRA\tests\TestCase.php:24
C:\Users\Gaser\Desktop\COPRRA\tests\Feature\Services\ProcessServiceTest.php:22

357) Tests\Feature\Services\ProcessServiceTest::test_transforms_data_successfully
PDOException: SQLSTATE[HY000]: General error: 1 cannot start a transaction within a transaction

C:\Users\Gaser\Desktop\COPRRA\vendor\laravel\framework\src\Illuminate\Database\SQLiteConnection.php:33
C:\Users\Gaser\Desktop\COPRRA\vendor\laravel\framework\src\Illuminate\Database\Concerns\ManagesTransactions.php:154
C:\Users\Gaser\Desktop\COPRRA\vendor\laravel\framework\src\Illuminate\Database\Concerns\ManagesTransactions.php:130
C:\Users\Gaser\Desktop\COPRRA\vendor\laravel\framework\src\Illuminate\Foundation\Testing\RefreshDatabase.php:129
C:\Users\Gaser\Desktop\COPRRA\vendor\laravel\framework\src\Illuminate\Foundation\Testing\RefreshDatabase.php:91
C:\Users\Gaser\Desktop\COPRRA\vendor\laravel\framework\src\Illuminate\Foundation\Testing\RefreshDatabase.php:25
C:\Users\Gaser\Desktop\COPRRA\vendor\laravel\framework\src\Illuminate\Foundation\Testing\Concerns\InteractsWithTestCaseLifecycle.php:209
C:\Users\Gaser\Desktop\COPRRA\vendor\laravel\framework\src\Illuminate\Foundation\Testing\Concerns\InteractsWithTestCaseLifecycle.php:97
C:\Users\Gaser\Desktop\COPRRA\vendor\laravel\framework\src\Illuminate\Foundation\Testing\TestCase.php:44
C:\Users\Gaser\Desktop\COPRRA\tests\TestCase.php:24
C:\Users\Gaser\Desktop\COPRRA\tests\Feature\Services\ProcessServiceTest.php:22

358) Tests\Feature\Services\ProcessServiceTest::test_gets_processing_status
PDOException: SQLSTATE[HY000]: General error: 1 cannot start a transaction within a transaction

C:\Users\Gaser\Desktop\COPRRA\vendor\laravel\framework\src\Illuminate\Database\SQLiteConnection.php:33
C:\Users\Gaser\Desktop\COPRRA\vendor\laravel\framework\src\Illuminate\Database\Concerns\ManagesTransactions.php:154
C:\Users\Gaser\Desktop\COPRRA\vendor\laravel\framework\src\Illuminate\Database\Concerns\ManagesTransactions.php:130
C:\Users\Gaser\Desktop\COPRRA\vendor\laravel\framework\src\Illuminate\Foundation\Testing\RefreshDatabase.php:129
C:\Users\Gaser\Desktop\COPRRA\vendor\laravel\framework\src\Illuminate\Foundation\Testing\RefreshDatabase.php:91
C:\Users\Gaser\Desktop\COPRRA\vendor\laravel\framework\src\Illuminate\Foundation\Testing\RefreshDatabase.php:25
C:\Users\Gaser\Desktop\COPRRA\vendor\laravel\framework\src\Illuminate\Foundation\Testing\Concerns\InteractsWithTestCaseLifecycle.php:209
C:\Users\Gaser\Desktop\COPRRA\vendor\laravel\framework\src\Illuminate\Foundation\Testing\Concerns\InteractsWithTestCaseLifecycle.php:97
C:\Users\Gaser\Desktop\COPRRA\vendor\laravel\framework\src\Illuminate\Foundation\Testing\TestCase.php:44
C:\Users\Gaser\Desktop\COPRRA\tests\TestCase.php:24
C:\Users\Gaser\Desktop\COPRRA\tests\Feature\Services\ProcessServiceTest.php:22

359) Tests\Feature\Services\ProcessServiceTest::test_resets_service
PDOException: SQLSTATE[HY000]: General error: 1 cannot start a transaction within a transaction

C:\Users\Gaser\Desktop\COPRRA\vendor\laravel\framework\src\Illuminate\Database\SQLiteConnection.php:33
C:\Users\Gaser\Desktop\COPRRA\vendor\laravel\framework\src\Illuminate\Database\Concerns\ManagesTransactions.php:154
C:\Users\Gaser\Desktop\COPRRA\vendor\laravel\framework\src\Illuminate\Database\Concerns\ManagesTransactions.php:130
C:\Users\Gaser\Desktop\COPRRA\vendor\laravel\framework\src\Illuminate\Foundation\Testing\RefreshDatabase.php:129
C:\Users\Gaser\Desktop\COPRRA\vendor\laravel\framework\src\Illuminate\Foundation\Testing\RefreshDatabase.php:91
C:\Users\Gaser\Desktop\COPRRA\vendor\laravel\framework\src\Illuminate\Foundation\Testing\RefreshDatabase.php:25
C:\Users\Gaser\Desktop\COPRRA\vendor\laravel\framework\src\Illuminate\Foundation\Testing\Concerns\InteractsWithTestCaseLifecycle.php:209
C:\Users\Gaser\Desktop\COPRRA\vendor\laravel\framework\src\Illuminate\Foundation\Testing\Concerns\InteractsWithTestCaseLifecycle.php:97
C:\Users\Gaser\Desktop\COPRRA\vendor\laravel\framework\src\Illuminate\Foundation\Testing\TestCase.php:44
C:\Users\Gaser\Desktop\COPRRA\tests\TestCase.php:24
C:\Users\Gaser\Desktop\COPRRA\tests\Feature\Services\ProcessServiceTest.php:22

360) Tests\Feature\Services\ProcessServiceTest::test_gets_processing_metrics
PDOException: SQLSTATE[HY000]: General error: 1 cannot start a transaction within a transaction

C:\Users\Gaser\Desktop\COPRRA\vendor\laravel\framework\src\Illuminate\Database\SQLiteConnection.php:33
C:\Users\Gaser\Desktop\COPRRA\vendor\laravel\framework\src\Illuminate\Database\Concerns\ManagesTransactions.php:154
C:\Users\Gaser\Desktop\COPRRA\vendor\laravel\framework\src\Illuminate\Database\Concerns\ManagesTransactions.php:130
C:\Users\Gaser\Desktop\COPRRA\vendor\laravel\framework\src\Illuminate\Foundation\Testing\RefreshDatabase.php:129
C:\Users\Gaser\Desktop\COPRRA\vendor\laravel\framework\src\Illuminate\Foundation\Testing\RefreshDatabase.php:91
C:\Users\Gaser\Desktop\COPRRA\vendor\laravel\framework\src\Illuminate\Foundation\Testing\RefreshDatabase.php:25
C:\Users\Gaser\Desktop\COPRRA\vendor\laravel\framework\src\Illuminate\Foundation\Testing\Concerns\InteractsWithTestCaseLifecycle.php:209
C:\Users\Gaser\Desktop\COPRRA\vendor\laravel\framework\src\Illuminate\Foundation\Testing\Concerns\InteractsWithTestCaseLifecycle.php:97
C:\Users\Gaser\Desktop\COPRRA\vendor\laravel\framework\src\Illuminate\Foundation\Testing\TestCase.php:44
C:\Users\Gaser\Desktop\COPRRA\tests\TestCase.php:24
C:\Users\Gaser\Desktop\COPRRA\tests\Feature\Services\ProcessServiceTest.php:22

361) Tests\Feature\Services\ProductServiceTest::test_returns_paginated_products_from_cache
PDOException: SQLSTATE[HY000]: General error: 1 cannot start a transaction within a transaction

C:\Users\Gaser\Desktop\COPRRA\vendor\laravel\framework\src\Illuminate\Database\SQLiteConnection.php:33
C:\Users\Gaser\Desktop\COPRRA\vendor\laravel\framework\src\Illuminate\Database\Concerns\ManagesTransactions.php:154
C:\Users\Gaser\Desktop\COPRRA\vendor\laravel\framework\src\Illuminate\Database\Concerns\ManagesTransactions.php:130
C:\Users\Gaser\Desktop\COPRRA\vendor\laravel\framework\src\Illuminate\Foundation\Testing\RefreshDatabase.php:129
C:\Users\Gaser\Desktop\COPRRA\vendor\laravel\framework\src\Illuminate\Foundation\Testing\RefreshDatabase.php:91
C:\Users\Gaser\Desktop\COPRRA\vendor\laravel\framework\src\Illuminate\Foundation\Testing\RefreshDatabase.php:25
C:\Users\Gaser\Desktop\COPRRA\vendor\laravel\framework\src\Illuminate\Foundation\Testing\Concerns\InteractsWithTestCaseLifecycle.php:209
C:\Users\Gaser\Desktop\COPRRA\vendor\laravel\framework\src\Illuminate\Foundation\Testing\Concerns\InteractsWithTestCaseLifecycle.php:97
C:\Users\Gaser\Desktop\COPRRA\vendor\laravel\framework\src\Illuminate\Foundation\Testing\TestCase.php:44
C:\Users\Gaser\Desktop\COPRRA\tests\TestCase.php:24
C:\Users\Gaser\Desktop\COPRRA\tests\Feature\Services\ProductServiceTest.php:29

362) Tests\Feature\Services\ProductServiceTest::test_returns_empty_paginator_when_cache_returns_null
PDOException: SQLSTATE[HY000]: General error: 1 cannot start a transaction within a transaction

C:\Users\Gaser\Desktop\COPRRA\vendor\laravel\framework\src\Illuminate\Database\SQLiteConnection.php:33
C:\Users\Gaser\Desktop\COPRRA\vendor\laravel\framework\src\Illuminate\Database\Concerns\ManagesTransactions.php:154
C:\Users\Gaser\Desktop\COPRRA\vendor\laravel\framework\src\Illuminate\Database\Concerns\ManagesTransactions.php:130
C:\Users\Gaser\Desktop\COPRRA\vendor\laravel\framework\src\Illuminate\Foundation\Testing\RefreshDatabase.php:129
C:\Users\Gaser\Desktop\COPRRA\vendor\laravel\framework\src\Illuminate\Foundation\Testing\RefreshDatabase.php:91
C:\Users\Gaser\Desktop\COPRRA\vendor\laravel\framework\src\Illuminate\Foundation\Testing\RefreshDatabase.php:25
C:\Users\Gaser\Desktop\COPRRA\vendor\laravel\framework\src\Illuminate\Foundation\Testing\Concerns\InteractsWithTestCaseLifecycle.php:209
C:\Users\Gaser\Desktop\COPRRA\vendor\laravel\framework\src\Illuminate\Foundation\Testing\Concerns\InteractsWithTestCaseLifecycle.php:97
C:\Users\Gaser\Desktop\COPRRA\vendor\laravel\framework\src\Illuminate\Foundation\Testing\TestCase.php:44
C:\Users\Gaser\Desktop\COPRRA\tests\TestCase.php:24
C:\Users\Gaser\Desktop\COPRRA\tests\Feature\Services\ProductServiceTest.php:29

363) Tests\Feature\Services\ProductServiceTest::test_handles_invalid_page_number
PDOException: SQLSTATE[HY000]: General error: 1 cannot start a transaction within a transaction

C:\Users\Gaser\Desktop\COPRRA\vendor\laravel\framework\src\Illuminate\Database\SQLiteConnection.php:33
C:\Users\Gaser\Desktop\COPRRA\vendor\laravel\framework\src\Illuminate\Database\Concerns\ManagesTransactions.php:154
C:\Users\Gaser\Desktop\COPRRA\vendor\laravel\framework\src\Illuminate\Database\Concerns\ManagesTransactions.php:130
C:\Users\Gaser\Desktop\COPRRA\vendor\laravel\framework\src\Illuminate\Foundation\Testing\RefreshDatabase.php:129
C:\Users\Gaser\Desktop\COPRRA\vendor\laravel\framework\src\Illuminate\Foundation\Testing\RefreshDatabase.php:91
C:\Users\Gaser\Desktop\COPRRA\vendor\laravel\framework\src\Illuminate\Foundation\Testing\RefreshDatabase.php:25
C:\Users\Gaser\Desktop\COPRRA\vendor\laravel\framework\src\Illuminate\Foundation\Testing\Concerns\InteractsWithTestCaseLifecycle.php:209
C:\Users\Gaser\Desktop\COPRRA\vendor\laravel\framework\src\Illuminate\Foundation\Testing\Concerns\InteractsWithTestCaseLifecycle.php:97
C:\Users\Gaser\Desktop\COPRRA\vendor\laravel\framework\src\Illuminate\Foundation\Testing\TestCase.php:44
C:\Users\Gaser\Desktop\COPRRA\tests\TestCase.php:24
C:\Users\Gaser\Desktop\COPRRA\tests\Feature\Services\ProductServiceTest.php:29

364) Tests\Feature\Services\ProductServiceTest::test_uses_default_per_page_when_not_specified
PDOException: SQLSTATE[HY000]: General error: 1 cannot start a transaction within a transaction

C:\Users\Gaser\Desktop\COPRRA\vendor\laravel\framework\src\Illuminate\Database\SQLiteConnection.php:33
C:\Users\Gaser\Desktop\COPRRA\vendor\laravel\framework\src\Illuminate\Database\Concerns\ManagesTransactions.php:154
C:\Users\Gaser\Desktop\COPRRA\vendor\laravel\framework\src\Illuminate\Database\Concerns\ManagesTransactions.php:130
C:\Users\Gaser\Desktop\COPRRA\vendor\laravel\framework\src\Illuminate\Foundation\Testing\RefreshDatabase.php:129
C:\Users\Gaser\Desktop\COPRRA\vendor\laravel\framework\src\Illuminate\Foundation\Testing\RefreshDatabase.php:91
C:\Users\Gaser\Desktop\COPRRA\vendor\laravel\framework\src\Illuminate\Foundation\Testing\RefreshDatabase.php:25
C:\Users\Gaser\Desktop\COPRRA\vendor\laravel\framework\src\Illuminate\Foundation\Testing\Concerns\InteractsWithTestCaseLifecycle.php:209
C:\Users\Gaser\Desktop\COPRRA\vendor\laravel\framework\src\Illuminate\Foundation\Testing\Concerns\InteractsWithTestCaseLifecycle.php:97
C:\Users\Gaser\Desktop\COPRRA\vendor\laravel\framework\src\Illuminate\Foundation\Testing\TestCase.php:44
C:\Users\Gaser\Desktop\COPRRA\tests\TestCase.php:24
C:\Users\Gaser\Desktop\COPRRA\tests\Feature\Services\ProductServiceTest.php:29

365) Tests\Feature\Services\ProductServiceTest::test_calls_repository_when_cache_miss
PDOException: SQLSTATE[HY000]: General error: 1 cannot start a transaction within a transaction

C:\Users\Gaser\Desktop\COPRRA\vendor\laravel\framework\src\Illuminate\Database\SQLiteConnection.php:33
C:\Users\Gaser\Desktop\COPRRA\vendor\laravel\framework\src\Illuminate\Database\Concerns\ManagesTransactions.php:154
C:\Users\Gaser\Desktop\COPRRA\vendor\laravel\framework\src\Illuminate\Database\Concerns\ManagesTransactions.php:130
C:\Users\Gaser\Desktop\COPRRA\vendor\laravel\framework\src\Illuminate\Foundation\Testing\RefreshDatabase.php:129
C:\Users\Gaser\Desktop\COPRRA\vendor\laravel\framework\src\Illuminate\Foundation\Testing\RefreshDatabase.php:91
C:\Users\Gaser\Desktop\COPRRA\vendor\laravel\framework\src\Illuminate\Foundation\Testing\RefreshDatabase.php:25
C:\Users\Gaser\Desktop\COPRRA\vendor\laravel\framework\src\Illuminate\Foundation\Testing\Concerns\InteractsWithTestCaseLifecycle.php:209
C:\Users\Gaser\Desktop\COPRRA\vendor\laravel\framework\src\Illuminate\Foundation\Testing\Concerns\InteractsWithTestCaseLifecycle.php:97
C:\Users\Gaser\Desktop\COPRRA\vendor\laravel\framework\src\Illuminate\Foundation\Testing\TestCase.php:44
C:\Users\Gaser\Desktop\COPRRA\tests\TestCase.php:24
C:\Users\Gaser\Desktop\COPRRA\tests\Feature\Services\ProductServiceTest.php:29

366) Tests\Feature\Services\QualityAnalysisServiceTest::test_analyzes_code_quality
PDOException: SQLSTATE[HY000]: General error: 1 cannot start a transaction within a transaction

C:\Users\Gaser\Desktop\COPRRA\vendor\laravel\framework\src\Illuminate\Database\SQLiteConnection.php:33
C:\Users\Gaser\Desktop\COPRRA\vendor\laravel\framework\src\Illuminate\Database\Concerns\ManagesTransactions.php:154
C:\Users\Gaser\Desktop\COPRRA\vendor\laravel\framework\src\Illuminate\Database\Concerns\ManagesTransactions.php:130
C:\Users\Gaser\Desktop\COPRRA\vendor\laravel\framework\src\Illuminate\Foundation\Testing\RefreshDatabase.php:129
C:\Users\Gaser\Desktop\COPRRA\vendor\laravel\framework\src\Illuminate\Foundation\Testing\RefreshDatabase.php:91
C:\Users\Gaser\Desktop\COPRRA\vendor\laravel\framework\src\Illuminate\Foundation\Testing\RefreshDatabase.php:25
C:\Users\Gaser\Desktop\COPRRA\vendor\laravel\framework\src\Illuminate\Foundation\Testing\Concerns\InteractsWithTestCaseLifecycle.php:209
C:\Users\Gaser\Desktop\COPRRA\vendor\laravel\framework\src\Illuminate\Foundation\Testing\Concerns\InteractsWithTestCaseLifecycle.php:97
C:\Users\Gaser\Desktop\COPRRA\vendor\laravel\framework\src\Illuminate\Foundation\Testing\TestCase.php:44
C:\Users\Gaser\Desktop\COPRRA\tests\TestCase.php:24
C:\Users\Gaser\Desktop\COPRRA\tests\Feature\Services\QualityAnalysisServiceTest.php:20

367) Tests\Feature\Services\QualityAnalysisServiceTest::test_handles_analysis_exception
PDOException: SQLSTATE[HY000]: General error: 1 cannot start a transaction within a transaction

C:\Users\Gaser\Desktop\COPRRA\vendor\laravel\framework\src\Illuminate\Database\SQLiteConnection.php:33
C:\Users\Gaser\Desktop\COPRRA\vendor\laravel\framework\src\Illuminate\Database\Concerns\ManagesTransactions.php:154
C:\Users\Gaser\Desktop\COPRRA\vendor\laravel\framework\src\Illuminate\Database\Concerns\ManagesTransactions.php:130
C:\Users\Gaser\Desktop\COPRRA\vendor\laravel\framework\src\Illuminate\Foundation\Testing\RefreshDatabase.php:129
C:\Users\Gaser\Desktop\COPRRA\vendor\laravel\framework\src\Illuminate\Foundation\Testing\RefreshDatabase.php:91
C:\Users\Gaser\Desktop\COPRRA\vendor\laravel\framework\src\Illuminate\Foundation\Testing\RefreshDatabase.php:25
C:\Users\Gaser\Desktop\COPRRA\vendor\laravel\framework\src\Illuminate\Foundation\Testing\Concerns\InteractsWithTestCaseLifecycle.php:209
C:\Users\Gaser\Desktop\COPRRA\vendor\laravel\framework\src\Illuminate\Foundation\Testing\Concerns\InteractsWithTestCaseLifecycle.php:97
C:\Users\Gaser\Desktop\COPRRA\vendor\laravel\framework\src\Illuminate\Foundation\Testing\TestCase.php:44
C:\Users\Gaser\Desktop\COPRRA\tests\TestCase.php:24
C:\Users\Gaser\Desktop\COPRRA\tests\Feature\Services\QualityAnalysisServiceTest.php:20

368) Tests\Feature\Services\QualityAnalysisServiceTest::test_returns_valid_score_range
PDOException: SQLSTATE[HY000]: General error: 1 cannot start a transaction within a transaction

C:\Users\Gaser\Desktop\COPRRA\vendor\laravel\framework\src\Illuminate\Database\SQLiteConnection.php:33
C:\Users\Gaser\Desktop\COPRRA\vendor\laravel\framework\src\Illuminate\Database\Concerns\ManagesTransactions.php:154
C:\Users\Gaser\Desktop\COPRRA\vendor\laravel\framework\src\Illuminate\Database\Concerns\ManagesTransactions.php:130
C:\Users\Gaser\Desktop\COPRRA\vendor\laravel\framework\src\Illuminate\Foundation\Testing\RefreshDatabase.php:129
C:\Users\Gaser\Desktop\COPRRA\vendor\laravel\framework\src\Illuminate\Foundation\Testing\RefreshDatabase.php:91
C:\Users\Gaser\Desktop\COPRRA\vendor\laravel\framework\src\Illuminate\Foundation\Testing\RefreshDatabase.php:25
C:\Users\Gaser\Desktop\COPRRA\vendor\laravel\framework\src\Illuminate\Foundation\Testing\Concerns\InteractsWithTestCaseLifecycle.php:209
C:\Users\Gaser\Desktop\COPRRA\vendor\laravel\framework\src\Illuminate\Foundation\Testing\Concerns\InteractsWithTestCaseLifecycle.php:97
C:\Users\Gaser\Desktop\COPRRA\vendor\laravel\framework\src\Illuminate\Foundation\Testing\TestCase.php:44
C:\Users\Gaser\Desktop\COPRRA\tests\TestCase.php:24
C:\Users\Gaser\Desktop\COPRRA\tests\Feature\Services\QualityAnalysisServiceTest.php:20

369) Tests\Feature\Services\QualityAnalysisServiceTest::test_returns_code_quality_category
PDOException: SQLSTATE[HY000]: General error: 1 cannot start a transaction within a transaction

C:\Users\Gaser\Desktop\COPRRA\vendor\laravel\framework\src\Illuminate\Database\SQLiteConnection.php:33
C:\Users\Gaser\Desktop\COPRRA\vendor\laravel\framework\src\Illuminate\Database\Concerns\ManagesTransactions.php:154
C:\Users\Gaser\Desktop\COPRRA\vendor\laravel\framework\src\Illuminate\Database\Concerns\ManagesTransactions.php:130
C:\Users\Gaser\Desktop\COPRRA\vendor\laravel\framework\src\Illuminate\Foundation\Testing\RefreshDatabase.php:129
C:\Users\Gaser\Desktop\COPRRA\vendor\laravel\framework\src\Illuminate\Foundation\Testing\RefreshDatabase.php:91
C:\Users\Gaser\Desktop\COPRRA\vendor\laravel\framework\src\Illuminate\Foundation\Testing\RefreshDatabase.php:25
C:\Users\Gaser\Desktop\COPRRA\vendor\laravel\framework\src\Illuminate\Foundation\Testing\Concerns\InteractsWithTestCaseLifecycle.php:209
C:\Users\Gaser\Desktop\COPRRA\vendor\laravel\framework\src\Illuminate\Foundation\Testing\Concerns\InteractsWithTestCaseLifecycle.php:97
C:\Users\Gaser\Desktop\COPRRA\vendor\laravel\framework\src\Illuminate\Foundation\Testing\TestCase.php:44
C:\Users\Gaser\Desktop\COPRRA\tests\TestCase.php:24
C:\Users\Gaser\Desktop\COPRRA\tests\Feature\Services\QualityAnalysisServiceTest.php:20

370) Tests\Feature\Services\ReportServiceTest::test_generates_sales_report
ArgumentCountError: Too few arguments to function App\Services\ReportService::__construct(), 0 passed in C:\Users\Gaser\Desktop\COPRRA\tests\Feature\Services\ReportServiceTest.php on line 20 and exactly 5 expected

C:\Users\Gaser\Desktop\COPRRA\app\Services\ReportService.php:17
C:\Users\Gaser\Desktop\COPRRA\tests\Feature\Services\ReportServiceTest.php:20

371) Tests\Feature\Services\ReportServiceTest::test_generates_sales_report_with_default_dates
ArgumentCountError: Too few arguments to function App\Services\ReportService::__construct(), 0 passed in C:\Users\Gaser\Desktop\COPRRA\tests\Feature\Services\ReportServiceTest.php on line 20 and exactly 5 expected

C:\Users\Gaser\Desktop\COPRRA\app\Services\ReportService.php:17
C:\Users\Gaser\Desktop\COPRRA\tests\Feature\Services\ReportServiceTest.php:20

372) Tests\Feature\Services\ReportServiceTest::test_generates_sales_report_with_null_start_date
ArgumentCountError: Too few arguments to function App\Services\ReportService::__construct(), 0 passed in C:\Users\Gaser\Desktop\COPRRA\tests\Feature\Services\ReportServiceTest.php on line 20 and exactly 5 expected

C:\Users\Gaser\Desktop\COPRRA\app\Services\ReportService.php:17
C:\Users\Gaser\Desktop\COPRRA\tests\Feature\Services\ReportServiceTest.php:20

373) Tests\Feature\Services\ReportServiceTest::test_generates_sales_report_with_null_end_date
ArgumentCountError: Too few arguments to function App\Services\ReportService::__construct(), 0 passed in C:\Users\Gaser\Desktop\COPRRA\tests\Feature\Services\ReportServiceTest.php on line 20 and exactly 5 expected

C:\Users\Gaser\Desktop\COPRRA\app\Services\ReportService.php:17
C:\Users\Gaser\Desktop\COPRRA\tests\Feature\Services\ReportServiceTest.php:20

374) Tests\Feature\Services\ReportServiceTest::test_handles_invalid_date_range
ArgumentCountError: Too few arguments to function App\Services\ReportService::__construct(), 0 passed in C:\Users\Gaser\Desktop\COPRRA\tests\Feature\Services\ReportServiceTest.php on line 20 and exactly 5 expected

C:\Users\Gaser\Desktop\COPRRA\app\Services\ReportService.php:17
C:\Users\Gaser\Desktop\COPRRA\tests\Feature\Services\ReportServiceTest.php:20

375) Tests\Feature\Services\UserBanServiceTest::test_can_be_instantiated
PDOException: SQLSTATE[HY000]: General error: 1 cannot start a transaction within a transaction

C:\Users\Gaser\Desktop\COPRRA\vendor\laravel\framework\src\Illuminate\Database\SQLiteConnection.php:33
C:\Users\Gaser\Desktop\COPRRA\vendor\laravel\framework\src\Illuminate\Database\Concerns\ManagesTransactions.php:154
C:\Users\Gaser\Desktop\COPRRA\vendor\laravel\framework\src\Illuminate\Database\Concerns\ManagesTransactions.php:130
C:\Users\Gaser\Desktop\COPRRA\vendor\laravel\framework\src\Illuminate\Foundation\Testing\RefreshDatabase.php:129
C:\Users\Gaser\Desktop\COPRRA\vendor\laravel\framework\src\Illuminate\Foundation\Testing\RefreshDatabase.php:91
C:\Users\Gaser\Desktop\COPRRA\vendor\laravel\framework\src\Illuminate\Foundation\Testing\RefreshDatabase.php:25
C:\Users\Gaser\Desktop\COPRRA\vendor\laravel\framework\src\Illuminate\Foundation\Testing\Concerns\InteractsWithTestCaseLifecycle.php:209
C:\Users\Gaser\Desktop\COPRRA\vendor\laravel\framework\src\Illuminate\Foundation\Testing\Concerns\InteractsWithTestCaseLifecycle.php:97
C:\Users\Gaser\Desktop\COPRRA\vendor\laravel\framework\src\Illuminate\Foundation\Testing\TestCase.php:44
C:\Users\Gaser\Desktop\COPRRA\tests\TestCase.php:24
C:\Users\Gaser\Desktop\COPRRA\tests\Feature\Services\UserBanServiceTest.php:20

376) Tests\Feature\Services\UserBanServiceTest::test_checks_user_is_not_banned_by_default
PDOException: SQLSTATE[HY000]: General error: 1 cannot start a transaction within a transaction

C:\Users\Gaser\Desktop\COPRRA\vendor\laravel\framework\src\Illuminate\Database\SQLiteConnection.php:33
C:\Users\Gaser\Desktop\COPRRA\vendor\laravel\framework\src\Illuminate\Database\Concerns\ManagesTransactions.php:154
C:\Users\Gaser\Desktop\COPRRA\vendor\laravel\framework\src\Illuminate\Database\Concerns\ManagesTransactions.php:130
C:\Users\Gaser\Desktop\COPRRA\vendor\laravel\framework\src\Illuminate\Foundation\Testing\RefreshDatabase.php:129
C:\Users\Gaser\Desktop\COPRRA\vendor\laravel\framework\src\Illuminate\Foundation\Testing\RefreshDatabase.php:91
C:\Users\Gaser\Desktop\COPRRA\vendor\laravel\framework\src\Illuminate\Foundation\Testing\RefreshDatabase.php:25
C:\Users\Gaser\Desktop\COPRRA\vendor\laravel\framework\src\Illuminate\Foundation\Testing\Concerns\InteractsWithTestCaseLifecycle.php:209
C:\Users\Gaser\Desktop\COPRRA\vendor\laravel\framework\src\Illuminate\Foundation\Testing\Concerns\InteractsWithTestCaseLifecycle.php:97
C:\Users\Gaser\Desktop\COPRRA\vendor\laravel\framework\src\Illuminate\Foundation\Testing\TestCase.php:44
C:\Users\Gaser\Desktop\COPRRA\tests\TestCase.php:24
C:\Users\Gaser\Desktop\COPRRA\tests\Feature\Services\UserBanServiceTest.php:20

377) Tests\Feature\Services\UserBanServiceTest::test_handles_ban_user_with_valid_reason
PDOException: SQLSTATE[HY000]: General error: 1 cannot start a transaction within a transaction

C:\Users\Gaser\Desktop\COPRRA\vendor\laravel\framework\src\Illuminate\Database\SQLiteConnection.php:33
C:\Users\Gaser\Desktop\COPRRA\vendor\laravel\framework\src\Illuminate\Database\Concerns\ManagesTransactions.php:154
C:\Users\Gaser\Desktop\COPRRA\vendor\laravel\framework\src\Illuminate\Database\Concerns\ManagesTransactions.php:130
C:\Users\Gaser\Desktop\COPRRA\vendor\laravel\framework\src\Illuminate\Foundation\Testing\RefreshDatabase.php:129
C:\Users\Gaser\Desktop\COPRRA\vendor\laravel\framework\src\Illuminate\Foundation\Testing\RefreshDatabase.php:91
C:\Users\Gaser\Desktop\COPRRA\vendor\laravel\framework\src\Illuminate\Foundation\Testing\RefreshDatabase.php:25
C:\Users\Gaser\Desktop\COPRRA\vendor\laravel\framework\src\Illuminate\Foundation\Testing\Concerns\InteractsWithTestCaseLifecycle.php:209
C:\Users\Gaser\Desktop\COPRRA\vendor\laravel\framework\src\Illuminate\Foundation\Testing\Concerns\InteractsWithTestCaseLifecycle.php:97
C:\Users\Gaser\Desktop\COPRRA\vendor\laravel\framework\src\Illuminate\Foundation\Testing\TestCase.php:44
C:\Users\Gaser\Desktop\COPRRA\tests\TestCase.php:24
C:\Users\Gaser\Desktop\COPRRA\tests\Feature\Services\UserBanServiceTest.php:20

378) Tests\Feature\Services\UserBanServiceTest::test_handles_ban_user_with_invalid_reason
PDOException: SQLSTATE[HY000]: General error: 1 cannot start a transaction within a transaction

C:\Users\Gaser\Desktop\COPRRA\vendor\laravel\framework\src\Illuminate\Database\SQLiteConnection.php:33
C:\Users\Gaser\Desktop\COPRRA\vendor\laravel\framework\src\Illuminate\Database\Concerns\ManagesTransactions.php:154
C:\Users\Gaser\Desktop\COPRRA\vendor\laravel\framework\src\Illuminate\Database\Concerns\ManagesTransactions.php:130
C:\Users\Gaser\Desktop\COPRRA\vendor\laravel\framework\src\Illuminate\Foundation\Testing\RefreshDatabase.php:129
C:\Users\Gaser\Desktop\COPRRA\vendor\laravel\framework\src\Illuminate\Foundation\Testing\RefreshDatabase.php:91
C:\Users\Gaser\Desktop\COPRRA\vendor\laravel\framework\src\Illuminate\Foundation\Testing\RefreshDatabase.php:25
C:\Users\Gaser\Desktop\COPRRA\vendor\laravel\framework\src\Illuminate\Foundation\Testing\Concerns\InteractsWithTestCaseLifecycle.php:209
C:\Users\Gaser\Desktop\COPRRA\vendor\laravel\framework\src\Illuminate\Foundation\Testing\Concerns\InteractsWithTestCaseLifecycle.php:97
C:\Users\Gaser\Desktop\COPRRA\vendor\laravel\framework\src\Illuminate\Foundation\Testing\TestCase.php:44
C:\Users\Gaser\Desktop\COPRRA\tests\TestCase.php:24
C:\Users\Gaser\Desktop\COPRRA\tests\Feature\Services\UserBanServiceTest.php:20

379) Tests\Feature\Services\UserBanServiceTest::test_handles_permanent_ban
PDOException: SQLSTATE[HY000]: General error: 1 cannot start a transaction within a transaction

C:\Users\Gaser\Desktop\COPRRA\vendor\laravel\framework\src\Illuminate\Database\SQLiteConnection.php:33
C:\Users\Gaser\Desktop\COPRRA\vendor\laravel\framework\src\Illuminate\Database\Concerns\ManagesTransactions.php:154
C:\Users\Gaser\Desktop\COPRRA\vendor\laravel\framework\src\Illuminate\Database\Concerns\ManagesTransactions.php:130
C:\Users\Gaser\Desktop\COPRRA\vendor\laravel\framework\src\Illuminate\Foundation\Testing\RefreshDatabase.php:129
C:\Users\Gaser\Desktop\COPRRA\vendor\laravel\framework\src\Illuminate\Foundation\Testing\RefreshDatabase.php:91
C:\Users\Gaser\Desktop\COPRRA\vendor\laravel\framework\src\Illuminate\Foundation\Testing\RefreshDatabase.php:25
C:\Users\Gaser\Desktop\COPRRA\vendor\laravel\framework\src\Illuminate\Foundation\Testing\Concerns\InteractsWithTestCaseLifecycle.php:209
C:\Users\Gaser\Desktop\COPRRA\vendor\laravel\framework\src\Illuminate\Foundation\Testing\Concerns\InteractsWithTestCaseLifecycle.php:97
C:\Users\Gaser\Desktop\COPRRA\vendor\laravel\framework\src\Illuminate\Foundation\Testing\TestCase.php:44
C:\Users\Gaser\Desktop\COPRRA\tests\TestCase.php:24
C:\Users\Gaser\Desktop\COPRRA\tests\Feature\Services\UserBanServiceTest.php:20

380) Tests\Feature\Services\UserBanServiceTest::test_handles_unban_user
PDOException: SQLSTATE[HY000]: General error: 1 cannot start a transaction within a transaction

C:\Users\Gaser\Desktop\COPRRA\vendor\laravel\framework\src\Illuminate\Database\SQLiteConnection.php:33
C:\Users\Gaser\Desktop\COPRRA\vendor\laravel\framework\src\Illuminate\Database\Concerns\ManagesTransactions.php:154
C:\Users\Gaser\Desktop\COPRRA\vendor\laravel\framework\src\Illuminate\Database\Concerns\ManagesTransactions.php:130
C:\Users\Gaser\Desktop\COPRRA\vendor\laravel\framework\src\Illuminate\Foundation\Testing\RefreshDatabase.php:129
C:\Users\Gaser\Desktop\COPRRA\vendor\laravel\framework\src\Illuminate\Foundation\Testing\RefreshDatabase.php:91
C:\Users\Gaser\Desktop\COPRRA\vendor\laravel\framework\src\Illuminate\Foundation\Testing\RefreshDatabase.php:25
C:\Users\Gaser\Desktop\COPRRA\vendor\laravel\framework\src\Illuminate\Foundation\Testing\Concerns\InteractsWithTestCaseLifecycle.php:209
C:\Users\Gaser\Desktop\COPRRA\vendor\laravel\framework\src\Illuminate\Foundation\Testing\Concerns\InteractsWithTestCaseLifecycle.php:97
C:\Users\Gaser\Desktop\COPRRA\vendor\laravel\framework\src\Illuminate\Foundation\Testing\TestCase.php:44
C:\Users\Gaser\Desktop\COPRRA\tests\TestCase.php:24
C:\Users\Gaser\Desktop\COPRRA\tests\Feature\Services\UserBanServiceTest.php:20

381) Tests\Feature\Services\UserBanServiceTest::test_gets_ban_info_for_user
PDOException: SQLSTATE[HY000]: General error: 1 cannot start a transaction within a transaction

C:\Users\Gaser\Desktop\COPRRA\vendor\laravel\framework\src\Illuminate\Database\SQLiteConnection.php:33
C:\Users\Gaser\Desktop\COPRRA\vendor\laravel\framework\src\Illuminate\Database\Concerns\ManagesTransactions.php:154
C:\Users\Gaser\Desktop\COPRRA\vendor\laravel\framework\src\Illuminate\Database\Concerns\ManagesTransactions.php:130
C:\Users\Gaser\Desktop\COPRRA\vendor\laravel\framework\src\Illuminate\Foundation\Testing\RefreshDatabase.php:129
C:\Users\Gaser\Desktop\COPRRA\vendor\laravel\framework\src\Illuminate\Foundation\Testing\RefreshDatabase.php:91
C:\Users\Gaser\Desktop\COPRRA\vendor\laravel\framework\src\Illuminate\Foundation\Testing\RefreshDatabase.php:25
C:\Users\Gaser\Desktop\COPRRA\vendor\laravel\framework\src\Illuminate\Foundation\Testing\Concerns\InteractsWithTestCaseLifecycle.php:209
C:\Users\Gaser\Desktop\COPRRA\vendor\laravel\framework\src\Illuminate\Foundation\Testing\Concerns\InteractsWithTestCaseLifecycle.php:97
C:\Users\Gaser\Desktop\COPRRA\vendor\laravel\framework\src\Illuminate\Foundation\Testing\TestCase.php:44
C:\Users\Gaser\Desktop\COPRRA\tests\TestCase.php:24
C:\Users\Gaser\Desktop\COPRRA\tests\Feature\Services\UserBanServiceTest.php:20

382) Tests\Feature\Services\UserBanServiceTest::test_handles_auto_unban_expired_user
PDOException: SQLSTATE[HY000]: General error: 1 cannot start a transaction within a transaction

C:\Users\Gaser\Desktop\COPRRA\vendor\laravel\framework\src\Illuminate\Database\SQLiteConnection.php:33
C:\Users\Gaser\Desktop\COPRRA\vendor\laravel\framework\src\Illuminate\Database\Concerns\ManagesTransactions.php:154
C:\Users\Gaser\Desktop\COPRRA\vendor\laravel\framework\src\Illuminate\Database\Concerns\ManagesTransactions.php:130
C:\Users\Gaser\Desktop\COPRRA\vendor\laravel\framework\src\Illuminate\Foundation\Testing\RefreshDatabase.php:129
C:\Users\Gaser\Desktop\COPRRA\vendor\laravel\framework\src\Illuminate\Foundation\Testing\RefreshDatabase.php:91
C:\Users\Gaser\Desktop\COPRRA\vendor\laravel\framework\src\Illuminate\Foundation\Testing\RefreshDatabase.php:25
C:\Users\Gaser\Desktop\COPRRA\vendor\laravel\framework\src\Illuminate\Foundation\Testing\Concerns\InteractsWithTestCaseLifecycle.php:209
C:\Users\Gaser\Desktop\COPRRA\vendor\laravel\framework\src\Illuminate\Foundation\Testing\Concerns\InteractsWithTestCaseLifecycle.php:97
C:\Users\Gaser\Desktop\COPRRA\vendor\laravel\framework\src\Illuminate\Foundation\Testing\TestCase.php:44
C:\Users\Gaser\Desktop\COPRRA\tests\TestCase.php:24
C:\Users\Gaser\Desktop\COPRRA\tests\Feature\Services\UserBanServiceTest.php:20

383) Tests\Feature\Services\UserBanServiceTest::test_gets_banned_users
PDOException: SQLSTATE[HY000]: General error: 1 cannot start a transaction within a transaction

C:\Users\Gaser\Desktop\COPRRA\vendor\laravel\framework\src\Illuminate\Database\SQLiteConnection.php:33
C:\Users\Gaser\Desktop\COPRRA\vendor\laravel\framework\src\Illuminate\Database\Concerns\ManagesTransactions.php:154
C:\Users\Gaser\Desktop\COPRRA\vendor\laravel\framework\src\Illuminate\Database\Concerns\ManagesTransactions.php:130
C:\Users\Gaser\Desktop\COPRRA\vendor\laravel\framework\src\Illuminate\Foundation\Testing\RefreshDatabase.php:129
C:\Users\Gaser\Desktop\COPRRA\vendor\laravel\framework\src\Illuminate\Foundation\Testing\RefreshDatabase.php:91
C:\Users\Gaser\Desktop\COPRRA\vendor\laravel\framework\src\Illuminate\Foundation\Testing\RefreshDatabase.php:25
C:\Users\Gaser\Desktop\COPRRA\vendor\laravel\framework\src\Illuminate\Foundation\Testing\Concerns\InteractsWithTestCaseLifecycle.php:209
C:\Users\Gaser\Desktop\COPRRA\vendor\laravel\framework\src\Illuminate\Foundation\Testing\Concerns\InteractsWithTestCaseLifecycle.php:97
C:\Users\Gaser\Desktop\COPRRA\vendor\laravel\framework\src\Illuminate\Foundation\Testing\TestCase.php:44
C:\Users\Gaser\Desktop\COPRRA\tests\TestCase.php:24
C:\Users\Gaser\Desktop\COPRRA\tests\Feature\Services\UserBanServiceTest.php:20

384) Tests\Feature\Services\UserBanServiceTest::test_gets_users_with_expired_bans
PDOException: SQLSTATE[HY000]: General error: 1 cannot start a transaction within a transaction

C:\Users\Gaser\Desktop\COPRRA\vendor\laravel\framework\src\Illuminate\Database\SQLiteConnection.php:33
C:\Users\Gaser\Desktop\COPRRA\vendor\laravel\framework\src\Illuminate\Database\Concerns\ManagesTransactions.php:154
C:\Users\Gaser\Desktop\COPRRA\vendor\laravel\framework\src\Illuminate\Database\Concerns\ManagesTransactions.php:130
C:\Users\Gaser\Desktop\COPRRA\vendor\laravel\framework\src\Illuminate\Foundation\Testing\RefreshDatabase.php:129
C:\Users\Gaser\Desktop\COPRRA\vendor\laravel\framework\src\Illuminate\Foundation\Testing\RefreshDatabase.php:91
C:\Users\Gaser\Desktop\COPRRA\vendor\laravel\framework\src\Illuminate\Foundation\Testing\RefreshDatabase.php:25
C:\Users\Gaser\Desktop\COPRRA\vendor\laravel\framework\src\Illuminate\Foundation\Testing\Concerns\InteractsWithTestCaseLifecycle.php:209
C:\Users\Gaser\Desktop\COPRRA\vendor\laravel\framework\src\Illuminate\Foundation\Testing\Concerns\InteractsWithTestCaseLifecycle.php:97
C:\Users\Gaser\Desktop\COPRRA\vendor\laravel\framework\src\Illuminate\Foundation\Testing\TestCase.php:44
C:\Users\Gaser\Desktop\COPRRA\tests\TestCase.php:24
C:\Users\Gaser\Desktop\COPRRA\tests\Feature\Services\UserBanServiceTest.php:20

385) Tests\Feature\Services\UserBanServiceTest::test_cleans_up_expired_bans
PDOException: SQLSTATE[HY000]: General error: 1 cannot start a transaction within a transaction

C:\Users\Gaser\Desktop\COPRRA\vendor\laravel\framework\src\Illuminate\Database\SQLiteConnection.php:33
C:\Users\Gaser\Desktop\COPRRA\vendor\laravel\framework\src\Illuminate\Database\Concerns\ManagesTransactions.php:154
C:\Users\Gaser\Desktop\COPRRA\vendor\laravel\framework\src\Illuminate\Database\Concerns\ManagesTransactions.php:130
C:\Users\Gaser\Desktop\COPRRA\vendor\laravel\framework\src\Illuminate\Foundation\Testing\RefreshDatabase.php:129
C:\Users\Gaser\Desktop\COPRRA\vendor\laravel\framework\src\Illuminate\Foundation\Testing\RefreshDatabase.php:91
C:\Users\Gaser\Desktop\COPRRA\vendor\laravel\framework\src\Illuminate\Foundation\Testing\RefreshDatabase.php:25
C:\Users\Gaser\Desktop\COPRRA\vendor\laravel\framework\src\Illuminate\Foundation\Testing\Concerns\InteractsWithTestCaseLifecycle.php:209
C:\Users\Gaser\Desktop\COPRRA\vendor\laravel\framework\src\Illuminate\Foundation\Testing\Concerns\InteractsWithTestCaseLifecycle.php:97
C:\Users\Gaser\Desktop\COPRRA\vendor\laravel\framework\src\Illuminate\Foundation\Testing\TestCase.php:44
C:\Users\Gaser\Desktop\COPRRA\tests\TestCase.php:24
C:\Users\Gaser\Desktop\COPRRA\tests\Feature\Services\UserBanServiceTest.php:20

386) Tests\Feature\Services\UserBanServiceTest::test_gets_ban_statistics
PDOException: SQLSTATE[HY000]: General error: 1 cannot start a transaction within a transaction

C:\Users\Gaser\Desktop\COPRRA\vendor\laravel\framework\src\Illuminate\Database\SQLiteConnection.php:33
C:\Users\Gaser\Desktop\COPRRA\vendor\laravel\framework\src\Illuminate\Database\Concerns\ManagesTransactions.php:154
C:\Users\Gaser\Desktop\COPRRA\vendor\laravel\framework\src\Illuminate\Database\Concerns\ManagesTransactions.php:130
C:\Users\Gaser\Desktop\COPRRA\vendor\laravel\framework\src\Illuminate\Foundation\Testing\RefreshDatabase.php:129
C:\Users\Gaser\Desktop\COPRRA\vendor\laravel\framework\src\Illuminate\Foundation\Testing\RefreshDatabase.php:91
C:\Users\Gaser\Desktop\COPRRA\vendor\laravel\framework\src\Illuminate\Foundation\Testing\RefreshDatabase.php:25
C:\Users\Gaser\Desktop\COPRRA\vendor\laravel\framework\src\Illuminate\Foundation\Testing\Concerns\InteractsWithTestCaseLifecycle.php:209
C:\Users\Gaser\Desktop\COPRRA\vendor\laravel\framework\src\Illuminate\Foundation\Testing\Concerns\InteractsWithTestCaseLifecycle.php:97
C:\Users\Gaser\Desktop\COPRRA\vendor\laravel\framework\src\Illuminate\Foundation\Testing\TestCase.php:44
C:\Users\Gaser\Desktop\COPRRA\tests\TestCase.php:24
C:\Users\Gaser\Desktop\COPRRA\tests\Feature\Services\UserBanServiceTest.php:20

387) Tests\Feature\Services\UserBanServiceTest::test_gets_ban_reasons
PDOException: SQLSTATE[HY000]: General error: 1 cannot start a transaction within a transaction

C:\Users\Gaser\Desktop\COPRRA\vendor\laravel\framework\src\Illuminate\Database\SQLiteConnection.php:33
C:\Users\Gaser\Desktop\COPRRA\vendor\laravel\framework\src\Illuminate\Database\Concerns\ManagesTransactions.php:154
C:\Users\Gaser\Desktop\COPRRA\vendor\laravel\framework\src\Illuminate\Database\Concerns\ManagesTransactions.php:130
C:\Users\Gaser\Desktop\COPRRA\vendor\laravel\framework\src\Illuminate\Foundation\Testing\RefreshDatabase.php:129
C:\Users\Gaser\Desktop\COPRRA\vendor\laravel\framework\src\Illuminate\Foundation\Testing\RefreshDatabase.php:91
C:\Users\Gaser\Desktop\COPRRA\vendor\laravel\framework\src\Illuminate\Foundation\Testing\RefreshDatabase.php:25
C:\Users\Gaser\Desktop\COPRRA\vendor\laravel\framework\src\Illuminate\Foundation\Testing\Concerns\InteractsWithTestCaseLifecycle.php:209
C:\Users\Gaser\Desktop\COPRRA\vendor\laravel\framework\src\Illuminate\Foundation\Testing\Concerns\InteractsWithTestCaseLifecycle.php:97
C:\Users\Gaser\Desktop\COPRRA\vendor\laravel\framework\src\Illuminate\Foundation\Testing\TestCase.php:44
C:\Users\Gaser\Desktop\COPRRA\tests\TestCase.php:24
C:\Users\Gaser\Desktop\COPRRA\tests\Feature\Services\UserBanServiceTest.php:20

388) Tests\Feature\Services\UserBanServiceTest::test_checks_can_ban_user
PDOException: SQLSTATE[HY000]: General error: 1 cannot start a transaction within a transaction

C:\Users\Gaser\Desktop\COPRRA\vendor\laravel\framework\src\Illuminate\Database\SQLiteConnection.php:33
C:\Users\Gaser\Desktop\COPRRA\vendor\laravel\framework\src\Illuminate\Database\Concerns\ManagesTransactions.php:154
C:\Users\Gaser\Desktop\COPRRA\vendor\laravel\framework\src\Illuminate\Database\Concerns\ManagesTransactions.php:130
C:\Users\Gaser\Desktop\COPRRA\vendor\laravel\framework\src\Illuminate\Foundation\Testing\RefreshDatabase.php:129
C:\Users\Gaser\Desktop\COPRRA\vendor\laravel\framework\src\Illuminate\Foundation\Testing\RefreshDatabase.php:91
C:\Users\Gaser\Desktop\COPRRA\vendor\laravel\framework\src\Illuminate\Foundation\Testing\RefreshDatabase.php:25
C:\Users\Gaser\Desktop\COPRRA\vendor\laravel\framework\src\Illuminate\Foundation\Testing\Concerns\InteractsWithTestCaseLifecycle.php:209
C:\Users\Gaser\Desktop\COPRRA\vendor\laravel\framework\src\Illuminate\Foundation\Testing\Concerns\InteractsWithTestCaseLifecycle.php:97
C:\Users\Gaser\Desktop\COPRRA\vendor\laravel\framework\src\Illuminate\Foundation\Testing\TestCase.php:44
C:\Users\Gaser\Desktop\COPRRA\tests\TestCase.php:24
C:\Users\Gaser\Desktop\COPRRA\tests\Feature\Services\UserBanServiceTest.php:20

389) Tests\Feature\Services\UserBanServiceTest::test_checks_can_unban_user
PDOException: SQLSTATE[HY000]: General error: 1 cannot start a transaction within a transaction

C:\Users\Gaser\Desktop\COPRRA\vendor\laravel\framework\src\Illuminate\Database\SQLiteConnection.php:33
C:\Users\Gaser\Desktop\COPRRA\vendor\laravel\framework\src\Illuminate\Database\Concerns\ManagesTransactions.php:154
C:\Users\Gaser\Desktop\COPRRA\vendor\laravel\framework\src\Illuminate\Database\Concerns\ManagesTransactions.php:130
C:\Users\Gaser\Desktop\COPRRA\vendor\laravel\framework\src\Illuminate\Foundation\Testing\RefreshDatabase.php:129
C:\Users\Gaser\Desktop\COPRRA\vendor\laravel\framework\src\Illuminate\Foundation\Testing\RefreshDatabase.php:91
C:\Users\Gaser\Desktop\COPRRA\vendor\laravel\framework\src\Illuminate\Foundation\Testing\RefreshDatabase.php:25
C:\Users\Gaser\Desktop\COPRRA\vendor\laravel\framework\src\Illuminate\Foundation\Testing\Concerns\InteractsWithTestCaseLifecycle.php:209
C:\Users\Gaser\Desktop\COPRRA\vendor\laravel\framework\src\Illuminate\Foundation\Testing\Concerns\InteractsWithTestCaseLifecycle.php:97
C:\Users\Gaser\Desktop\COPRRA\vendor\laravel\framework\src\Illuminate\Foundation\Testing\TestCase.php:44
C:\Users\Gaser\Desktop\COPRRA\tests\TestCase.php:24
C:\Users\Gaser\Desktop\COPRRA\tests\Feature\Services\UserBanServiceTest.php:20

390) Tests\Feature\Services\UserBanServiceTest::test_gets_ban_history
PDOException: SQLSTATE[HY000]: General error: 1 cannot start a transaction within a transaction

C:\Users\Gaser\Desktop\COPRRA\vendor\laravel\framework\src\Illuminate\Database\SQLiteConnection.php:33
C:\Users\Gaser\Desktop\COPRRA\vendor\laravel\framework\src\Illuminate\Database\Concerns\ManagesTransactions.php:154
C:\Users\Gaser\Desktop\COPRRA\vendor\laravel\framework\src\Illuminate\Database\Concerns\ManagesTransactions.php:130
C:\Users\Gaser\Desktop\COPRRA\vendor\laravel\framework\src\Illuminate\Foundation\Testing\RefreshDatabase.php:129
C:\Users\Gaser\Desktop\COPRRA\vendor\laravel\framework\src\Illuminate\Foundation\Testing\RefreshDatabase.php:91
C:\Users\Gaser\Desktop\COPRRA\vendor\laravel\framework\src\Illuminate\Foundation\Testing\RefreshDatabase.php:25
C:\Users\Gaser\Desktop\COPRRA\vendor\laravel\framework\src\Illuminate\Foundation\Testing\Concerns\InteractsWithTestCaseLifecycle.php:209
C:\Users\Gaser\Desktop\COPRRA\vendor\laravel\framework\src\Illuminate\Foundation\Testing\Concerns\InteractsWithTestCaseLifecycle.php:97
C:\Users\Gaser\Desktop\COPRRA\vendor\laravel\framework\src\Illuminate\Foundation\Testing\TestCase.php:44
C:\Users\Gaser\Desktop\COPRRA\tests\TestCase.php:24
C:\Users\Gaser\Desktop\COPRRA\tests\Feature\Services\UserBanServiceTest.php:20

391) Tests\Feature\Services\UserBanServiceTest::test_handles_extend_ban
PDOException: SQLSTATE[HY000]: General error: 1 cannot start a transaction within a transaction

C:\Users\Gaser\Desktop\COPRRA\vendor\laravel\framework\src\Illuminate\Database\SQLiteConnection.php:33
C:\Users\Gaser\Desktop\COPRRA\vendor\laravel\framework\src\Illuminate\Database\Concerns\ManagesTransactions.php:154
C:\Users\Gaser\Desktop\COPRRA\vendor\laravel\framework\src\Illuminate\Database\Concerns\ManagesTransactions.php:130
C:\Users\Gaser\Desktop\COPRRA\vendor\laravel\framework\src\Illuminate\Foundation\Testing\RefreshDatabase.php:129
C:\Users\Gaser\Desktop\COPRRA\vendor\laravel\framework\src\Illuminate\Foundation\Testing\RefreshDatabase.php:91
C:\Users\Gaser\Desktop\COPRRA\vendor\laravel\framework\src\Illuminate\Foundation\Testing\RefreshDatabase.php:25
C:\Users\Gaser\Desktop\COPRRA\vendor\laravel\framework\src\Illuminate\Foundation\Testing\Concerns\InteractsWithTestCaseLifecycle.php:209
C:\Users\Gaser\Desktop\COPRRA\vendor\laravel\framework\src\Illuminate\Foundation\Testing\Concerns\InteractsWithTestCaseLifecycle.php:97
C:\Users\Gaser\Desktop\COPRRA\vendor\laravel\framework\src\Illuminate\Foundation\Testing\TestCase.php:44
C:\Users\Gaser\Desktop\COPRRA\tests\TestCase.php:24
C:\Users\Gaser\Desktop\COPRRA\tests\Feature\Services\UserBanServiceTest.php:20

392) Tests\Feature\Services\UserBanServiceTest::test_handles_reduce_ban
PDOException: SQLSTATE[HY000]: General error: 1 cannot start a transaction within a transaction

C:\Users\Gaser\Desktop\COPRRA\vendor\laravel\framework\src\Illuminate\Database\SQLiteConnection.php:33
C:\Users\Gaser\Desktop\COPRRA\vendor\laravel\framework\src\Illuminate\Database\Concerns\ManagesTransactions.php:154
C:\Users\Gaser\Desktop\COPRRA\vendor\laravel\framework\src\Illuminate\Database\Concerns\ManagesTransactions.php:130
C:\Users\Gaser\Desktop\COPRRA\vendor\laravel\framework\src\Illuminate\Foundation\Testing\RefreshDatabase.php:129
C:\Users\Gaser\Desktop\COPRRA\vendor\laravel\framework\src\Illuminate\Foundation\Testing\RefreshDatabase.php:91
C:\Users\Gaser\Desktop\COPRRA\vendor\laravel\framework\src\Illuminate\Foundation\Testing\RefreshDatabase.php:25
C:\Users\Gaser\Desktop\COPRRA\vendor\laravel\framework\src\Illuminate\Foundation\Testing\Concerns\InteractsWithTestCaseLifecycle.php:209
C:\Users\Gaser\Desktop\COPRRA\vendor\laravel\framework\src\Illuminate\Foundation\Testing\Concerns\InteractsWithTestCaseLifecycle.php:97
C:\Users\Gaser\Desktop\COPRRA\vendor\laravel\framework\src\Illuminate\Foundation\Testing\TestCase.php:44
C:\Users\Gaser\Desktop\COPRRA\tests\TestCase.php:24
C:\Users\Gaser\Desktop\COPRRA\tests\Feature\Services\UserBanServiceTest.php:20

393) Tests\Feature\SessionManagementTest::test_basic_functionality
PDOException: SQLSTATE[HY000]: General error: 1 cannot start a transaction within a transaction

C:\Users\Gaser\Desktop\COPRRA\vendor\laravel\framework\src\Illuminate\Database\SQLiteConnection.php:33
C:\Users\Gaser\Desktop\COPRRA\vendor\laravel\framework\src\Illuminate\Database\Concerns\ManagesTransactions.php:154
C:\Users\Gaser\Desktop\COPRRA\vendor\laravel\framework\src\Illuminate\Database\Concerns\ManagesTransactions.php:130
C:\Users\Gaser\Desktop\COPRRA\vendor\laravel\framework\src\Illuminate\Foundation\Testing\RefreshDatabase.php:129
C:\Users\Gaser\Desktop\COPRRA\vendor\laravel\framework\src\Illuminate\Foundation\Testing\RefreshDatabase.php:91
C:\Users\Gaser\Desktop\COPRRA\vendor\laravel\framework\src\Illuminate\Foundation\Testing\RefreshDatabase.php:25
C:\Users\Gaser\Desktop\COPRRA\vendor\laravel\framework\src\Illuminate\Foundation\Testing\Concerns\InteractsWithTestCaseLifecycle.php:209
C:\Users\Gaser\Desktop\COPRRA\vendor\laravel\framework\src\Illuminate\Foundation\Testing\Concerns\InteractsWithTestCaseLifecycle.php:97
C:\Users\Gaser\Desktop\COPRRA\vendor\laravel\framework\src\Illuminate\Foundation\Testing\TestCase.php:44
C:\Users\Gaser\Desktop\COPRRA\tests\TestCase.php:24
C:\Users\Gaser\Desktop\COPRRA\tests\Feature\SessionManagementTest.php:38

394) Tests\Feature\SessionManagementTest::test_expected_behavior
PDOException: SQLSTATE[HY000]: General error: 1 cannot start a transaction within a transaction

C:\Users\Gaser\Desktop\COPRRA\vendor\laravel\framework\src\Illuminate\Database\SQLiteConnection.php:33
C:\Users\Gaser\Desktop\COPRRA\vendor\laravel\framework\src\Illuminate\Database\Concerns\ManagesTransactions.php:154
C:\Users\Gaser\Desktop\COPRRA\vendor\laravel\framework\src\Illuminate\Database\Concerns\ManagesTransactions.php:130
C:\Users\Gaser\Desktop\COPRRA\vendor\laravel\framework\src\Illuminate\Foundation\Testing\RefreshDatabase.php:129
C:\Users\Gaser\Desktop\COPRRA\vendor\laravel\framework\src\Illuminate\Foundation\Testing\RefreshDatabase.php:91
C:\Users\Gaser\Desktop\COPRRA\vendor\laravel\framework\src\Illuminate\Foundation\Testing\RefreshDatabase.php:25
C:\Users\Gaser\Desktop\COPRRA\vendor\laravel\framework\src\Illuminate\Foundation\Testing\Concerns\InteractsWithTestCaseLifecycle.php:209
C:\Users\Gaser\Desktop\COPRRA\vendor\laravel\framework\src\Illuminate\Foundation\Testing\Concerns\InteractsWithTestCaseLifecycle.php:97
C:\Users\Gaser\Desktop\COPRRA\vendor\laravel\framework\src\Illuminate\Foundation\Testing\TestCase.php:44
C:\Users\Gaser\Desktop\COPRRA\tests\TestCase.php:24
C:\Users\Gaser\Desktop\COPRRA\tests\Feature\SessionManagementTest.php:38

395) Tests\Feature\SessionManagementTest::test_validation
PDOException: SQLSTATE[HY000]: General error: 1 cannot start a transaction within a transaction

C:\Users\Gaser\Desktop\COPRRA\vendor\laravel\framework\src\Illuminate\Database\SQLiteConnection.php:33
C:\Users\Gaser\Desktop\COPRRA\vendor\laravel\framework\src\Illuminate\Database\Concerns\ManagesTransactions.php:154
C:\Users\Gaser\Desktop\COPRRA\vendor\laravel\framework\src\Illuminate\Database\Concerns\ManagesTransactions.php:130
C:\Users\Gaser\Desktop\COPRRA\vendor\laravel\framework\src\Illuminate\Foundation\Testing\RefreshDatabase.php:129
C:\Users\Gaser\Desktop\COPRRA\vendor\laravel\framework\src\Illuminate\Foundation\Testing\RefreshDatabase.php:91
C:\Users\Gaser\Desktop\COPRRA\vendor\laravel\framework\src\Illuminate\Foundation\Testing\RefreshDatabase.php:25
C:\Users\Gaser\Desktop\COPRRA\vendor\laravel\framework\src\Illuminate\Foundation\Testing\Concerns\InteractsWithTestCaseLifecycle.php:209
C:\Users\Gaser\Desktop\COPRRA\vendor\laravel\framework\src\Illuminate\Foundation\Testing\Concerns\InteractsWithTestCaseLifecycle.php:97
C:\Users\Gaser\Desktop\COPRRA\vendor\laravel\framework\src\Illuminate\Foundation\Testing\TestCase.php:44
C:\Users\Gaser\Desktop\COPRRA\tests\TestCase.php:24
C:\Users\Gaser\Desktop\COPRRA\tests\Feature\SessionManagementTest.php:38

396) Tests\Feature\ThirdPartyApiTest::test_basic_functionality
PDOException: SQLSTATE[HY000]: General error: 1 cannot start a transaction within a transaction

C:\Users\Gaser\Desktop\COPRRA\vendor\laravel\framework\src\Illuminate\Database\SQLiteConnection.php:33
C:\Users\Gaser\Desktop\COPRRA\vendor\laravel\framework\src\Illuminate\Database\Concerns\ManagesTransactions.php:154
C:\Users\Gaser\Desktop\COPRRA\vendor\laravel\framework\src\Illuminate\Database\Concerns\ManagesTransactions.php:130
C:\Users\Gaser\Desktop\COPRRA\vendor\laravel\framework\src\Illuminate\Foundation\Testing\RefreshDatabase.php:129
C:\Users\Gaser\Desktop\COPRRA\vendor\laravel\framework\src\Illuminate\Foundation\Testing\RefreshDatabase.php:91
C:\Users\Gaser\Desktop\COPRRA\vendor\laravel\framework\src\Illuminate\Foundation\Testing\RefreshDatabase.php:25
C:\Users\Gaser\Desktop\COPRRA\vendor\laravel\framework\src\Illuminate\Foundation\Testing\Concerns\InteractsWithTestCaseLifecycle.php:209
C:\Users\Gaser\Desktop\COPRRA\vendor\laravel\framework\src\Illuminate\Foundation\Testing\Concerns\InteractsWithTestCaseLifecycle.php:97
C:\Users\Gaser\Desktop\COPRRA\vendor\laravel\framework\src\Illuminate\Foundation\Testing\TestCase.php:44
C:\Users\Gaser\Desktop\COPRRA\tests\TestCase.php:24
C:\Users\Gaser\Desktop\COPRRA\tests\Feature\ThirdPartyApiTest.php:38

397) Tests\Feature\ThirdPartyApiTest::test_expected_behavior
PDOException: SQLSTATE[HY000]: General error: 1 cannot start a transaction within a transaction

C:\Users\Gaser\Desktop\COPRRA\vendor\laravel\framework\src\Illuminate\Database\SQLiteConnection.php:33
C:\Users\Gaser\Desktop\COPRRA\vendor\laravel\framework\src\Illuminate\Database\Concerns\ManagesTransactions.php:154
C:\Users\Gaser\Desktop\COPRRA\vendor\laravel\framework\src\Illuminate\Database\Concerns\ManagesTransactions.php:130
C:\Users\Gaser\Desktop\COPRRA\vendor\laravel\framework\src\Illuminate\Foundation\Testing\RefreshDatabase.php:129
C:\Users\Gaser\Desktop\COPRRA\vendor\laravel\framework\src\Illuminate\Foundation\Testing\RefreshDatabase.php:91
C:\Users\Gaser\Desktop\COPRRA\vendor\laravel\framework\src\Illuminate\Foundation\Testing\RefreshDatabase.php:25
C:\Users\Gaser\Desktop\COPRRA\vendor\laravel\framework\src\Illuminate\Foundation\Testing\Concerns\InteractsWithTestCaseLifecycle.php:209
C:\Users\Gaser\Desktop\COPRRA\vendor\laravel\framework\src\Illuminate\Foundation\Testing\Concerns\InteractsWithTestCaseLifecycle.php:97
C:\Users\Gaser\Desktop\COPRRA\vendor\laravel\framework\src\Illuminate\Foundation\Testing\TestCase.php:44
C:\Users\Gaser\Desktop\COPRRA\tests\TestCase.php:24
C:\Users\Gaser\Desktop\COPRRA\tests\Feature\ThirdPartyApiTest.php:38

398) Tests\Feature\ThirdPartyApiTest::test_validation
PDOException: SQLSTATE[HY000]: General error: 1 cannot start a transaction within a transaction

C:\Users\Gaser\Desktop\COPRRA\vendor\laravel\framework\src\Illuminate\Database\SQLiteConnection.php:33
C:\Users\Gaser\Desktop\COPRRA\vendor\laravel\framework\src\Illuminate\Database\Concerns\ManagesTransactions.php:154
C:\Users\Gaser\Desktop\COPRRA\vendor\laravel\framework\src\Illuminate\Database\Concerns\ManagesTransactions.php:130
C:\Users\Gaser\Desktop\COPRRA\vendor\laravel\framework\src\Illuminate\Foundation\Testing\RefreshDatabase.php:129
C:\Users\Gaser\Desktop\COPRRA\vendor\laravel\framework\src\Illuminate\Foundation\Testing\RefreshDatabase.php:91
C:\Users\Gaser\Desktop\COPRRA\vendor\laravel\framework\src\Illuminate\Foundation\Testing\RefreshDatabase.php:25
C:\Users\Gaser\Desktop\COPRRA\vendor\laravel\framework\src\Illuminate\Foundation\Testing\Concerns\InteractsWithTestCaseLifecycle.php:209
C:\Users\Gaser\Desktop\COPRRA\vendor\laravel\framework\src\Illuminate\Foundation\Testing\Concerns\InteractsWithTestCaseLifecycle.php:97
C:\Users\Gaser\Desktop\COPRRA\vendor\laravel\framework\src\Illuminate\Foundation\Testing\TestCase.php:44
C:\Users\Gaser\Desktop\COPRRA\tests\TestCase.php:24
C:\Users\Gaser\Desktop\COPRRA\tests\Feature\ThirdPartyApiTest.php:38

399) Tests\Feature\UITest::test_basic_functionality
PDOException: SQLSTATE[HY000]: General error: 1 cannot start a transaction within a transaction

C:\Users\Gaser\Desktop\COPRRA\vendor\laravel\framework\src\Illuminate\Database\SQLiteConnection.php:33
C:\Users\Gaser\Desktop\COPRRA\vendor\laravel\framework\src\Illuminate\Database\Concerns\ManagesTransactions.php:154
C:\Users\Gaser\Desktop\COPRRA\vendor\laravel\framework\src\Illuminate\Database\Concerns\ManagesTransactions.php:130
C:\Users\Gaser\Desktop\COPRRA\vendor\laravel\framework\src\Illuminate\Foundation\Testing\RefreshDatabase.php:129
C:\Users\Gaser\Desktop\COPRRA\vendor\laravel\framework\src\Illuminate\Foundation\Testing\RefreshDatabase.php:91
C:\Users\Gaser\Desktop\COPRRA\vendor\laravel\framework\src\Illuminate\Foundation\Testing\RefreshDatabase.php:25
C:\Users\Gaser\Desktop\COPRRA\vendor\laravel\framework\src\Illuminate\Foundation\Testing\Concerns\InteractsWithTestCaseLifecycle.php:209
C:\Users\Gaser\Desktop\COPRRA\vendor\laravel\framework\src\Illuminate\Foundation\Testing\Concerns\InteractsWithTestCaseLifecycle.php:97
C:\Users\Gaser\Desktop\COPRRA\vendor\laravel\framework\src\Illuminate\Foundation\Testing\TestCase.php:44
C:\Users\Gaser\Desktop\COPRRA\tests\TestCase.php:24
C:\Users\Gaser\Desktop\COPRRA\tests\Feature\UITest.php:38

400) Tests\Feature\UITest::test_expected_behavior
PDOException: SQLSTATE[HY000]: General error: 1 cannot start a transaction within a transaction

C:\Users\Gaser\Desktop\COPRRA\vendor\laravel\framework\src\Illuminate\Database\SQLiteConnection.php:33
C:\Users\Gaser\Desktop\COPRRA\vendor\laravel\framework\src\Illuminate\Database\Concerns\ManagesTransactions.php:154
C:\Users\Gaser\Desktop\COPRRA\vendor\laravel\framework\src\Illuminate\Database\Concerns\ManagesTransactions.php:130
C:\Users\Gaser\Desktop\COPRRA\vendor\laravel\framework\src\Illuminate\Foundation\Testing\RefreshDatabase.php:129
C:\Users\Gaser\Desktop\COPRRA\vendor\laravel\framework\src\Illuminate\Foundation\Testing\RefreshDatabase.php:91
C:\Users\Gaser\Desktop\COPRRA\vendor\laravel\framework\src\Illuminate\Foundation\Testing\RefreshDatabase.php:25
C:\Users\Gaser\Desktop\COPRRA\vendor\laravel\framework\src\Illuminate\Foundation\Testing\Concerns\InteractsWithTestCaseLifecycle.php:209
C:\Users\Gaser\Desktop\COPRRA\vendor\laravel\framework\src\Illuminate\Foundation\Testing\Concerns\InteractsWithTestCaseLifecycle.php:97
C:\Users\Gaser\Desktop\COPRRA\vendor\laravel\framework\src\Illuminate\Foundation\Testing\TestCase.php:44
C:\Users\Gaser\Desktop\COPRRA\tests\TestCase.php:24
C:\Users\Gaser\Desktop\COPRRA\tests\Feature\UITest.php:38

401) Tests\Feature\UITest::test_validation
PDOException: SQLSTATE[HY000]: General error: 1 cannot start a transaction within a transaction

C:\Users\Gaser\Desktop\COPRRA\vendor\laravel\framework\src\Illuminate\Database\SQLiteConnection.php:33
C:\Users\Gaser\Desktop\COPRRA\vendor\laravel\framework\src\Illuminate\Database\Concerns\ManagesTransactions.php:154
C:\Users\Gaser\Desktop\COPRRA\vendor\laravel\framework\src\Illuminate\Database\Concerns\ManagesTransactions.php:130
C:\Users\Gaser\Desktop\COPRRA\vendor\laravel\framework\src\Illuminate\Foundation\Testing\RefreshDatabase.php:129
C:\Users\Gaser\Desktop\COPRRA\vendor\laravel\framework\src\Illuminate\Foundation\Testing\RefreshDatabase.php:91
C:\Users\Gaser\Desktop\COPRRA\vendor\laravel\framework\src\Illuminate\Foundation\Testing\RefreshDatabase.php:25
C:\Users\Gaser\Desktop\COPRRA\vendor\laravel\framework\src\Illuminate\Foundation\Testing\Concerns\InteractsWithTestCaseLifecycle.php:209
C:\Users\Gaser\Desktop\COPRRA\vendor\laravel\framework\src\Illuminate\Foundation\Testing\Concerns\InteractsWithTestCaseLifecycle.php:97
C:\Users\Gaser\Desktop\COPRRA\vendor\laravel\framework\src\Illuminate\Foundation\Testing\TestCase.php:44
C:\Users\Gaser\Desktop\COPRRA\tests\TestCase.php:24
C:\Users\Gaser\Desktop\COPRRA\tests\Feature\UITest.php:38

--

There were 87 failures:

1) Tests\Feature\E2E\AuthenticationFlowTest::test_complete_registration_flow
Expected response status code [200] but received 500.
Failed asserting that 500 is identical to 200.

The following exception occurred during the last request:

BadMethodCallException: Method App\Http\Controllers\Auth\AuthController::showRegisterForm does not exist. in C:\Users\Gaser\Desktop\COPRRA\vendor\laravel\framework\src\Illuminate\Routing\Controller.php:68
Stack trace:
#0 C:\Users\Gaser\Desktop\COPRRA\vendor\laravel\framework\src\Illuminate\Routing\Controller.php(54): Illuminate\Routing\Controller->__call('showRegisterFor...', Array)
#1 C:\Users\Gaser\Desktop\COPRRA\vendor\laravel\framework\src\Illuminate\Routing\ControllerDispatcher.php(43): Illuminate\Routing\Controller->callAction('showRegisterFor...', Array)
#2 C:\Users\Gaser\Desktop\COPRRA\vendor\laravel\framework\src\Illuminate\Routing\Route.php(265): Illuminate\Routing\ControllerDispatcher->dispatch(Object(Illuminate\Routing\Route), Object(App\Http\Controllers\Auth\AuthController), 'showRegisterFor...')
#3 C:\Users\Gaser\Desktop\COPRRA\vendor\laravel\framework\src\Illuminate\Routing\Route.php(211): Illuminate\Routing\Route->runController()
#4 C:\Users\Gaser\Desktop\COPRRA\vendor\laravel\framework\src\Illuminate\Routing\Router.php(822): Illuminate\Routing\Route->run()
#5 C:\Users\Gaser\Desktop\COPRRA\vendor\laravel\framework\src\Illuminate\Pipeline\Pipeline.php(180): Illuminate\Routing\Router->{closure:Illuminate\Routing\Router::runRouteWithinStack():821}(Object(Illuminate\Http\Request))
#6 C:\Users\Gaser\Desktop\COPRRA\app\Http\Middleware\SetLocaleAndCurrency.php(30): Illuminate\Pipeline\Pipeline->{closure:Illuminate\Pipeline\Pipeline::prepareDestination():178}(Object(Illuminate\Http\Request))
#7 C:\Users\Gaser\Desktop\COPRRA\vendor\laravel\framework\src\Illuminate\Pipeline\Pipeline.php(219): App\Http\Middleware\SetLocaleAndCurrency->handle(Object(Illuminate\Http\Request), Object(Closure))
#8 C:\Users\Gaser\Desktop\COPRRA\app\Http\Middleware\LocaleMiddleware.php(45): Illuminate\Pipeline\Pipeline->{closure:{closure:Illuminate\Pipeline\Pipeline::carry():194}:195}(Object(Illuminate\Http\Request))
#9 C:\Users\Gaser\Desktop\COPRRA\vendor\laravel\framework\src\Illuminate\Pipeline\Pipeline.php(219): App\Http\Middleware\LocaleMiddleware->handle(Object(Illuminate\Http\Request), Object(Closure))
#10 C:\Users\Gaser\Desktop\COPRRA\app\Http\Middleware\VerifyCsrfToken.php(17): Illuminate\Pipeline\Pipeline->{closure:{closure:Illuminate\Pipeline\Pipeline::carry():194}:195}(Object(Illuminate\Http\Request))
#11 C:\Users\Gaser\Desktop\COPRRA\vendor\laravel\framework\src\Illuminate\Pipeline\Pipeline.php(219): App\Http\Middleware\VerifyCsrfToken->handle(Object(Illuminate\Http\Request), Object(Closure))
#12 C:\Users\Gaser\Desktop\COPRRA\vendor\laravel\framework\src\Illuminate\Routing\Middleware\SubstituteBindings.php(50): Illuminate\Pipeline\Pipeline->{closure:{closure:Illuminate\Pipeline\Pipeline::carry():194}:195}(Object(Illuminate\Http\Request))
#13 C:\Users\Gaser\Desktop\COPRRA\vendor\laravel\framework\src\Illuminate\Pipeline\Pipeline.php(219): Illuminate\Routing\Middleware\SubstituteBindings->handle(Object(Illuminate\Http\Request), Object(Closure))
#14 C:\Users\Gaser\Desktop\COPRRA\vendor\laravel\framework\src\Illuminate\Foundation\Http\Middleware\VerifyCsrfToken.php(87): Illuminate\Pipeline\Pipeline->{closure:{closure:Illuminate\Pipeline\Pipeline::carry():194}:195}(Object(Illuminate\Http\Request))
#15 C:\Users\Gaser\Desktop\COPRRA\vendor\laravel\framework\src\Illuminate\Pipeline\Pipeline.php(219): Illuminate\Foundation\Http\Middleware\VerifyCsrfToken->handle(Object(Illuminate\Http\Request), Object(Closure))
#16 C:\Users\Gaser\Desktop\COPRRA\vendor\laravel\framework\src\Illuminate\View\Middleware\ShareErrorsFromSession.php(48): Illuminate\Pipeline\Pipeline->{closure:{closure:Illuminate\Pipeline\Pipeline::carry():194}:195}(Object(Illuminate\Http\Request))
#17 C:\Users\Gaser\Desktop\COPRRA\vendor\laravel\framework\src\Illuminate\Pipeline\Pipeline.php(219): Illuminate\View\Middleware\ShareErrorsFromSession->handle(Object(Illuminate\Http\Request), Object(Closure))
#18 C:\Users\Gaser\Desktop\COPRRA\vendor\laravel\framework\src\Illuminate\Session\Middleware\StartSession.php(120): Illuminate\Pipeline\Pipeline->{closure:{closure:Illuminate\Pipeline\Pipeline::carry():194}:195}(Object(Illuminate\Http\Request))
#19 C:\Users\Gaser\Desktop\COPRRA\vendor\laravel\framework\src\Illuminate\Session\Middleware\StartSession.php(63): Illuminate\Session\Middleware\StartSession->handleStatefulRequest(Object(Illuminate\Http\Request), Object(Illuminate\Session\EncryptedStore), Object(Closure))
#20 C:\Users\Gaser\Desktop\COPRRA\vendor\laravel\framework\src\Illuminate\Pipeline\Pipeline.php(219): Illuminate\Session\Middleware\StartSession->handle(Object(Illuminate\Http\Request), Object(Closure))
#21 C:\Users\Gaser\Desktop\COPRRA\vendor\laravel\framework\src\Illuminate\Cookie\Middleware\AddQueuedCookiesToResponse.php(36): Illuminate\Pipeline\Pipeline->{closure:{closure:Illuminate\Pipeline\Pipeline::carry():194}:195}(Object(Illuminate\Http\Request))
#22 C:\Users\Gaser\Desktop\COPRRA\vendor\laravel\framework\src\Illuminate\Pipeline\Pipeline.php(219): Illuminate\Cookie\Middleware\AddQueuedCookiesToResponse->handle(Object(Illuminate\Http\Request), Object(Closure))
#23 C:\Users\Gaser\Desktop\COPRRA\vendor\laravel\framework\src\Illuminate\Cookie\Middleware\EncryptCookies.php(74): Illuminate\Pipeline\Pipeline->{closure:{closure:Illuminate\Pipeline\Pipeline::carry():194}:195}(Object(Illuminate\Http\Request))
#24 C:\Users\Gaser\Desktop\COPRRA\vendor\laravel\framework\src\Illuminate\Pipeline\Pipeline.php(219): Illuminate\Cookie\Middleware\EncryptCookies->handle(Object(Illuminate\Http\Request), Object(Closure))
#25 C:\Users\Gaser\Desktop\COPRRA\vendor\laravel\framework\src\Illuminate\Cookie\Middleware\EncryptCookies.php(74): Illuminate\Pipeline\Pipeline->{closure:{closure:Illuminate\Pipeline\Pipeline::carry():194}:195}(Object(Illuminate\Http\Request))
#26 C:\Users\Gaser\Desktop\COPRRA\vendor\laravel\framework\src\Illuminate\Pipeline\Pipeline.php(219): Illuminate\Cookie\Middleware\EncryptCookies->handle(Object(Illuminate\Http\Request), Object(Closure))
#27 C:\Users\Gaser\Desktop\COPRRA\vendor\laravel\framework\src\Illuminate\Pipeline\Pipeline.php(137): Illuminate\Pipeline\Pipeline->{closure:{closure:Illuminate\Pipeline\Pipeline::carry():194}:195}(Object(Illuminate\Http\Request))
#28 C:\Users\Gaser\Desktop\COPRRA\vendor\laravel\framework\src\Illuminate\Routing\Router.php(821): Illuminate\Pipeline\Pipeline->then(Object(Closure))
#29 C:\Users\Gaser\Desktop\COPRRA\vendor\laravel\framework\src\Illuminate\Routing\Router.php(800): Illuminate\Routing\Router->runRouteWithinStack(Object(Illuminate\Routing\Route), Object(Illuminate\Http\Request))
#30 C:\Users\Gaser\Desktop\COPRRA\vendor\laravel\framework\src\Illuminate\Routing\Router.php(764): Illuminate\Routing\Router->runRoute(Object(Illuminate\Http\Request), Object(Illuminate\Routing\Route))
#31 C:\Users\Gaser\Desktop\COPRRA\vendor\laravel\framework\src\Illuminate\Routing\Router.php(753): Illuminate\Routing\Router->dispatchToRoute(Object(Illuminate\Http\Request))
#32 C:\Users\Gaser\Desktop\COPRRA\vendor\laravel\framework\src\Illuminate\Foundation\Http\Kernel.php(200): Illuminate\Routing\Router->dispatch(Object(Illuminate\Http\Request))
#33 C:\Users\Gaser\Desktop\COPRRA\vendor\laravel\framework\src\Illuminate\Pipeline\Pipeline.php(180): Illuminate\Foundation\Http\Kernel->{closure:Illuminate\Foundation\Http\Kernel::dispatchToRouter():197}(Object(Illuminate\Http\Request))
#34 C:\Users\Gaser\Desktop\COPRRA\vendor\livewire\livewire\src\Features\SupportDisablingBackButtonCache\DisableBackButtonCacheMiddleware.php(19): Illuminate\Pipeline\Pipeline->{closure:Illuminate\Pipeline\Pipeline::prepareDestination():178}(Object(Illuminate\Http\Request))
#35 C:\Users\Gaser\Desktop\COPRRA\vendor\laravel\framework\src\Illuminate\Pipeline\Pipeline.php(219): Livewire\Features\SupportDisablingBackButtonCache\DisableBackButtonCacheMiddleware->handle(Object(Illuminate\Http\Request), Object(Closure))
#36 C:\Users\Gaser\Desktop\COPRRA\app\Http\Middleware\SecurityHeadersMiddleware.php(27): Illuminate\Pipeline\Pipeline->{closure:{closure:Illuminate\Pipeline\Pipeline::carry():194}:195}(Object(Illuminate\Http\Request))
#37 C:\Users\Gaser\Desktop\COPRRA\vendor\laravel\framework\src\Illuminate\Pipeline\Pipeline.php(219): App\Http\Middleware\SecurityHeadersMiddleware->handle(Object(Illuminate\Http\Request), Object(Closure))
#38 C:\Users\Gaser\Desktop\COPRRA\vendor\laravel\framework\src\Illuminate\Foundation\Http\Middleware\TransformsRequest.php(21): Illuminate\Pipeline\Pipeline->{closure:{closure:Illuminate\Pipeline\Pipeline::carry():194}:195}(Object(Illuminate\Http\Request))
#39 C:\Users\Gaser\Desktop\COPRRA\vendor\laravel\framework\src\Illuminate\Foundation\Http\Middleware\ConvertEmptyStringsToNull.php(31): Illuminate\Foundation\Http\Middleware\TransformsRequest->handle(Object(Illuminate\Http\Request), Object(Closure))
#40 C:\Users\Gaser\Desktop\COPRRA\vendor\laravel\framework\src\Illuminate\Pipeline\Pipeline.php(219): Illuminate\Foundation\Http\Middleware\ConvertEmptyStringsToNull->handle(Object(Illuminate\Http\Request), Object(Closure))
#41 C:\Users\Gaser\Desktop\COPRRA\vendor\laravel\framework\src\Illuminate\Foundation\Http\Middleware\TransformsRequest.php(21): Illuminate\Pipeline\Pipeline->{closure:{closure:Illuminate\Pipeline\Pipeline::carry():194}:195}(Object(Illuminate\Http\Request))
#42 C:\Users\Gaser\Desktop\COPRRA\vendor\laravel\framework\src\Illuminate\Foundation\Http\Middleware\TrimStrings.php(51): Illuminate\Foundation\Http\Middleware\TransformsRequest->handle(Object(Illuminate\Http\Request), Object(Closure))
#43 C:\Users\Gaser\Desktop\COPRRA\vendor\laravel\framework\src\Illuminate\Pipeline\Pipeline.php(219): Illuminate\Foundation\Http\Middleware\TrimStrings->handle(Object(Illuminate\Http\Request), Object(Closure))
#44 C:\Users\Gaser\Desktop\COPRRA\vendor\laravel\framework\src\Illuminate\Http\Middleware\ValidatePostSize.php(27): Illuminate\Pipeline\Pipeline->{closure:{closure:Illuminate\Pipeline\Pipeline::carry():194}:195}(Object(Illuminate\Http\Request))
#45 C:\Users\Gaser\Desktop\COPRRA\vendor\laravel\framework\src\Illuminate\Pipeline\Pipeline.php(219): Illuminate\Http\Middleware\ValidatePostSize->handle(Object(Illuminate\Http\Request), Object(Closure))
#46 C:\Users\Gaser\Desktop\COPRRA\vendor\laravel\framework\src\Illuminate\Foundation\Http\Middleware\PreventRequestsDuringMaintenance.php(109): Illuminate\Pipeline\Pipeline->{closure:{closure:Illuminate\Pipeline\Pipeline::carry():194}:195}(Object(Illuminate\Http\Request))
#47 C:\Users\Gaser\Desktop\COPRRA\vendor\laravel\framework\src\Illuminate\Pipeline\Pipeline.php(219): Illuminate\Foundation\Http\Middleware\PreventRequestsDuringMaintenance->handle(Object(Illuminate\Http\Request), Object(Closure))
#48 C:\Users\Gaser\Desktop\COPRRA\vendor\laravel\framework\src\Illuminate\Http\Middleware\HandleCors.php(48): Illuminate\Pipeline\Pipeline->{closure:{closure:Illuminate\Pipeline\Pipeline::carry():194}:195}(Object(Illuminate\Http\Request))
#49 C:\Users\Gaser\Desktop\COPRRA\vendor\laravel\framework\src\Illuminate\Pipeline\Pipeline.php(219): Illuminate\Http\Middleware\HandleCors->handle(Object(Illuminate\Http\Request), Object(Closure))
#50 C:\Users\Gaser\Desktop\COPRRA\vendor\laravel\framework\src\Illuminate\Http\Middleware\TrustProxies.php(58): Illuminate\Pipeline\Pipeline->{closure:{closure:Illuminate\Pipeline\Pipeline::carry():194}:195}(Object(Illuminate\Http\Request))
#51 C:\Users\Gaser\Desktop\COPRRA\vendor\laravel\framework\src\Illuminate\Pipeline\Pipeline.php(219): Illuminate\Http\Middleware\TrustProxies->handle(Object(Illuminate\Http\Request), Object(Closure))
#52 C:\Users\Gaser\Desktop\COPRRA\vendor\laravel\framework\src\Illuminate\Foundation\Http\Middleware\InvokeDeferredCallbacks.php(22): Illuminate\Pipeline\Pipeline->{closure:{closure:Illuminate\Pipeline\Pipeline::carry():194}:195}(Object(Illuminate\Http\Request))
#53 C:\Users\Gaser\Desktop\COPRRA\vendor\laravel\framework\src\Illuminate\Pipeline\Pipeline.php(219): Illuminate\Foundation\Http\Middleware\InvokeDeferredCallbacks->handle(Object(Illuminate\Http\Request), Object(Closure))
#54 C:\Users\Gaser\Desktop\COPRRA\vendor\laravel\framework\src\Illuminate\Http\Middleware\ValidatePathEncoding.php(26): Illuminate\Pipeline\Pipeline->{closure:{closure:Illuminate\Pipeline\Pipeline::carry():194}:195}(Object(Illuminate\Http\Request))
#55 C:\Users\Gaser\Desktop\COPRRA\vendor\laravel\framework\src\Illuminate\Pipeline\Pipeline.php(219): Illuminate\Http\Middleware\ValidatePathEncoding->handle(Object(Illuminate\Http\Request), Object(Closure))
#56 C:\Users\Gaser\Desktop\COPRRA\vendor\laravel\framework\src\Illuminate\Pipeline\Pipeline.php(137): Illuminate\Pipeline\Pipeline->{closure:{closure:Illuminate\Pipeline\Pipeline::carry():194}:195}(Object(Illuminate\Http\Request))
#57 C:\Users\Gaser\Desktop\COPRRA\vendor\laravel\framework\src\Illuminate\Foundation\Http\Kernel.php(175): Illuminate\Pipeline\Pipeline->then(Object(Closure))
#58 C:\Users\Gaser\Desktop\COPRRA\vendor\laravel\framework\src\Illuminate\Foundation\Http\Kernel.php(144): Illuminate\Foundation\Http\Kernel->sendRequestThroughRouter(Object(Illuminate\Http\Request))
#59 C:\Users\Gaser\Desktop\COPRRA\vendor\laravel\framework\src\Illuminate\Foundation\Testing\Concerns\MakesHttpRequests.php(607): Illuminate\Foundation\Http\Kernel->handle(Object(Illuminate\Http\Request))
#60 C:\Users\Gaser\Desktop\COPRRA\vendor\laravel\framework\src\Illuminate\Foundation\Testing\Concerns\MakesHttpRequests.php(368): Illuminate\Foundation\Testing\TestCase->call('GET', '/register', Array, Array, Array, Array)
#61 C:\Users\Gaser\Desktop\COPRRA\tests\Feature\E2E\AuthenticationFlowTest.php(19): Illuminate\Foundation\Testing\TestCase->get('/register')
#62 C:\Users\Gaser\Desktop\COPRRA\vendor\phpunit\phpunit\src\Framework\TestCase.php(1317): Tests\Feature\E2E\AuthenticationFlowTest->test_complete_registration_flow()
#63 C:\Users\Gaser\Desktop\COPRRA\vendor\phpunit\phpunit\src\Framework\TestCase.php(517): PHPUnit\Framework\TestCase->runTest()
#64 C:\Users\Gaser\Desktop\COPRRA\vendor\phpunit\phpunit\src\Framework\TestRunner\TestRunner.php(99): PHPUnit\Framework\TestCase->runBare()
#65 C:\Users\Gaser\Desktop\COPRRA\vendor\phpunit\phpunit\src\Framework\TestCase.php(357): PHPUnit\Framework\TestRunner->run(Object(Tests\Feature\E2E\AuthenticationFlowTest))
#66 C:\Users\Gaser\Desktop\COPRRA\vendor\phpunit\phpunit\src\Framework\TestSuite.php(374): PHPUnit\Framework\TestCase->run()
#67 C:\Users\Gaser\Desktop\COPRRA\vendor\phpunit\phpunit\src\Framework\TestSuite.php(374): PHPUnit\Framework\TestSuite->run()
#68 C:\Users\Gaser\Desktop\COPRRA\vendor\phpunit\phpunit\src\Framework\TestSuite.php(374): PHPUnit\Framework\TestSuite->run()
#69 C:\Users\Gaser\Desktop\COPRRA\vendor\phpunit\phpunit\src\TextUI\TestRunner.php(64): PHPUnit\Framework\TestSuite->run()
#70 C:\Users\Gaser\Desktop\COPRRA\vendor\phpunit\phpunit\src\TextUI\Application.php(229): PHPUnit\TextUI\TestRunner->run(Object(PHPUnit\TextUI\Configuration\Configuration), Object(PHPUnit\Runner\ResultCache\DefaultResultCache), Object(PHPUnit\Framework\TestSuite))
#71 C:\Users\Gaser\Desktop\COPRRA\vendor\phpunit\phpunit\phpunit(104): PHPUnit\TextUI\Application->run(Array)
#72 C:\Users\Gaser\Desktop\COPRRA\vendor\bin\phpunit(119): include('C:\\Users\\Gaser\\...')
#73 {main}

----------------------------------------------------------------------------------

Method App\Http\Controllers\Auth\AuthController::showRegisterForm does not exist.

C:\Users\Gaser\Desktop\COPRRA\vendor\laravel\framework\src\Illuminate\Testing\TestResponseAssert.php:45
C:\Users\Gaser\Desktop\COPRRA\vendor\laravel\framework\src\Illuminate\Testing\TestResponse.php:174
C:\Users\Gaser\Desktop\COPRRA\tests\Feature\E2E\AuthenticationFlowTest.php:20
C:\Users\Gaser\Desktop\COPRRA\vendor\phpunit\phpunit\phpunit:104

2) Tests\Feature\E2E\AuthenticationFlowTest::test_complete_login_flow
Failed asserting that two strings are equal.
--- Expected
+++ Actual
@@ @@
-'http://localhost/dashboard'
+'http://localhost'

C:\Users\Gaser\Desktop\COPRRA\vendor\laravel\framework\src\Illuminate\Testing\TestResponseAssert.php:45
C:\Users\Gaser\Desktop\COPRRA\vendor\laravel\framework\src\Illuminate\Testing\TestResponse.php:408
C:\Users\Gaser\Desktop\COPRRA\vendor\laravel\framework\src\Illuminate\Testing\TestResponse.php:205
C:\Users\Gaser\Desktop\COPRRA\tests\Feature\E2E\AuthenticationFlowTest.php:59
C:\Users\Gaser\Desktop\COPRRA\vendor\phpunit\phpunit\phpunit:104

3) Tests\Feature\E2E\AuthenticationFlowTest::test_complete_password_reset_flow
Expected response status code [200] but received 404.
Failed asserting that 404 is identical to 200.

C:\Users\Gaser\Desktop\COPRRA\vendor\laravel\framework\src\Illuminate\Testing\TestResponseAssert.php:45
C:\Users\Gaser\Desktop\COPRRA\vendor\laravel\framework\src\Illuminate\Testing\TestResponse.php:174
C:\Users\Gaser\Desktop\COPRRA\tests\Feature\E2E\AuthenticationFlowTest.php:92
C:\Users\Gaser\Desktop\COPRRA\vendor\phpunit\phpunit\phpunit:104

4) Tests\Feature\E2E\AuthenticationFlowTest::test_authenticated_user_cannot_access_login_page
Expected response status code [201, 301, 302, 303, 307, 308] but received 200.
Failed asserting that false is true.

C:\Users\Gaser\Desktop\COPRRA\vendor\laravel\framework\src\Illuminate\Testing\TestResponseAssert.php:45
C:\Users\Gaser\Desktop\COPRRA\vendor\laravel\framework\src\Illuminate\Testing\TestResponse.php:199
C:\Users\Gaser\Desktop\COPRRA\tests\Feature\E2E\AuthenticationFlowTest.php:128
C:\Users\Gaser\Desktop\COPRRA\vendor\phpunit\phpunit\phpunit:104

5) Tests\Feature\E2E\AuthenticationFlowTest::test_guest_cannot_access_dashboard
Expected response status code [201, 301, 302, 303, 307, 308] but received 404.
Failed asserting that false is true.

C:\Users\Gaser\Desktop\COPRRA\vendor\laravel\framework\src\Illuminate\Testing\TestResponseAssert.php:45
C:\Users\Gaser\Desktop\COPRRA\vendor\laravel\framework\src\Illuminate\Testing\TestResponse.php:199
C:\Users\Gaser\Desktop\COPRRA\tests\Feature\E2E\AuthenticationFlowTest.php:134
C:\Users\Gaser\Desktop\COPRRA\vendor\phpunit\phpunit\phpunit:104

6) Tests\Feature\E2E\OrderFlowTest::test_complete_order_creation_flow
Expected response status code [201] but received 405.
Failed asserting that 405 is identical to 201.

C:\Users\Gaser\Desktop\COPRRA\vendor\laravel\framework\src\Illuminate\Testing\TestResponseAssert.php:45
C:\Users\Gaser\Desktop\COPRRA\vendor\laravel\framework\src\Illuminate\Testing\TestResponse.php:174
C:\Users\Gaser\Desktop\COPRRA\tests\Feature\E2E\OrderFlowTest.php:42
C:\Users\Gaser\Desktop\COPRRA\vendor\phpunit\phpunit\phpunit:104

7) Tests\Feature\E2E\OrderFlowTest::test_complete_order_status_update_flow
Expected response status code [200] but received 404.
Failed asserting that 404 is identical to 200.

C:\Users\Gaser\Desktop\COPRRA\vendor\laravel\framework\src\Illuminate\Testing\TestResponseAssert.php:45
C:\Users\Gaser\Desktop\COPRRA\vendor\laravel\framework\src\Illuminate\Testing\TestResponse.php:174
C:\Users\Gaser\Desktop\COPRRA\tests\Feature\E2E\OrderFlowTest.php:96
C:\Users\Gaser\Desktop\COPRRA\vendor\phpunit\phpunit\phpunit:104

8) Tests\Feature\E2E\OrderFlowTest::test_order_cancellation_flow
Expected response status code [200] but received 404.
Failed asserting that 404 is identical to 200.

C:\Users\Gaser\Desktop\COPRRA\vendor\laravel\framework\src\Illuminate\Testing\TestResponseAssert.php:45
C:\Users\Gaser\Desktop\COPRRA\vendor\laravel\framework\src\Illuminate\Testing\TestResponse.php:174
C:\Users\Gaser\Desktop\COPRRA\tests\Feature\E2E\OrderFlowTest.php:135
C:\Users\Gaser\Desktop\COPRRA\vendor\phpunit\phpunit\phpunit:104

9) Tests\Feature\E2E\OrderFlowTest::test_cannot_cancel_shipped_order
Expected response status code [422] but received 404.
Failed asserting that 404 is identical to 422.

C:\Users\Gaser\Desktop\COPRRA\vendor\laravel\framework\src\Illuminate\Testing\TestResponseAssert.php:45
C:\Users\Gaser\Desktop\COPRRA\vendor\laravel\framework\src\Illuminate\Testing\TestResponse.php:174
C:\Users\Gaser\Desktop\COPRRA\tests\Feature\E2E\OrderFlowTest.php:155
C:\Users\Gaser\Desktop\COPRRA\vendor\phpunit\phpunit\phpunit:104

10) Tests\Feature\E2E\OrderFlowTest::test_user_can_view_order_history
Expected response status code [200] but received 404.
Failed asserting that 404 is identical to 200.

C:\Users\Gaser\Desktop\COPRRA\vendor\laravel\framework\src\Illuminate\Testing\TestResponseAssert.php:45
C:\Users\Gaser\Desktop\COPRRA\vendor\laravel\framework\src\Illuminate\Testing\TestResponse.php:174
C:\Users\Gaser\Desktop\COPRRA\tests\Feature\E2E\OrderFlowTest.php:174
C:\Users\Gaser\Desktop\COPRRA\vendor\phpunit\phpunit\phpunit:104

11) Tests\Feature\E2E\OrderFlowTest::test_user_cannot_view_other_users_orders
Expected response status code [403] but received 404.
Failed asserting that 404 is identical to 403.

C:\Users\Gaser\Desktop\COPRRA\vendor\laravel\framework\src\Illuminate\Testing\TestResponseAssert.php:45
C:\Users\Gaser\Desktop\COPRRA\vendor\laravel\framework\src\Illuminate\Testing\TestResponse.php:174
C:\Users\Gaser\Desktop\COPRRA\tests\Feature\E2E\OrderFlowTest.php:187
C:\Users\Gaser\Desktop\COPRRA\vendor\phpunit\phpunit\phpunit:104

12) Tests\Feature\Http\Controllers\AdminControllerTest::it_can_display_admin_dashboard
Expected response status code [200] but received 500.
Failed asserting that 500 is identical to 200.

The following exception occurred during the last request:

BadMethodCallException: Method App\Http\Controllers\AdminController::dashboard does not exist. in C:\Users\Gaser\Desktop\COPRRA\vendor\laravel\framework\src\Illuminate\Routing\Controller.php:68
Stack trace:
#0 C:\Users\Gaser\Desktop\COPRRA\vendor\laravel\framework\src\Illuminate\Routing\Controller.php(54): Illuminate\Routing\Controller->__call('dashboard', Array)
#1 C:\Users\Gaser\Desktop\COPRRA\vendor\laravel\framework\src\Illuminate\Routing\ControllerDispatcher.php(43): Illuminate\Routing\Controller->callAction('dashboard', Array)
#2 C:\Users\Gaser\Desktop\COPRRA\vendor\laravel\framework\src\Illuminate\Routing\Route.php(265): Illuminate\Routing\ControllerDispatcher->dispatch(Object(Illuminate\Routing\Route), Object(App\Http\Controllers\AdminController), 'dashboard')
#3 C:\Users\Gaser\Desktop\COPRRA\vendor\laravel\framework\src\Illuminate\Routing\Route.php(211): Illuminate\Routing\Route->runController()
#4 C:\Users\Gaser\Desktop\COPRRA\vendor\laravel\framework\src\Illuminate\Routing\Router.php(822): Illuminate\Routing\Route->run()
#5 C:\Users\Gaser\Desktop\COPRRA\vendor\laravel\framework\src\Illuminate\Pipeline\Pipeline.php(180): Illuminate\Routing\Router->{closure:Illuminate\Routing\Router::runRouteWithinStack():821}(Object(Illuminate\Http\Request))
#6 C:\Users\Gaser\Desktop\COPRRA\app\Http\Middleware\AdminMiddleware.php(40): Illuminate\Pipeline\Pipeline->{closure:Illuminate\Pipeline\Pipeline::prepareDestination():178}(Object(Illuminate\Http\Request))
#7 C:\Users\Gaser\Desktop\COPRRA\vendor\laravel\framework\src\Illuminate\Pipeline\Pipeline.php(219): App\Http\Middleware\AdminMiddleware->handle(Object(Illuminate\Http\Request), Object(Closure))
#8 C:\Users\Gaser\Desktop\COPRRA\app\Http\Middleware\SetLocaleAndCurrency.php(30): Illuminate\Pipeline\Pipeline->{closure:{closure:Illuminate\Pipeline\Pipeline::carry():194}:195}(Object(Illuminate\Http\Request))
#9 C:\Users\Gaser\Desktop\COPRRA\vendor\laravel\framework\src\Illuminate\Pipeline\Pipeline.php(219): App\Http\Middleware\SetLocaleAndCurrency->handle(Object(Illuminate\Http\Request), Object(Closure))
#10 C:\Users\Gaser\Desktop\COPRRA\app\Http\Middleware\LocaleMiddleware.php(45): Illuminate\Pipeline\Pipeline->{closure:{closure:Illuminate\Pipeline\Pipeline::carry():194}:195}(Object(Illuminate\Http\Request))
#11 C:\Users\Gaser\Desktop\COPRRA\vendor\laravel\framework\src\Illuminate\Pipeline\Pipeline.php(219): App\Http\Middleware\LocaleMiddleware->handle(Object(Illuminate\Http\Request), Object(Closure))
#12 C:\Users\Gaser\Desktop\COPRRA\app\Http\Middleware\VerifyCsrfToken.php(17): Illuminate\Pipeline\Pipeline->{closure:{closure:Illuminate\Pipeline\Pipeline::carry():194}:195}(Object(Illuminate\Http\Request))
#13 C:\Users\Gaser\Desktop\COPRRA\vendor\laravel\framework\src\Illuminate\Pipeline\Pipeline.php(219): App\Http\Middleware\VerifyCsrfToken->handle(Object(Illuminate\Http\Request), Object(Closure))
#14 C:\Users\Gaser\Desktop\COPRRA\vendor\laravel\framework\src\Illuminate\Routing\Middleware\SubstituteBindings.php(50): Illuminate\Pipeline\Pipeline->{closure:{closure:Illuminate\Pipeline\Pipeline::carry():194}:195}(Object(Illuminate\Http\Request))
#15 C:\Users\Gaser\Desktop\COPRRA\vendor\laravel\framework\src\Illuminate\Pipeline\Pipeline.php(219): Illuminate\Routing\Middleware\SubstituteBindings->handle(Object(Illuminate\Http\Request), Object(Closure))
#16 C:\Users\Gaser\Desktop\COPRRA\vendor\laravel\framework\src\Illuminate\Auth\Middleware\Authenticate.php(63): Illuminate\Pipeline\Pipeline->{closure:{closure:Illuminate\Pipeline\Pipeline::carry():194}:195}(Object(Illuminate\Http\Request))
#17 C:\Users\Gaser\Desktop\COPRRA\vendor\laravel\framework\src\Illuminate\Pipeline\Pipeline.php(219): Illuminate\Auth\Middleware\Authenticate->handle(Object(Illuminate\Http\Request), Object(Closure))
#18 C:\Users\Gaser\Desktop\COPRRA\vendor\laravel\framework\src\Illuminate\Foundation\Http\Middleware\VerifyCsrfToken.php(87): Illuminate\Pipeline\Pipeline->{closure:{closure:Illuminate\Pipeline\Pipeline::carry():194}:195}(Object(Illuminate\Http\Request))
#19 C:\Users\Gaser\Desktop\COPRRA\vendor\laravel\framework\src\Illuminate\Pipeline\Pipeline.php(219): Illuminate\Foundation\Http\Middleware\VerifyCsrfToken->handle(Object(Illuminate\Http\Request), Object(Closure))
#20 C:\Users\Gaser\Desktop\COPRRA\vendor\laravel\framework\src\Illuminate\View\Middleware\ShareErrorsFromSession.php(48): Illuminate\Pipeline\Pipeline->{closure:{closure:Illuminate\Pipeline\Pipeline::carry():194}:195}(Object(Illuminate\Http\Request))
#21 C:\Users\Gaser\Desktop\COPRRA\vendor\laravel\framework\src\Illuminate\Pipeline\Pipeline.php(219): Illuminate\View\Middleware\ShareErrorsFromSession->handle(Object(Illuminate\Http\Request), Object(Closure))
#22 C:\Users\Gaser\Desktop\COPRRA\vendor\laravel\framework\src\Illuminate\Session\Middleware\StartSession.php(120): Illuminate\Pipeline\Pipeline->{closure:{closure:Illuminate\Pipeline\Pipeline::carry():194}:195}(Object(Illuminate\Http\Request))
#23 C:\Users\Gaser\Desktop\COPRRA\vendor\laravel\framework\src\Illuminate\Session\Middleware\StartSession.php(63): Illuminate\Session\Middleware\StartSession->handleStatefulRequest(Object(Illuminate\Http\Request), Object(Illuminate\Session\EncryptedStore), Object(Closure))
#24 C:\Users\Gaser\Desktop\COPRRA\vendor\laravel\framework\src\Illuminate\Pipeline\Pipeline.php(219): Illuminate\Session\Middleware\StartSession->handle(Object(Illuminate\Http\Request), Object(Closure))
#25 C:\Users\Gaser\Desktop\COPRRA\vendor\laravel\framework\src\Illuminate\Cookie\Middleware\AddQueuedCookiesToResponse.php(36): Illuminate\Pipeline\Pipeline->{closure:{closure:Illuminate\Pipeline\Pipeline::carry():194}:195}(Object(Illuminate\Http\Request))
#26 C:\Users\Gaser\Desktop\COPRRA\vendor\laravel\framework\src\Illuminate\Pipeline\Pipeline.php(219): Illuminate\Cookie\Middleware\AddQueuedCookiesToResponse->handle(Object(Illuminate\Http\Request), Object(Closure))
#27 C:\Users\Gaser\Desktop\COPRRA\vendor\laravel\framework\src\Illuminate\Cookie\Middleware\EncryptCookies.php(74): Illuminate\Pipeline\Pipeline->{closure:{closure:Illuminate\Pipeline\Pipeline::carry():194}:195}(Object(Illuminate\Http\Request))
#28 C:\Users\Gaser\Desktop\COPRRA\vendor\laravel\framework\src\Illuminate\Pipeline\Pipeline.php(219): Illuminate\Cookie\Middleware\EncryptCookies->handle(Object(Illuminate\Http\Request), Object(Closure))
#29 C:\Users\Gaser\Desktop\COPRRA\vendor\laravel\framework\src\Illuminate\Cookie\Middleware\EncryptCookies.php(74): Illuminate\Pipeline\Pipeline->{closure:{closure:Illuminate\Pipeline\Pipeline::carry():194}:195}(Object(Illuminate\Http\Request))
#30 C:\Users\Gaser\Desktop\COPRRA\vendor\laravel\framework\src\Illuminate\Pipeline\Pipeline.php(219): Illuminate\Cookie\Middleware\EncryptCookies->handle(Object(Illuminate\Http\Request), Object(Closure))
#31 C:\Users\Gaser\Desktop\COPRRA\vendor\laravel\framework\src\Illuminate\Pipeline\Pipeline.php(137): Illuminate\Pipeline\Pipeline->{closure:{closure:Illuminate\Pipeline\Pipeline::carry():194}:195}(Object(Illuminate\Http\Request))
#32 C:\Users\Gaser\Desktop\COPRRA\vendor\laravel\framework\src\Illuminate\Routing\Router.php(821): Illuminate\Pipeline\Pipeline->then(Object(Closure))
#33 C:\Users\Gaser\Desktop\COPRRA\vendor\laravel\framework\src\Illuminate\Routing\Router.php(800): Illuminate\Routing\Router->runRouteWithinStack(Object(Illuminate\Routing\Route), Object(Illuminate\Http\Request))
#34 C:\Users\Gaser\Desktop\COPRRA\vendor\laravel\framework\src\Illuminate\Routing\Router.php(764): Illuminate\Routing\Router->runRoute(Object(Illuminate\Http\Request), Object(Illuminate\Routing\Route))
#35 C:\Users\Gaser\Desktop\COPRRA\vendor\laravel\framework\src\Illuminate\Routing\Router.php(753): Illuminate\Routing\Router->dispatchToRoute(Object(Illuminate\Http\Request))
#36 C:\Users\Gaser\Desktop\COPRRA\vendor\laravel\framework\src\Illuminate\Foundation\Http\Kernel.php(200): Illuminate\Routing\Router->dispatch(Object(Illuminate\Http\Request))
#37 C:\Users\Gaser\Desktop\COPRRA\vendor\laravel\framework\src\Illuminate\Pipeline\Pipeline.php(180): Illuminate\Foundation\Http\Kernel->{closure:Illuminate\Foundation\Http\Kernel::dispatchToRouter():197}(Object(Illuminate\Http\Request))
#38 C:\Users\Gaser\Desktop\COPRRA\vendor\livewire\livewire\src\Features\SupportDisablingBackButtonCache\DisableBackButtonCacheMiddleware.php(19): Illuminate\Pipeline\Pipeline->{closure:Illuminate\Pipeline\Pipeline::prepareDestination():178}(Object(Illuminate\Http\Request))
#39 C:\Users\Gaser\Desktop\COPRRA\vendor\laravel\framework\src\Illuminate\Pipeline\Pipeline.php(219): Livewire\Features\SupportDisablingBackButtonCache\DisableBackButtonCacheMiddleware->handle(Object(Illuminate\Http\Request), Object(Closure))
#40 C:\Users\Gaser\Desktop\COPRRA\app\Http\Middleware\SecurityHeadersMiddleware.php(27): Illuminate\Pipeline\Pipeline->{closure:{closure:Illuminate\Pipeline\Pipeline::carry():194}:195}(Object(Illuminate\Http\Request))
#41 C:\Users\Gaser\Desktop\COPRRA\vendor\laravel\framework\src\Illuminate\Pipeline\Pipeline.php(219): App\Http\Middleware\SecurityHeadersMiddleware->handle(Object(Illuminate\Http\Request), Object(Closure))
#42 C:\Users\Gaser\Desktop\COPRRA\vendor\laravel\framework\src\Illuminate\Foundation\Http\Middleware\TransformsRequest.php(21): Illuminate\Pipeline\Pipeline->{closure:{closure:Illuminate\Pipeline\Pipeline::carry():194}:195}(Object(Illuminate\Http\Request))
#43 C:\Users\Gaser\Desktop\COPRRA\vendor\laravel\framework\src\Illuminate\Foundation\Http\Middleware\ConvertEmptyStringsToNull.php(31): Illuminate\Foundation\Http\Middleware\TransformsRequest->handle(Object(Illuminate\Http\Request), Object(Closure))
#44 C:\Users\Gaser\Desktop\COPRRA\vendor\laravel\framework\src\Illuminate\Pipeline\Pipeline.php(219): Illuminate\Foundation\Http\Middleware\ConvertEmptyStringsToNull->handle(Object(Illuminate\Http\Request), Object(Closure))
#45 C:\Users\Gaser\Desktop\COPRRA\vendor\laravel\framework\src\Illuminate\Foundation\Http\Middleware\TransformsRequest.php(21): Illuminate\Pipeline\Pipeline->{closure:{closure:Illuminate\Pipeline\Pipeline::carry():194}:195}(Object(Illuminate\Http\Request))
#46 C:\Users\Gaser\Desktop\COPRRA\vendor\laravel\framework\src\Illuminate\Foundation\Http\Middleware\TrimStrings.php(51): Illuminate\Foundation\Http\Middleware\TransformsRequest->handle(Object(Illuminate\Http\Request), Object(Closure))
#47 C:\Users\Gaser\Desktop\COPRRA\vendor\laravel\framework\src\Illuminate\Pipeline\Pipeline.php(219): Illuminate\Foundation\Http\Middleware\TrimStrings->handle(Object(Illuminate\Http\Request), Object(Closure))
#48 C:\Users\Gaser\Desktop\COPRRA\vendor\laravel\framework\src\Illuminate\Http\Middleware\ValidatePostSize.php(27): Illuminate\Pipeline\Pipeline->{closure:{closure:Illuminate\Pipeline\Pipeline::carry():194}:195}(Object(Illuminate\Http\Request))
#49 C:\Users\Gaser\Desktop\COPRRA\vendor\laravel\framework\src\Illuminate\Pipeline\Pipeline.php(219): Illuminate\Http\Middleware\ValidatePostSize->handle(Object(Illuminate\Http\Request), Object(Closure))
#50 C:\Users\Gaser\Desktop\COPRRA\vendor\laravel\framework\src\Illuminate\Foundation\Http\Middleware\PreventRequestsDuringMaintenance.php(109): Illuminate\Pipeline\Pipeline->{closure:{closure:Illuminate\Pipeline\Pipeline::carry():194}:195}(Object(Illuminate\Http\Request))
#51 C:\Users\Gaser\Desktop\COPRRA\vendor\laravel\framework\src\Illuminate\Pipeline\Pipeline.php(219): Illuminate\Foundation\Http\Middleware\PreventRequestsDuringMaintenance->handle(Object(Illuminate\Http\Request), Object(Closure))
#52 C:\Users\Gaser\Desktop\COPRRA\vendor\laravel\framework\src\Illuminate\Http\Middleware\HandleCors.php(48): Illuminate\Pipeline\Pipeline->{closure:{closure:Illuminate\Pipeline\Pipeline::carry():194}:195}(Object(Illuminate\Http\Request))
#53 C:\Users\Gaser\Desktop\COPRRA\vendor\laravel\framework\src\Illuminate\Pipeline\Pipeline.php(219): Illuminate\Http\Middleware\HandleCors->handle(Object(Illuminate\Http\Request), Object(Closure))
#54 C:\Users\Gaser\Desktop\COPRRA\vendor\laravel\framework\src\Illuminate\Http\Middleware\TrustProxies.php(58): Illuminate\Pipeline\Pipeline->{closure:{closure:Illuminate\Pipeline\Pipeline::carry():194}:195}(Object(Illuminate\Http\Request))
#55 C:\Users\Gaser\Desktop\COPRRA\vendor\laravel\framework\src\Illuminate\Pipeline\Pipeline.php(219): Illuminate\Http\Middleware\TrustProxies->handle(Object(Illuminate\Http\Request), Object(Closure))
#56 C:\Users\Gaser\Desktop\COPRRA\vendor\laravel\framework\src\Illuminate\Foundation\Http\Middleware\InvokeDeferredCallbacks.php(22): Illuminate\Pipeline\Pipeline->{closure:{closure:Illuminate\Pipeline\Pipeline::carry():194}:195}(Object(Illuminate\Http\Request))
#57 C:\Users\Gaser\Desktop\COPRRA\vendor\laravel\framework\src\Illuminate\Pipeline\Pipeline.php(219): Illuminate\Foundation\Http\Middleware\InvokeDeferredCallbacks->handle(Object(Illuminate\Http\Request), Object(Closure))
#58 C:\Users\Gaser\Desktop\COPRRA\vendor\laravel\framework\src\Illuminate\Http\Middleware\ValidatePathEncoding.php(26): Illuminate\Pipeline\Pipeline->{closure:{closure:Illuminate\Pipeline\Pipeline::carry():194}:195}(Object(Illuminate\Http\Request))
#59 C:\Users\Gaser\Desktop\COPRRA\vendor\laravel\framework\src\Illuminate\Pipeline\Pipeline.php(219): Illuminate\Http\Middleware\ValidatePathEncoding->handle(Object(Illuminate\Http\Request), Object(Closure))
#60 C:\Users\Gaser\Desktop\COPRRA\vendor\laravel\framework\src\Illuminate\Pipeline\Pipeline.php(137): Illuminate\Pipeline\Pipeline->{closure:{closure:Illuminate\Pipeline\Pipeline::carry():194}:195}(Object(Illuminate\Http\Request))
#61 C:\Users\Gaser\Desktop\COPRRA\vendor\laravel\framework\src\Illuminate\Foundation\Http\Kernel.php(175): Illuminate\Pipeline\Pipeline->then(Object(Closure))
#62 C:\Users\Gaser\Desktop\COPRRA\vendor\laravel\framework\src\Illuminate\Foundation\Http\Kernel.php(144): Illuminate\Foundation\Http\Kernel->sendRequestThroughRouter(Object(Illuminate\Http\Request))
#63 C:\Users\Gaser\Desktop\COPRRA\vendor\laravel\framework\src\Illuminate\Foundation\Testing\Concerns\MakesHttpRequests.php(607): Illuminate\Foundation\Http\Kernel->handle(Object(Illuminate\Http\Request))
#64 C:\Users\Gaser\Desktop\COPRRA\vendor\laravel\framework\src\Illuminate\Foundation\Testing\Concerns\MakesHttpRequests.php(368): Illuminate\Foundation\Testing\TestCase->call('GET', 'http://localhos...', Array, Array, Array, Array)
#65 C:\Users\Gaser\Desktop\COPRRA\tests\Feature\Http\Controllers\AdminControllerTest.php(21): Illuminate\Foundation\Testing\TestCase->get('http://localhos...')
#66 C:\Users\Gaser\Desktop\COPRRA\vendor\phpunit\phpunit\src\Framework\TestCase.php(1317): Tests\Feature\Http\Controllers\AdminControllerTest->it_can_display_admin_dashboard()
#67 C:\Users\Gaser\Desktop\COPRRA\vendor\phpunit\phpunit\src\Framework\TestCase.php(517): PHPUnit\Framework\TestCase->runTest()
#68 C:\Users\Gaser\Desktop\COPRRA\vendor\phpunit\phpunit\src\Framework\TestRunner\TestRunner.php(99): PHPUnit\Framework\TestCase->runBare()
#69 C:\Users\Gaser\Desktop\COPRRA\vendor\phpunit\phpunit\src\Framework\TestCase.php(357): PHPUnit\Framework\TestRunner->run(Object(Tests\Feature\Http\Controllers\AdminControllerTest))
#70 C:\Users\Gaser\Desktop\COPRRA\vendor\phpunit\phpunit\src\Framework\TestSuite.php(374): PHPUnit\Framework\TestCase->run()
#71 C:\Users\Gaser\Desktop\COPRRA\vendor\phpunit\phpunit\src\Framework\TestSuite.php(374): PHPUnit\Framework\TestSuite->run()
#72 C:\Users\Gaser\Desktop\COPRRA\vendor\phpunit\phpunit\src\Framework\TestSuite.php(374): PHPUnit\Framework\TestSuite->run()
#73 C:\Users\Gaser\Desktop\COPRRA\vendor\phpunit\phpunit\src\TextUI\TestRunner.php(64): PHPUnit\Framework\TestSuite->run()
#74 C:\Users\Gaser\Desktop\COPRRA\vendor\phpunit\phpunit\src\TextUI\Application.php(229): PHPUnit\TextUI\TestRunner->run(Object(PHPUnit\TextUI\Configuration\Configuration), Object(PHPUnit\Runner\ResultCache\DefaultResultCache), Object(PHPUnit\Framework\TestSuite))
#75 C:\Users\Gaser\Desktop\COPRRA\vendor\phpunit\phpunit\phpunit(104): PHPUnit\TextUI\Application->run(Array)
#76 C:\Users\Gaser\Desktop\COPRRA\vendor\bin\phpunit(119): include('C:\\Users\\Gaser\\...')
#77 {main}

----------------------------------------------------------------------------------

Method App\Http\Controllers\AdminController::dashboard does not exist.

C:\Users\Gaser\Desktop\COPRRA\vendor\laravel\framework\src\Illuminate\Testing\TestResponseAssert.php:45
C:\Users\Gaser\Desktop\COPRRA\vendor\laravel\framework\src\Illuminate\Testing\TestResponse.php:174
C:\Users\Gaser\Desktop\COPRRA\tests\Feature\Http\Controllers\AdminControllerTest.php:24
C:\Users\Gaser\Desktop\COPRRA\vendor\phpunit\phpunit\phpunit:104

13) Tests\Feature\Http\Controllers\AdminControllerTest::it_can_display_users_management_page
Expected response status code [200] but received 500.
Failed asserting that 500 is identical to 200.

The following exception occurred during the last request:

BadMethodCallException: Method App\Http\Controllers\AdminController::users does not exist. in C:\Users\Gaser\Desktop\COPRRA\vendor\laravel\framework\src\Illuminate\Routing\Controller.php:68
Stack trace:
#0 C:\Users\Gaser\Desktop\COPRRA\vendor\laravel\framework\src\Illuminate\Routing\Controller.php(54): Illuminate\Routing\Controller->__call('users', Array)
#1 C:\Users\Gaser\Desktop\COPRRA\vendor\laravel\framework\src\Illuminate\Routing\ControllerDispatcher.php(43): Illuminate\Routing\Controller->callAction('users', Array)
#2 C:\Users\Gaser\Desktop\COPRRA\vendor\laravel\framework\src\Illuminate\Routing\Route.php(265): Illuminate\Routing\ControllerDispatcher->dispatch(Object(Illuminate\Routing\Route), Object(App\Http\Controllers\AdminController), 'users')
#3 C:\Users\Gaser\Desktop\COPRRA\vendor\laravel\framework\src\Illuminate\Routing\Route.php(211): Illuminate\Routing\Route->runController()
#4 C:\Users\Gaser\Desktop\COPRRA\vendor\laravel\framework\src\Illuminate\Routing\Router.php(822): Illuminate\Routing\Route->run()
#5 C:\Users\Gaser\Desktop\COPRRA\vendor\laravel\framework\src\Illuminate\Pipeline\Pipeline.php(180): Illuminate\Routing\Router->{closure:Illuminate\Routing\Router::runRouteWithinStack():821}(Object(Illuminate\Http\Request))
#6 C:\Users\Gaser\Desktop\COPRRA\app\Http\Middleware\AdminMiddleware.php(40): Illuminate\Pipeline\Pipeline->{closure:Illuminate\Pipeline\Pipeline::prepareDestination():178}(Object(Illuminate\Http\Request))
#7 C:\Users\Gaser\Desktop\COPRRA\vendor\laravel\framework\src\Illuminate\Pipeline\Pipeline.php(219): App\Http\Middleware\AdminMiddleware->handle(Object(Illuminate\Http\Request), Object(Closure))
#8 C:\Users\Gaser\Desktop\COPRRA\app\Http\Middleware\SetLocaleAndCurrency.php(30): Illuminate\Pipeline\Pipeline->{closure:{closure:Illuminate\Pipeline\Pipeline::carry():194}:195}(Object(Illuminate\Http\Request))
#9 C:\Users\Gaser\Desktop\COPRRA\vendor\laravel\framework\src\Illuminate\Pipeline\Pipeline.php(219): App\Http\Middleware\SetLocaleAndCurrency->handle(Object(Illuminate\Http\Request), Object(Closure))
#10 C:\Users\Gaser\Desktop\COPRRA\app\Http\Middleware\LocaleMiddleware.php(45): Illuminate\Pipeline\Pipeline->{closure:{closure:Illuminate\Pipeline\Pipeline::carry():194}:195}(Object(Illuminate\Http\Request))
#11 C:\Users\Gaser\Desktop\COPRRA\vendor\laravel\framework\src\Illuminate\Pipeline\Pipeline.php(219): App\Http\Middleware\LocaleMiddleware->handle(Object(Illuminate\Http\Request), Object(Closure))
#12 C:\Users\Gaser\Desktop\COPRRA\app\Http\Middleware\VerifyCsrfToken.php(17): Illuminate\Pipeline\Pipeline->{closure:{closure:Illuminate\Pipeline\Pipeline::carry():194}:195}(Object(Illuminate\Http\Request))
#13 C:\Users\Gaser\Desktop\COPRRA\vendor\laravel\framework\src\Illuminate\Pipeline\Pipeline.php(219): App\Http\Middleware\VerifyCsrfToken->handle(Object(Illuminate\Http\Request), Object(Closure))
#14 C:\Users\Gaser\Desktop\COPRRA\vendor\laravel\framework\src\Illuminate\Routing\Middleware\SubstituteBindings.php(50): Illuminate\Pipeline\Pipeline->{closure:{closure:Illuminate\Pipeline\Pipeline::carry():194}:195}(Object(Illuminate\Http\Request))
#15 C:\Users\Gaser\Desktop\COPRRA\vendor\laravel\framework\src\Illuminate\Pipeline\Pipeline.php(219): Illuminate\Routing\Middleware\SubstituteBindings->handle(Object(Illuminate\Http\Request), Object(Closure))
#16 C:\Users\Gaser\Desktop\COPRRA\vendor\laravel\framework\src\Illuminate\Auth\Middleware\Authenticate.php(63): Illuminate\Pipeline\Pipeline->{closure:{closure:Illuminate\Pipeline\Pipeline::carry():194}:195}(Object(Illuminate\Http\Request))
#17 C:\Users\Gaser\Desktop\COPRRA\vendor\laravel\framework\src\Illuminate\Pipeline\Pipeline.php(219): Illuminate\Auth\Middleware\Authenticate->handle(Object(Illuminate\Http\Request), Object(Closure))
#18 C:\Users\Gaser\Desktop\COPRRA\vendor\laravel\framework\src\Illuminate\Foundation\Http\Middleware\VerifyCsrfToken.php(87): Illuminate\Pipeline\Pipeline->{closure:{closure:Illuminate\Pipeline\Pipeline::carry():194}:195}(Object(Illuminate\Http\Request))
#19 C:\Users\Gaser\Desktop\COPRRA\vendor\laravel\framework\src\Illuminate\Pipeline\Pipeline.php(219): Illuminate\Foundation\Http\Middleware\VerifyCsrfToken->handle(Object(Illuminate\Http\Request), Object(Closure))
#20 C:\Users\Gaser\Desktop\COPRRA\vendor\laravel\framework\src\Illuminate\View\Middleware\ShareErrorsFromSession.php(48): Illuminate\Pipeline\Pipeline->{closure:{closure:Illuminate\Pipeline\Pipeline::carry():194}:195}(Object(Illuminate\Http\Request))
#21 C:\Users\Gaser\Desktop\COPRRA\vendor\laravel\framework\src\Illuminate\Pipeline\Pipeline.php(219): Illuminate\View\Middleware\ShareErrorsFromSession->handle(Object(Illuminate\Http\Request), Object(Closure))
#22 C:\Users\Gaser\Desktop\COPRRA\vendor\laravel\framework\src\Illuminate\Session\Middleware\StartSession.php(120): Illuminate\Pipeline\Pipeline->{closure:{closure:Illuminate\Pipeline\Pipeline::carry():194}:195}(Object(Illuminate\Http\Request))
#23 C:\Users\Gaser\Desktop\COPRRA\vendor\laravel\framework\src\Illuminate\Session\Middleware\StartSession.php(63): Illuminate\Session\Middleware\StartSession->handleStatefulRequest(Object(Illuminate\Http\Request), Object(Illuminate\Session\EncryptedStore), Object(Closure))
#24 C:\Users\Gaser\Desktop\COPRRA\vendor\laravel\framework\src\Illuminate\Pipeline\Pipeline.php(219): Illuminate\Session\Middleware\StartSession->handle(Object(Illuminate\Http\Request), Object(Closure))
#25 C:\Users\Gaser\Desktop\COPRRA\vendor\laravel\framework\src\Illuminate\Cookie\Middleware\AddQueuedCookiesToResponse.php(36): Illuminate\Pipeline\Pipeline->{closure:{closure:Illuminate\Pipeline\Pipeline::carry():194}:195}(Object(Illuminate\Http\Request))
#26 C:\Users\Gaser\Desktop\COPRRA\vendor\laravel\framework\src\Illuminate\Pipeline\Pipeline.php(219): Illuminate\Cookie\Middleware\AddQueuedCookiesToResponse->handle(Object(Illuminate\Http\Request), Object(Closure))
#27 C:\Users\Gaser\Desktop\COPRRA\vendor\laravel\framework\src\Illuminate\Cookie\Middleware\EncryptCookies.php(74): Illuminate\Pipeline\Pipeline->{closure:{closure:Illuminate\Pipeline\Pipeline::carry():194}:195}(Object(Illuminate\Http\Request))
#28 C:\Users\Gaser\Desktop\COPRRA\vendor\laravel\framework\src\Illuminate\Pipeline\Pipeline.php(219): Illuminate\Cookie\Middleware\EncryptCookies->handle(Object(Illuminate\Http\Request), Object(Closure))
#29 C:\Users\Gaser\Desktop\COPRRA\vendor\laravel\framework\src\Illuminate\Cookie\Middleware\EncryptCookies.php(74): Illuminate\Pipeline\Pipeline->{closure:{closure:Illuminate\Pipeline\Pipeline::carry():194}:195}(Object(Illuminate\Http\Request))
#30 C:\Users\Gaser\Desktop\COPRRA\vendor\laravel\framework\src\Illuminate\Pipeline\Pipeline.php(219): Illuminate\Cookie\Middleware\EncryptCookies->handle(Object(Illuminate\Http\Request), Object(Closure))
#31 C:\Users\Gaser\Desktop\COPRRA\vendor\laravel\framework\src\Illuminate\Pipeline\Pipeline.php(137): Illuminate\Pipeline\Pipeline->{closure:{closure:Illuminate\Pipeline\Pipeline::carry():194}:195}(Object(Illuminate\Http\Request))
#32 C:\Users\Gaser\Desktop\COPRRA\vendor\laravel\framework\src\Illuminate\Routing\Router.php(821): Illuminate\Pipeline\Pipeline->then(Object(Closure))
#33 C:\Users\Gaser\Desktop\COPRRA\vendor\laravel\framework\src\Illuminate\Routing\Router.php(800): Illuminate\Routing\Router->runRouteWithinStack(Object(Illuminate\Routing\Route), Object(Illuminate\Http\Request))
#34 C:\Users\Gaser\Desktop\COPRRA\vendor\laravel\framework\src\Illuminate\Routing\Router.php(764): Illuminate\Routing\Router->runRoute(Object(Illuminate\Http\Request), Object(Illuminate\Routing\Route))
#35 C:\Users\Gaser\Desktop\COPRRA\vendor\laravel\framework\src\Illuminate\Routing\Router.php(753): Illuminate\Routing\Router->dispatchToRoute(Object(Illuminate\Http\Request))
#36 C:\Users\Gaser\Desktop\COPRRA\vendor\laravel\framework\src\Illuminate\Foundation\Http\Kernel.php(200): Illuminate\Routing\Router->dispatch(Object(Illuminate\Http\Request))
#37 C:\Users\Gaser\Desktop\COPRRA\vendor\laravel\framework\src\Illuminate\Pipeline\Pipeline.php(180): Illuminate\Foundation\Http\Kernel->{closure:Illuminate\Foundation\Http\Kernel::dispatchToRouter():197}(Object(Illuminate\Http\Request))
#38 C:\Users\Gaser\Desktop\COPRRA\vendor\livewire\livewire\src\Features\SupportDisablingBackButtonCache\DisableBackButtonCacheMiddleware.php(19): Illuminate\Pipeline\Pipeline->{closure:Illuminate\Pipeline\Pipeline::prepareDestination():178}(Object(Illuminate\Http\Request))
#39 C:\Users\Gaser\Desktop\COPRRA\vendor\laravel\framework\src\Illuminate\Pipeline\Pipeline.php(219): Livewire\Features\SupportDisablingBackButtonCache\DisableBackButtonCacheMiddleware->handle(Object(Illuminate\Http\Request), Object(Closure))
#40 C:\Users\Gaser\Desktop\COPRRA\app\Http\Middleware\SecurityHeadersMiddleware.php(27): Illuminate\Pipeline\Pipeline->{closure:{closure:Illuminate\Pipeline\Pipeline::carry():194}:195}(Object(Illuminate\Http\Request))
#41 C:\Users\Gaser\Desktop\COPRRA\vendor\laravel\framework\src\Illuminate\Pipeline\Pipeline.php(219): App\Http\Middleware\SecurityHeadersMiddleware->handle(Object(Illuminate\Http\Request), Object(Closure))
#42 C:\Users\Gaser\Desktop\COPRRA\vendor\laravel\framework\src\Illuminate\Foundation\Http\Middleware\TransformsRequest.php(21): Illuminate\Pipeline\Pipeline->{closure:{closure:Illuminate\Pipeline\Pipeline::carry():194}:195}(Object(Illuminate\Http\Request))
#43 C:\Users\Gaser\Desktop\COPRRA\vendor\laravel\framework\src\Illuminate\Foundation\Http\Middleware\ConvertEmptyStringsToNull.php(31): Illuminate\Foundation\Http\Middleware\TransformsRequest->handle(Object(Illuminate\Http\Request), Object(Closure))
#44 C:\Users\Gaser\Desktop\COPRRA\vendor\laravel\framework\src\Illuminate\Pipeline\Pipeline.php(219): Illuminate\Foundation\Http\Middleware\ConvertEmptyStringsToNull->handle(Object(Illuminate\Http\Request), Object(Closure))
#45 C:\Users\Gaser\Desktop\COPRRA\vendor\laravel\framework\src\Illuminate\Foundation\Http\Middleware\TransformsRequest.php(21): Illuminate\Pipeline\Pipeline->{closure:{closure:Illuminate\Pipeline\Pipeline::carry():194}:195}(Object(Illuminate\Http\Request))
#46 C:\Users\Gaser\Desktop\COPRRA\vendor\laravel\framework\src\Illuminate\Foundation\Http\Middleware\TrimStrings.php(51): Illuminate\Foundation\Http\Middleware\TransformsRequest->handle(Object(Illuminate\Http\Request), Object(Closure))
#47 C:\Users\Gaser\Desktop\COPRRA\vendor\laravel\framework\src\Illuminate\Pipeline\Pipeline.php(219): Illuminate\Foundation\Http\Middleware\TrimStrings->handle(Object(Illuminate\Http\Request), Object(Closure))
#48 C:\Users\Gaser\Desktop\COPRRA\vendor\laravel\framework\src\Illuminate\Http\Middleware\ValidatePostSize.php(27): Illuminate\Pipeline\Pipeline->{closure:{closure:Illuminate\Pipeline\Pipeline::carry():194}:195}(Object(Illuminate\Http\Request))
#49 C:\Users\Gaser\Desktop\COPRRA\vendor\laravel\framework\src\Illuminate\Pipeline\Pipeline.php(219): Illuminate\Http\Middleware\ValidatePostSize->handle(Object(Illuminate\Http\Request), Object(Closure))
#50 C:\Users\Gaser\Desktop\COPRRA\vendor\laravel\framework\src\Illuminate\Foundation\Http\Middleware\PreventRequestsDuringMaintenance.php(109): Illuminate\Pipeline\Pipeline->{closure:{closure:Illuminate\Pipeline\Pipeline::carry():194}:195}(Object(Illuminate\Http\Request))
#51 C:\Users\Gaser\Desktop\COPRRA\vendor\laravel\framework\src\Illuminate\Pipeline\Pipeline.php(219): Illuminate\Foundation\Http\Middleware\PreventRequestsDuringMaintenance->handle(Object(Illuminate\Http\Request), Object(Closure))
#52 C:\Users\Gaser\Desktop\COPRRA\vendor\laravel\framework\src\Illuminate\Http\Middleware\HandleCors.php(48): Illuminate\Pipeline\Pipeline->{closure:{closure:Illuminate\Pipeline\Pipeline::carry():194}:195}(Object(Illuminate\Http\Request))
#53 C:\Users\Gaser\Desktop\COPRRA\vendor\laravel\framework\src\Illuminate\Pipeline\Pipeline.php(219): Illuminate\Http\Middleware\HandleCors->handle(Object(Illuminate\Http\Request), Object(Closure))
#54 C:\Users\Gaser\Desktop\COPRRA\vendor\laravel\framework\src\Illuminate\Http\Middleware\TrustProxies.php(58): Illuminate\Pipeline\Pipeline->{closure:{closure:Illuminate\Pipeline\Pipeline::carry():194}:195}(Object(Illuminate\Http\Request))
#55 C:\Users\Gaser\Desktop\COPRRA\vendor\laravel\framework\src\Illuminate\Pipeline\Pipeline.php(219): Illuminate\Http\Middleware\TrustProxies->handle(Object(Illuminate\Http\Request), Object(Closure))
#56 C:\Users\Gaser\Desktop\COPRRA\vendor\laravel\framework\src\Illuminate\Foundation\Http\Middleware\InvokeDeferredCallbacks.php(22): Illuminate\Pipeline\Pipeline->{closure:{closure:Illuminate\Pipeline\Pipeline::carry():194}:195}(Object(Illuminate\Http\Request))
#57 C:\Users\Gaser\Desktop\COPRRA\vendor\laravel\framework\src\Illuminate\Pipeline\Pipeline.php(219): Illuminate\Foundation\Http\Middleware\InvokeDeferredCallbacks->handle(Object(Illuminate\Http\Request), Object(Closure))
#58 C:\Users\Gaser\Desktop\COPRRA\vendor\laravel\framework\src\Illuminate\Http\Middleware\ValidatePathEncoding.php(26): Illuminate\Pipeline\Pipeline->{closure:{closure:Illuminate\Pipeline\Pipeline::carry():194}:195}(Object(Illuminate\Http\Request))
#59 C:\Users\Gaser\Desktop\COPRRA\vendor\laravel\framework\src\Illuminate\Pipeline\Pipeline.php(219): Illuminate\Http\Middleware\ValidatePathEncoding->handle(Object(Illuminate\Http\Request), Object(Closure))
#60 C:\Users\Gaser\Desktop\COPRRA\vendor\laravel\framework\src\Illuminate\Pipeline\Pipeline.php(137): Illuminate\Pipeline\Pipeline->{closure:{closure:Illuminate\Pipeline\Pipeline::carry():194}:195}(Object(Illuminate\Http\Request))
#61 C:\Users\Gaser\Desktop\COPRRA\vendor\laravel\framework\src\Illuminate\Foundation\Http\Kernel.php(175): Illuminate\Pipeline\Pipeline->then(Object(Closure))
#62 C:\Users\Gaser\Desktop\COPRRA\vendor\laravel\framework\src\Illuminate\Foundation\Http\Kernel.php(144): Illuminate\Foundation\Http\Kernel->sendRequestThroughRouter(Object(Illuminate\Http\Request))
#63 C:\Users\Gaser\Desktop\COPRRA\vendor\laravel\framework\src\Illuminate\Foundation\Testing\Concerns\MakesHttpRequests.php(607): Illuminate\Foundation\Http\Kernel->handle(Object(Illuminate\Http\Request))
#64 C:\Users\Gaser\Desktop\COPRRA\vendor\laravel\framework\src\Illuminate\Foundation\Testing\Concerns\MakesHttpRequests.php(368): Illuminate\Foundation\Testing\TestCase->call('GET', 'http://localhos...', Array, Array, Array, Array)
#65 C:\Users\Gaser\Desktop\COPRRA\tests\Feature\Http\Controllers\AdminControllerTest.php(55): Illuminate\Foundation\Testing\TestCase->get('http://localhos...')
#66 C:\Users\Gaser\Desktop\COPRRA\vendor\phpunit\phpunit\src\Framework\TestCase.php(1317): Tests\Feature\Http\Controllers\AdminControllerTest->it_can_display_users_management_page()
#67 C:\Users\Gaser\Desktop\COPRRA\vendor\phpunit\phpunit\src\Framework\TestCase.php(517): PHPUnit\Framework\TestCase->runTest()
#68 C:\Users\Gaser\Desktop\COPRRA\vendor\phpunit\phpunit\src\Framework\TestRunner\TestRunner.php(99): PHPUnit\Framework\TestCase->runBare()
#69 C:\Users\Gaser\Desktop\COPRRA\vendor\phpunit\phpunit\src\Framework\TestCase.php(357): PHPUnit\Framework\TestRunner->run(Object(Tests\Feature\Http\Controllers\AdminControllerTest))
#70 C:\Users\Gaser\Desktop\COPRRA\vendor\phpunit\phpunit\src\Framework\TestSuite.php(374): PHPUnit\Framework\TestCase->run()
#71 C:\Users\Gaser\Desktop\COPRRA\vendor\phpunit\phpunit\src\Framework\TestSuite.php(374): PHPUnit\Framework\TestSuite->run()
#72 C:\Users\Gaser\Desktop\COPRRA\vendor\phpunit\phpunit\src\Framework\TestSuite.php(374): PHPUnit\Framework\TestSuite->run()
#73 C:\Users\Gaser\Desktop\COPRRA\vendor\phpunit\phpunit\src\TextUI\TestRunner.php(64): PHPUnit\Framework\TestSuite->run()
#74 C:\Users\Gaser\Desktop\COPRRA\vendor\phpunit\phpunit\src\TextUI\Application.php(229): PHPUnit\TextUI\TestRunner->run(Object(PHPUnit\TextUI\Configuration\Configuration), Object(PHPUnit\Runner\ResultCache\DefaultResultCache), Object(PHPUnit\Framework\TestSuite))
#75 C:\Users\Gaser\Desktop\COPRRA\vendor\phpunit\phpunit\phpunit(104): PHPUnit\TextUI\Application->run(Array)
#76 C:\Users\Gaser\Desktop\COPRRA\vendor\bin\phpunit(119): include('C:\\Users\\Gaser\\...')
#77 {main}

----------------------------------------------------------------------------------

Method App\Http\Controllers\AdminController::users does not exist.

C:\Users\Gaser\Desktop\COPRRA\vendor\laravel\framework\src\Illuminate\Testing\TestResponseAssert.php:45
C:\Users\Gaser\Desktop\COPRRA\vendor\laravel\framework\src\Illuminate\Testing\TestResponse.php:174
C:\Users\Gaser\Desktop\COPRRA\tests\Feature\Http\Controllers\AdminControllerTest.php:58
C:\Users\Gaser\Desktop\COPRRA\vendor\phpunit\phpunit\phpunit:104

14) Tests\Feature\Http\Controllers\Api\Admin\BrandControllerTest::test_can_delete_brand
Failed asserting that a row in the table [brands] does not match the attributes {
    "id": 1
}.

Found similar results: [
    {
        "id": 1
    }
].

C:\Users\Gaser\Desktop\COPRRA\vendor\laravel\framework\src\Illuminate\Foundation\Testing\Concerns\InteractsWithDatabase.php:79
C:\Users\Gaser\Desktop\COPRRA\tests\Feature\Http\Controllers\Api\Admin\BrandControllerTest.php:211
C:\Users\Gaser\Desktop\COPRRA\vendor\phpunit\phpunit\phpunit:104

15) Tests\Feature\Http\Controllers\Api\Admin\CategoryControllerTest::test_can_list_categories
Expected response status code [200] but received 500.
Failed asserting that 500 is identical to 200.

The following exception occurred during the last request:

BadMethodCallException: Method App\Http\Controllers\Api\Admin\CategoryController::index does not exist. in C:\Users\Gaser\Desktop\COPRRA\vendor\laravel\framework\src\Illuminate\Routing\Controller.php:68
Stack trace:
#0 C:\Users\Gaser\Desktop\COPRRA\vendor\laravel\framework\src\Illuminate\Routing\Controller.php(54): Illuminate\Routing\Controller->__call('index', Array)
#1 C:\Users\Gaser\Desktop\COPRRA\vendor\laravel\framework\src\Illuminate\Routing\ControllerDispatcher.php(43): Illuminate\Routing\Controller->callAction('index', Array)
#2 C:\Users\Gaser\Desktop\COPRRA\vendor\laravel\framework\src\Illuminate\Routing\Route.php(265): Illuminate\Routing\ControllerDispatcher->dispatch(Object(Illuminate\Routing\Route), Object(App\Http\Controllers\Api\Admin\CategoryController), 'index')
#3 C:\Users\Gaser\Desktop\COPRRA\vendor\laravel\framework\src\Illuminate\Routing\Route.php(211): Illuminate\Routing\Route->runController()
#4 C:\Users\Gaser\Desktop\COPRRA\vendor\laravel\framework\src\Illuminate\Routing\Router.php(822): Illuminate\Routing\Route->run()
#5 C:\Users\Gaser\Desktop\COPRRA\vendor\laravel\framework\src\Illuminate\Pipeline\Pipeline.php(180): Illuminate\Routing\Router->{closure:Illuminate\Routing\Router::runRouteWithinStack():821}(Object(Illuminate\Http\Request))
#6 C:\Users\Gaser\Desktop\COPRRA\app\Http\Middleware\AdminMiddleware.php(40): Illuminate\Pipeline\Pipeline->{closure:Illuminate\Pipeline\Pipeline::prepareDestination():178}(Object(Illuminate\Http\Request))
#7 C:\Users\Gaser\Desktop\COPRRA\vendor\laravel\framework\src\Illuminate\Pipeline\Pipeline.php(219): App\Http\Middleware\AdminMiddleware->handle(Object(Illuminate\Http\Request), Object(Closure))
#8 C:\Users\Gaser\Desktop\COPRRA\app\Http\Middleware\ApiErrorHandler.php(26): Illuminate\Pipeline\Pipeline->{closure:{closure:Illuminate\Pipeline\Pipeline::carry():194}:195}(Object(Illuminate\Http\Request))
#9 C:\Users\Gaser\Desktop\COPRRA\vendor\laravel\framework\src\Illuminate\Pipeline\Pipeline.php(219): App\Http\Middleware\ApiErrorHandler->handle(Object(Illuminate\Http\Request), Object(Closure))
#10 C:\Users\Gaser\Desktop\COPRRA\vendor\laravel\framework\src\Illuminate\Routing\Middleware\SubstituteBindings.php(50): Illuminate\Pipeline\Pipeline->{closure:{closure:Illuminate\Pipeline\Pipeline::carry():194}:195}(Object(Illuminate\Http\Request))
#11 C:\Users\Gaser\Desktop\COPRRA\vendor\laravel\framework\src\Illuminate\Pipeline\Pipeline.php(219): Illuminate\Routing\Middleware\SubstituteBindings->handle(Object(Illuminate\Http\Request), Object(Closure))
#12 C:\Users\Gaser\Desktop\COPRRA\vendor\laravel\framework\src\Illuminate\Routing\Middleware\ThrottleRequests.php(166): Illuminate\Pipeline\Pipeline->{closure:{closure:Illuminate\Pipeline\Pipeline::carry():194}:195}(Object(Illuminate\Http\Request))
#13 C:\Users\Gaser\Desktop\COPRRA\vendor\laravel\framework\src\Illuminate\Routing\Middleware\ThrottleRequests.php(129): Illuminate\Routing\Middleware\ThrottleRequests->handleRequest(Object(Illuminate\Http\Request), Object(Closure), Array)
#14 C:\Users\Gaser\Desktop\COPRRA\vendor\laravel\framework\src\Illuminate\Routing\Middleware\ThrottleRequests.php(90): Illuminate\Routing\Middleware\ThrottleRequests->handleRequestUsingNamedLimiter(Object(Illuminate\Http\Request), Object(Closure), 'admin', Object(Closure))
#15 C:\Users\Gaser\Desktop\COPRRA\vendor\laravel\framework\src\Illuminate\Pipeline\Pipeline.php(219): Illuminate\Routing\Middleware\ThrottleRequests->handle(Object(Illuminate\Http\Request), Object(Closure), 'admin')
#16 C:\Users\Gaser\Desktop\COPRRA\vendor\laravel\framework\src\Illuminate\Routing\Middleware\ThrottleRequests.php(166): Illuminate\Pipeline\Pipeline->{closure:{closure:Illuminate\Pipeline\Pipeline::carry():194}:195}(Object(Illuminate\Http\Request))
#17 C:\Users\Gaser\Desktop\COPRRA\vendor\laravel\framework\src\Illuminate\Routing\Middleware\ThrottleRequests.php(129): Illuminate\Routing\Middleware\ThrottleRequests->handleRequest(Object(Illuminate\Http\Request), Object(Closure), Array)
#18 C:\Users\Gaser\Desktop\COPRRA\vendor\laravel\framework\src\Illuminate\Routing\Middleware\ThrottleRequests.php(90): Illuminate\Routing\Middleware\ThrottleRequests->handleRequestUsingNamedLimiter(Object(Illuminate\Http\Request), Object(Closure), 'api', Object(Closure))
#19 C:\Users\Gaser\Desktop\COPRRA\vendor\laravel\framework\src\Illuminate\Pipeline\Pipeline.php(219): Illuminate\Routing\Middleware\ThrottleRequests->handle(Object(Illuminate\Http\Request), Object(Closure), 'api')
#20 C:\Users\Gaser\Desktop\COPRRA\vendor\laravel\framework\src\Illuminate\Auth\Middleware\Authenticate.php(63): Illuminate\Pipeline\Pipeline->{closure:{closure:Illuminate\Pipeline\Pipeline::carry():194}:195}(Object(Illuminate\Http\Request))
#21 C:\Users\Gaser\Desktop\COPRRA\vendor\laravel\framework\src\Illuminate\Pipeline\Pipeline.php(219): Illuminate\Auth\Middleware\Authenticate->handle(Object(Illuminate\Http\Request), Object(Closure))
#22 C:\Users\Gaser\Desktop\COPRRA\vendor\laravel\sanctum\src\Http\Middleware\EnsureFrontendRequestsAreStateful.php(26): Illuminate\Pipeline\Pipeline->{closure:{closure:Illuminate\Pipeline\Pipeline::carry():194}:195}(Object(Illuminate\Http\Request))
#23 C:\Users\Gaser\Desktop\COPRRA\vendor\laravel\framework\src\Illuminate\Pipeline\Pipeline.php(180): Laravel\Sanctum\Http\Middleware\EnsureFrontendRequestsAreStateful->{closure:Laravel\Sanctum\Http\Middleware\EnsureFrontendRequestsAreStateful::handle():25}(Object(Illuminate\Http\Request))
#24 C:\Users\Gaser\Desktop\COPRRA\vendor\laravel\framework\src\Illuminate\Pipeline\Pipeline.php(137): Illuminate\Pipeline\Pipeline->{closure:Illuminate\Pipeline\Pipeline::prepareDestination():178}(Object(Illuminate\Http\Request))
#25 C:\Users\Gaser\Desktop\COPRRA\vendor\laravel\sanctum\src\Http\Middleware\EnsureFrontendRequestsAreStateful.php(25): Illuminate\Pipeline\Pipeline->then(Object(Closure))
#26 C:\Users\Gaser\Desktop\COPRRA\vendor\laravel\framework\src\Illuminate\Pipeline\Pipeline.php(219): Laravel\Sanctum\Http\Middleware\EnsureFrontendRequestsAreStateful->handle(Object(Illuminate\Http\Request), Object(Closure))
#27 C:\Users\Gaser\Desktop\COPRRA\vendor\laravel\framework\src\Illuminate\Pipeline\Pipeline.php(137): Illuminate\Pipeline\Pipeline->{closure:{closure:Illuminate\Pipeline\Pipeline::carry():194}:195}(Object(Illuminate\Http\Request))
#28 C:\Users\Gaser\Desktop\COPRRA\vendor\laravel\framework\src\Illuminate\Routing\Router.php(821): Illuminate\Pipeline\Pipeline->then(Object(Closure))
#29 C:\Users\Gaser\Desktop\COPRRA\vendor\laravel\framework\src\Illuminate\Routing\Router.php(800): Illuminate\Routing\Router->runRouteWithinStack(Object(Illuminate\Routing\Route), Object(Illuminate\Http\Request))
#30 C:\Users\Gaser\Desktop\COPRRA\vendor\laravel\framework\src\Illuminate\Routing\Router.php(764): Illuminate\Routing\Router->runRoute(Object(Illuminate\Http\Request), Object(Illuminate\Routing\Route))
#31 C:\Users\Gaser\Desktop\COPRRA\vendor\laravel\framework\src\Illuminate\Routing\Router.php(753): Illuminate\Routing\Router->dispatchToRoute(Object(Illuminate\Http\Request))
#32 C:\Users\Gaser\Desktop\COPRRA\vendor\laravel\framework\src\Illuminate\Foundation\Http\Kernel.php(200): Illuminate\Routing\Router->dispatch(Object(Illuminate\Http\Request))
#33 C:\Users\Gaser\Desktop\COPRRA\vendor\laravel\framework\src\Illuminate\Pipeline\Pipeline.php(180): Illuminate\Foundation\Http\Kernel->{closure:Illuminate\Foundation\Http\Kernel::dispatchToRouter():197}(Object(Illuminate\Http\Request))
#34 C:\Users\Gaser\Desktop\COPRRA\vendor\livewire\livewire\src\Features\SupportDisablingBackButtonCache\DisableBackButtonCacheMiddleware.php(19): Illuminate\Pipeline\Pipeline->{closure:Illuminate\Pipeline\Pipeline::prepareDestination():178}(Object(Illuminate\Http\Request))
#35 C:\Users\Gaser\Desktop\COPRRA\vendor\laravel\framework\src\Illuminate\Pipeline\Pipeline.php(219): Livewire\Features\SupportDisablingBackButtonCache\DisableBackButtonCacheMiddleware->handle(Object(Illuminate\Http\Request), Object(Closure))
#36 C:\Users\Gaser\Desktop\COPRRA\app\Http\Middleware\SecurityHeadersMiddleware.php(27): Illuminate\Pipeline\Pipeline->{closure:{closure:Illuminate\Pipeline\Pipeline::carry():194}:195}(Object(Illuminate\Http\Request))
#37 C:\Users\Gaser\Desktop\COPRRA\vendor\laravel\framework\src\Illuminate\Pipeline\Pipeline.php(219): App\Http\Middleware\SecurityHeadersMiddleware->handle(Object(Illuminate\Http\Request), Object(Closure))
#38 C:\Users\Gaser\Desktop\COPRRA\vendor\laravel\framework\src\Illuminate\Foundation\Http\Middleware\TransformsRequest.php(21): Illuminate\Pipeline\Pipeline->{closure:{closure:Illuminate\Pipeline\Pipeline::carry():194}:195}(Object(Illuminate\Http\Request))
#39 C:\Users\Gaser\Desktop\COPRRA\vendor\laravel\framework\src\Illuminate\Foundation\Http\Middleware\ConvertEmptyStringsToNull.php(31): Illuminate\Foundation\Http\Middleware\TransformsRequest->handle(Object(Illuminate\Http\Request), Object(Closure))
#40 C:\Users\Gaser\Desktop\COPRRA\vendor\laravel\framework\src\Illuminate\Pipeline\Pipeline.php(219): Illuminate\Foundation\Http\Middleware\ConvertEmptyStringsToNull->handle(Object(Illuminate\Http\Request), Object(Closure))
#41 C:\Users\Gaser\Desktop\COPRRA\vendor\laravel\framework\src\Illuminate\Foundation\Http\Middleware\TransformsRequest.php(21): Illuminate\Pipeline\Pipeline->{closure:{closure:Illuminate\Pipeline\Pipeline::carry():194}:195}(Object(Illuminate\Http\Request))
#42 C:\Users\Gaser\Desktop\COPRRA\vendor\laravel\framework\src\Illuminate\Foundation\Http\Middleware\TrimStrings.php(51): Illuminate\Foundation\Http\Middleware\TransformsRequest->handle(Object(Illuminate\Http\Request), Object(Closure))
#43 C:\Users\Gaser\Desktop\COPRRA\vendor\laravel\framework\src\Illuminate\Pipeline\Pipeline.php(219): Illuminate\Foundation\Http\Middleware\TrimStrings->handle(Object(Illuminate\Http\Request), Object(Closure))
#44 C:\Users\Gaser\Desktop\COPRRA\vendor\laravel\framework\src\Illuminate\Http\Middleware\ValidatePostSize.php(27): Illuminate\Pipeline\Pipeline->{closure:{closure:Illuminate\Pipeline\Pipeline::carry():194}:195}(Object(Illuminate\Http\Request))
#45 C:\Users\Gaser\Desktop\COPRRA\vendor\laravel\framework\src\Illuminate\Pipeline\Pipeline.php(219): Illuminate\Http\Middleware\ValidatePostSize->handle(Object(Illuminate\Http\Request), Object(Closure))
#46 C:\Users\Gaser\Desktop\COPRRA\vendor\laravel\framework\src\Illuminate\Foundation\Http\Middleware\PreventRequestsDuringMaintenance.php(109): Illuminate\Pipeline\Pipeline->{closure:{closure:Illuminate\Pipeline\Pipeline::carry():194}:195}(Object(Illuminate\Http\Request))
#47 C:\Users\Gaser\Desktop\COPRRA\vendor\laravel\framework\src\Illuminate\Pipeline\Pipeline.php(219): Illuminate\Foundation\Http\Middleware\PreventRequestsDuringMaintenance->handle(Object(Illuminate\Http\Request), Object(Closure))
#48 C:\Users\Gaser\Desktop\COPRRA\vendor\laravel\framework\src\Illuminate\Http\Middleware\HandleCors.php(61): Illuminate\Pipeline\Pipeline->{closure:{closure:Illuminate\Pipeline\Pipeline::carry():194}:195}(Object(Illuminate\Http\Request))
#49 C:\Users\Gaser\Desktop\COPRRA\vendor\laravel\framework\src\Illuminate\Pipeline\Pipeline.php(219): Illuminate\Http\Middleware\HandleCors->handle(Object(Illuminate\Http\Request), Object(Closure))
#50 C:\Users\Gaser\Desktop\COPRRA\vendor\laravel\framework\src\Illuminate\Http\Middleware\TrustProxies.php(58): Illuminate\Pipeline\Pipeline->{closure:{closure:Illuminate\Pipeline\Pipeline::carry():194}:195}(Object(Illuminate\Http\Request))
#51 C:\Users\Gaser\Desktop\COPRRA\vendor\laravel\framework\src\Illuminate\Pipeline\Pipeline.php(219): Illuminate\Http\Middleware\TrustProxies->handle(Object(Illuminate\Http\Request), Object(Closure))
#52 C:\Users\Gaser\Desktop\COPRRA\vendor\laravel\framework\src\Illuminate\Foundation\Http\Middleware\InvokeDeferredCallbacks.php(22): Illuminate\Pipeline\Pipeline->{closure:{closure:Illuminate\Pipeline\Pipeline::carry():194}:195}(Object(Illuminate\Http\Request))
#53 C:\Users\Gaser\Desktop\COPRRA\vendor\laravel\framework\src\Illuminate\Pipeline\Pipeline.php(219): Illuminate\Foundation\Http\Middleware\InvokeDeferredCallbacks->handle(Object(Illuminate\Http\Request), Object(Closure))
#54 C:\Users\Gaser\Desktop\COPRRA\vendor\laravel\framework\src\Illuminate\Http\Middleware\ValidatePathEncoding.php(26): Illuminate\Pipeline\Pipeline->{closure:{closure:Illuminate\Pipeline\Pipeline::carry():194}:195}(Object(Illuminate\Http\Request))
#55 C:\Users\Gaser\Desktop\COPRRA\vendor\laravel\framework\src\Illuminate\Pipeline\Pipeline.php(219): Illuminate\Http\Middleware\ValidatePathEncoding->handle(Object(Illuminate\Http\Request), Object(Closure))
#56 C:\Users\Gaser\Desktop\COPRRA\vendor\laravel\framework\src\Illuminate\Pipeline\Pipeline.php(137): Illuminate\Pipeline\Pipeline->{closure:{closure:Illuminate\Pipeline\Pipeline::carry():194}:195}(Object(Illuminate\Http\Request))
#57 C:\Users\Gaser\Desktop\COPRRA\vendor\laravel\framework\src\Illuminate\Foundation\Http\Kernel.php(175): Illuminate\Pipeline\Pipeline->then(Object(Closure))
#58 C:\Users\Gaser\Desktop\COPRRA\vendor\laravel\framework\src\Illuminate\Foundation\Http\Kernel.php(144): Illuminate\Foundation\Http\Kernel->sendRequestThroughRouter(Object(Illuminate\Http\Request))
#59 C:\Users\Gaser\Desktop\COPRRA\vendor\laravel\framework\src\Illuminate\Foundation\Testing\Concerns\MakesHttpRequests.php(607): Illuminate\Foundation\Http\Kernel->handle(Object(Illuminate\Http\Request))
#60 C:\Users\Gaser\Desktop\COPRRA\vendor\laravel\framework\src\Illuminate\Foundation\Testing\Concerns\MakesHttpRequests.php(573): Illuminate\Foundation\Testing\TestCase->call('GET', '/api/admin/cate...', Array, Array, Array, Array, '[]')
#61 C:\Users\Gaser\Desktop\COPRRA\vendor\laravel\framework\src\Illuminate\Foundation\Testing\Concerns\MakesHttpRequests.php(381): Illuminate\Foundation\Testing\TestCase->json('GET', '/api/admin/cate...', Array, Array, 0)
#62 C:\Users\Gaser\Desktop\COPRRA\tests\Feature\Http\Controllers\Api\Admin\CategoryControllerTest.php(38): Illuminate\Foundation\Testing\TestCase->getJson('/api/admin/cate...')
#63 C:\Users\Gaser\Desktop\COPRRA\vendor\phpunit\phpunit\src\Framework\TestCase.php(1317): Tests\Feature\Http\Controllers\Api\Admin\CategoryControllerTest->test_can_list_categories()
#64 C:\Users\Gaser\Desktop\COPRRA\vendor\phpunit\phpunit\src\Framework\TestCase.php(517): PHPUnit\Framework\TestCase->runTest()
#65 C:\Users\Gaser\Desktop\COPRRA\vendor\phpunit\phpunit\src\Framework\TestRunner\TestRunner.php(99): PHPUnit\Framework\TestCase->runBare()
#66 C:\Users\Gaser\Desktop\COPRRA\vendor\phpunit\phpunit\src\Framework\TestCase.php(357): PHPUnit\Framework\TestRunner->run(Object(Tests\Feature\Http\Controllers\Api\Admin\CategoryControllerTest))
#67 C:\Users\Gaser\Desktop\COPRRA\vendor\phpunit\phpunit\src\Framework\TestSuite.php(374): PHPUnit\Framework\TestCase->run()
#68 C:\Users\Gaser\Desktop\COPRRA\vendor\phpunit\phpunit\src\Framework\TestSuite.php(374): PHPUnit\Framework\TestSuite->run()
#69 C:\Users\Gaser\Desktop\COPRRA\vendor\phpunit\phpunit\src\Framework\TestSuite.php(374): PHPUnit\Framework\TestSuite->run()
#70 C:\Users\Gaser\Desktop\COPRRA\vendor\phpunit\phpunit\src\TextUI\TestRunner.php(64): PHPUnit\Framework\TestSuite->run()
#71 C:\Users\Gaser\Desktop\COPRRA\vendor\phpunit\phpunit\src\TextUI\Application.php(229): PHPUnit\TextUI\TestRunner->run(Object(PHPUnit\TextUI\Configuration\Configuration), Object(PHPUnit\Runner\ResultCache\DefaultResultCache), Object(PHPUnit\Framework\TestSuite))
#72 C:\Users\Gaser\Desktop\COPRRA\vendor\phpunit\phpunit\phpunit(104): PHPUnit\TextUI\Application->run(Array)
#73 C:\Users\Gaser\Desktop\COPRRA\vendor\bin\phpunit(119): include('C:\\Users\\Gaser\\...')
#74 {main}

----------------------------------------------------------------------------------

Method App\Http\Controllers\Api\Admin\CategoryController::index does not exist.

C:\Users\Gaser\Desktop\COPRRA\vendor\laravel\framework\src\Illuminate\Testing\TestResponseAssert.php:45
C:\Users\Gaser\Desktop\COPRRA\vendor\laravel\framework\src\Illuminate\Testing\TestResponse.php:174
C:\Users\Gaser\Desktop\COPRRA\tests\Feature\Http\Controllers\Api\Admin\CategoryControllerTest.php:40
C:\Users\Gaser\Desktop\COPRRA\vendor\phpunit\phpunit\phpunit:104

16) Tests\Feature\Http\Controllers\Api\Admin\CategoryControllerTest::test_can_show_specific_category
Expected response status code [200] but received 500.
Failed asserting that 500 is identical to 200.

The following exception occurred during the last request:

BadMethodCallException: Method App\Http\Controllers\Api\Admin\CategoryController::show does not exist. in C:\Users\Gaser\Desktop\COPRRA\vendor\laravel\framework\src\Illuminate\Routing\Controller.php:68
Stack trace:
#0 C:\Users\Gaser\Desktop\COPRRA\vendor\laravel\framework\src\Illuminate\Routing\Controller.php(54): Illuminate\Routing\Controller->__call('show', Array)
#1 C:\Users\Gaser\Desktop\COPRRA\vendor\laravel\framework\src\Illuminate\Routing\ControllerDispatcher.php(43): Illuminate\Routing\Controller->callAction('show', Array)
#2 C:\Users\Gaser\Desktop\COPRRA\vendor\laravel\framework\src\Illuminate\Routing\Route.php(265): Illuminate\Routing\ControllerDispatcher->dispatch(Object(Illuminate\Routing\Route), Object(App\Http\Controllers\Api\Admin\CategoryController), 'show')
#3 C:\Users\Gaser\Desktop\COPRRA\vendor\laravel\framework\src\Illuminate\Routing\Route.php(211): Illuminate\Routing\Route->runController()
#4 C:\Users\Gaser\Desktop\COPRRA\vendor\laravel\framework\src\Illuminate\Routing\Router.php(822): Illuminate\Routing\Route->run()
#5 C:\Users\Gaser\Desktop\COPRRA\vendor\laravel\framework\src\Illuminate\Pipeline\Pipeline.php(180): Illuminate\Routing\Router->{closure:Illuminate\Routing\Router::runRouteWithinStack():821}(Object(Illuminate\Http\Request))
#6 C:\Users\Gaser\Desktop\COPRRA\app\Http\Middleware\AdminMiddleware.php(40): Illuminate\Pipeline\Pipeline->{closure:Illuminate\Pipeline\Pipeline::prepareDestination():178}(Object(Illuminate\Http\Request))
#7 C:\Users\Gaser\Desktop\COPRRA\vendor\laravel\framework\src\Illuminate\Pipeline\Pipeline.php(219): App\Http\Middleware\AdminMiddleware->handle(Object(Illuminate\Http\Request), Object(Closure))
#8 C:\Users\Gaser\Desktop\COPRRA\app\Http\Middleware\ApiErrorHandler.php(26): Illuminate\Pipeline\Pipeline->{closure:{closure:Illuminate\Pipeline\Pipeline::carry():194}:195}(Object(Illuminate\Http\Request))
#9 C:\Users\Gaser\Desktop\COPRRA\vendor\laravel\framework\src\Illuminate\Pipeline\Pipeline.php(219): App\Http\Middleware\ApiErrorHandler->handle(Object(Illuminate\Http\Request), Object(Closure))
#10 C:\Users\Gaser\Desktop\COPRRA\vendor\laravel\framework\src\Illuminate\Routing\Middleware\SubstituteBindings.php(50): Illuminate\Pipeline\Pipeline->{closure:{closure:Illuminate\Pipeline\Pipeline::carry():194}:195}(Object(Illuminate\Http\Request))
#11 C:\Users\Gaser\Desktop\COPRRA\vendor\laravel\framework\src\Illuminate\Pipeline\Pipeline.php(219): Illuminate\Routing\Middleware\SubstituteBindings->handle(Object(Illuminate\Http\Request), Object(Closure))
#12 C:\Users\Gaser\Desktop\COPRRA\vendor\laravel\framework\src\Illuminate\Routing\Middleware\ThrottleRequests.php(166): Illuminate\Pipeline\Pipeline->{closure:{closure:Illuminate\Pipeline\Pipeline::carry():194}:195}(Object(Illuminate\Http\Request))
#13 C:\Users\Gaser\Desktop\COPRRA\vendor\laravel\framework\src\Illuminate\Routing\Middleware\ThrottleRequests.php(129): Illuminate\Routing\Middleware\ThrottleRequests->handleRequest(Object(Illuminate\Http\Request), Object(Closure), Array)
#14 C:\Users\Gaser\Desktop\COPRRA\vendor\laravel\framework\src\Illuminate\Routing\Middleware\ThrottleRequests.php(90): Illuminate\Routing\Middleware\ThrottleRequests->handleRequestUsingNamedLimiter(Object(Illuminate\Http\Request), Object(Closure), 'admin', Object(Closure))
#15 C:\Users\Gaser\Desktop\COPRRA\vendor\laravel\framework\src\Illuminate\Pipeline\Pipeline.php(219): Illuminate\Routing\Middleware\ThrottleRequests->handle(Object(Illuminate\Http\Request), Object(Closure), 'admin')
#16 C:\Users\Gaser\Desktop\COPRRA\vendor\laravel\framework\src\Illuminate\Routing\Middleware\ThrottleRequests.php(166): Illuminate\Pipeline\Pipeline->{closure:{closure:Illuminate\Pipeline\Pipeline::carry():194}:195}(Object(Illuminate\Http\Request))
#17 C:\Users\Gaser\Desktop\COPRRA\vendor\laravel\framework\src\Illuminate\Routing\Middleware\ThrottleRequests.php(129): Illuminate\Routing\Middleware\ThrottleRequests->handleRequest(Object(Illuminate\Http\Request), Object(Closure), Array)
#18 C:\Users\Gaser\Desktop\COPRRA\vendor\laravel\framework\src\Illuminate\Routing\Middleware\ThrottleRequests.php(90): Illuminate\Routing\Middleware\ThrottleRequests->handleRequestUsingNamedLimiter(Object(Illuminate\Http\Request), Object(Closure), 'api', Object(Closure))
#19 C:\Users\Gaser\Desktop\COPRRA\vendor\laravel\framework\src\Illuminate\Pipeline\Pipeline.php(219): Illuminate\Routing\Middleware\ThrottleRequests->handle(Object(Illuminate\Http\Request), Object(Closure), 'api')
#20 C:\Users\Gaser\Desktop\COPRRA\vendor\laravel\framework\src\Illuminate\Auth\Middleware\Authenticate.php(63): Illuminate\Pipeline\Pipeline->{closure:{closure:Illuminate\Pipeline\Pipeline::carry():194}:195}(Object(Illuminate\Http\Request))
#21 C:\Users\Gaser\Desktop\COPRRA\vendor\laravel\framework\src\Illuminate\Pipeline\Pipeline.php(219): Illuminate\Auth\Middleware\Authenticate->handle(Object(Illuminate\Http\Request), Object(Closure))
#22 C:\Users\Gaser\Desktop\COPRRA\vendor\laravel\sanctum\src\Http\Middleware\EnsureFrontendRequestsAreStateful.php(26): Illuminate\Pipeline\Pipeline->{closure:{closure:Illuminate\Pipeline\Pipeline::carry():194}:195}(Object(Illuminate\Http\Request))
#23 C:\Users\Gaser\Desktop\COPRRA\vendor\laravel\framework\src\Illuminate\Pipeline\Pipeline.php(180): Laravel\Sanctum\Http\Middleware\EnsureFrontendRequestsAreStateful->{closure:Laravel\Sanctum\Http\Middleware\EnsureFrontendRequestsAreStateful::handle():25}(Object(Illuminate\Http\Request))
#24 C:\Users\Gaser\Desktop\COPRRA\vendor\laravel\framework\src\Illuminate\Pipeline\Pipeline.php(137): Illuminate\Pipeline\Pipeline->{closure:Illuminate\Pipeline\Pipeline::prepareDestination():178}(Object(Illuminate\Http\Request))
#25 C:\Users\Gaser\Desktop\COPRRA\vendor\laravel\sanctum\src\Http\Middleware\EnsureFrontendRequestsAreStateful.php(25): Illuminate\Pipeline\Pipeline->then(Object(Closure))
#26 C:\Users\Gaser\Desktop\COPRRA\vendor\laravel\framework\src\Illuminate\Pipeline\Pipeline.php(219): Laravel\Sanctum\Http\Middleware\EnsureFrontendRequestsAreStateful->handle(Object(Illuminate\Http\Request), Object(Closure))
#27 C:\Users\Gaser\Desktop\COPRRA\vendor\laravel\framework\src\Illuminate\Pipeline\Pipeline.php(137): Illuminate\Pipeline\Pipeline->{closure:{closure:Illuminate\Pipeline\Pipeline::carry():194}:195}(Object(Illuminate\Http\Request))
#28 C:\Users\Gaser\Desktop\COPRRA\vendor\laravel\framework\src\Illuminate\Routing\Router.php(821): Illuminate\Pipeline\Pipeline->then(Object(Closure))
#29 C:\Users\Gaser\Desktop\COPRRA\vendor\laravel\framework\src\Illuminate\Routing\Router.php(800): Illuminate\Routing\Router->runRouteWithinStack(Object(Illuminate\Routing\Route), Object(Illuminate\Http\Request))
#30 C:\Users\Gaser\Desktop\COPRRA\vendor\laravel\framework\src\Illuminate\Routing\Router.php(764): Illuminate\Routing\Router->runRoute(Object(Illuminate\Http\Request), Object(Illuminate\Routing\Route))
#31 C:\Users\Gaser\Desktop\COPRRA\vendor\laravel\framework\src\Illuminate\Routing\Router.php(753): Illuminate\Routing\Router->dispatchToRoute(Object(Illuminate\Http\Request))
#32 C:\Users\Gaser\Desktop\COPRRA\vendor\laravel\framework\src\Illuminate\Foundation\Http\Kernel.php(200): Illuminate\Routing\Router->dispatch(Object(Illuminate\Http\Request))
#33 C:\Users\Gaser\Desktop\COPRRA\vendor\laravel\framework\src\Illuminate\Pipeline\Pipeline.php(180): Illuminate\Foundation\Http\Kernel->{closure:Illuminate\Foundation\Http\Kernel::dispatchToRouter():197}(Object(Illuminate\Http\Request))
#34 C:\Users\Gaser\Desktop\COPRRA\vendor\livewire\livewire\src\Features\SupportDisablingBackButtonCache\DisableBackButtonCacheMiddleware.php(19): Illuminate\Pipeline\Pipeline->{closure:Illuminate\Pipeline\Pipeline::prepareDestination():178}(Object(Illuminate\Http\Request))
#35 C:\Users\Gaser\Desktop\COPRRA\vendor\laravel\framework\src\Illuminate\Pipeline\Pipeline.php(219): Livewire\Features\SupportDisablingBackButtonCache\DisableBackButtonCacheMiddleware->handle(Object(Illuminate\Http\Request), Object(Closure))
#36 C:\Users\Gaser\Desktop\COPRRA\app\Http\Middleware\SecurityHeadersMiddleware.php(27): Illuminate\Pipeline\Pipeline->{closure:{closure:Illuminate\Pipeline\Pipeline::carry():194}:195}(Object(Illuminate\Http\Request))
#37 C:\Users\Gaser\Desktop\COPRRA\vendor\laravel\framework\src\Illuminate\Pipeline\Pipeline.php(219): App\Http\Middleware\SecurityHeadersMiddleware->handle(Object(Illuminate\Http\Request), Object(Closure))
#38 C:\Users\Gaser\Desktop\COPRRA\vendor\laravel\framework\src\Illuminate\Foundation\Http\Middleware\TransformsRequest.php(21): Illuminate\Pipeline\Pipeline->{closure:{closure:Illuminate\Pipeline\Pipeline::carry():194}:195}(Object(Illuminate\Http\Request))
#39 C:\Users\Gaser\Desktop\COPRRA\vendor\laravel\framework\src\Illuminate\Foundation\Http\Middleware\ConvertEmptyStringsToNull.php(31): Illuminate\Foundation\Http\Middleware\TransformsRequest->handle(Object(Illuminate\Http\Request), Object(Closure))
#40 C:\Users\Gaser\Desktop\COPRRA\vendor\laravel\framework\src\Illuminate\Pipeline\Pipeline.php(219): Illuminate\Foundation\Http\Middleware\ConvertEmptyStringsToNull->handle(Object(Illuminate\Http\Request), Object(Closure))
#41 C:\Users\Gaser\Desktop\COPRRA\vendor\laravel\framework\src\Illuminate\Foundation\Http\Middleware\TransformsRequest.php(21): Illuminate\Pipeline\Pipeline->{closure:{closure:Illuminate\Pipeline\Pipeline::carry():194}:195}(Object(Illuminate\Http\Request))
#42 C:\Users\Gaser\Desktop\COPRRA\vendor\laravel\framework\src\Illuminate\Foundation\Http\Middleware\TrimStrings.php(51): Illuminate\Foundation\Http\Middleware\TransformsRequest->handle(Object(Illuminate\Http\Request), Object(Closure))
#43 C:\Users\Gaser\Desktop\COPRRA\vendor\laravel\framework\src\Illuminate\Pipeline\Pipeline.php(219): Illuminate\Foundation\Http\Middleware\TrimStrings->handle(Object(Illuminate\Http\Request), Object(Closure))
#44 C:\Users\Gaser\Desktop\COPRRA\vendor\laravel\framework\src\Illuminate\Http\Middleware\ValidatePostSize.php(27): Illuminate\Pipeline\Pipeline->{closure:{closure:Illuminate\Pipeline\Pipeline::carry():194}:195}(Object(Illuminate\Http\Request))
#45 C:\Users\Gaser\Desktop\COPRRA\vendor\laravel\framework\src\Illuminate\Pipeline\Pipeline.php(219): Illuminate\Http\Middleware\ValidatePostSize->handle(Object(Illuminate\Http\Request), Object(Closure))
#46 C:\Users\Gaser\Desktop\COPRRA\vendor\laravel\framework\src\Illuminate\Foundation\Http\Middleware\PreventRequestsDuringMaintenance.php(109): Illuminate\Pipeline\Pipeline->{closure:{closure:Illuminate\Pipeline\Pipeline::carry():194}:195}(Object(Illuminate\Http\Request))
#47 C:\Users\Gaser\Desktop\COPRRA\vendor\laravel\framework\src\Illuminate\Pipeline\Pipeline.php(219): Illuminate\Foundation\Http\Middleware\PreventRequestsDuringMaintenance->handle(Object(Illuminate\Http\Request), Object(Closure))
#48 C:\Users\Gaser\Desktop\COPRRA\vendor\laravel\framework\src\Illuminate\Http\Middleware\HandleCors.php(61): Illuminate\Pipeline\Pipeline->{closure:{closure:Illuminate\Pipeline\Pipeline::carry():194}:195}(Object(Illuminate\Http\Request))
#49 C:\Users\Gaser\Desktop\COPRRA\vendor\laravel\framework\src\Illuminate\Pipeline\Pipeline.php(219): Illuminate\Http\Middleware\HandleCors->handle(Object(Illuminate\Http\Request), Object(Closure))
#50 C:\Users\Gaser\Desktop\COPRRA\vendor\laravel\framework\src\Illuminate\Http\Middleware\TrustProxies.php(58): Illuminate\Pipeline\Pipeline->{closure:{closure:Illuminate\Pipeline\Pipeline::carry():194}:195}(Object(Illuminate\Http\Request))
#51 C:\Users\Gaser\Desktop\COPRRA\vendor\laravel\framework\src\Illuminate\Pipeline\Pipeline.php(219): Illuminate\Http\Middleware\TrustProxies->handle(Object(Illuminate\Http\Request), Object(Closure))
#52 C:\Users\Gaser\Desktop\COPRRA\vendor\laravel\framework\src\Illuminate\Foundation\Http\Middleware\InvokeDeferredCallbacks.php(22): Illuminate\Pipeline\Pipeline->{closure:{closure:Illuminate\Pipeline\Pipeline::carry():194}:195}(Object(Illuminate\Http\Request))
#53 C:\Users\Gaser\Desktop\COPRRA\vendor\laravel\framework\src\Illuminate\Pipeline\Pipeline.php(219): Illuminate\Foundation\Http\Middleware\InvokeDeferredCallbacks->handle(Object(Illuminate\Http\Request), Object(Closure))
#54 C:\Users\Gaser\Desktop\COPRRA\vendor\laravel\framework\src\Illuminate\Http\Middleware\ValidatePathEncoding.php(26): Illuminate\Pipeline\Pipeline->{closure:{closure:Illuminate\Pipeline\Pipeline::carry():194}:195}(Object(Illuminate\Http\Request))
#55 C:\Users\Gaser\Desktop\COPRRA\vendor\laravel\framework\src\Illuminate\Pipeline\Pipeline.php(219): Illuminate\Http\Middleware\ValidatePathEncoding->handle(Object(Illuminate\Http\Request), Object(Closure))
#56 C:\Users\Gaser\Desktop\COPRRA\vendor\laravel\framework\src\Illuminate\Pipeline\Pipeline.php(137): Illuminate\Pipeline\Pipeline->{closure:{closure:Illuminate\Pipeline\Pipeline::carry():194}:195}(Object(Illuminate\Http\Request))
#57 C:\Users\Gaser\Desktop\COPRRA\vendor\laravel\framework\src\Illuminate\Foundation\Http\Kernel.php(175): Illuminate\Pipeline\Pipeline->then(Object(Closure))
#58 C:\Users\Gaser\Desktop\COPRRA\vendor\laravel\framework\src\Illuminate\Foundation\Http\Kernel.php(144): Illuminate\Foundation\Http\Kernel->sendRequestThroughRouter(Object(Illuminate\Http\Request))
#59 C:\Users\Gaser\Desktop\COPRRA\vendor\laravel\framework\src\Illuminate\Foundation\Testing\Concerns\MakesHttpRequests.php(607): Illuminate\Foundation\Http\Kernel->handle(Object(Illuminate\Http\Request))
#60 C:\Users\Gaser\Desktop\COPRRA\vendor\laravel\framework\src\Illuminate\Foundation\Testing\Concerns\MakesHttpRequests.php(573): Illuminate\Foundation\Testing\TestCase->call('GET', '/api/admin/cate...', Array, Array, Array, Array, '[]')
#61 C:\Users\Gaser\Desktop\COPRRA\vendor\laravel\framework\src\Illuminate\Foundation\Testing\Concerns\MakesHttpRequests.php(381): Illuminate\Foundation\Testing\TestCase->json('GET', '/api/admin/cate...', Array, Array, 0)
#62 C:\Users\Gaser\Desktop\COPRRA\tests\Feature\Http\Controllers\Api\Admin\CategoryControllerTest.php(79): Illuminate\Foundation\Testing\TestCase->getJson('/api/admin/cate...')
#63 C:\Users\Gaser\Desktop\COPRRA\vendor\phpunit\phpunit\src\Framework\TestCase.php(1317): Tests\Feature\Http\Controllers\Api\Admin\CategoryControllerTest->test_can_show_specific_category()
#64 C:\Users\Gaser\Desktop\COPRRA\vendor\phpunit\phpunit\src\Framework\TestCase.php(517): PHPUnit\Framework\TestCase->runTest()
#65 C:\Users\Gaser\Desktop\COPRRA\vendor\phpunit\phpunit\src\Framework\TestRunner\TestRunner.php(99): PHPUnit\Framework\TestCase->runBare()
#66 C:\Users\Gaser\Desktop\COPRRA\vendor\phpunit\phpunit\src\Framework\TestCase.php(357): PHPUnit\Framework\TestRunner->run(Object(Tests\Feature\Http\Controllers\Api\Admin\CategoryControllerTest))
#67 C:\Users\Gaser\Desktop\COPRRA\vendor\phpunit\phpunit\src\Framework\TestSuite.php(374): PHPUnit\Framework\TestCase->run()
#68 C:\Users\Gaser\Desktop\COPRRA\vendor\phpunit\phpunit\src\Framework\TestSuite.php(374): PHPUnit\Framework\TestSuite->run()
#69 C:\Users\Gaser\Desktop\COPRRA\vendor\phpunit\phpunit\src\Framework\TestSuite.php(374): PHPUnit\Framework\TestSuite->run()
#70 C:\Users\Gaser\Desktop\COPRRA\vendor\phpunit\phpunit\src\TextUI\TestRunner.php(64): PHPUnit\Framework\TestSuite->run()
#71 C:\Users\Gaser\Desktop\COPRRA\vendor\phpunit\phpunit\src\TextUI\Application.php(229): PHPUnit\TextUI\TestRunner->run(Object(PHPUnit\TextUI\Configuration\Configuration), Object(PHPUnit\Runner\ResultCache\DefaultResultCache), Object(PHPUnit\Framework\TestSuite))
#72 C:\Users\Gaser\Desktop\COPRRA\vendor\phpunit\phpunit\phpunit(104): PHPUnit\TextUI\Application->run(Array)
#73 C:\Users\Gaser\Desktop\COPRRA\vendor\bin\phpunit(119): include('C:\\Users\\Gaser\\...')
#74 {main}

----------------------------------------------------------------------------------

Method App\Http\Controllers\Api\Admin\CategoryController::show does not exist.

C:\Users\Gaser\Desktop\COPRRA\vendor\laravel\framework\src\Illuminate\Testing\TestResponseAssert.php:45
C:\Users\Gaser\Desktop\COPRRA\vendor\laravel\framework\src\Illuminate\Testing\TestResponse.php:174
C:\Users\Gaser\Desktop\COPRRA\tests\Feature\Http\Controllers\Api\Admin\CategoryControllerTest.php:81
C:\Users\Gaser\Desktop\COPRRA\vendor\phpunit\phpunit\phpunit:104

17) Tests\Feature\Http\Controllers\Api\Admin\CategoryControllerTest::test_returns_404_for_nonexistent_category
Expected response status code [404] but received 500.
Failed asserting that 500 is identical to 404.

The following exception occurred during the last request:

BadMethodCallException: Method App\Http\Controllers\Api\Admin\CategoryController::show does not exist. in C:\Users\Gaser\Desktop\COPRRA\vendor\laravel\framework\src\Illuminate\Routing\Controller.php:68
Stack trace:
#0 C:\Users\Gaser\Desktop\COPRRA\vendor\laravel\framework\src\Illuminate\Routing\Controller.php(54): Illuminate\Routing\Controller->__call('show', Array)
#1 C:\Users\Gaser\Desktop\COPRRA\vendor\laravel\framework\src\Illuminate\Routing\ControllerDispatcher.php(43): Illuminate\Routing\Controller->callAction('show', Array)
#2 C:\Users\Gaser\Desktop\COPRRA\vendor\laravel\framework\src\Illuminate\Routing\Route.php(265): Illuminate\Routing\ControllerDispatcher->dispatch(Object(Illuminate\Routing\Route), Object(App\Http\Controllers\Api\Admin\CategoryController), 'show')
#3 C:\Users\Gaser\Desktop\COPRRA\vendor\laravel\framework\src\Illuminate\Routing\Route.php(211): Illuminate\Routing\Route->runController()
#4 C:\Users\Gaser\Desktop\COPRRA\vendor\laravel\framework\src\Illuminate\Routing\Router.php(822): Illuminate\Routing\Route->run()
#5 C:\Users\Gaser\Desktop\COPRRA\vendor\laravel\framework\src\Illuminate\Pipeline\Pipeline.php(180): Illuminate\Routing\Router->{closure:Illuminate\Routing\Router::runRouteWithinStack():821}(Object(Illuminate\Http\Request))
#6 C:\Users\Gaser\Desktop\COPRRA\app\Http\Middleware\AdminMiddleware.php(40): Illuminate\Pipeline\Pipeline->{closure:Illuminate\Pipeline\Pipeline::prepareDestination():178}(Object(Illuminate\Http\Request))
#7 C:\Users\Gaser\Desktop\COPRRA\vendor\laravel\framework\src\Illuminate\Pipeline\Pipeline.php(219): App\Http\Middleware\AdminMiddleware->handle(Object(Illuminate\Http\Request), Object(Closure))
#8 C:\Users\Gaser\Desktop\COPRRA\app\Http\Middleware\ApiErrorHandler.php(26): Illuminate\Pipeline\Pipeline->{closure:{closure:Illuminate\Pipeline\Pipeline::carry():194}:195}(Object(Illuminate\Http\Request))
#9 C:\Users\Gaser\Desktop\COPRRA\vendor\laravel\framework\src\Illuminate\Pipeline\Pipeline.php(219): App\Http\Middleware\ApiErrorHandler->handle(Object(Illuminate\Http\Request), Object(Closure))
#10 C:\Users\Gaser\Desktop\COPRRA\vendor\laravel\framework\src\Illuminate\Routing\Middleware\SubstituteBindings.php(50): Illuminate\Pipeline\Pipeline->{closure:{closure:Illuminate\Pipeline\Pipeline::carry():194}:195}(Object(Illuminate\Http\Request))
#11 C:\Users\Gaser\Desktop\COPRRA\vendor\laravel\framework\src\Illuminate\Pipeline\Pipeline.php(219): Illuminate\Routing\Middleware\SubstituteBindings->handle(Object(Illuminate\Http\Request), Object(Closure))
#12 C:\Users\Gaser\Desktop\COPRRA\vendor\laravel\framework\src\Illuminate\Routing\Middleware\ThrottleRequests.php(166): Illuminate\Pipeline\Pipeline->{closure:{closure:Illuminate\Pipeline\Pipeline::carry():194}:195}(Object(Illuminate\Http\Request))
#13 C:\Users\Gaser\Desktop\COPRRA\vendor\laravel\framework\src\Illuminate\Routing\Middleware\ThrottleRequests.php(129): Illuminate\Routing\Middleware\ThrottleRequests->handleRequest(Object(Illuminate\Http\Request), Object(Closure), Array)
#14 C:\Users\Gaser\Desktop\COPRRA\vendor\laravel\framework\src\Illuminate\Routing\Middleware\ThrottleRequests.php(90): Illuminate\Routing\Middleware\ThrottleRequests->handleRequestUsingNamedLimiter(Object(Illuminate\Http\Request), Object(Closure), 'admin', Object(Closure))
#15 C:\Users\Gaser\Desktop\COPRRA\vendor\laravel\framework\src\Illuminate\Pipeline\Pipeline.php(219): Illuminate\Routing\Middleware\ThrottleRequests->handle(Object(Illuminate\Http\Request), Object(Closure), 'admin')
#16 C:\Users\Gaser\Desktop\COPRRA\vendor\laravel\framework\src\Illuminate\Routing\Middleware\ThrottleRequests.php(166): Illuminate\Pipeline\Pipeline->{closure:{closure:Illuminate\Pipeline\Pipeline::carry():194}:195}(Object(Illuminate\Http\Request))
#17 C:\Users\Gaser\Desktop\COPRRA\vendor\laravel\framework\src\Illuminate\Routing\Middleware\ThrottleRequests.php(129): Illuminate\Routing\Middleware\ThrottleRequests->handleRequest(Object(Illuminate\Http\Request), Object(Closure), Array)
#18 C:\Users\Gaser\Desktop\COPRRA\vendor\laravel\framework\src\Illuminate\Routing\Middleware\ThrottleRequests.php(90): Illuminate\Routing\Middleware\ThrottleRequests->handleRequestUsingNamedLimiter(Object(Illuminate\Http\Request), Object(Closure), 'api', Object(Closure))
#19 C:\Users\Gaser\Desktop\COPRRA\vendor\laravel\framework\src\Illuminate\Pipeline\Pipeline.php(219): Illuminate\Routing\Middleware\ThrottleRequests->handle(Object(Illuminate\Http\Request), Object(Closure), 'api')
#20 C:\Users\Gaser\Desktop\COPRRA\vendor\laravel\framework\src\Illuminate\Auth\Middleware\Authenticate.php(63): Illuminate\Pipeline\Pipeline->{closure:{closure:Illuminate\Pipeline\Pipeline::carry():194}:195}(Object(Illuminate\Http\Request))
#21 C:\Users\Gaser\Desktop\COPRRA\vendor\laravel\framework\src\Illuminate\Pipeline\Pipeline.php(219): Illuminate\Auth\Middleware\Authenticate->handle(Object(Illuminate\Http\Request), Object(Closure))
#22 C:\Users\Gaser\Desktop\COPRRA\vendor\laravel\sanctum\src\Http\Middleware\EnsureFrontendRequestsAreStateful.php(26): Illuminate\Pipeline\Pipeline->{closure:{closure:Illuminate\Pipeline\Pipeline::carry():194}:195}(Object(Illuminate\Http\Request))
#23 C:\Users\Gaser\Desktop\COPRRA\vendor\laravel\framework\src\Illuminate\Pipeline\Pipeline.php(180): Laravel\Sanctum\Http\Middleware\EnsureFrontendRequestsAreStateful->{closure:Laravel\Sanctum\Http\Middleware\EnsureFrontendRequestsAreStateful::handle():25}(Object(Illuminate\Http\Request))
#24 C:\Users\Gaser\Desktop\COPRRA\vendor\laravel\framework\src\Illuminate\Pipeline\Pipeline.php(137): Illuminate\Pipeline\Pipeline->{closure:Illuminate\Pipeline\Pipeline::prepareDestination():178}(Object(Illuminate\Http\Request))
#25 C:\Users\Gaser\Desktop\COPRRA\vendor\laravel\sanctum\src\Http\Middleware\EnsureFrontendRequestsAreStateful.php(25): Illuminate\Pipeline\Pipeline->then(Object(Closure))
#26 C:\Users\Gaser\Desktop\COPRRA\vendor\laravel\framework\src\Illuminate\Pipeline\Pipeline.php(219): Laravel\Sanctum\Http\Middleware\EnsureFrontendRequestsAreStateful->handle(Object(Illuminate\Http\Request), Object(Closure))
#27 C:\Users\Gaser\Desktop\COPRRA\vendor\laravel\framework\src\Illuminate\Pipeline\Pipeline.php(137): Illuminate\Pipeline\Pipeline->{closure:{closure:Illuminate\Pipeline\Pipeline::carry():194}:195}(Object(Illuminate\Http\Request))
#28 C:\Users\Gaser\Desktop\COPRRA\vendor\laravel\framework\src\Illuminate\Routing\Router.php(821): Illuminate\Pipeline\Pipeline->then(Object(Closure))
#29 C:\Users\Gaser\Desktop\COPRRA\vendor\laravel\framework\src\Illuminate\Routing\Router.php(800): Illuminate\Routing\Router->runRouteWithinStack(Object(Illuminate\Routing\Route), Object(Illuminate\Http\Request))
#30 C:\Users\Gaser\Desktop\COPRRA\vendor\laravel\framework\src\Illuminate\Routing\Router.php(764): Illuminate\Routing\Router->runRoute(Object(Illuminate\Http\Request), Object(Illuminate\Routing\Route))
#31 C:\Users\Gaser\Desktop\COPRRA\vendor\laravel\framework\src\Illuminate\Routing\Router.php(753): Illuminate\Routing\Router->dispatchToRoute(Object(Illuminate\Http\Request))
#32 C:\Users\Gaser\Desktop\COPRRA\vendor\laravel\framework\src\Illuminate\Foundation\Http\Kernel.php(200): Illuminate\Routing\Router->dispatch(Object(Illuminate\Http\Request))
#33 C:\Users\Gaser\Desktop\COPRRA\vendor\laravel\framework\src\Illuminate\Pipeline\Pipeline.php(180): Illuminate\Foundation\Http\Kernel->{closure:Illuminate\Foundation\Http\Kernel::dispatchToRouter():197}(Object(Illuminate\Http\Request))
#34 C:\Users\Gaser\Desktop\COPRRA\vendor\livewire\livewire\src\Features\SupportDisablingBackButtonCache\DisableBackButtonCacheMiddleware.php(19): Illuminate\Pipeline\Pipeline->{closure:Illuminate\Pipeline\Pipeline::prepareDestination():178}(Object(Illuminate\Http\Request))
#35 C:\Users\Gaser\Desktop\COPRRA\vendor\laravel\framework\src\Illuminate\Pipeline\Pipeline.php(219): Livewire\Features\SupportDisablingBackButtonCache\DisableBackButtonCacheMiddleware->handle(Object(Illuminate\Http\Request), Object(Closure))
#36 C:\Users\Gaser\Desktop\COPRRA\app\Http\Middleware\SecurityHeadersMiddleware.php(27): Illuminate\Pipeline\Pipeline->{closure:{closure:Illuminate\Pipeline\Pipeline::carry():194}:195}(Object(Illuminate\Http\Request))
#37 C:\Users\Gaser\Desktop\COPRRA\vendor\laravel\framework\src\Illuminate\Pipeline\Pipeline.php(219): App\Http\Middleware\SecurityHeadersMiddleware->handle(Object(Illuminate\Http\Request), Object(Closure))
#38 C:\Users\Gaser\Desktop\COPRRA\vendor\laravel\framework\src\Illuminate\Foundation\Http\Middleware\TransformsRequest.php(21): Illuminate\Pipeline\Pipeline->{closure:{closure:Illuminate\Pipeline\Pipeline::carry():194}:195}(Object(Illuminate\Http\Request))
#39 C:\Users\Gaser\Desktop\COPRRA\vendor\laravel\framework\src\Illuminate\Foundation\Http\Middleware\ConvertEmptyStringsToNull.php(31): Illuminate\Foundation\Http\Middleware\TransformsRequest->handle(Object(Illuminate\Http\Request), Object(Closure))
#40 C:\Users\Gaser\Desktop\COPRRA\vendor\laravel\framework\src\Illuminate\Pipeline\Pipeline.php(219): Illuminate\Foundation\Http\Middleware\ConvertEmptyStringsToNull->handle(Object(Illuminate\Http\Request), Object(Closure))
#41 C:\Users\Gaser\Desktop\COPRRA\vendor\laravel\framework\src\Illuminate\Foundation\Http\Middleware\TransformsRequest.php(21): Illuminate\Pipeline\Pipeline->{closure:{closure:Illuminate\Pipeline\Pipeline::carry():194}:195}(Object(Illuminate\Http\Request))
#42 C:\Users\Gaser\Desktop\COPRRA\vendor\laravel\framework\src\Illuminate\Foundation\Http\Middleware\TrimStrings.php(51): Illuminate\Foundation\Http\Middleware\TransformsRequest->handle(Object(Illuminate\Http\Request), Object(Closure))
#43 C:\Users\Gaser\Desktop\COPRRA\vendor\laravel\framework\src\Illuminate\Pipeline\Pipeline.php(219): Illuminate\Foundation\Http\Middleware\TrimStrings->handle(Object(Illuminate\Http\Request), Object(Closure))
#44 C:\Users\Gaser\Desktop\COPRRA\vendor\laravel\framework\src\Illuminate\Http\Middleware\ValidatePostSize.php(27): Illuminate\Pipeline\Pipeline->{closure:{closure:Illuminate\Pipeline\Pipeline::carry():194}:195}(Object(Illuminate\Http\Request))
#45 C:\Users\Gaser\Desktop\COPRRA\vendor\laravel\framework\src\Illuminate\Pipeline\Pipeline.php(219): Illuminate\Http\Middleware\ValidatePostSize->handle(Object(Illuminate\Http\Request), Object(Closure))
#46 C:\Users\Gaser\Desktop\COPRRA\vendor\laravel\framework\src\Illuminate\Foundation\Http\Middleware\PreventRequestsDuringMaintenance.php(109): Illuminate\Pipeline\Pipeline->{closure:{closure:Illuminate\Pipeline\Pipeline::carry():194}:195}(Object(Illuminate\Http\Request))
#47 C:\Users\Gaser\Desktop\COPRRA\vendor\laravel\framework\src\Illuminate\Pipeline\Pipeline.php(219): Illuminate\Foundation\Http\Middleware\PreventRequestsDuringMaintenance->handle(Object(Illuminate\Http\Request), Object(Closure))
#48 C:\Users\Gaser\Desktop\COPRRA\vendor\laravel\framework\src\Illuminate\Http\Middleware\HandleCors.php(61): Illuminate\Pipeline\Pipeline->{closure:{closure:Illuminate\Pipeline\Pipeline::carry():194}:195}(Object(Illuminate\Http\Request))
#49 C:\Users\Gaser\Desktop\COPRRA\vendor\laravel\framework\src\Illuminate\Pipeline\Pipeline.php(219): Illuminate\Http\Middleware\HandleCors->handle(Object(Illuminate\Http\Request), Object(Closure))
#50 C:\Users\Gaser\Desktop\COPRRA\vendor\laravel\framework\src\Illuminate\Http\Middleware\TrustProxies.php(58): Illuminate\Pipeline\Pipeline->{closure:{closure:Illuminate\Pipeline\Pipeline::carry():194}:195}(Object(Illuminate\Http\Request))
#51 C:\Users\Gaser\Desktop\COPRRA\vendor\laravel\framework\src\Illuminate\Pipeline\Pipeline.php(219): Illuminate\Http\Middleware\TrustProxies->handle(Object(Illuminate\Http\Request), Object(Closure))
#52 C:\Users\Gaser\Desktop\COPRRA\vendor\laravel\framework\src\Illuminate\Foundation\Http\Middleware\InvokeDeferredCallbacks.php(22): Illuminate\Pipeline\Pipeline->{closure:{closure:Illuminate\Pipeline\Pipeline::carry():194}:195}(Object(Illuminate\Http\Request))
#53 C:\Users\Gaser\Desktop\COPRRA\vendor\laravel\framework\src\Illuminate\Pipeline\Pipeline.php(219): Illuminate\Foundation\Http\Middleware\InvokeDeferredCallbacks->handle(Object(Illuminate\Http\Request), Object(Closure))
#54 C:\Users\Gaser\Desktop\COPRRA\vendor\laravel\framework\src\Illuminate\Http\Middleware\ValidatePathEncoding.php(26): Illuminate\Pipeline\Pipeline->{closure:{closure:Illuminate\Pipeline\Pipeline::carry():194}:195}(Object(Illuminate\Http\Request))
#55 C:\Users\Gaser\Desktop\COPRRA\vendor\laravel\framework\src\Illuminate\Pipeline\Pipeline.php(219): Illuminate\Http\Middleware\ValidatePathEncoding->handle(Object(Illuminate\Http\Request), Object(Closure))
#56 C:\Users\Gaser\Desktop\COPRRA\vendor\laravel\framework\src\Illuminate\Pipeline\Pipeline.php(137): Illuminate\Pipeline\Pipeline->{closure:{closure:Illuminate\Pipeline\Pipeline::carry():194}:195}(Object(Illuminate\Http\Request))
#57 C:\Users\Gaser\Desktop\COPRRA\vendor\laravel\framework\src\Illuminate\Foundation\Http\Kernel.php(175): Illuminate\Pipeline\Pipeline->then(Object(Closure))
#58 C:\Users\Gaser\Desktop\COPRRA\vendor\laravel\framework\src\Illuminate\Foundation\Http\Kernel.php(144): Illuminate\Foundation\Http\Kernel->sendRequestThroughRouter(Object(Illuminate\Http\Request))
#59 C:\Users\Gaser\Desktop\COPRRA\vendor\laravel\framework\src\Illuminate\Foundation\Testing\Concerns\MakesHttpRequests.php(607): Illuminate\Foundation\Http\Kernel->handle(Object(Illuminate\Http\Request))
#60 C:\Users\Gaser\Desktop\COPRRA\vendor\laravel\framework\src\Illuminate\Foundation\Testing\Concerns\MakesHttpRequests.php(573): Illuminate\Foundation\Testing\TestCase->call('GET', '/api/admin/cate...', Array, Array, Array, Array, '[]')
#61 C:\Users\Gaser\Desktop\COPRRA\vendor\laravel\framework\src\Illuminate\Foundation\Testing\Concerns\MakesHttpRequests.php(381): Illuminate\Foundation\Testing\TestCase->json('GET', '/api/admin/cate...', Array, Array, 0)
#62 C:\Users\Gaser\Desktop\COPRRA\tests\Feature\Http\Controllers\Api\Admin\CategoryControllerTest.php(97): Illuminate\Foundation\Testing\TestCase->getJson('/api/admin/cate...')
#63 C:\Users\Gaser\Desktop\COPRRA\vendor\phpunit\phpunit\src\Framework\TestCase.php(1317): Tests\Feature\Http\Controllers\Api\Admin\CategoryControllerTest->test_returns_404_for_nonexistent_category()
#64 C:\Users\Gaser\Desktop\COPRRA\vendor\phpunit\phpunit\src\Framework\TestCase.php(517): PHPUnit\Framework\TestCase->runTest()
#65 C:\Users\Gaser\Desktop\COPRRA\vendor\phpunit\phpunit\src\Framework\TestRunner\TestRunner.php(99): PHPUnit\Framework\TestCase->runBare()
#66 C:\Users\Gaser\Desktop\COPRRA\vendor\phpunit\phpunit\src\Framework\TestCase.php(357): PHPUnit\Framework\TestRunner->run(Object(Tests\Feature\Http\Controllers\Api\Admin\CategoryControllerTest))
#67 C:\Users\Gaser\Desktop\COPRRA\vendor\phpunit\phpunit\src\Framework\TestSuite.php(374): PHPUnit\Framework\TestCase->run()
#68 C:\Users\Gaser\Desktop\COPRRA\vendor\phpunit\phpunit\src\Framework\TestSuite.php(374): PHPUnit\Framework\TestSuite->run()
#69 C:\Users\Gaser\Desktop\COPRRA\vendor\phpunit\phpunit\src\Framework\TestSuite.php(374): PHPUnit\Framework\TestSuite->run()
#70 C:\Users\Gaser\Desktop\COPRRA\vendor\phpunit\phpunit\src\TextUI\TestRunner.php(64): PHPUnit\Framework\TestSuite->run()
#71 C:\Users\Gaser\Desktop\COPRRA\vendor\phpunit\phpunit\src\TextUI\Application.php(229): PHPUnit\TextUI\TestRunner->run(Object(PHPUnit\TextUI\Configuration\Configuration), Object(PHPUnit\Runner\ResultCache\DefaultResultCache), Object(PHPUnit\Framework\TestSuite))
#72 C:\Users\Gaser\Desktop\COPRRA\vendor\phpunit\phpunit\phpunit(104): PHPUnit\TextUI\Application->run(Array)
#73 C:\Users\Gaser\Desktop\COPRRA\vendor\bin\phpunit(119): include('C:\\Users\\Gaser\\...')
#74 {main}

----------------------------------------------------------------------------------

Method App\Http\Controllers\Api\Admin\CategoryController::show does not exist.

C:\Users\Gaser\Desktop\COPRRA\vendor\laravel\framework\src\Illuminate\Testing\TestResponseAssert.php:45
C:\Users\Gaser\Desktop\COPRRA\vendor\laravel\framework\src\Illuminate\Testing\TestResponse.php:174
C:\Users\Gaser\Desktop\COPRRA\tests\Feature\Http\Controllers\Api\Admin\CategoryControllerTest.php:99
C:\Users\Gaser\Desktop\COPRRA\vendor\phpunit\phpunit\phpunit:104

18) Tests\Feature\Http\Controllers\Api\Admin\CategoryControllerTest::test_can_create_category
Expected response status code [201] but received 500.
Failed asserting that 500 is identical to 201.

The following exception occurred during the last request:

BadMethodCallException: Method App\Http\Controllers\Api\Admin\CategoryController::store does not exist. in C:\Users\Gaser\Desktop\COPRRA\vendor\laravel\framework\src\Illuminate\Routing\Controller.php:68
Stack trace:
#0 C:\Users\Gaser\Desktop\COPRRA\vendor\laravel\framework\src\Illuminate\Routing\Controller.php(54): Illuminate\Routing\Controller->__call('store', Array)
#1 C:\Users\Gaser\Desktop\COPRRA\vendor\laravel\framework\src\Illuminate\Routing\ControllerDispatcher.php(43): Illuminate\Routing\Controller->callAction('store', Array)
#2 C:\Users\Gaser\Desktop\COPRRA\vendor\laravel\framework\src\Illuminate\Routing\Route.php(265): Illuminate\Routing\ControllerDispatcher->dispatch(Object(Illuminate\Routing\Route), Object(App\Http\Controllers\Api\Admin\CategoryController), 'store')
#3 C:\Users\Gaser\Desktop\COPRRA\vendor\laravel\framework\src\Illuminate\Routing\Route.php(211): Illuminate\Routing\Route->runController()
#4 C:\Users\Gaser\Desktop\COPRRA\vendor\laravel\framework\src\Illuminate\Routing\Router.php(822): Illuminate\Routing\Route->run()
#5 C:\Users\Gaser\Desktop\COPRRA\vendor\laravel\framework\src\Illuminate\Pipeline\Pipeline.php(180): Illuminate\Routing\Router->{closure:Illuminate\Routing\Router::runRouteWithinStack():821}(Object(Illuminate\Http\Request))
#6 C:\Users\Gaser\Desktop\COPRRA\app\Http\Middleware\AdminMiddleware.php(40): Illuminate\Pipeline\Pipeline->{closure:Illuminate\Pipeline\Pipeline::prepareDestination():178}(Object(Illuminate\Http\Request))
#7 C:\Users\Gaser\Desktop\COPRRA\vendor\laravel\framework\src\Illuminate\Pipeline\Pipeline.php(219): App\Http\Middleware\AdminMiddleware->handle(Object(Illuminate\Http\Request), Object(Closure))
#8 C:\Users\Gaser\Desktop\COPRRA\app\Http\Middleware\ApiErrorHandler.php(26): Illuminate\Pipeline\Pipeline->{closure:{closure:Illuminate\Pipeline\Pipeline::carry():194}:195}(Object(Illuminate\Http\Request))
#9 C:\Users\Gaser\Desktop\COPRRA\vendor\laravel\framework\src\Illuminate\Pipeline\Pipeline.php(219): App\Http\Middleware\ApiErrorHandler->handle(Object(Illuminate\Http\Request), Object(Closure))
#10 C:\Users\Gaser\Desktop\COPRRA\vendor\laravel\framework\src\Illuminate\Routing\Middleware\SubstituteBindings.php(50): Illuminate\Pipeline\Pipeline->{closure:{closure:Illuminate\Pipeline\Pipeline::carry():194}:195}(Object(Illuminate\Http\Request))
#11 C:\Users\Gaser\Desktop\COPRRA\vendor\laravel\framework\src\Illuminate\Pipeline\Pipeline.php(219): Illuminate\Routing\Middleware\SubstituteBindings->handle(Object(Illuminate\Http\Request), Object(Closure))
#12 C:\Users\Gaser\Desktop\COPRRA\vendor\laravel\framework\src\Illuminate\Routing\Middleware\ThrottleRequests.php(166): Illuminate\Pipeline\Pipeline->{closure:{closure:Illuminate\Pipeline\Pipeline::carry():194}:195}(Object(Illuminate\Http\Request))
#13 C:\Users\Gaser\Desktop\COPRRA\vendor\laravel\framework\src\Illuminate\Routing\Middleware\ThrottleRequests.php(129): Illuminate\Routing\Middleware\ThrottleRequests->handleRequest(Object(Illuminate\Http\Request), Object(Closure), Array)
#14 C:\Users\Gaser\Desktop\COPRRA\vendor\laravel\framework\src\Illuminate\Routing\Middleware\ThrottleRequests.php(90): Illuminate\Routing\Middleware\ThrottleRequests->handleRequestUsingNamedLimiter(Object(Illuminate\Http\Request), Object(Closure), 'admin', Object(Closure))
#15 C:\Users\Gaser\Desktop\COPRRA\vendor\laravel\framework\src\Illuminate\Pipeline\Pipeline.php(219): Illuminate\Routing\Middleware\ThrottleRequests->handle(Object(Illuminate\Http\Request), Object(Closure), 'admin')
#16 C:\Users\Gaser\Desktop\COPRRA\vendor\laravel\framework\src\Illuminate\Routing\Middleware\ThrottleRequests.php(166): Illuminate\Pipeline\Pipeline->{closure:{closure:Illuminate\Pipeline\Pipeline::carry():194}:195}(Object(Illuminate\Http\Request))
#17 C:\Users\Gaser\Desktop\COPRRA\vendor\laravel\framework\src\Illuminate\Routing\Middleware\ThrottleRequests.php(129): Illuminate\Routing\Middleware\ThrottleRequests->handleRequest(Object(Illuminate\Http\Request), Object(Closure), Array)
#18 C:\Users\Gaser\Desktop\COPRRA\vendor\laravel\framework\src\Illuminate\Routing\Middleware\ThrottleRequests.php(90): Illuminate\Routing\Middleware\ThrottleRequests->handleRequestUsingNamedLimiter(Object(Illuminate\Http\Request), Object(Closure), 'api', Object(Closure))
#19 C:\Users\Gaser\Desktop\COPRRA\vendor\laravel\framework\src\Illuminate\Pipeline\Pipeline.php(219): Illuminate\Routing\Middleware\ThrottleRequests->handle(Object(Illuminate\Http\Request), Object(Closure), 'api')
#20 C:\Users\Gaser\Desktop\COPRRA\vendor\laravel\framework\src\Illuminate\Auth\Middleware\Authenticate.php(63): Illuminate\Pipeline\Pipeline->{closure:{closure:Illuminate\Pipeline\Pipeline::carry():194}:195}(Object(Illuminate\Http\Request))
#21 C:\Users\Gaser\Desktop\COPRRA\vendor\laravel\framework\src\Illuminate\Pipeline\Pipeline.php(219): Illuminate\Auth\Middleware\Authenticate->handle(Object(Illuminate\Http\Request), Object(Closure))
#22 C:\Users\Gaser\Desktop\COPRRA\vendor\laravel\sanctum\src\Http\Middleware\EnsureFrontendRequestsAreStateful.php(26): Illuminate\Pipeline\Pipeline->{closure:{closure:Illuminate\Pipeline\Pipeline::carry():194}:195}(Object(Illuminate\Http\Request))
#23 C:\Users\Gaser\Desktop\COPRRA\vendor\laravel\framework\src\Illuminate\Pipeline\Pipeline.php(180): Laravel\Sanctum\Http\Middleware\EnsureFrontendRequestsAreStateful->{closure:Laravel\Sanctum\Http\Middleware\EnsureFrontendRequestsAreStateful::handle():25}(Object(Illuminate\Http\Request))
#24 C:\Users\Gaser\Desktop\COPRRA\vendor\laravel\framework\src\Illuminate\Pipeline\Pipeline.php(137): Illuminate\Pipeline\Pipeline->{closure:Illuminate\Pipeline\Pipeline::prepareDestination():178}(Object(Illuminate\Http\Request))
#25 C:\Users\Gaser\Desktop\COPRRA\vendor\laravel\sanctum\src\Http\Middleware\EnsureFrontendRequestsAreStateful.php(25): Illuminate\Pipeline\Pipeline->then(Object(Closure))
#26 C:\Users\Gaser\Desktop\COPRRA\vendor\laravel\framework\src\Illuminate\Pipeline\Pipeline.php(219): Laravel\Sanctum\Http\Middleware\EnsureFrontendRequestsAreStateful->handle(Object(Illuminate\Http\Request), Object(Closure))
#27 C:\Users\Gaser\Desktop\COPRRA\vendor\laravel\framework\src\Illuminate\Pipeline\Pipeline.php(137): Illuminate\Pipeline\Pipeline->{closure:{closure:Illuminate\Pipeline\Pipeline::carry():194}:195}(Object(Illuminate\Http\Request))
#28 C:\Users\Gaser\Desktop\COPRRA\vendor\laravel\framework\src\Illuminate\Routing\Router.php(821): Illuminate\Pipeline\Pipeline->then(Object(Closure))
#29 C:\Users\Gaser\Desktop\COPRRA\vendor\laravel\framework\src\Illuminate\Routing\Router.php(800): Illuminate\Routing\Router->runRouteWithinStack(Object(Illuminate\Routing\Route), Object(Illuminate\Http\Request))
#30 C:\Users\Gaser\Desktop\COPRRA\vendor\laravel\framework\src\Illuminate\Routing\Router.php(764): Illuminate\Routing\Router->runRoute(Object(Illuminate\Http\Request), Object(Illuminate\Routing\Route))
#31 C:\Users\Gaser\Desktop\COPRRA\vendor\laravel\framework\src\Illuminate\Routing\Router.php(753): Illuminate\Routing\Router->dispatchToRoute(Object(Illuminate\Http\Request))
#32 C:\Users\Gaser\Desktop\COPRRA\vendor\laravel\framework\src\Illuminate\Foundation\Http\Kernel.php(200): Illuminate\Routing\Router->dispatch(Object(Illuminate\Http\Request))
#33 C:\Users\Gaser\Desktop\COPRRA\vendor\laravel\framework\src\Illuminate\Pipeline\Pipeline.php(180): Illuminate\Foundation\Http\Kernel->{closure:Illuminate\Foundation\Http\Kernel::dispatchToRouter():197}(Object(Illuminate\Http\Request))
#34 C:\Users\Gaser\Desktop\COPRRA\vendor\livewire\livewire\src\Features\SupportDisablingBackButtonCache\DisableBackButtonCacheMiddleware.php(19): Illuminate\Pipeline\Pipeline->{closure:Illuminate\Pipeline\Pipeline::prepareDestination():178}(Object(Illuminate\Http\Request))
#35 C:\Users\Gaser\Desktop\COPRRA\vendor\laravel\framework\src\Illuminate\Pipeline\Pipeline.php(219): Livewire\Features\SupportDisablingBackButtonCache\DisableBackButtonCacheMiddleware->handle(Object(Illuminate\Http\Request), Object(Closure))
#36 C:\Users\Gaser\Desktop\COPRRA\app\Http\Middleware\SecurityHeadersMiddleware.php(27): Illuminate\Pipeline\Pipeline->{closure:{closure:Illuminate\Pipeline\Pipeline::carry():194}:195}(Object(Illuminate\Http\Request))
#37 C:\Users\Gaser\Desktop\COPRRA\vendor\laravel\framework\src\Illuminate\Pipeline\Pipeline.php(219): App\Http\Middleware\SecurityHeadersMiddleware->handle(Object(Illuminate\Http\Request), Object(Closure))
#38 C:\Users\Gaser\Desktop\COPRRA\vendor\laravel\framework\src\Illuminate\Foundation\Http\Middleware\TransformsRequest.php(21): Illuminate\Pipeline\Pipeline->{closure:{closure:Illuminate\Pipeline\Pipeline::carry():194}:195}(Object(Illuminate\Http\Request))
#39 C:\Users\Gaser\Desktop\COPRRA\vendor\laravel\framework\src\Illuminate\Foundation\Http\Middleware\ConvertEmptyStringsToNull.php(31): Illuminate\Foundation\Http\Middleware\TransformsRequest->handle(Object(Illuminate\Http\Request), Object(Closure))
#40 C:\Users\Gaser\Desktop\COPRRA\vendor\laravel\framework\src\Illuminate\Pipeline\Pipeline.php(219): Illuminate\Foundation\Http\Middleware\ConvertEmptyStringsToNull->handle(Object(Illuminate\Http\Request), Object(Closure))
#41 C:\Users\Gaser\Desktop\COPRRA\vendor\laravel\framework\src\Illuminate\Foundation\Http\Middleware\TransformsRequest.php(21): Illuminate\Pipeline\Pipeline->{closure:{closure:Illuminate\Pipeline\Pipeline::carry():194}:195}(Object(Illuminate\Http\Request))
#42 C:\Users\Gaser\Desktop\COPRRA\vendor\laravel\framework\src\Illuminate\Foundation\Http\Middleware\TrimStrings.php(51): Illuminate\Foundation\Http\Middleware\TransformsRequest->handle(Object(Illuminate\Http\Request), Object(Closure))
#43 C:\Users\Gaser\Desktop\COPRRA\vendor\laravel\framework\src\Illuminate\Pipeline\Pipeline.php(219): Illuminate\Foundation\Http\Middleware\TrimStrings->handle(Object(Illuminate\Http\Request), Object(Closure))
#44 C:\Users\Gaser\Desktop\COPRRA\vendor\laravel\framework\src\Illuminate\Http\Middleware\ValidatePostSize.php(27): Illuminate\Pipeline\Pipeline->{closure:{closure:Illuminate\Pipeline\Pipeline::carry():194}:195}(Object(Illuminate\Http\Request))
#45 C:\Users\Gaser\Desktop\COPRRA\vendor\laravel\framework\src\Illuminate\Pipeline\Pipeline.php(219): Illuminate\Http\Middleware\ValidatePostSize->handle(Object(Illuminate\Http\Request), Object(Closure))
#46 C:\Users\Gaser\Desktop\COPRRA\vendor\laravel\framework\src\Illuminate\Foundation\Http\Middleware\PreventRequestsDuringMaintenance.php(109): Illuminate\Pipeline\Pipeline->{closure:{closure:Illuminate\Pipeline\Pipeline::carry():194}:195}(Object(Illuminate\Http\Request))
#47 C:\Users\Gaser\Desktop\COPRRA\vendor\laravel\framework\src\Illuminate\Pipeline\Pipeline.php(219): Illuminate\Foundation\Http\Middleware\PreventRequestsDuringMaintenance->handle(Object(Illuminate\Http\Request), Object(Closure))
#48 C:\Users\Gaser\Desktop\COPRRA\vendor\laravel\framework\src\Illuminate\Http\Middleware\HandleCors.php(61): Illuminate\Pipeline\Pipeline->{closure:{closure:Illuminate\Pipeline\Pipeline::carry():194}:195}(Object(Illuminate\Http\Request))
#49 C:\Users\Gaser\Desktop\COPRRA\vendor\laravel\framework\src\Illuminate\Pipeline\Pipeline.php(219): Illuminate\Http\Middleware\HandleCors->handle(Object(Illuminate\Http\Request), Object(Closure))
#50 C:\Users\Gaser\Desktop\COPRRA\vendor\laravel\framework\src\Illuminate\Http\Middleware\TrustProxies.php(58): Illuminate\Pipeline\Pipeline->{closure:{closure:Illuminate\Pipeline\Pipeline::carry():194}:195}(Object(Illuminate\Http\Request))
#51 C:\Users\Gaser\Desktop\COPRRA\vendor\laravel\framework\src\Illuminate\Pipeline\Pipeline.php(219): Illuminate\Http\Middleware\TrustProxies->handle(Object(Illuminate\Http\Request), Object(Closure))
#52 C:\Users\Gaser\Desktop\COPRRA\vendor\laravel\framework\src\Illuminate\Foundation\Http\Middleware\InvokeDeferredCallbacks.php(22): Illuminate\Pipeline\Pipeline->{closure:{closure:Illuminate\Pipeline\Pipeline::carry():194}:195}(Object(Illuminate\Http\Request))
#53 C:\Users\Gaser\Desktop\COPRRA\vendor\laravel\framework\src\Illuminate\Pipeline\Pipeline.php(219): Illuminate\Foundation\Http\Middleware\InvokeDeferredCallbacks->handle(Object(Illuminate\Http\Request), Object(Closure))
#54 C:\Users\Gaser\Desktop\COPRRA\vendor\laravel\framework\src\Illuminate\Http\Middleware\ValidatePathEncoding.php(26): Illuminate\Pipeline\Pipeline->{closure:{closure:Illuminate\Pipeline\Pipeline::carry():194}:195}(Object(Illuminate\Http\Request))
#55 C:\Users\Gaser\Desktop\COPRRA\vendor\laravel\framework\src\Illuminate\Pipeline\Pipeline.php(219): Illuminate\Http\Middleware\ValidatePathEncoding->handle(Object(Illuminate\Http\Request), Object(Closure))
#56 C:\Users\Gaser\Desktop\COPRRA\vendor\laravel\framework\src\Illuminate\Pipeline\Pipeline.php(137): Illuminate\Pipeline\Pipeline->{closure:{closure:Illuminate\Pipeline\Pipeline::carry():194}:195}(Object(Illuminate\Http\Request))
#57 C:\Users\Gaser\Desktop\COPRRA\vendor\laravel\framework\src\Illuminate\Foundation\Http\Kernel.php(175): Illuminate\Pipeline\Pipeline->then(Object(Closure))
#58 C:\Users\Gaser\Desktop\COPRRA\vendor\laravel\framework\src\Illuminate\Foundation\Http\Kernel.php(144): Illuminate\Foundation\Http\Kernel->sendRequestThroughRouter(Object(Illuminate\Http\Request))
#59 C:\Users\Gaser\Desktop\COPRRA\vendor\laravel\framework\src\Illuminate\Foundation\Testing\Concerns\MakesHttpRequests.php(607): Illuminate\Foundation\Http\Kernel->handle(Object(Illuminate\Http\Request))
#60 C:\Users\Gaser\Desktop\COPRRA\vendor\laravel\framework\src\Illuminate\Foundation\Testing\Concerns\MakesHttpRequests.php(573): Illuminate\Foundation\Testing\TestCase->call('POST', '/api/admin/cate...', Array, Array, Array, Array, '{"name":"Test C...')
#61 C:\Users\Gaser\Desktop\COPRRA\vendor\laravel\framework\src\Illuminate\Foundation\Testing\Concerns\MakesHttpRequests.php(411): Illuminate\Foundation\Testing\TestCase->json('POST', '/api/admin/cate...', Array, Array, 0)
#62 C:\Users\Gaser\Desktop\COPRRA\tests\Feature\Http\Controllers\Api\Admin\CategoryControllerTest.php(112): Illuminate\Foundation\Testing\TestCase->postJson('/api/admin/cate...', Array)
#63 C:\Users\Gaser\Desktop\COPRRA\vendor\phpunit\phpunit\src\Framework\TestCase.php(1317): Tests\Feature\Http\Controllers\Api\Admin\CategoryControllerTest->test_can_create_category()
#64 C:\Users\Gaser\Desktop\COPRRA\vendor\phpunit\phpunit\src\Framework\TestCase.php(517): PHPUnit\Framework\TestCase->runTest()
#65 C:\Users\Gaser\Desktop\COPRRA\vendor\phpunit\phpunit\src\Framework\TestRunner\TestRunner.php(99): PHPUnit\Framework\TestCase->runBare()
#66 C:\Users\Gaser\Desktop\COPRRA\vendor\phpunit\phpunit\src\Framework\TestCase.php(357): PHPUnit\Framework\TestRunner->run(Object(Tests\Feature\Http\Controllers\Api\Admin\CategoryControllerTest))
#67 C:\Users\Gaser\Desktop\COPRRA\vendor\phpunit\phpunit\src\Framework\TestSuite.php(374): PHPUnit\Framework\TestCase->run()
#68 C:\Users\Gaser\Desktop\COPRRA\vendor\phpunit\phpunit\src\Framework\TestSuite.php(374): PHPUnit\Framework\TestSuite->run()
#69 C:\Users\Gaser\Desktop\COPRRA\vendor\phpunit\phpunit\src\Framework\TestSuite.php(374): PHPUnit\Framework\TestSuite->run()
#70 C:\Users\Gaser\Desktop\COPRRA\vendor\phpunit\phpunit\src\TextUI\TestRunner.php(64): PHPUnit\Framework\TestSuite->run()
#71 C:\Users\Gaser\Desktop\COPRRA\vendor\phpunit\phpunit\src\TextUI\Application.php(229): PHPUnit\TextUI\TestRunner->run(Object(PHPUnit\TextUI\Configuration\Configuration), Object(PHPUnit\Runner\ResultCache\DefaultResultCache), Object(PHPUnit\Framework\TestSuite))
#72 C:\Users\Gaser\Desktop\COPRRA\vendor\phpunit\phpunit\phpunit(104): PHPUnit\TextUI\Application->run(Array)
#73 C:\Users\Gaser\Desktop\COPRRA\vendor\bin\phpunit(119): include('C:\\Users\\Gaser\\...')
#74 {main}

----------------------------------------------------------------------------------

Method App\Http\Controllers\Api\Admin\CategoryController::store does not exist.

C:\Users\Gaser\Desktop\COPRRA\vendor\laravel\framework\src\Illuminate\Testing\TestResponseAssert.php:45
C:\Users\Gaser\Desktop\COPRRA\vendor\laravel\framework\src\Illuminate\Testing\TestResponse.php:174
C:\Users\Gaser\Desktop\COPRRA\tests\Feature\Http\Controllers\Api\Admin\CategoryControllerTest.php:114
C:\Users\Gaser\Desktop\COPRRA\vendor\phpunit\phpunit\phpunit:104

19) Tests\Feature\Http\Controllers\Api\Admin\CategoryControllerTest::test_validates_category_creation_request
Expected response status code [422] but received 500.
Failed asserting that 500 is identical to 422.

The following exception occurred during the last request:

BadMethodCallException: Method App\Http\Controllers\Api\Admin\CategoryController::store does not exist. in C:\Users\Gaser\Desktop\COPRRA\vendor\laravel\framework\src\Illuminate\Routing\Controller.php:68
Stack trace:
#0 C:\Users\Gaser\Desktop\COPRRA\vendor\laravel\framework\src\Illuminate\Routing\Controller.php(54): Illuminate\Routing\Controller->__call('store', Array)
#1 C:\Users\Gaser\Desktop\COPRRA\vendor\laravel\framework\src\Illuminate\Routing\ControllerDispatcher.php(43): Illuminate\Routing\Controller->callAction('store', Array)
#2 C:\Users\Gaser\Desktop\COPRRA\vendor\laravel\framework\src\Illuminate\Routing\Route.php(265): Illuminate\Routing\ControllerDispatcher->dispatch(Object(Illuminate\Routing\Route), Object(App\Http\Controllers\Api\Admin\CategoryController), 'store')
#3 C:\Users\Gaser\Desktop\COPRRA\vendor\laravel\framework\src\Illuminate\Routing\Route.php(211): Illuminate\Routing\Route->runController()
#4 C:\Users\Gaser\Desktop\COPRRA\vendor\laravel\framework\src\Illuminate\Routing\Router.php(822): Illuminate\Routing\Route->run()
#5 C:\Users\Gaser\Desktop\COPRRA\vendor\laravel\framework\src\Illuminate\Pipeline\Pipeline.php(180): Illuminate\Routing\Router->{closure:Illuminate\Routing\Router::runRouteWithinStack():821}(Object(Illuminate\Http\Request))
#6 C:\Users\Gaser\Desktop\COPRRA\app\Http\Middleware\AdminMiddleware.php(40): Illuminate\Pipeline\Pipeline->{closure:Illuminate\Pipeline\Pipeline::prepareDestination():178}(Object(Illuminate\Http\Request))
#7 C:\Users\Gaser\Desktop\COPRRA\vendor\laravel\framework\src\Illuminate\Pipeline\Pipeline.php(219): App\Http\Middleware\AdminMiddleware->handle(Object(Illuminate\Http\Request), Object(Closure))
#8 C:\Users\Gaser\Desktop\COPRRA\app\Http\Middleware\ApiErrorHandler.php(26): Illuminate\Pipeline\Pipeline->{closure:{closure:Illuminate\Pipeline\Pipeline::carry():194}:195}(Object(Illuminate\Http\Request))
#9 C:\Users\Gaser\Desktop\COPRRA\vendor\laravel\framework\src\Illuminate\Pipeline\Pipeline.php(219): App\Http\Middleware\ApiErrorHandler->handle(Object(Illuminate\Http\Request), Object(Closure))
#10 C:\Users\Gaser\Desktop\COPRRA\vendor\laravel\framework\src\Illuminate\Routing\Middleware\SubstituteBindings.php(50): Illuminate\Pipeline\Pipeline->{closure:{closure:Illuminate\Pipeline\Pipeline::carry():194}:195}(Object(Illuminate\Http\Request))
#11 C:\Users\Gaser\Desktop\COPRRA\vendor\laravel\framework\src\Illuminate\Pipeline\Pipeline.php(219): Illuminate\Routing\Middleware\SubstituteBindings->handle(Object(Illuminate\Http\Request), Object(Closure))
#12 C:\Users\Gaser\Desktop\COPRRA\vendor\laravel\framework\src\Illuminate\Routing\Middleware\ThrottleRequests.php(166): Illuminate\Pipeline\Pipeline->{closure:{closure:Illuminate\Pipeline\Pipeline::carry():194}:195}(Object(Illuminate\Http\Request))
#13 C:\Users\Gaser\Desktop\COPRRA\vendor\laravel\framework\src\Illuminate\Routing\Middleware\ThrottleRequests.php(129): Illuminate\Routing\Middleware\ThrottleRequests->handleRequest(Object(Illuminate\Http\Request), Object(Closure), Array)
#14 C:\Users\Gaser\Desktop\COPRRA\vendor\laravel\framework\src\Illuminate\Routing\Middleware\ThrottleRequests.php(90): Illuminate\Routing\Middleware\ThrottleRequests->handleRequestUsingNamedLimiter(Object(Illuminate\Http\Request), Object(Closure), 'admin', Object(Closure))
#15 C:\Users\Gaser\Desktop\COPRRA\vendor\laravel\framework\src\Illuminate\Pipeline\Pipeline.php(219): Illuminate\Routing\Middleware\ThrottleRequests->handle(Object(Illuminate\Http\Request), Object(Closure), 'admin')
#16 C:\Users\Gaser\Desktop\COPRRA\vendor\laravel\framework\src\Illuminate\Routing\Middleware\ThrottleRequests.php(166): Illuminate\Pipeline\Pipeline->{closure:{closure:Illuminate\Pipeline\Pipeline::carry():194}:195}(Object(Illuminate\Http\Request))
#17 C:\Users\Gaser\Desktop\COPRRA\vendor\laravel\framework\src\Illuminate\Routing\Middleware\ThrottleRequests.php(129): Illuminate\Routing\Middleware\ThrottleRequests->handleRequest(Object(Illuminate\Http\Request), Object(Closure), Array)
#18 C:\Users\Gaser\Desktop\COPRRA\vendor\laravel\framework\src\Illuminate\Routing\Middleware\ThrottleRequests.php(90): Illuminate\Routing\Middleware\ThrottleRequests->handleRequestUsingNamedLimiter(Object(Illuminate\Http\Request), Object(Closure), 'api', Object(Closure))
#19 C:\Users\Gaser\Desktop\COPRRA\vendor\laravel\framework\src\Illuminate\Pipeline\Pipeline.php(219): Illuminate\Routing\Middleware\ThrottleRequests->handle(Object(Illuminate\Http\Request), Object(Closure), 'api')
#20 C:\Users\Gaser\Desktop\COPRRA\vendor\laravel\framework\src\Illuminate\Auth\Middleware\Authenticate.php(63): Illuminate\Pipeline\Pipeline->{closure:{closure:Illuminate\Pipeline\Pipeline::carry():194}:195}(Object(Illuminate\Http\Request))
#21 C:\Users\Gaser\Desktop\COPRRA\vendor\laravel\framework\src\Illuminate\Pipeline\Pipeline.php(219): Illuminate\Auth\Middleware\Authenticate->handle(Object(Illuminate\Http\Request), Object(Closure))
#22 C:\Users\Gaser\Desktop\COPRRA\vendor\laravel\sanctum\src\Http\Middleware\EnsureFrontendRequestsAreStateful.php(26): Illuminate\Pipeline\Pipeline->{closure:{closure:Illuminate\Pipeline\Pipeline::carry():194}:195}(Object(Illuminate\Http\Request))
#23 C:\Users\Gaser\Desktop\COPRRA\vendor\laravel\framework\src\Illuminate\Pipeline\Pipeline.php(180): Laravel\Sanctum\Http\Middleware\EnsureFrontendRequestsAreStateful->{closure:Laravel\Sanctum\Http\Middleware\EnsureFrontendRequestsAreStateful::handle():25}(Object(Illuminate\Http\Request))
#24 C:\Users\Gaser\Desktop\COPRRA\vendor\laravel\framework\src\Illuminate\Pipeline\Pipeline.php(137): Illuminate\Pipeline\Pipeline->{closure:Illuminate\Pipeline\Pipeline::prepareDestination():178}(Object(Illuminate\Http\Request))
#25 C:\Users\Gaser\Desktop\COPRRA\vendor\laravel\sanctum\src\Http\Middleware\EnsureFrontendRequestsAreStateful.php(25): Illuminate\Pipeline\Pipeline->then(Object(Closure))
#26 C:\Users\Gaser\Desktop\COPRRA\vendor\laravel\framework\src\Illuminate\Pipeline\Pipeline.php(219): Laravel\Sanctum\Http\Middleware\EnsureFrontendRequestsAreStateful->handle(Object(Illuminate\Http\Request), Object(Closure))
#27 C:\Users\Gaser\Desktop\COPRRA\vendor\laravel\framework\src\Illuminate\Pipeline\Pipeline.php(137): Illuminate\Pipeline\Pipeline->{closure:{closure:Illuminate\Pipeline\Pipeline::carry():194}:195}(Object(Illuminate\Http\Request))
#28 C:\Users\Gaser\Desktop\COPRRA\vendor\laravel\framework\src\Illuminate\Routing\Router.php(821): Illuminate\Pipeline\Pipeline->then(Object(Closure))
#29 C:\Users\Gaser\Desktop\COPRRA\vendor\laravel\framework\src\Illuminate\Routing\Router.php(800): Illuminate\Routing\Router->runRouteWithinStack(Object(Illuminate\Routing\Route), Object(Illuminate\Http\Request))
#30 C:\Users\Gaser\Desktop\COPRRA\vendor\laravel\framework\src\Illuminate\Routing\Router.php(764): Illuminate\Routing\Router->runRoute(Object(Illuminate\Http\Request), Object(Illuminate\Routing\Route))
#31 C:\Users\Gaser\Desktop\COPRRA\vendor\laravel\framework\src\Illuminate\Routing\Router.php(753): Illuminate\Routing\Router->dispatchToRoute(Object(Illuminate\Http\Request))
#32 C:\Users\Gaser\Desktop\COPRRA\vendor\laravel\framework\src\Illuminate\Foundation\Http\Kernel.php(200): Illuminate\Routing\Router->dispatch(Object(Illuminate\Http\Request))
#33 C:\Users\Gaser\Desktop\COPRRA\vendor\laravel\framework\src\Illuminate\Pipeline\Pipeline.php(180): Illuminate\Foundation\Http\Kernel->{closure:Illuminate\Foundation\Http\Kernel::dispatchToRouter():197}(Object(Illuminate\Http\Request))
#34 C:\Users\Gaser\Desktop\COPRRA\vendor\livewire\livewire\src\Features\SupportDisablingBackButtonCache\DisableBackButtonCacheMiddleware.php(19): Illuminate\Pipeline\Pipeline->{closure:Illuminate\Pipeline\Pipeline::prepareDestination():178}(Object(Illuminate\Http\Request))
#35 C:\Users\Gaser\Desktop\COPRRA\vendor\laravel\framework\src\Illuminate\Pipeline\Pipeline.php(219): Livewire\Features\SupportDisablingBackButtonCache\DisableBackButtonCacheMiddleware->handle(Object(Illuminate\Http\Request), Object(Closure))
#36 C:\Users\Gaser\Desktop\COPRRA\app\Http\Middleware\SecurityHeadersMiddleware.php(27): Illuminate\Pipeline\Pipeline->{closure:{closure:Illuminate\Pipeline\Pipeline::carry():194}:195}(Object(Illuminate\Http\Request))
#37 C:\Users\Gaser\Desktop\COPRRA\vendor\laravel\framework\src\Illuminate\Pipeline\Pipeline.php(219): App\Http\Middleware\SecurityHeadersMiddleware->handle(Object(Illuminate\Http\Request), Object(Closure))
#38 C:\Users\Gaser\Desktop\COPRRA\vendor\laravel\framework\src\Illuminate\Foundation\Http\Middleware\TransformsRequest.php(21): Illuminate\Pipeline\Pipeline->{closure:{closure:Illuminate\Pipeline\Pipeline::carry():194}:195}(Object(Illuminate\Http\Request))
#39 C:\Users\Gaser\Desktop\COPRRA\vendor\laravel\framework\src\Illuminate\Foundation\Http\Middleware\ConvertEmptyStringsToNull.php(31): Illuminate\Foundation\Http\Middleware\TransformsRequest->handle(Object(Illuminate\Http\Request), Object(Closure))
#40 C:\Users\Gaser\Desktop\COPRRA\vendor\laravel\framework\src\Illuminate\Pipeline\Pipeline.php(219): Illuminate\Foundation\Http\Middleware\ConvertEmptyStringsToNull->handle(Object(Illuminate\Http\Request), Object(Closure))
#41 C:\Users\Gaser\Desktop\COPRRA\vendor\laravel\framework\src\Illuminate\Foundation\Http\Middleware\TransformsRequest.php(21): Illuminate\Pipeline\Pipeline->{closure:{closure:Illuminate\Pipeline\Pipeline::carry():194}:195}(Object(Illuminate\Http\Request))
#42 C:\Users\Gaser\Desktop\COPRRA\vendor\laravel\framework\src\Illuminate\Foundation\Http\Middleware\TrimStrings.php(51): Illuminate\Foundation\Http\Middleware\TransformsRequest->handle(Object(Illuminate\Http\Request), Object(Closure))
#43 C:\Users\Gaser\Desktop\COPRRA\vendor\laravel\framework\src\Illuminate\Pipeline\Pipeline.php(219): Illuminate\Foundation\Http\Middleware\TrimStrings->handle(Object(Illuminate\Http\Request), Object(Closure))
#44 C:\Users\Gaser\Desktop\COPRRA\vendor\laravel\framework\src\Illuminate\Http\Middleware\ValidatePostSize.php(27): Illuminate\Pipeline\Pipeline->{closure:{closure:Illuminate\Pipeline\Pipeline::carry():194}:195}(Object(Illuminate\Http\Request))
#45 C:\Users\Gaser\Desktop\COPRRA\vendor\laravel\framework\src\Illuminate\Pipeline\Pipeline.php(219): Illuminate\Http\Middleware\ValidatePostSize->handle(Object(Illuminate\Http\Request), Object(Closure))
#46 C:\Users\Gaser\Desktop\COPRRA\vendor\laravel\framework\src\Illuminate\Foundation\Http\Middleware\PreventRequestsDuringMaintenance.php(109): Illuminate\Pipeline\Pipeline->{closure:{closure:Illuminate\Pipeline\Pipeline::carry():194}:195}(Object(Illuminate\Http\Request))
#47 C:\Users\Gaser\Desktop\COPRRA\vendor\laravel\framework\src\Illuminate\Pipeline\Pipeline.php(219): Illuminate\Foundation\Http\Middleware\PreventRequestsDuringMaintenance->handle(Object(Illuminate\Http\Request), Object(Closure))
#48 C:\Users\Gaser\Desktop\COPRRA\vendor\laravel\framework\src\Illuminate\Http\Middleware\HandleCors.php(61): Illuminate\Pipeline\Pipeline->{closure:{closure:Illuminate\Pipeline\Pipeline::carry():194}:195}(Object(Illuminate\Http\Request))
#49 C:\Users\Gaser\Desktop\COPRRA\vendor\laravel\framework\src\Illuminate\Pipeline\Pipeline.php(219): Illuminate\Http\Middleware\HandleCors->handle(Object(Illuminate\Http\Request), Object(Closure))
#50 C:\Users\Gaser\Desktop\COPRRA\vendor\laravel\framework\src\Illuminate\Http\Middleware\TrustProxies.php(58): Illuminate\Pipeline\Pipeline->{closure:{closure:Illuminate\Pipeline\Pipeline::carry():194}:195}(Object(Illuminate\Http\Request))
#51 C:\Users\Gaser\Desktop\COPRRA\vendor\laravel\framework\src\Illuminate\Pipeline\Pipeline.php(219): Illuminate\Http\Middleware\TrustProxies->handle(Object(Illuminate\Http\Request), Object(Closure))
#52 C:\Users\Gaser\Desktop\COPRRA\vendor\laravel\framework\src\Illuminate\Foundation\Http\Middleware\InvokeDeferredCallbacks.php(22): Illuminate\Pipeline\Pipeline->{closure:{closure:Illuminate\Pipeline\Pipeline::carry():194}:195}(Object(Illuminate\Http\Request))
#53 C:\Users\Gaser\Desktop\COPRRA\vendor\laravel\framework\src\Illuminate\Pipeline\Pipeline.php(219): Illuminate\Foundation\Http\Middleware\InvokeDeferredCallbacks->handle(Object(Illuminate\Http\Request), Object(Closure))
#54 C:\Users\Gaser\Desktop\COPRRA\vendor\laravel\framework\src\Illuminate\Http\Middleware\ValidatePathEncoding.php(26): Illuminate\Pipeline\Pipeline->{closure:{closure:Illuminate\Pipeline\Pipeline::carry():194}:195}(Object(Illuminate\Http\Request))
#55 C:\Users\Gaser\Desktop\COPRRA\vendor\laravel\framework\src\Illuminate\Pipeline\Pipeline.php(219): Illuminate\Http\Middleware\ValidatePathEncoding->handle(Object(Illuminate\Http\Request), Object(Closure))
#56 C:\Users\Gaser\Desktop\COPRRA\vendor\laravel\framework\src\Illuminate\Pipeline\Pipeline.php(137): Illuminate\Pipeline\Pipeline->{closure:{closure:Illuminate\Pipeline\Pipeline::carry():194}:195}(Object(Illuminate\Http\Request))
#57 C:\Users\Gaser\Desktop\COPRRA\vendor\laravel\framework\src\Illuminate\Foundation\Http\Kernel.php(175): Illuminate\Pipeline\Pipeline->then(Object(Closure))
#58 C:\Users\Gaser\Desktop\COPRRA\vendor\laravel\framework\src\Illuminate\Foundation\Http\Kernel.php(144): Illuminate\Foundation\Http\Kernel->sendRequestThroughRouter(Object(Illuminate\Http\Request))
#59 C:\Users\Gaser\Desktop\COPRRA\vendor\laravel\framework\src\Illuminate\Foundation\Testing\Concerns\MakesHttpRequests.php(607): Illuminate\Foundation\Http\Kernel->handle(Object(Illuminate\Http\Request))
#60 C:\Users\Gaser\Desktop\COPRRA\vendor\laravel\framework\src\Illuminate\Foundation\Testing\Concerns\MakesHttpRequests.php(573): Illuminate\Foundation\Testing\TestCase->call('POST', '/api/admin/cate...', Array, Array, Array, Array, '[]')
#61 C:\Users\Gaser\Desktop\COPRRA\vendor\laravel\framework\src\Illuminate\Foundation\Testing\Concerns\MakesHttpRequests.php(411): Illuminate\Foundation\Testing\TestCase->json('POST', '/api/admin/cate...', Array, Array, 0)
#62 C:\Users\Gaser\Desktop\COPRRA\tests\Feature\Http\Controllers\Api\Admin\CategoryControllerTest.php(134): Illuminate\Foundation\Testing\TestCase->postJson('/api/admin/cate...', Array)
#63 C:\Users\Gaser\Desktop\COPRRA\vendor\phpunit\phpunit\src\Framework\TestCase.php(1317): Tests\Feature\Http\Controllers\Api\Admin\CategoryControllerTest->test_validates_category_creation_request()
#64 C:\Users\Gaser\Desktop\COPRRA\vendor\phpunit\phpunit\src\Framework\TestCase.php(517): PHPUnit\Framework\TestCase->runTest()
#65 C:\Users\Gaser\Desktop\COPRRA\vendor\phpunit\phpunit\src\Framework\TestRunner\TestRunner.php(99): PHPUnit\Framework\TestCase->runBare()
#66 C:\Users\Gaser\Desktop\COPRRA\vendor\phpunit\phpunit\src\Framework\TestCase.php(357): PHPUnit\Framework\TestRunner->run(Object(Tests\Feature\Http\Controllers\Api\Admin\CategoryControllerTest))
#67 C:\Users\Gaser\Desktop\COPRRA\vendor\phpunit\phpunit\src\Framework\TestSuite.php(374): PHPUnit\Framework\TestCase->run()
#68 C:\Users\Gaser\Desktop\COPRRA\vendor\phpunit\phpunit\src\Framework\TestSuite.php(374): PHPUnit\Framework\TestSuite->run()
#69 C:\Users\Gaser\Desktop\COPRRA\vendor\phpunit\phpunit\src\Framework\TestSuite.php(374): PHPUnit\Framework\TestSuite->run()
#70 C:\Users\Gaser\Desktop\COPRRA\vendor\phpunit\phpunit\src\TextUI\TestRunner.php(64): PHPUnit\Framework\TestSuite->run()
#71 C:\Users\Gaser\Desktop\COPRRA\vendor\phpunit\phpunit\src\TextUI\Application.php(229): PHPUnit\TextUI\TestRunner->run(Object(PHPUnit\TextUI\Configuration\Configuration), Object(PHPUnit\Runner\ResultCache\DefaultResultCache), Object(PHPUnit\Framework\TestSuite))
#72 C:\Users\Gaser\Desktop\COPRRA\vendor\phpunit\phpunit\phpunit(104): PHPUnit\TextUI\Application->run(Array)
#73 C:\Users\Gaser\Desktop\COPRRA\vendor\bin\phpunit(119): include('C:\\Users\\Gaser\\...')
#74 {main}

----------------------------------------------------------------------------------

Method App\Http\Controllers\Api\Admin\CategoryController::store does not exist.

C:\Users\Gaser\Desktop\COPRRA\vendor\laravel\framework\src\Illuminate\Testing\TestResponseAssert.php:45
C:\Users\Gaser\Desktop\COPRRA\vendor\laravel\framework\src\Illuminate\Testing\TestResponse.php:174
C:\Users\Gaser\Desktop\COPRRA\tests\Feature\Http\Controllers\Api\Admin\CategoryControllerTest.php:136
C:\Users\Gaser\Desktop\COPRRA\vendor\phpunit\phpunit\phpunit:104

20) Tests\Feature\Http\Controllers\Api\Admin\CategoryControllerTest::test_can_delete_category
Expected response status code [204] but received 500.
Failed asserting that 500 is identical to 204.

The following exception occurred during the last request:

BadMethodCallException: Method App\Http\Controllers\Api\Admin\CategoryController::destroy does not exist. in C:\Users\Gaser\Desktop\COPRRA\vendor\laravel\framework\src\Illuminate\Routing\Controller.php:68
Stack trace:
#0 C:\Users\Gaser\Desktop\COPRRA\vendor\laravel\framework\src\Illuminate\Routing\Controller.php(54): Illuminate\Routing\Controller->__call('destroy', Array)
#1 C:\Users\Gaser\Desktop\COPRRA\vendor\laravel\framework\src\Illuminate\Routing\ControllerDispatcher.php(43): Illuminate\Routing\Controller->callAction('destroy', Array)
#2 C:\Users\Gaser\Desktop\COPRRA\vendor\laravel\framework\src\Illuminate\Routing\Route.php(265): Illuminate\Routing\ControllerDispatcher->dispatch(Object(Illuminate\Routing\Route), Object(App\Http\Controllers\Api\Admin\CategoryController), 'destroy')
#3 C:\Users\Gaser\Desktop\COPRRA\vendor\laravel\framework\src\Illuminate\Routing\Route.php(211): Illuminate\Routing\Route->runController()
#4 C:\Users\Gaser\Desktop\COPRRA\vendor\laravel\framework\src\Illuminate\Routing\Router.php(822): Illuminate\Routing\Route->run()
#5 C:\Users\Gaser\Desktop\COPRRA\vendor\laravel\framework\src\Illuminate\Pipeline\Pipeline.php(180): Illuminate\Routing\Router->{closure:Illuminate\Routing\Router::runRouteWithinStack():821}(Object(Illuminate\Http\Request))
#6 C:\Users\Gaser\Desktop\COPRRA\app\Http\Middleware\AdminMiddleware.php(40): Illuminate\Pipeline\Pipeline->{closure:Illuminate\Pipeline\Pipeline::prepareDestination():178}(Object(Illuminate\Http\Request))
#7 C:\Users\Gaser\Desktop\COPRRA\vendor\laravel\framework\src\Illuminate\Pipeline\Pipeline.php(219): App\Http\Middleware\AdminMiddleware->handle(Object(Illuminate\Http\Request), Object(Closure))
#8 C:\Users\Gaser\Desktop\COPRRA\app\Http\Middleware\ApiErrorHandler.php(26): Illuminate\Pipeline\Pipeline->{closure:{closure:Illuminate\Pipeline\Pipeline::carry():194}:195}(Object(Illuminate\Http\Request))
#9 C:\Users\Gaser\Desktop\COPRRA\vendor\laravel\framework\src\Illuminate\Pipeline\Pipeline.php(219): App\Http\Middleware\ApiErrorHandler->handle(Object(Illuminate\Http\Request), Object(Closure))
#10 C:\Users\Gaser\Desktop\COPRRA\vendor\laravel\framework\src\Illuminate\Routing\Middleware\SubstituteBindings.php(50): Illuminate\Pipeline\Pipeline->{closure:{closure:Illuminate\Pipeline\Pipeline::carry():194}:195}(Object(Illuminate\Http\Request))
#11 C:\Users\Gaser\Desktop\COPRRA\vendor\laravel\framework\src\Illuminate\Pipeline\Pipeline.php(219): Illuminate\Routing\Middleware\SubstituteBindings->handle(Object(Illuminate\Http\Request), Object(Closure))
#12 C:\Users\Gaser\Desktop\COPRRA\vendor\laravel\framework\src\Illuminate\Routing\Middleware\ThrottleRequests.php(166): Illuminate\Pipeline\Pipeline->{closure:{closure:Illuminate\Pipeline\Pipeline::carry():194}:195}(Object(Illuminate\Http\Request))
#13 C:\Users\Gaser\Desktop\COPRRA\vendor\laravel\framework\src\Illuminate\Routing\Middleware\ThrottleRequests.php(129): Illuminate\Routing\Middleware\ThrottleRequests->handleRequest(Object(Illuminate\Http\Request), Object(Closure), Array)
#14 C:\Users\Gaser\Desktop\COPRRA\vendor\laravel\framework\src\Illuminate\Routing\Middleware\ThrottleRequests.php(90): Illuminate\Routing\Middleware\ThrottleRequests->handleRequestUsingNamedLimiter(Object(Illuminate\Http\Request), Object(Closure), 'admin', Object(Closure))
#15 C:\Users\Gaser\Desktop\COPRRA\vendor\laravel\framework\src\Illuminate\Pipeline\Pipeline.php(219): Illuminate\Routing\Middleware\ThrottleRequests->handle(Object(Illuminate\Http\Request), Object(Closure), 'admin')
#16 C:\Users\Gaser\Desktop\COPRRA\vendor\laravel\framework\src\Illuminate\Routing\Middleware\ThrottleRequests.php(166): Illuminate\Pipeline\Pipeline->{closure:{closure:Illuminate\Pipeline\Pipeline::carry():194}:195}(Object(Illuminate\Http\Request))
#17 C:\Users\Gaser\Desktop\COPRRA\vendor\laravel\framework\src\Illuminate\Routing\Middleware\ThrottleRequests.php(129): Illuminate\Routing\Middleware\ThrottleRequests->handleRequest(Object(Illuminate\Http\Request), Object(Closure), Array)
#18 C:\Users\Gaser\Desktop\COPRRA\vendor\laravel\framework\src\Illuminate\Routing\Middleware\ThrottleRequests.php(90): Illuminate\Routing\Middleware\ThrottleRequests->handleRequestUsingNamedLimiter(Object(Illuminate\Http\Request), Object(Closure), 'api', Object(Closure))
#19 C:\Users\Gaser\Desktop\COPRRA\vendor\laravel\framework\src\Illuminate\Pipeline\Pipeline.php(219): Illuminate\Routing\Middleware\ThrottleRequests->handle(Object(Illuminate\Http\Request), Object(Closure), 'api')
#20 C:\Users\Gaser\Desktop\COPRRA\vendor\laravel\framework\src\Illuminate\Auth\Middleware\Authenticate.php(63): Illuminate\Pipeline\Pipeline->{closure:{closure:Illuminate\Pipeline\Pipeline::carry():194}:195}(Object(Illuminate\Http\Request))
#21 C:\Users\Gaser\Desktop\COPRRA\vendor\laravel\framework\src\Illuminate\Pipeline\Pipeline.php(219): Illuminate\Auth\Middleware\Authenticate->handle(Object(Illuminate\Http\Request), Object(Closure))
#22 C:\Users\Gaser\Desktop\COPRRA\vendor\laravel\sanctum\src\Http\Middleware\EnsureFrontendRequestsAreStateful.php(26): Illuminate\Pipeline\Pipeline->{closure:{closure:Illuminate\Pipeline\Pipeline::carry():194}:195}(Object(Illuminate\Http\Request))
#23 C:\Users\Gaser\Desktop\COPRRA\vendor\laravel\framework\src\Illuminate\Pipeline\Pipeline.php(180): Laravel\Sanctum\Http\Middleware\EnsureFrontendRequestsAreStateful->{closure:Laravel\Sanctum\Http\Middleware\EnsureFrontendRequestsAreStateful::handle():25}(Object(Illuminate\Http\Request))
#24 C:\Users\Gaser\Desktop\COPRRA\vendor\laravel\framework\src\Illuminate\Pipeline\Pipeline.php(137): Illuminate\Pipeline\Pipeline->{closure:Illuminate\Pipeline\Pipeline::prepareDestination():178}(Object(Illuminate\Http\Request))
#25 C:\Users\Gaser\Desktop\COPRRA\vendor\laravel\sanctum\src\Http\Middleware\EnsureFrontendRequestsAreStateful.php(25): Illuminate\Pipeline\Pipeline->then(Object(Closure))
#26 C:\Users\Gaser\Desktop\COPRRA\vendor\laravel\framework\src\Illuminate\Pipeline\Pipeline.php(219): Laravel\Sanctum\Http\Middleware\EnsureFrontendRequestsAreStateful->handle(Object(Illuminate\Http\Request), Object(Closure))
#27 C:\Users\Gaser\Desktop\COPRRA\vendor\laravel\framework\src\Illuminate\Pipeline\Pipeline.php(137): Illuminate\Pipeline\Pipeline->{closure:{closure:Illuminate\Pipeline\Pipeline::carry():194}:195}(Object(Illuminate\Http\Request))
#28 C:\Users\Gaser\Desktop\COPRRA\vendor\laravel\framework\src\Illuminate\Routing\Router.php(821): Illuminate\Pipeline\Pipeline->then(Object(Closure))
#29 C:\Users\Gaser\Desktop\COPRRA\vendor\laravel\framework\src\Illuminate\Routing\Router.php(800): Illuminate\Routing\Router->runRouteWithinStack(Object(Illuminate\Routing\Route), Object(Illuminate\Http\Request))
#30 C:\Users\Gaser\Desktop\COPRRA\vendor\laravel\framework\src\Illuminate\Routing\Router.php(764): Illuminate\Routing\Router->runRoute(Object(Illuminate\Http\Request), Object(Illuminate\Routing\Route))
#31 C:\Users\Gaser\Desktop\COPRRA\vendor\laravel\framework\src\Illuminate\Routing\Router.php(753): Illuminate\Routing\Router->dispatchToRoute(Object(Illuminate\Http\Request))
#32 C:\Users\Gaser\Desktop\COPRRA\vendor\laravel\framework\src\Illuminate\Foundation\Http\Kernel.php(200): Illuminate\Routing\Router->dispatch(Object(Illuminate\Http\Request))
#33 C:\Users\Gaser\Desktop\COPRRA\vendor\laravel\framework\src\Illuminate\Pipeline\Pipeline.php(180): Illuminate\Foundation\Http\Kernel->{closure:Illuminate\Foundation\Http\Kernel::dispatchToRouter():197}(Object(Illuminate\Http\Request))
#34 C:\Users\Gaser\Desktop\COPRRA\vendor\livewire\livewire\src\Features\SupportDisablingBackButtonCache\DisableBackButtonCacheMiddleware.php(19): Illuminate\Pipeline\Pipeline->{closure:Illuminate\Pipeline\Pipeline::prepareDestination():178}(Object(Illuminate\Http\Request))
#35 C:\Users\Gaser\Desktop\COPRRA\vendor\laravel\framework\src\Illuminate\Pipeline\Pipeline.php(219): Livewire\Features\SupportDisablingBackButtonCache\DisableBackButtonCacheMiddleware->handle(Object(Illuminate\Http\Request), Object(Closure))
#36 C:\Users\Gaser\Desktop\COPRRA\app\Http\Middleware\SecurityHeadersMiddleware.php(27): Illuminate\Pipeline\Pipeline->{closure:{closure:Illuminate\Pipeline\Pipeline::carry():194}:195}(Object(Illuminate\Http\Request))
#37 C:\Users\Gaser\Desktop\COPRRA\vendor\laravel\framework\src\Illuminate\Pipeline\Pipeline.php(219): App\Http\Middleware\SecurityHeadersMiddleware->handle(Object(Illuminate\Http\Request), Object(Closure))
#38 C:\Users\Gaser\Desktop\COPRRA\vendor\laravel\framework\src\Illuminate\Foundation\Http\Middleware\TransformsRequest.php(21): Illuminate\Pipeline\Pipeline->{closure:{closure:Illuminate\Pipeline\Pipeline::carry():194}:195}(Object(Illuminate\Http\Request))
#39 C:\Users\Gaser\Desktop\COPRRA\vendor\laravel\framework\src\Illuminate\Foundation\Http\Middleware\ConvertEmptyStringsToNull.php(31): Illuminate\Foundation\Http\Middleware\TransformsRequest->handle(Object(Illuminate\Http\Request), Object(Closure))
#40 C:\Users\Gaser\Desktop\COPRRA\vendor\laravel\framework\src\Illuminate\Pipeline\Pipeline.php(219): Illuminate\Foundation\Http\Middleware\ConvertEmptyStringsToNull->handle(Object(Illuminate\Http\Request), Object(Closure))
#41 C:\Users\Gaser\Desktop\COPRRA\vendor\laravel\framework\src\Illuminate\Foundation\Http\Middleware\TransformsRequest.php(21): Illuminate\Pipeline\Pipeline->{closure:{closure:Illuminate\Pipeline\Pipeline::carry():194}:195}(Object(Illuminate\Http\Request))
#42 C:\Users\Gaser\Desktop\COPRRA\vendor\laravel\framework\src\Illuminate\Foundation\Http\Middleware\TrimStrings.php(51): Illuminate\Foundation\Http\Middleware\TransformsRequest->handle(Object(Illuminate\Http\Request), Object(Closure))
#43 C:\Users\Gaser\Desktop\COPRRA\vendor\laravel\framework\src\Illuminate\Pipeline\Pipeline.php(219): Illuminate\Foundation\Http\Middleware\TrimStrings->handle(Object(Illuminate\Http\Request), Object(Closure))
#44 C:\Users\Gaser\Desktop\COPRRA\vendor\laravel\framework\src\Illuminate\Http\Middleware\ValidatePostSize.php(27): Illuminate\Pipeline\Pipeline->{closure:{closure:Illuminate\Pipeline\Pipeline::carry():194}:195}(Object(Illuminate\Http\Request))
#45 C:\Users\Gaser\Desktop\COPRRA\vendor\laravel\framework\src\Illuminate\Pipeline\Pipeline.php(219): Illuminate\Http\Middleware\ValidatePostSize->handle(Object(Illuminate\Http\Request), Object(Closure))
#46 C:\Users\Gaser\Desktop\COPRRA\vendor\laravel\framework\src\Illuminate\Foundation\Http\Middleware\PreventRequestsDuringMaintenance.php(109): Illuminate\Pipeline\Pipeline->{closure:{closure:Illuminate\Pipeline\Pipeline::carry():194}:195}(Object(Illuminate\Http\Request))
#47 C:\Users\Gaser\Desktop\COPRRA\vendor\laravel\framework\src\Illuminate\Pipeline\Pipeline.php(219): Illuminate\Foundation\Http\Middleware\PreventRequestsDuringMaintenance->handle(Object(Illuminate\Http\Request), Object(Closure))
#48 C:\Users\Gaser\Desktop\COPRRA\vendor\laravel\framework\src\Illuminate\Http\Middleware\HandleCors.php(61): Illuminate\Pipeline\Pipeline->{closure:{closure:Illuminate\Pipeline\Pipeline::carry():194}:195}(Object(Illuminate\Http\Request))
#49 C:\Users\Gaser\Desktop\COPRRA\vendor\laravel\framework\src\Illuminate\Pipeline\Pipeline.php(219): Illuminate\Http\Middleware\HandleCors->handle(Object(Illuminate\Http\Request), Object(Closure))
#50 C:\Users\Gaser\Desktop\COPRRA\vendor\laravel\framework\src\Illuminate\Http\Middleware\TrustProxies.php(58): Illuminate\Pipeline\Pipeline->{closure:{closure:Illuminate\Pipeline\Pipeline::carry():194}:195}(Object(Illuminate\Http\Request))
#51 C:\Users\Gaser\Desktop\COPRRA\vendor\laravel\framework\src\Illuminate\Pipeline\Pipeline.php(219): Illuminate\Http\Middleware\TrustProxies->handle(Object(Illuminate\Http\Request), Object(Closure))
#52 C:\Users\Gaser\Desktop\COPRRA\vendor\laravel\framework\src\Illuminate\Foundation\Http\Middleware\InvokeDeferredCallbacks.php(22): Illuminate\Pipeline\Pipeline->{closure:{closure:Illuminate\Pipeline\Pipeline::carry():194}:195}(Object(Illuminate\Http\Request))
#53 C:\Users\Gaser\Desktop\COPRRA\vendor\laravel\framework\src\Illuminate\Pipeline\Pipeline.php(219): Illuminate\Foundation\Http\Middleware\InvokeDeferredCallbacks->handle(Object(Illuminate\Http\Request), Object(Closure))
#54 C:\Users\Gaser\Desktop\COPRRA\vendor\laravel\framework\src\Illuminate\Http\Middleware\ValidatePathEncoding.php(26): Illuminate\Pipeline\Pipeline->{closure:{closure:Illuminate\Pipeline\Pipeline::carry():194}:195}(Object(Illuminate\Http\Request))
#55 C:\Users\Gaser\Desktop\COPRRA\vendor\laravel\framework\src\Illuminate\Pipeline\Pipeline.php(219): Illuminate\Http\Middleware\ValidatePathEncoding->handle(Object(Illuminate\Http\Request), Object(Closure))
#56 C:\Users\Gaser\Desktop\COPRRA\vendor\laravel\framework\src\Illuminate\Pipeline\Pipeline.php(137): Illuminate\Pipeline\Pipeline->{closure:{closure:Illuminate\Pipeline\Pipeline::carry():194}:195}(Object(Illuminate\Http\Request))
#57 C:\Users\Gaser\Desktop\COPRRA\vendor\laravel\framework\src\Illuminate\Foundation\Http\Kernel.php(175): Illuminate\Pipeline\Pipeline->then(Object(Closure))
#58 C:\Users\Gaser\Desktop\COPRRA\vendor\laravel\framework\src\Illuminate\Foundation\Http\Kernel.php(144): Illuminate\Foundation\Http\Kernel->sendRequestThroughRouter(Object(Illuminate\Http\Request))
#59 C:\Users\Gaser\Desktop\COPRRA\vendor\laravel\framework\src\Illuminate\Foundation\Testing\Concerns\MakesHttpRequests.php(607): Illuminate\Foundation\Http\Kernel->handle(Object(Illuminate\Http\Request))
#60 C:\Users\Gaser\Desktop\COPRRA\vendor\laravel\framework\src\Illuminate\Foundation\Testing\Concerns\MakesHttpRequests.php(573): Illuminate\Foundation\Testing\TestCase->call('DELETE', '/api/admin/cate...', Array, Array, Array, Array, '[]')
#61 C:\Users\Gaser\Desktop\COPRRA\vendor\laravel\framework\src\Illuminate\Foundation\Testing\Concerns\MakesHttpRequests.php(501): Illuminate\Foundation\Testing\TestCase->json('DELETE', '/api/admin/cate...', Array, Array, 0)
#62 C:\Users\Gaser\Desktop\COPRRA\tests\Feature\Http\Controllers\Api\Admin\CategoryControllerTest.php(210): Illuminate\Foundation\Testing\TestCase->deleteJson('/api/admin/cate...')
#63 C:\Users\Gaser\Desktop\COPRRA\vendor\phpunit\phpunit\src\Framework\TestCase.php(1317): Tests\Feature\Http\Controllers\Api\Admin\CategoryControllerTest->test_can_delete_category()
#64 C:\Users\Gaser\Desktop\COPRRA\vendor\phpunit\phpunit\src\Framework\TestCase.php(517): PHPUnit\Framework\TestCase->runTest()
#65 C:\Users\Gaser\Desktop\COPRRA\vendor\phpunit\phpunit\src\Framework\TestRunner\TestRunner.php(99): PHPUnit\Framework\TestCase->runBare()
#66 C:\Users\Gaser\Desktop\COPRRA\vendor\phpunit\phpunit\src\Framework\TestCase.php(357): PHPUnit\Framework\TestRunner->run(Object(Tests\Feature\Http\Controllers\Api\Admin\CategoryControllerTest))
#67 C:\Users\Gaser\Desktop\COPRRA\vendor\phpunit\phpunit\src\Framework\TestSuite.php(374): PHPUnit\Framework\TestCase->run()
#68 C:\Users\Gaser\Desktop\COPRRA\vendor\phpunit\phpunit\src\Framework\TestSuite.php(374): PHPUnit\Framework\TestSuite->run()
#69 C:\Users\Gaser\Desktop\COPRRA\vendor\phpunit\phpunit\src\Framework\TestSuite.php(374): PHPUnit\Framework\TestSuite->run()
#70 C:\Users\Gaser\Desktop\COPRRA\vendor\phpunit\phpunit\src\TextUI\TestRunner.php(64): PHPUnit\Framework\TestSuite->run()
#71 C:\Users\Gaser\Desktop\COPRRA\vendor\phpunit\phpunit\src\TextUI\Application.php(229): PHPUnit\TextUI\TestRunner->run(Object(PHPUnit\TextUI\Configuration\Configuration), Object(PHPUnit\Runner\ResultCache\DefaultResultCache), Object(PHPUnit\Framework\TestSuite))
#72 C:\Users\Gaser\Desktop\COPRRA\vendor\phpunit\phpunit\phpunit(104): PHPUnit\TextUI\Application->run(Array)
#73 C:\Users\Gaser\Desktop\COPRRA\vendor\bin\phpunit(119): include('C:\\Users\\Gaser\\...')
#74 {main}

----------------------------------------------------------------------------------

Method App\Http\Controllers\Api\Admin\CategoryController::destroy does not exist.

C:\Users\Gaser\Desktop\COPRRA\vendor\laravel\framework\src\Illuminate\Testing\TestResponseAssert.php:45
C:\Users\Gaser\Desktop\COPRRA\vendor\laravel\framework\src\Illuminate\Testing\TestResponse.php:174
C:\Users\Gaser\Desktop\COPRRA\tests\Feature\Http\Controllers\Api\Admin\CategoryControllerTest.php:212
C:\Users\Gaser\Desktop\COPRRA\vendor\phpunit\phpunit\phpunit:104

21) Tests\Feature\Http\Controllers\Api\Admin\CategoryControllerTest::test_returns_404_when_deleting_nonexistent_category
Expected response status code [404] but received 500.
Failed asserting that 500 is identical to 404.

The following exception occurred during the last request:

BadMethodCallException: Method App\Http\Controllers\Api\Admin\CategoryController::destroy does not exist. in C:\Users\Gaser\Desktop\COPRRA\vendor\laravel\framework\src\Illuminate\Routing\Controller.php:68
Stack trace:
#0 C:\Users\Gaser\Desktop\COPRRA\vendor\laravel\framework\src\Illuminate\Routing\Controller.php(54): Illuminate\Routing\Controller->__call('destroy', Array)
#1 C:\Users\Gaser\Desktop\COPRRA\vendor\laravel\framework\src\Illuminate\Routing\ControllerDispatcher.php(43): Illuminate\Routing\Controller->callAction('destroy', Array)
#2 C:\Users\Gaser\Desktop\COPRRA\vendor\laravel\framework\src\Illuminate\Routing\Route.php(265): Illuminate\Routing\ControllerDispatcher->dispatch(Object(Illuminate\Routing\Route), Object(App\Http\Controllers\Api\Admin\CategoryController), 'destroy')
#3 C:\Users\Gaser\Desktop\COPRRA\vendor\laravel\framework\src\Illuminate\Routing\Route.php(211): Illuminate\Routing\Route->runController()
#4 C:\Users\Gaser\Desktop\COPRRA\vendor\laravel\framework\src\Illuminate\Routing\Router.php(822): Illuminate\Routing\Route->run()
#5 C:\Users\Gaser\Desktop\COPRRA\vendor\laravel\framework\src\Illuminate\Pipeline\Pipeline.php(180): Illuminate\Routing\Router->{closure:Illuminate\Routing\Router::runRouteWithinStack():821}(Object(Illuminate\Http\Request))
#6 C:\Users\Gaser\Desktop\COPRRA\app\Http\Middleware\AdminMiddleware.php(40): Illuminate\Pipeline\Pipeline->{closure:Illuminate\Pipeline\Pipeline::prepareDestination():178}(Object(Illuminate\Http\Request))
#7 C:\Users\Gaser\Desktop\COPRRA\vendor\laravel\framework\src\Illuminate\Pipeline\Pipeline.php(219): App\Http\Middleware\AdminMiddleware->handle(Object(Illuminate\Http\Request), Object(Closure))
#8 C:\Users\Gaser\Desktop\COPRRA\app\Http\Middleware\ApiErrorHandler.php(26): Illuminate\Pipeline\Pipeline->{closure:{closure:Illuminate\Pipeline\Pipeline::carry():194}:195}(Object(Illuminate\Http\Request))
#9 C:\Users\Gaser\Desktop\COPRRA\vendor\laravel\framework\src\Illuminate\Pipeline\Pipeline.php(219): App\Http\Middleware\ApiErrorHandler->handle(Object(Illuminate\Http\Request), Object(Closure))
#10 C:\Users\Gaser\Desktop\COPRRA\vendor\laravel\framework\src\Illuminate\Routing\Middleware\SubstituteBindings.php(50): Illuminate\Pipeline\Pipeline->{closure:{closure:Illuminate\Pipeline\Pipeline::carry():194}:195}(Object(Illuminate\Http\Request))
#11 C:\Users\Gaser\Desktop\COPRRA\vendor\laravel\framework\src\Illuminate\Pipeline\Pipeline.php(219): Illuminate\Routing\Middleware\SubstituteBindings->handle(Object(Illuminate\Http\Request), Object(Closure))
#12 C:\Users\Gaser\Desktop\COPRRA\vendor\laravel\framework\src\Illuminate\Routing\Middleware\ThrottleRequests.php(166): Illuminate\Pipeline\Pipeline->{closure:{closure:Illuminate\Pipeline\Pipeline::carry():194}:195}(Object(Illuminate\Http\Request))
#13 C:\Users\Gaser\Desktop\COPRRA\vendor\laravel\framework\src\Illuminate\Routing\Middleware\ThrottleRequests.php(129): Illuminate\Routing\Middleware\ThrottleRequests->handleRequest(Object(Illuminate\Http\Request), Object(Closure), Array)
#14 C:\Users\Gaser\Desktop\COPRRA\vendor\laravel\framework\src\Illuminate\Routing\Middleware\ThrottleRequests.php(90): Illuminate\Routing\Middleware\ThrottleRequests->handleRequestUsingNamedLimiter(Object(Illuminate\Http\Request), Object(Closure), 'admin', Object(Closure))
#15 C:\Users\Gaser\Desktop\COPRRA\vendor\laravel\framework\src\Illuminate\Pipeline\Pipeline.php(219): Illuminate\Routing\Middleware\ThrottleRequests->handle(Object(Illuminate\Http\Request), Object(Closure), 'admin')
#16 C:\Users\Gaser\Desktop\COPRRA\vendor\laravel\framework\src\Illuminate\Routing\Middleware\ThrottleRequests.php(166): Illuminate\Pipeline\Pipeline->{closure:{closure:Illuminate\Pipeline\Pipeline::carry():194}:195}(Object(Illuminate\Http\Request))
#17 C:\Users\Gaser\Desktop\COPRRA\vendor\laravel\framework\src\Illuminate\Routing\Middleware\ThrottleRequests.php(129): Illuminate\Routing\Middleware\ThrottleRequests->handleRequest(Object(Illuminate\Http\Request), Object(Closure), Array)
#18 C:\Users\Gaser\Desktop\COPRRA\vendor\laravel\framework\src\Illuminate\Routing\Middleware\ThrottleRequests.php(90): Illuminate\Routing\Middleware\ThrottleRequests->handleRequestUsingNamedLimiter(Object(Illuminate\Http\Request), Object(Closure), 'api', Object(Closure))
#19 C:\Users\Gaser\Desktop\COPRRA\vendor\laravel\framework\src\Illuminate\Pipeline\Pipeline.php(219): Illuminate\Routing\Middleware\ThrottleRequests->handle(Object(Illuminate\Http\Request), Object(Closure), 'api')
#20 C:\Users\Gaser\Desktop\COPRRA\vendor\laravel\framework\src\Illuminate\Auth\Middleware\Authenticate.php(63): Illuminate\Pipeline\Pipeline->{closure:{closure:Illuminate\Pipeline\Pipeline::carry():194}:195}(Object(Illuminate\Http\Request))
#21 C:\Users\Gaser\Desktop\COPRRA\vendor\laravel\framework\src\Illuminate\Pipeline\Pipeline.php(219): Illuminate\Auth\Middleware\Authenticate->handle(Object(Illuminate\Http\Request), Object(Closure))
#22 C:\Users\Gaser\Desktop\COPRRA\vendor\laravel\sanctum\src\Http\Middleware\EnsureFrontendRequestsAreStateful.php(26): Illuminate\Pipeline\Pipeline->{closure:{closure:Illuminate\Pipeline\Pipeline::carry():194}:195}(Object(Illuminate\Http\Request))
#23 C:\Users\Gaser\Desktop\COPRRA\vendor\laravel\framework\src\Illuminate\Pipeline\Pipeline.php(180): Laravel\Sanctum\Http\Middleware\EnsureFrontendRequestsAreStateful->{closure:Laravel\Sanctum\Http\Middleware\EnsureFrontendRequestsAreStateful::handle():25}(Object(Illuminate\Http\Request))
#24 C:\Users\Gaser\Desktop\COPRRA\vendor\laravel\framework\src\Illuminate\Pipeline\Pipeline.php(137): Illuminate\Pipeline\Pipeline->{closure:Illuminate\Pipeline\Pipeline::prepareDestination():178}(Object(Illuminate\Http\Request))
#25 C:\Users\Gaser\Desktop\COPRRA\vendor\laravel\sanctum\src\Http\Middleware\EnsureFrontendRequestsAreStateful.php(25): Illuminate\Pipeline\Pipeline->then(Object(Closure))
#26 C:\Users\Gaser\Desktop\COPRRA\vendor\laravel\framework\src\Illuminate\Pipeline\Pipeline.php(219): Laravel\Sanctum\Http\Middleware\EnsureFrontendRequestsAreStateful->handle(Object(Illuminate\Http\Request), Object(Closure))
#27 C:\Users\Gaser\Desktop\COPRRA\vendor\laravel\framework\src\Illuminate\Pipeline\Pipeline.php(137): Illuminate\Pipeline\Pipeline->{closure:{closure:Illuminate\Pipeline\Pipeline::carry():194}:195}(Object(Illuminate\Http\Request))
#28 C:\Users\Gaser\Desktop\COPRRA\vendor\laravel\framework\src\Illuminate\Routing\Router.php(821): Illuminate\Pipeline\Pipeline->then(Object(Closure))
#29 C:\Users\Gaser\Desktop\COPRRA\vendor\laravel\framework\src\Illuminate\Routing\Router.php(800): Illuminate\Routing\Router->runRouteWithinStack(Object(Illuminate\Routing\Route), Object(Illuminate\Http\Request))
#30 C:\Users\Gaser\Desktop\COPRRA\vendor\laravel\framework\src\Illuminate\Routing\Router.php(764): Illuminate\Routing\Router->runRoute(Object(Illuminate\Http\Request), Object(Illuminate\Routing\Route))
#31 C:\Users\Gaser\Desktop\COPRRA\vendor\laravel\framework\src\Illuminate\Routing\Router.php(753): Illuminate\Routing\Router->dispatchToRoute(Object(Illuminate\Http\Request))
#32 C:\Users\Gaser\Desktop\COPRRA\vendor\laravel\framework\src\Illuminate\Foundation\Http\Kernel.php(200): Illuminate\Routing\Router->dispatch(Object(Illuminate\Http\Request))
#33 C:\Users\Gaser\Desktop\COPRRA\vendor\laravel\framework\src\Illuminate\Pipeline\Pipeline.php(180): Illuminate\Foundation\Http\Kernel->{closure:Illuminate\Foundation\Http\Kernel::dispatchToRouter():197}(Object(Illuminate\Http\Request))
#34 C:\Users\Gaser\Desktop\COPRRA\vendor\livewire\livewire\src\Features\SupportDisablingBackButtonCache\DisableBackButtonCacheMiddleware.php(19): Illuminate\Pipeline\Pipeline->{closure:Illuminate\Pipeline\Pipeline::prepareDestination():178}(Object(Illuminate\Http\Request))
#35 C:\Users\Gaser\Desktop\COPRRA\vendor\laravel\framework\src\Illuminate\Pipeline\Pipeline.php(219): Livewire\Features\SupportDisablingBackButtonCache\DisableBackButtonCacheMiddleware->handle(Object(Illuminate\Http\Request), Object(Closure))
#36 C:\Users\Gaser\Desktop\COPRRA\app\Http\Middleware\SecurityHeadersMiddleware.php(27): Illuminate\Pipeline\Pipeline->{closure:{closure:Illuminate\Pipeline\Pipeline::carry():194}:195}(Object(Illuminate\Http\Request))
#37 C:\Users\Gaser\Desktop\COPRRA\vendor\laravel\framework\src\Illuminate\Pipeline\Pipeline.php(219): App\Http\Middleware\SecurityHeadersMiddleware->handle(Object(Illuminate\Http\Request), Object(Closure))
#38 C:\Users\Gaser\Desktop\COPRRA\vendor\laravel\framework\src\Illuminate\Foundation\Http\Middleware\TransformsRequest.php(21): Illuminate\Pipeline\Pipeline->{closure:{closure:Illuminate\Pipeline\Pipeline::carry():194}:195}(Object(Illuminate\Http\Request))
#39 C:\Users\Gaser\Desktop\COPRRA\vendor\laravel\framework\src\Illuminate\Foundation\Http\Middleware\ConvertEmptyStringsToNull.php(31): Illuminate\Foundation\Http\Middleware\TransformsRequest->handle(Object(Illuminate\Http\Request), Object(Closure))
#40 C:\Users\Gaser\Desktop\COPRRA\vendor\laravel\framework\src\Illuminate\Pipeline\Pipeline.php(219): Illuminate\Foundation\Http\Middleware\ConvertEmptyStringsToNull->handle(Object(Illuminate\Http\Request), Object(Closure))
#41 C:\Users\Gaser\Desktop\COPRRA\vendor\laravel\framework\src\Illuminate\Foundation\Http\Middleware\TransformsRequest.php(21): Illuminate\Pipeline\Pipeline->{closure:{closure:Illuminate\Pipeline\Pipeline::carry():194}:195}(Object(Illuminate\Http\Request))
#42 C:\Users\Gaser\Desktop\COPRRA\vendor\laravel\framework\src\Illuminate\Foundation\Http\Middleware\TrimStrings.php(51): Illuminate\Foundation\Http\Middleware\TransformsRequest->handle(Object(Illuminate\Http\Request), Object(Closure))
#43 C:\Users\Gaser\Desktop\COPRRA\vendor\laravel\framework\src\Illuminate\Pipeline\Pipeline.php(219): Illuminate\Foundation\Http\Middleware\TrimStrings->handle(Object(Illuminate\Http\Request), Object(Closure))
#44 C:\Users\Gaser\Desktop\COPRRA\vendor\laravel\framework\src\Illuminate\Http\Middleware\ValidatePostSize.php(27): Illuminate\Pipeline\Pipeline->{closure:{closure:Illuminate\Pipeline\Pipeline::carry():194}:195}(Object(Illuminate\Http\Request))
#45 C:\Users\Gaser\Desktop\COPRRA\vendor\laravel\framework\src\Illuminate\Pipeline\Pipeline.php(219): Illuminate\Http\Middleware\ValidatePostSize->handle(Object(Illuminate\Http\Request), Object(Closure))
#46 C:\Users\Gaser\Desktop\COPRRA\vendor\laravel\framework\src\Illuminate\Foundation\Http\Middleware\PreventRequestsDuringMaintenance.php(109): Illuminate\Pipeline\Pipeline->{closure:{closure:Illuminate\Pipeline\Pipeline::carry():194}:195}(Object(Illuminate\Http\Request))
#47 C:\Users\Gaser\Desktop\COPRRA\vendor\laravel\framework\src\Illuminate\Pipeline\Pipeline.php(219): Illuminate\Foundation\Http\Middleware\PreventRequestsDuringMaintenance->handle(Object(Illuminate\Http\Request), Object(Closure))
#48 C:\Users\Gaser\Desktop\COPRRA\vendor\laravel\framework\src\Illuminate\Http\Middleware\HandleCors.php(61): Illuminate\Pipeline\Pipeline->{closure:{closure:Illuminate\Pipeline\Pipeline::carry():194}:195}(Object(Illuminate\Http\Request))
#49 C:\Users\Gaser\Desktop\COPRRA\vendor\laravel\framework\src\Illuminate\Pipeline\Pipeline.php(219): Illuminate\Http\Middleware\HandleCors->handle(Object(Illuminate\Http\Request), Object(Closure))
#50 C:\Users\Gaser\Desktop\COPRRA\vendor\laravel\framework\src\Illuminate\Http\Middleware\TrustProxies.php(58): Illuminate\Pipeline\Pipeline->{closure:{closure:Illuminate\Pipeline\Pipeline::carry():194}:195}(Object(Illuminate\Http\Request))
#51 C:\Users\Gaser\Desktop\COPRRA\vendor\laravel\framework\src\Illuminate\Pipeline\Pipeline.php(219): Illuminate\Http\Middleware\TrustProxies->handle(Object(Illuminate\Http\Request), Object(Closure))
#52 C:\Users\Gaser\Desktop\COPRRA\vendor\laravel\framework\src\Illuminate\Foundation\Http\Middleware\InvokeDeferredCallbacks.php(22): Illuminate\Pipeline\Pipeline->{closure:{closure:Illuminate\Pipeline\Pipeline::carry():194}:195}(Object(Illuminate\Http\Request))
#53 C:\Users\Gaser\Desktop\COPRRA\vendor\laravel\framework\src\Illuminate\Pipeline\Pipeline.php(219): Illuminate\Foundation\Http\Middleware\InvokeDeferredCallbacks->handle(Object(Illuminate\Http\Request), Object(Closure))
#54 C:\Users\Gaser\Desktop\COPRRA\vendor\laravel\framework\src\Illuminate\Http\Middleware\ValidatePathEncoding.php(26): Illuminate\Pipeline\Pipeline->{closure:{closure:Illuminate\Pipeline\Pipeline::carry():194}:195}(Object(Illuminate\Http\Request))
#55 C:\Users\Gaser\Desktop\COPRRA\vendor\laravel\framework\src\Illuminate\Pipeline\Pipeline.php(219): Illuminate\Http\Middleware\ValidatePathEncoding->handle(Object(Illuminate\Http\Request), Object(Closure))
#56 C:\Users\Gaser\Desktop\COPRRA\vendor\laravel\framework\src\Illuminate\Pipeline\Pipeline.php(137): Illuminate\Pipeline\Pipeline->{closure:{closure:Illuminate\Pipeline\Pipeline::carry():194}:195}(Object(Illuminate\Http\Request))
#57 C:\Users\Gaser\Desktop\COPRRA\vendor\laravel\framework\src\Illuminate\Foundation\Http\Kernel.php(175): Illuminate\Pipeline\Pipeline->then(Object(Closure))
#58 C:\Users\Gaser\Desktop\COPRRA\vendor\laravel\framework\src\Illuminate\Foundation\Http\Kernel.php(144): Illuminate\Foundation\Http\Kernel->sendRequestThroughRouter(Object(Illuminate\Http\Request))
#59 C:\Users\Gaser\Desktop\COPRRA\vendor\laravel\framework\src\Illuminate\Foundation\Testing\Concerns\MakesHttpRequests.php(607): Illuminate\Foundation\Http\Kernel->handle(Object(Illuminate\Http\Request))
#60 C:\Users\Gaser\Desktop\COPRRA\vendor\laravel\framework\src\Illuminate\Foundation\Testing\Concerns\MakesHttpRequests.php(573): Illuminate\Foundation\Testing\TestCase->call('DELETE', '/api/admin/cate...', Array, Array, Array, Array, '[]')
#61 C:\Users\Gaser\Desktop\COPRRA\vendor\laravel\framework\src\Illuminate\Foundation\Testing\Concerns\MakesHttpRequests.php(501): Illuminate\Foundation\Testing\TestCase->json('DELETE', '/api/admin/cate...', Array, Array, 0)
#62 C:\Users\Gaser\Desktop\COPRRA\tests\Feature\Http\Controllers\Api\Admin\CategoryControllerTest.php(220): Illuminate\Foundation\Testing\TestCase->deleteJson('/api/admin/cate...')
#63 C:\Users\Gaser\Desktop\COPRRA\vendor\phpunit\phpunit\src\Framework\TestCase.php(1317): Tests\Feature\Http\Controllers\Api\Admin\CategoryControllerTest->test_returns_404_when_deleting_nonexistent_category()
#64 C:\Users\Gaser\Desktop\COPRRA\vendor\phpunit\phpunit\src\Framework\TestCase.php(517): PHPUnit\Framework\TestCase->runTest()
#65 C:\Users\Gaser\Desktop\COPRRA\vendor\phpunit\phpunit\src\Framework\TestRunner\TestRunner.php(99): PHPUnit\Framework\TestCase->runBare()
#66 C:\Users\Gaser\Desktop\COPRRA\vendor\phpunit\phpunit\src\Framework\TestCase.php(357): PHPUnit\Framework\TestRunner->run(Object(Tests\Feature\Http\Controllers\Api\Admin\CategoryControllerTest))
#67 C:\Users\Gaser\Desktop\COPRRA\vendor\phpunit\phpunit\src\Framework\TestSuite.php(374): PHPUnit\Framework\TestCase->run()
#68 C:\Users\Gaser\Desktop\COPRRA\vendor\phpunit\phpunit\src\Framework\TestSuite.php(374): PHPUnit\Framework\TestSuite->run()
#69 C:\Users\Gaser\Desktop\COPRRA\vendor\phpunit\phpunit\src\Framework\TestSuite.php(374): PHPUnit\Framework\TestSuite->run()
#70 C:\Users\Gaser\Desktop\COPRRA\vendor\phpunit\phpunit\src\TextUI\TestRunner.php(64): PHPUnit\Framework\TestSuite->run()
#71 C:\Users\Gaser\Desktop\COPRRA\vendor\phpunit\phpunit\src\TextUI\Application.php(229): PHPUnit\TextUI\TestRunner->run(Object(PHPUnit\TextUI\Configuration\Configuration), Object(PHPUnit\Runner\ResultCache\DefaultResultCache), Object(PHPUnit\Framework\TestSuite))
#72 C:\Users\Gaser\Desktop\COPRRA\vendor\phpunit\phpunit\phpunit(104): PHPUnit\TextUI\Application->run(Array)
#73 C:\Users\Gaser\Desktop\COPRRA\vendor\bin\phpunit(119): include('C:\\Users\\Gaser\\...')
#74 {main}

----------------------------------------------------------------------------------

Method App\Http\Controllers\Api\Admin\CategoryController::destroy does not exist.

C:\Users\Gaser\Desktop\COPRRA\vendor\laravel\framework\src\Illuminate\Testing\TestResponseAssert.php:45
C:\Users\Gaser\Desktop\COPRRA\vendor\laravel\framework\src\Illuminate\Testing\TestResponse.php:174
C:\Users\Gaser\Desktop\COPRRA\tests\Feature\Http\Controllers\Api\Admin\CategoryControllerTest.php:222
C:\Users\Gaser\Desktop\COPRRA\vendor\phpunit\phpunit\phpunit:104

22) Tests\Feature\Http\Controllers\Api\AuthControllerTest::test_can_login_with_valid_credentials
Failed asserting that an array has the key 'message'.

C:\Users\Gaser\Desktop\COPRRA\vendor\laravel\framework\src\Illuminate\Testing\AssertableJsonString.php:303
C:\Users\Gaser\Desktop\COPRRA\vendor\laravel\framework\src\Illuminate\Testing\TestResponse.php:978
C:\Users\Gaser\Desktop\COPRRA\tests\Feature\Http\Controllers\Api\AuthControllerTest.php:34
C:\Users\Gaser\Desktop\COPRRA\vendor\phpunit\phpunit\phpunit:104

23) Tests\Feature\Http\Controllers\Api\AuthControllerTest::test_can_logout_authenticated_user
Expected response status code [200] but received 500.
Failed asserting that 500 is identical to 200.

The following exception occurred during the last request:

BadMethodCallException: Method App\Http\Controllers\Api\AuthController::logout does not exist. in C:\Users\Gaser\Desktop\COPRRA\vendor\laravel\framework\src\Illuminate\Routing\Controller.php:68
Stack trace:
#0 C:\Users\Gaser\Desktop\COPRRA\vendor\laravel\framework\src\Illuminate\Routing\Controller.php(54): Illuminate\Routing\Controller->__call('logout', Array)
#1 C:\Users\Gaser\Desktop\COPRRA\vendor\laravel\framework\src\Illuminate\Routing\ControllerDispatcher.php(43): Illuminate\Routing\Controller->callAction('logout', Array)
#2 C:\Users\Gaser\Desktop\COPRRA\vendor\laravel\framework\src\Illuminate\Routing\Route.php(265): Illuminate\Routing\ControllerDispatcher->dispatch(Object(Illuminate\Routing\Route), Object(App\Http\Controllers\Api\AuthController), 'logout')
#3 C:\Users\Gaser\Desktop\COPRRA\vendor\laravel\framework\src\Illuminate\Routing\Route.php(211): Illuminate\Routing\Route->runController()
#4 C:\Users\Gaser\Desktop\COPRRA\vendor\laravel\framework\src\Illuminate\Routing\Router.php(822): Illuminate\Routing\Route->run()
#5 C:\Users\Gaser\Desktop\COPRRA\vendor\laravel\framework\src\Illuminate\Pipeline\Pipeline.php(180): Illuminate\Routing\Router->{closure:Illuminate\Routing\Router::runRouteWithinStack():821}(Object(Illuminate\Http\Request))
#6 C:\Users\Gaser\Desktop\COPRRA\app\Http\Middleware\ApiErrorHandler.php(26): Illuminate\Pipeline\Pipeline->{closure:Illuminate\Pipeline\Pipeline::prepareDestination():178}(Object(Illuminate\Http\Request))
#7 C:\Users\Gaser\Desktop\COPRRA\vendor\laravel\framework\src\Illuminate\Pipeline\Pipeline.php(219): App\Http\Middleware\ApiErrorHandler->handle(Object(Illuminate\Http\Request), Object(Closure))
#8 C:\Users\Gaser\Desktop\COPRRA\vendor\laravel\framework\src\Illuminate\Routing\Middleware\SubstituteBindings.php(50): Illuminate\Pipeline\Pipeline->{closure:{closure:Illuminate\Pipeline\Pipeline::carry():194}:195}(Object(Illuminate\Http\Request))
#9 C:\Users\Gaser\Desktop\COPRRA\vendor\laravel\framework\src\Illuminate\Pipeline\Pipeline.php(219): Illuminate\Routing\Middleware\SubstituteBindings->handle(Object(Illuminate\Http\Request), Object(Closure))
#10 C:\Users\Gaser\Desktop\COPRRA\vendor\laravel\framework\src\Illuminate\Routing\Middleware\ThrottleRequests.php(166): Illuminate\Pipeline\Pipeline->{closure:{closure:Illuminate\Pipeline\Pipeline::carry():194}:195}(Object(Illuminate\Http\Request))
#11 C:\Users\Gaser\Desktop\COPRRA\vendor\laravel\framework\src\Illuminate\Routing\Middleware\ThrottleRequests.php(129): Illuminate\Routing\Middleware\ThrottleRequests->handleRequest(Object(Illuminate\Http\Request), Object(Closure), Array)
#12 C:\Users\Gaser\Desktop\COPRRA\vendor\laravel\framework\src\Illuminate\Routing\Middleware\ThrottleRequests.php(90): Illuminate\Routing\Middleware\ThrottleRequests->handleRequestUsingNamedLimiter(Object(Illuminate\Http\Request), Object(Closure), 'api', Object(Closure))
#13 C:\Users\Gaser\Desktop\COPRRA\vendor\laravel\framework\src\Illuminate\Pipeline\Pipeline.php(219): Illuminate\Routing\Middleware\ThrottleRequests->handle(Object(Illuminate\Http\Request), Object(Closure), 'api')
#14 C:\Users\Gaser\Desktop\COPRRA\vendor\laravel\framework\src\Illuminate\Auth\Middleware\Authenticate.php(63): Illuminate\Pipeline\Pipeline->{closure:{closure:Illuminate\Pipeline\Pipeline::carry():194}:195}(Object(Illuminate\Http\Request))
#15 C:\Users\Gaser\Desktop\COPRRA\vendor\laravel\framework\src\Illuminate\Pipeline\Pipeline.php(219): Illuminate\Auth\Middleware\Authenticate->handle(Object(Illuminate\Http\Request), Object(Closure), 'sanctum')
#16 C:\Users\Gaser\Desktop\COPRRA\vendor\laravel\sanctum\src\Http\Middleware\EnsureFrontendRequestsAreStateful.php(26): Illuminate\Pipeline\Pipeline->{closure:{closure:Illuminate\Pipeline\Pipeline::carry():194}:195}(Object(Illuminate\Http\Request))
#17 C:\Users\Gaser\Desktop\COPRRA\vendor\laravel\framework\src\Illuminate\Pipeline\Pipeline.php(180): Laravel\Sanctum\Http\Middleware\EnsureFrontendRequestsAreStateful->{closure:Laravel\Sanctum\Http\Middleware\EnsureFrontendRequestsAreStateful::handle():25}(Object(Illuminate\Http\Request))
#18 C:\Users\Gaser\Desktop\COPRRA\vendor\laravel\framework\src\Illuminate\Pipeline\Pipeline.php(137): Illuminate\Pipeline\Pipeline->{closure:Illuminate\Pipeline\Pipeline::prepareDestination():178}(Object(Illuminate\Http\Request))
#19 C:\Users\Gaser\Desktop\COPRRA\vendor\laravel\sanctum\src\Http\Middleware\EnsureFrontendRequestsAreStateful.php(25): Illuminate\Pipeline\Pipeline->then(Object(Closure))
#20 C:\Users\Gaser\Desktop\COPRRA\vendor\laravel\framework\src\Illuminate\Pipeline\Pipeline.php(219): Laravel\Sanctum\Http\Middleware\EnsureFrontendRequestsAreStateful->handle(Object(Illuminate\Http\Request), Object(Closure))
#21 C:\Users\Gaser\Desktop\COPRRA\vendor\laravel\framework\src\Illuminate\Pipeline\Pipeline.php(137): Illuminate\Pipeline\Pipeline->{closure:{closure:Illuminate\Pipeline\Pipeline::carry():194}:195}(Object(Illuminate\Http\Request))
#22 C:\Users\Gaser\Desktop\COPRRA\vendor\laravel\framework\src\Illuminate\Routing\Router.php(821): Illuminate\Pipeline\Pipeline->then(Object(Closure))
#23 C:\Users\Gaser\Desktop\COPRRA\vendor\laravel\framework\src\Illuminate\Routing\Router.php(800): Illuminate\Routing\Router->runRouteWithinStack(Object(Illuminate\Routing\Route), Object(Illuminate\Http\Request))
#24 C:\Users\Gaser\Desktop\COPRRA\vendor\laravel\framework\src\Illuminate\Routing\Router.php(764): Illuminate\Routing\Router->runRoute(Object(Illuminate\Http\Request), Object(Illuminate\Routing\Route))
#25 C:\Users\Gaser\Desktop\COPRRA\vendor\laravel\framework\src\Illuminate\Routing\Router.php(753): Illuminate\Routing\Router->dispatchToRoute(Object(Illuminate\Http\Request))
#26 C:\Users\Gaser\Desktop\COPRRA\vendor\laravel\framework\src\Illuminate\Foundation\Http\Kernel.php(200): Illuminate\Routing\Router->dispatch(Object(Illuminate\Http\Request))
#27 C:\Users\Gaser\Desktop\COPRRA\vendor\laravel\framework\src\Illuminate\Pipeline\Pipeline.php(180): Illuminate\Foundation\Http\Kernel->{closure:Illuminate\Foundation\Http\Kernel::dispatchToRouter():197}(Object(Illuminate\Http\Request))
#28 C:\Users\Gaser\Desktop\COPRRA\vendor\livewire\livewire\src\Features\SupportDisablingBackButtonCache\DisableBackButtonCacheMiddleware.php(19): Illuminate\Pipeline\Pipeline->{closure:Illuminate\Pipeline\Pipeline::prepareDestination():178}(Object(Illuminate\Http\Request))
#29 C:\Users\Gaser\Desktop\COPRRA\vendor\laravel\framework\src\Illuminate\Pipeline\Pipeline.php(219): Livewire\Features\SupportDisablingBackButtonCache\DisableBackButtonCacheMiddleware->handle(Object(Illuminate\Http\Request), Object(Closure))
#30 C:\Users\Gaser\Desktop\COPRRA\app\Http\Middleware\SecurityHeadersMiddleware.php(27): Illuminate\Pipeline\Pipeline->{closure:{closure:Illuminate\Pipeline\Pipeline::carry():194}:195}(Object(Illuminate\Http\Request))
#31 C:\Users\Gaser\Desktop\COPRRA\vendor\laravel\framework\src\Illuminate\Pipeline\Pipeline.php(219): App\Http\Middleware\SecurityHeadersMiddleware->handle(Object(Illuminate\Http\Request), Object(Closure))
#32 C:\Users\Gaser\Desktop\COPRRA\vendor\laravel\framework\src\Illuminate\Foundation\Http\Middleware\TransformsRequest.php(21): Illuminate\Pipeline\Pipeline->{closure:{closure:Illuminate\Pipeline\Pipeline::carry():194}:195}(Object(Illuminate\Http\Request))
#33 C:\Users\Gaser\Desktop\COPRRA\vendor\laravel\framework\src\Illuminate\Foundation\Http\Middleware\ConvertEmptyStringsToNull.php(31): Illuminate\Foundation\Http\Middleware\TransformsRequest->handle(Object(Illuminate\Http\Request), Object(Closure))
#34 C:\Users\Gaser\Desktop\COPRRA\vendor\laravel\framework\src\Illuminate\Pipeline\Pipeline.php(219): Illuminate\Foundation\Http\Middleware\ConvertEmptyStringsToNull->handle(Object(Illuminate\Http\Request), Object(Closure))
#35 C:\Users\Gaser\Desktop\COPRRA\vendor\laravel\framework\src\Illuminate\Foundation\Http\Middleware\TransformsRequest.php(21): Illuminate\Pipeline\Pipeline->{closure:{closure:Illuminate\Pipeline\Pipeline::carry():194}:195}(Object(Illuminate\Http\Request))
#36 C:\Users\Gaser\Desktop\COPRRA\vendor\laravel\framework\src\Illuminate\Foundation\Http\Middleware\TrimStrings.php(51): Illuminate\Foundation\Http\Middleware\TransformsRequest->handle(Object(Illuminate\Http\Request), Object(Closure))
#37 C:\Users\Gaser\Desktop\COPRRA\vendor\laravel\framework\src\Illuminate\Pipeline\Pipeline.php(219): Illuminate\Foundation\Http\Middleware\TrimStrings->handle(Object(Illuminate\Http\Request), Object(Closure))
#38 C:\Users\Gaser\Desktop\COPRRA\vendor\laravel\framework\src\Illuminate\Http\Middleware\ValidatePostSize.php(27): Illuminate\Pipeline\Pipeline->{closure:{closure:Illuminate\Pipeline\Pipeline::carry():194}:195}(Object(Illuminate\Http\Request))
#39 C:\Users\Gaser\Desktop\COPRRA\vendor\laravel\framework\src\Illuminate\Pipeline\Pipeline.php(219): Illuminate\Http\Middleware\ValidatePostSize->handle(Object(Illuminate\Http\Request), Object(Closure))
#40 C:\Users\Gaser\Desktop\COPRRA\vendor\laravel\framework\src\Illuminate\Foundation\Http\Middleware\PreventRequestsDuringMaintenance.php(109): Illuminate\Pipeline\Pipeline->{closure:{closure:Illuminate\Pipeline\Pipeline::carry():194}:195}(Object(Illuminate\Http\Request))
#41 C:\Users\Gaser\Desktop\COPRRA\vendor\laravel\framework\src\Illuminate\Pipeline\Pipeline.php(219): Illuminate\Foundation\Http\Middleware\PreventRequestsDuringMaintenance->handle(Object(Illuminate\Http\Request), Object(Closure))
#42 C:\Users\Gaser\Desktop\COPRRA\vendor\laravel\framework\src\Illuminate\Http\Middleware\HandleCors.php(61): Illuminate\Pipeline\Pipeline->{closure:{closure:Illuminate\Pipeline\Pipeline::carry():194}:195}(Object(Illuminate\Http\Request))
#43 C:\Users\Gaser\Desktop\COPRRA\vendor\laravel\framework\src\Illuminate\Pipeline\Pipeline.php(219): Illuminate\Http\Middleware\HandleCors->handle(Object(Illuminate\Http\Request), Object(Closure))
#44 C:\Users\Gaser\Desktop\COPRRA\vendor\laravel\framework\src\Illuminate\Http\Middleware\TrustProxies.php(58): Illuminate\Pipeline\Pipeline->{closure:{closure:Illuminate\Pipeline\Pipeline::carry():194}:195}(Object(Illuminate\Http\Request))
#45 C:\Users\Gaser\Desktop\COPRRA\vendor\laravel\framework\src\Illuminate\Pipeline\Pipeline.php(219): Illuminate\Http\Middleware\TrustProxies->handle(Object(Illuminate\Http\Request), Object(Closure))
#46 C:\Users\Gaser\Desktop\COPRRA\vendor\laravel\framework\src\Illuminate\Foundation\Http\Middleware\InvokeDeferredCallbacks.php(22): Illuminate\Pipeline\Pipeline->{closure:{closure:Illuminate\Pipeline\Pipeline::carry():194}:195}(Object(Illuminate\Http\Request))
#47 C:\Users\Gaser\Desktop\COPRRA\vendor\laravel\framework\src\Illuminate\Pipeline\Pipeline.php(219): Illuminate\Foundation\Http\Middleware\InvokeDeferredCallbacks->handle(Object(Illuminate\Http\Request), Object(Closure))
#48 C:\Users\Gaser\Desktop\COPRRA\vendor\laravel\framework\src\Illuminate\Http\Middleware\ValidatePathEncoding.php(26): Illuminate\Pipeline\Pipeline->{closure:{closure:Illuminate\Pipeline\Pipeline::carry():194}:195}(Object(Illuminate\Http\Request))
#49 C:\Users\Gaser\Desktop\COPRRA\vendor\laravel\framework\src\Illuminate\Pipeline\Pipeline.php(219): Illuminate\Http\Middleware\ValidatePathEncoding->handle(Object(Illuminate\Http\Request), Object(Closure))
#50 C:\Users\Gaser\Desktop\COPRRA\vendor\laravel\framework\src\Illuminate\Pipeline\Pipeline.php(137): Illuminate\Pipeline\Pipeline->{closure:{closure:Illuminate\Pipeline\Pipeline::carry():194}:195}(Object(Illuminate\Http\Request))
#51 C:\Users\Gaser\Desktop\COPRRA\vendor\laravel\framework\src\Illuminate\Foundation\Http\Kernel.php(175): Illuminate\Pipeline\Pipeline->then(Object(Closure))
#52 C:\Users\Gaser\Desktop\COPRRA\vendor\laravel\framework\src\Illuminate\Foundation\Http\Kernel.php(144): Illuminate\Foundation\Http\Kernel->sendRequestThroughRouter(Object(Illuminate\Http\Request))
#53 C:\Users\Gaser\Desktop\COPRRA\vendor\laravel\framework\src\Illuminate\Foundation\Testing\Concerns\MakesHttpRequests.php(607): Illuminate\Foundation\Http\Kernel->handle(Object(Illuminate\Http\Request))
#54 C:\Users\Gaser\Desktop\COPRRA\vendor\laravel\framework\src\Illuminate\Foundation\Testing\Concerns\MakesHttpRequests.php(573): Illuminate\Foundation\Testing\TestCase->call('POST', '/api/logout', Array, Array, Array, Array, '[]')
#55 C:\Users\Gaser\Desktop\COPRRA\vendor\laravel\framework\src\Illuminate\Foundation\Testing\Concerns\MakesHttpRequests.php(411): Illuminate\Foundation\Testing\TestCase->json('POST', '/api/logout', Array, Array, 0)
#56 C:\Users\Gaser\Desktop\COPRRA\tests\Feature\Http\Controllers\Api\AuthControllerTest.php(97): Illuminate\Foundation\Testing\TestCase->postJson('/api/logout')
#57 C:\Users\Gaser\Desktop\COPRRA\vendor\phpunit\phpunit\src\Framework\TestCase.php(1317): Tests\Feature\Http\Controllers\Api\AuthControllerTest->test_can_logout_authenticated_user()
#58 C:\Users\Gaser\Desktop\COPRRA\vendor\phpunit\phpunit\src\Framework\TestCase.php(517): PHPUnit\Framework\TestCase->runTest()
#59 C:\Users\Gaser\Desktop\COPRRA\vendor\phpunit\phpunit\src\Framework\TestRunner\TestRunner.php(99): PHPUnit\Framework\TestCase->runBare()
#60 C:\Users\Gaser\Desktop\COPRRA\vendor\phpunit\phpunit\src\Framework\TestCase.php(357): PHPUnit\Framework\TestRunner->run(Object(Tests\Feature\Http\Controllers\Api\AuthControllerTest))
#61 C:\Users\Gaser\Desktop\COPRRA\vendor\phpunit\phpunit\src\Framework\TestSuite.php(374): PHPUnit\Framework\TestCase->run()
#62 C:\Users\Gaser\Desktop\COPRRA\vendor\phpunit\phpunit\src\Framework\TestSuite.php(374): PHPUnit\Framework\TestSuite->run()
#63 C:\Users\Gaser\Desktop\COPRRA\vendor\phpunit\phpunit\src\Framework\TestSuite.php(374): PHPUnit\Framework\TestSuite->run()
#64 C:\Users\Gaser\Desktop\COPRRA\vendor\phpunit\phpunit\src\TextUI\TestRunner.php(64): PHPUnit\Framework\TestSuite->run()
#65 C:\Users\Gaser\Desktop\COPRRA\vendor\phpunit\phpunit\src\TextUI\Application.php(229): PHPUnit\TextUI\TestRunner->run(Object(PHPUnit\TextUI\Configuration\Configuration), Object(PHPUnit\Runner\ResultCache\DefaultResultCache), Object(PHPUnit\Framework\TestSuite))
#66 C:\Users\Gaser\Desktop\COPRRA\vendor\phpunit\phpunit\phpunit(104): PHPUnit\TextUI\Application->run(Array)
#67 C:\Users\Gaser\Desktop\COPRRA\vendor\bin\phpunit(119): include('C:\\Users\\Gaser\\...')
#68 {main}

----------------------------------------------------------------------------------

Method App\Http\Controllers\Api\AuthController::logout does not exist.

C:\Users\Gaser\Desktop\COPRRA\vendor\laravel\framework\src\Illuminate\Testing\TestResponseAssert.php:45
C:\Users\Gaser\Desktop\COPRRA\vendor\laravel\framework\src\Illuminate\Testing\TestResponse.php:174
C:\Users\Gaser\Desktop\COPRRA\tests\Feature\Http\Controllers\Api\AuthControllerTest.php:99
C:\Users\Gaser\Desktop\COPRRA\vendor\phpunit\phpunit\phpunit:104

24) Tests\Feature\Http\Controllers\Api\AuthControllerTest::test_can_get_authenticated_user_info
Expected response status code [200] but received 500.
Failed asserting that 500 is identical to 200.

The following exception occurred during the last request:

BadMethodCallException: Method App\Http\Controllers\Api\AuthController::me does not exist. in C:\Users\Gaser\Desktop\COPRRA\vendor\laravel\framework\src\Illuminate\Routing\Controller.php:68
Stack trace:
#0 C:\Users\Gaser\Desktop\COPRRA\vendor\laravel\framework\src\Illuminate\Routing\Controller.php(54): Illuminate\Routing\Controller->__call('me', Array)
#1 C:\Users\Gaser\Desktop\COPRRA\vendor\laravel\framework\src\Illuminate\Routing\ControllerDispatcher.php(43): Illuminate\Routing\Controller->callAction('me', Array)
#2 C:\Users\Gaser\Desktop\COPRRA\vendor\laravel\framework\src\Illuminate\Routing\Route.php(265): Illuminate\Routing\ControllerDispatcher->dispatch(Object(Illuminate\Routing\Route), Object(App\Http\Controllers\Api\AuthController), 'me')
#3 C:\Users\Gaser\Desktop\COPRRA\vendor\laravel\framework\src\Illuminate\Routing\Route.php(211): Illuminate\Routing\Route->runController()
#4 C:\Users\Gaser\Desktop\COPRRA\vendor\laravel\framework\src\Illuminate\Routing\Router.php(822): Illuminate\Routing\Route->run()
#5 C:\Users\Gaser\Desktop\COPRRA\vendor\laravel\framework\src\Illuminate\Pipeline\Pipeline.php(180): Illuminate\Routing\Router->{closure:Illuminate\Routing\Router::runRouteWithinStack():821}(Object(Illuminate\Http\Request))
#6 C:\Users\Gaser\Desktop\COPRRA\app\Http\Middleware\ApiErrorHandler.php(26): Illuminate\Pipeline\Pipeline->{closure:Illuminate\Pipeline\Pipeline::prepareDestination():178}(Object(Illuminate\Http\Request))
#7 C:\Users\Gaser\Desktop\COPRRA\vendor\laravel\framework\src\Illuminate\Pipeline\Pipeline.php(219): App\Http\Middleware\ApiErrorHandler->handle(Object(Illuminate\Http\Request), Object(Closure))
#8 C:\Users\Gaser\Desktop\COPRRA\vendor\laravel\framework\src\Illuminate\Routing\Middleware\SubstituteBindings.php(50): Illuminate\Pipeline\Pipeline->{closure:{closure:Illuminate\Pipeline\Pipeline::carry():194}:195}(Object(Illuminate\Http\Request))
#9 C:\Users\Gaser\Desktop\COPRRA\vendor\laravel\framework\src\Illuminate\Pipeline\Pipeline.php(219): Illuminate\Routing\Middleware\SubstituteBindings->handle(Object(Illuminate\Http\Request), Object(Closure))
#10 C:\Users\Gaser\Desktop\COPRRA\vendor\laravel\framework\src\Illuminate\Routing\Middleware\ThrottleRequests.php(166): Illuminate\Pipeline\Pipeline->{closure:{closure:Illuminate\Pipeline\Pipeline::carry():194}:195}(Object(Illuminate\Http\Request))
#11 C:\Users\Gaser\Desktop\COPRRA\vendor\laravel\framework\src\Illuminate\Routing\Middleware\ThrottleRequests.php(129): Illuminate\Routing\Middleware\ThrottleRequests->handleRequest(Object(Illuminate\Http\Request), Object(Closure), Array)
#12 C:\Users\Gaser\Desktop\COPRRA\vendor\laravel\framework\src\Illuminate\Routing\Middleware\ThrottleRequests.php(90): Illuminate\Routing\Middleware\ThrottleRequests->handleRequestUsingNamedLimiter(Object(Illuminate\Http\Request), Object(Closure), 'api', Object(Closure))
#13 C:\Users\Gaser\Desktop\COPRRA\vendor\laravel\framework\src\Illuminate\Pipeline\Pipeline.php(219): Illuminate\Routing\Middleware\ThrottleRequests->handle(Object(Illuminate\Http\Request), Object(Closure), 'api')
#14 C:\Users\Gaser\Desktop\COPRRA\vendor\laravel\sanctum\src\Http\Middleware\EnsureFrontendRequestsAreStateful.php(26): Illuminate\Pipeline\Pipeline->{closure:{closure:Illuminate\Pipeline\Pipeline::carry():194}:195}(Object(Illuminate\Http\Request))
#15 C:\Users\Gaser\Desktop\COPRRA\vendor\laravel\framework\src\Illuminate\Pipeline\Pipeline.php(180): Laravel\Sanctum\Http\Middleware\EnsureFrontendRequestsAreStateful->{closure:Laravel\Sanctum\Http\Middleware\EnsureFrontendRequestsAreStateful::handle():25}(Object(Illuminate\Http\Request))
#16 C:\Users\Gaser\Desktop\COPRRA\vendor\laravel\framework\src\Illuminate\Pipeline\Pipeline.php(137): Illuminate\Pipeline\Pipeline->{closure:Illuminate\Pipeline\Pipeline::prepareDestination():178}(Object(Illuminate\Http\Request))
#17 C:\Users\Gaser\Desktop\COPRRA\vendor\laravel\sanctum\src\Http\Middleware\EnsureFrontendRequestsAreStateful.php(25): Illuminate\Pipeline\Pipeline->then(Object(Closure))
#18 C:\Users\Gaser\Desktop\COPRRA\vendor\laravel\framework\src\Illuminate\Pipeline\Pipeline.php(219): Laravel\Sanctum\Http\Middleware\EnsureFrontendRequestsAreStateful->handle(Object(Illuminate\Http\Request), Object(Closure))
#19 C:\Users\Gaser\Desktop\COPRRA\vendor\laravel\framework\src\Illuminate\Pipeline\Pipeline.php(137): Illuminate\Pipeline\Pipeline->{closure:{closure:Illuminate\Pipeline\Pipeline::carry():194}:195}(Object(Illuminate\Http\Request))
#20 C:\Users\Gaser\Desktop\COPRRA\vendor\laravel\framework\src\Illuminate\Routing\Router.php(821): Illuminate\Pipeline\Pipeline->then(Object(Closure))
#21 C:\Users\Gaser\Desktop\COPRRA\vendor\laravel\framework\src\Illuminate\Routing\Router.php(800): Illuminate\Routing\Router->runRouteWithinStack(Object(Illuminate\Routing\Route), Object(Illuminate\Http\Request))
#22 C:\Users\Gaser\Desktop\COPRRA\vendor\laravel\framework\src\Illuminate\Routing\Router.php(764): Illuminate\Routing\Router->runRoute(Object(Illuminate\Http\Request), Object(Illuminate\Routing\Route))
#23 C:\Users\Gaser\Desktop\COPRRA\vendor\laravel\framework\src\Illuminate\Routing\Router.php(753): Illuminate\Routing\Router->dispatchToRoute(Object(Illuminate\Http\Request))
#24 C:\Users\Gaser\Desktop\COPRRA\vendor\laravel\framework\src\Illuminate\Foundation\Http\Kernel.php(200): Illuminate\Routing\Router->dispatch(Object(Illuminate\Http\Request))
#25 C:\Users\Gaser\Desktop\COPRRA\vendor\laravel\framework\src\Illuminate\Pipeline\Pipeline.php(180): Illuminate\Foundation\Http\Kernel->{closure:Illuminate\Foundation\Http\Kernel::dispatchToRouter():197}(Object(Illuminate\Http\Request))
#26 C:\Users\Gaser\Desktop\COPRRA\vendor\livewire\livewire\src\Features\SupportDisablingBackButtonCache\DisableBackButtonCacheMiddleware.php(19): Illuminate\Pipeline\Pipeline->{closure:Illuminate\Pipeline\Pipeline::prepareDestination():178}(Object(Illuminate\Http\Request))
#27 C:\Users\Gaser\Desktop\COPRRA\vendor\laravel\framework\src\Illuminate\Pipeline\Pipeline.php(219): Livewire\Features\SupportDisablingBackButtonCache\DisableBackButtonCacheMiddleware->handle(Object(Illuminate\Http\Request), Object(Closure))
#28 C:\Users\Gaser\Desktop\COPRRA\app\Http\Middleware\SecurityHeadersMiddleware.php(27): Illuminate\Pipeline\Pipeline->{closure:{closure:Illuminate\Pipeline\Pipeline::carry():194}:195}(Object(Illuminate\Http\Request))
#29 C:\Users\Gaser\Desktop\COPRRA\vendor\laravel\framework\src\Illuminate\Pipeline\Pipeline.php(219): App\Http\Middleware\SecurityHeadersMiddleware->handle(Object(Illuminate\Http\Request), Object(Closure))
#30 C:\Users\Gaser\Desktop\COPRRA\vendor\laravel\framework\src\Illuminate\Foundation\Http\Middleware\TransformsRequest.php(21): Illuminate\Pipeline\Pipeline->{closure:{closure:Illuminate\Pipeline\Pipeline::carry():194}:195}(Object(Illuminate\Http\Request))
#31 C:\Users\Gaser\Desktop\COPRRA\vendor\laravel\framework\src\Illuminate\Foundation\Http\Middleware\ConvertEmptyStringsToNull.php(31): Illuminate\Foundation\Http\Middleware\TransformsRequest->handle(Object(Illuminate\Http\Request), Object(Closure))
#32 C:\Users\Gaser\Desktop\COPRRA\vendor\laravel\framework\src\Illuminate\Pipeline\Pipeline.php(219): Illuminate\Foundation\Http\Middleware\ConvertEmptyStringsToNull->handle(Object(Illuminate\Http\Request), Object(Closure))
#33 C:\Users\Gaser\Desktop\COPRRA\vendor\laravel\framework\src\Illuminate\Foundation\Http\Middleware\TransformsRequest.php(21): Illuminate\Pipeline\Pipeline->{closure:{closure:Illuminate\Pipeline\Pipeline::carry():194}:195}(Object(Illuminate\Http\Request))
#34 C:\Users\Gaser\Desktop\COPRRA\vendor\laravel\framework\src\Illuminate\Foundation\Http\Middleware\TrimStrings.php(51): Illuminate\Foundation\Http\Middleware\TransformsRequest->handle(Object(Illuminate\Http\Request), Object(Closure))
#35 C:\Users\Gaser\Desktop\COPRRA\vendor\laravel\framework\src\Illuminate\Pipeline\Pipeline.php(219): Illuminate\Foundation\Http\Middleware\TrimStrings->handle(Object(Illuminate\Http\Request), Object(Closure))
#36 C:\Users\Gaser\Desktop\COPRRA\vendor\laravel\framework\src\Illuminate\Http\Middleware\ValidatePostSize.php(27): Illuminate\Pipeline\Pipeline->{closure:{closure:Illuminate\Pipeline\Pipeline::carry():194}:195}(Object(Illuminate\Http\Request))
#37 C:\Users\Gaser\Desktop\COPRRA\vendor\laravel\framework\src\Illuminate\Pipeline\Pipeline.php(219): Illuminate\Http\Middleware\ValidatePostSize->handle(Object(Illuminate\Http\Request), Object(Closure))
#38 C:\Users\Gaser\Desktop\COPRRA\vendor\laravel\framework\src\Illuminate\Foundation\Http\Middleware\PreventRequestsDuringMaintenance.php(109): Illuminate\Pipeline\Pipeline->{closure:{closure:Illuminate\Pipeline\Pipeline::carry():194}:195}(Object(Illuminate\Http\Request))
#39 C:\Users\Gaser\Desktop\COPRRA\vendor\laravel\framework\src\Illuminate\Pipeline\Pipeline.php(219): Illuminate\Foundation\Http\Middleware\PreventRequestsDuringMaintenance->handle(Object(Illuminate\Http\Request), Object(Closure))
#40 C:\Users\Gaser\Desktop\COPRRA\vendor\laravel\framework\src\Illuminate\Http\Middleware\HandleCors.php(61): Illuminate\Pipeline\Pipeline->{closure:{closure:Illuminate\Pipeline\Pipeline::carry():194}:195}(Object(Illuminate\Http\Request))
#41 C:\Users\Gaser\Desktop\COPRRA\vendor\laravel\framework\src\Illuminate\Pipeline\Pipeline.php(219): Illuminate\Http\Middleware\HandleCors->handle(Object(Illuminate\Http\Request), Object(Closure))
#42 C:\Users\Gaser\Desktop\COPRRA\vendor\laravel\framework\src\Illuminate\Http\Middleware\TrustProxies.php(58): Illuminate\Pipeline\Pipeline->{closure:{closure:Illuminate\Pipeline\Pipeline::carry():194}:195}(Object(Illuminate\Http\Request))
#43 C:\Users\Gaser\Desktop\COPRRA\vendor\laravel\framework\src\Illuminate\Pipeline\Pipeline.php(219): Illuminate\Http\Middleware\TrustProxies->handle(Object(Illuminate\Http\Request), Object(Closure))
#44 C:\Users\Gaser\Desktop\COPRRA\vendor\laravel\framework\src\Illuminate\Foundation\Http\Middleware\InvokeDeferredCallbacks.php(22): Illuminate\Pipeline\Pipeline->{closure:{closure:Illuminate\Pipeline\Pipeline::carry():194}:195}(Object(Illuminate\Http\Request))
#45 C:\Users\Gaser\Desktop\COPRRA\vendor\laravel\framework\src\Illuminate\Pipeline\Pipeline.php(219): Illuminate\Foundation\Http\Middleware\InvokeDeferredCallbacks->handle(Object(Illuminate\Http\Request), Object(Closure))
#46 C:\Users\Gaser\Desktop\COPRRA\vendor\laravel\framework\src\Illuminate\Http\Middleware\ValidatePathEncoding.php(26): Illuminate\Pipeline\Pipeline->{closure:{closure:Illuminate\Pipeline\Pipeline::carry():194}:195}(Object(Illuminate\Http\Request))
#47 C:\Users\Gaser\Desktop\COPRRA\vendor\laravel\framework\src\Illuminate\Pipeline\Pipeline.php(219): Illuminate\Http\Middleware\ValidatePathEncoding->handle(Object(Illuminate\Http\Request), Object(Closure))
#48 C:\Users\Gaser\Desktop\COPRRA\vendor\laravel\framework\src\Illuminate\Pipeline\Pipeline.php(137): Illuminate\Pipeline\Pipeline->{closure:{closure:Illuminate\Pipeline\Pipeline::carry():194}:195}(Object(Illuminate\Http\Request))
#49 C:\Users\Gaser\Desktop\COPRRA\vendor\laravel\framework\src\Illuminate\Foundation\Http\Kernel.php(175): Illuminate\Pipeline\Pipeline->then(Object(Closure))
#50 C:\Users\Gaser\Desktop\COPRRA\vendor\laravel\framework\src\Illuminate\Foundation\Http\Kernel.php(144): Illuminate\Foundation\Http\Kernel->sendRequestThroughRouter(Object(Illuminate\Http\Request))
#51 C:\Users\Gaser\Desktop\COPRRA\vendor\laravel\framework\src\Illuminate\Foundation\Testing\Concerns\MakesHttpRequests.php(607): Illuminate\Foundation\Http\Kernel->handle(Object(Illuminate\Http\Request))
#52 C:\Users\Gaser\Desktop\COPRRA\vendor\laravel\framework\src\Illuminate\Foundation\Testing\Concerns\MakesHttpRequests.php(573): Illuminate\Foundation\Testing\TestCase->call('GET', '/api/me', Array, Array, Array, Array, '[]')
#53 C:\Users\Gaser\Desktop\COPRRA\vendor\laravel\framework\src\Illuminate\Foundation\Testing\Concerns\MakesHttpRequests.php(381): Illuminate\Foundation\Testing\TestCase->json('GET', '/api/me', Array, Array, 0)
#54 C:\Users\Gaser\Desktop\COPRRA\tests\Feature\Http\Controllers\Api\AuthControllerTest.php(119): Illuminate\Foundation\Testing\TestCase->getJson('/api/me')
#55 C:\Users\Gaser\Desktop\COPRRA\vendor\phpunit\phpunit\src\Framework\TestCase.php(1317): Tests\Feature\Http\Controllers\Api\AuthControllerTest->test_can_get_authenticated_user_info()
#56 C:\Users\Gaser\Desktop\COPRRA\vendor\phpunit\phpunit\src\Framework\TestCase.php(517): PHPUnit\Framework\TestCase->runTest()
#57 C:\Users\Gaser\Desktop\COPRRA\vendor\phpunit\phpunit\src\Framework\TestRunner\TestRunner.php(99): PHPUnit\Framework\TestCase->runBare()
#58 C:\Users\Gaser\Desktop\COPRRA\vendor\phpunit\phpunit\src\Framework\TestCase.php(357): PHPUnit\Framework\TestRunner->run(Object(Tests\Feature\Http\Controllers\Api\AuthControllerTest))
#59 C:\Users\Gaser\Desktop\COPRRA\vendor\phpunit\phpunit\src\Framework\TestSuite.php(374): PHPUnit\Framework\TestCase->run()
#60 C:\Users\Gaser\Desktop\COPRRA\vendor\phpunit\phpunit\src\Framework\TestSuite.php(374): PHPUnit\Framework\TestSuite->run()
#61 C:\Users\Gaser\Desktop\COPRRA\vendor\phpunit\phpunit\src\Framework\TestSuite.php(374): PHPUnit\Framework\TestSuite->run()
#62 C:\Users\Gaser\Desktop\COPRRA\vendor\phpunit\phpunit\src\TextUI\TestRunner.php(64): PHPUnit\Framework\TestSuite->run()
#63 C:\Users\Gaser\Desktop\COPRRA\vendor\phpunit\phpunit\src\TextUI\Application.php(229): PHPUnit\TextUI\TestRunner->run(Object(PHPUnit\TextUI\Configuration\Configuration), Object(PHPUnit\Runner\ResultCache\DefaultResultCache), Object(PHPUnit\Framework\TestSuite))
#64 C:\Users\Gaser\Desktop\COPRRA\vendor\phpunit\phpunit\phpunit(104): PHPUnit\TextUI\Application->run(Array)
#65 C:\Users\Gaser\Desktop\COPRRA\vendor\bin\phpunit(119): include('C:\\Users\\Gaser\\...')
#66 {main}

----------------------------------------------------------------------------------

Method App\Http\Controllers\Api\AuthController::me does not exist.

C:\Users\Gaser\Desktop\COPRRA\vendor\laravel\framework\src\Illuminate\Testing\TestResponseAssert.php:45
C:\Users\Gaser\Desktop\COPRRA\vendor\laravel\framework\src\Illuminate\Testing\TestResponse.php:174
C:\Users\Gaser\Desktop\COPRRA\tests\Feature\Http\Controllers\Api\AuthControllerTest.php:121
C:\Users\Gaser\Desktop\COPRRA\vendor\phpunit\phpunit\phpunit:104

25) Tests\Feature\Http\Controllers\Api\AuthControllerTest::test_returns_401_for_unauthenticated_me_request
Expected response status code [401] but received 500.
Failed asserting that 500 is identical to 401.

The following exception occurred during the last request:

BadMethodCallException: Method App\Http\Controllers\Api\AuthController::me does not exist. in C:\Users\Gaser\Desktop\COPRRA\vendor\laravel\framework\src\Illuminate\Routing\Controller.php:68
Stack trace:
#0 C:\Users\Gaser\Desktop\COPRRA\vendor\laravel\framework\src\Illuminate\Routing\Controller.php(54): Illuminate\Routing\Controller->__call('me', Array)
#1 C:\Users\Gaser\Desktop\COPRRA\vendor\laravel\framework\src\Illuminate\Routing\ControllerDispatcher.php(43): Illuminate\Routing\Controller->callAction('me', Array)
#2 C:\Users\Gaser\Desktop\COPRRA\vendor\laravel\framework\src\Illuminate\Routing\Route.php(265): Illuminate\Routing\ControllerDispatcher->dispatch(Object(Illuminate\Routing\Route), Object(App\Http\Controllers\Api\AuthController), 'me')
#3 C:\Users\Gaser\Desktop\COPRRA\vendor\laravel\framework\src\Illuminate\Routing\Route.php(211): Illuminate\Routing\Route->runController()
#4 C:\Users\Gaser\Desktop\COPRRA\vendor\laravel\framework\src\Illuminate\Routing\Router.php(822): Illuminate\Routing\Route->run()
#5 C:\Users\Gaser\Desktop\COPRRA\vendor\laravel\framework\src\Illuminate\Pipeline\Pipeline.php(180): Illuminate\Routing\Router->{closure:Illuminate\Routing\Router::runRouteWithinStack():821}(Object(Illuminate\Http\Request))
#6 C:\Users\Gaser\Desktop\COPRRA\app\Http\Middleware\ApiErrorHandler.php(26): Illuminate\Pipeline\Pipeline->{closure:Illuminate\Pipeline\Pipeline::prepareDestination():178}(Object(Illuminate\Http\Request))
#7 C:\Users\Gaser\Desktop\COPRRA\vendor\laravel\framework\src\Illuminate\Pipeline\Pipeline.php(219): App\Http\Middleware\ApiErrorHandler->handle(Object(Illuminate\Http\Request), Object(Closure))
#8 C:\Users\Gaser\Desktop\COPRRA\vendor\laravel\framework\src\Illuminate\Routing\Middleware\SubstituteBindings.php(50): Illuminate\Pipeline\Pipeline->{closure:{closure:Illuminate\Pipeline\Pipeline::carry():194}:195}(Object(Illuminate\Http\Request))
#9 C:\Users\Gaser\Desktop\COPRRA\vendor\laravel\framework\src\Illuminate\Pipeline\Pipeline.php(219): Illuminate\Routing\Middleware\SubstituteBindings->handle(Object(Illuminate\Http\Request), Object(Closure))
#10 C:\Users\Gaser\Desktop\COPRRA\vendor\laravel\framework\src\Illuminate\Routing\Middleware\ThrottleRequests.php(166): Illuminate\Pipeline\Pipeline->{closure:{closure:Illuminate\Pipeline\Pipeline::carry():194}:195}(Object(Illuminate\Http\Request))
#11 C:\Users\Gaser\Desktop\COPRRA\vendor\laravel\framework\src\Illuminate\Routing\Middleware\ThrottleRequests.php(129): Illuminate\Routing\Middleware\ThrottleRequests->handleRequest(Object(Illuminate\Http\Request), Object(Closure), Array)
#12 C:\Users\Gaser\Desktop\COPRRA\vendor\laravel\framework\src\Illuminate\Routing\Middleware\ThrottleRequests.php(90): Illuminate\Routing\Middleware\ThrottleRequests->handleRequestUsingNamedLimiter(Object(Illuminate\Http\Request), Object(Closure), 'api', Object(Closure))
#13 C:\Users\Gaser\Desktop\COPRRA\vendor\laravel\framework\src\Illuminate\Pipeline\Pipeline.php(219): Illuminate\Routing\Middleware\ThrottleRequests->handle(Object(Illuminate\Http\Request), Object(Closure), 'api')
#14 C:\Users\Gaser\Desktop\COPRRA\vendor\laravel\sanctum\src\Http\Middleware\EnsureFrontendRequestsAreStateful.php(26): Illuminate\Pipeline\Pipeline->{closure:{closure:Illuminate\Pipeline\Pipeline::carry():194}:195}(Object(Illuminate\Http\Request))
#15 C:\Users\Gaser\Desktop\COPRRA\vendor\laravel\framework\src\Illuminate\Pipeline\Pipeline.php(180): Laravel\Sanctum\Http\Middleware\EnsureFrontendRequestsAreStateful->{closure:Laravel\Sanctum\Http\Middleware\EnsureFrontendRequestsAreStateful::handle():25}(Object(Illuminate\Http\Request))
#16 C:\Users\Gaser\Desktop\COPRRA\vendor\laravel\framework\src\Illuminate\Pipeline\Pipeline.php(137): Illuminate\Pipeline\Pipeline->{closure:Illuminate\Pipeline\Pipeline::prepareDestination():178}(Object(Illuminate\Http\Request))
#17 C:\Users\Gaser\Desktop\COPRRA\vendor\laravel\sanctum\src\Http\Middleware\EnsureFrontendRequestsAreStateful.php(25): Illuminate\Pipeline\Pipeline->then(Object(Closure))
#18 C:\Users\Gaser\Desktop\COPRRA\vendor\laravel\framework\src\Illuminate\Pipeline\Pipeline.php(219): Laravel\Sanctum\Http\Middleware\EnsureFrontendRequestsAreStateful->handle(Object(Illuminate\Http\Request), Object(Closure))
#19 C:\Users\Gaser\Desktop\COPRRA\vendor\laravel\framework\src\Illuminate\Pipeline\Pipeline.php(137): Illuminate\Pipeline\Pipeline->{closure:{closure:Illuminate\Pipeline\Pipeline::carry():194}:195}(Object(Illuminate\Http\Request))
#20 C:\Users\Gaser\Desktop\COPRRA\vendor\laravel\framework\src\Illuminate\Routing\Router.php(821): Illuminate\Pipeline\Pipeline->then(Object(Closure))
#21 C:\Users\Gaser\Desktop\COPRRA\vendor\laravel\framework\src\Illuminate\Routing\Router.php(800): Illuminate\Routing\Router->runRouteWithinStack(Object(Illuminate\Routing\Route), Object(Illuminate\Http\Request))
#22 C:\Users\Gaser\Desktop\COPRRA\vendor\laravel\framework\src\Illuminate\Routing\Router.php(764): Illuminate\Routing\Router->runRoute(Object(Illuminate\Http\Request), Object(Illuminate\Routing\Route))
#23 C:\Users\Gaser\Desktop\COPRRA\vendor\laravel\framework\src\Illuminate\Routing\Router.php(753): Illuminate\Routing\Router->dispatchToRoute(Object(Illuminate\Http\Request))
#24 C:\Users\Gaser\Desktop\COPRRA\vendor\laravel\framework\src\Illuminate\Foundation\Http\Kernel.php(200): Illuminate\Routing\Router->dispatch(Object(Illuminate\Http\Request))
#25 C:\Users\Gaser\Desktop\COPRRA\vendor\laravel\framework\src\Illuminate\Pipeline\Pipeline.php(180): Illuminate\Foundation\Http\Kernel->{closure:Illuminate\Foundation\Http\Kernel::dispatchToRouter():197}(Object(Illuminate\Http\Request))
#26 C:\Users\Gaser\Desktop\COPRRA\vendor\livewire\livewire\src\Features\SupportDisablingBackButtonCache\DisableBackButtonCacheMiddleware.php(19): Illuminate\Pipeline\Pipeline->{closure:Illuminate\Pipeline\Pipeline::prepareDestination():178}(Object(Illuminate\Http\Request))
#27 C:\Users\Gaser\Desktop\COPRRA\vendor\laravel\framework\src\Illuminate\Pipeline\Pipeline.php(219): Livewire\Features\SupportDisablingBackButtonCache\DisableBackButtonCacheMiddleware->handle(Object(Illuminate\Http\Request), Object(Closure))
#28 C:\Users\Gaser\Desktop\COPRRA\app\Http\Middleware\SecurityHeadersMiddleware.php(27): Illuminate\Pipeline\Pipeline->{closure:{closure:Illuminate\Pipeline\Pipeline::carry():194}:195}(Object(Illuminate\Http\Request))
#29 C:\Users\Gaser\Desktop\COPRRA\vendor\laravel\framework\src\Illuminate\Pipeline\Pipeline.php(219): App\Http\Middleware\SecurityHeadersMiddleware->handle(Object(Illuminate\Http\Request), Object(Closure))
#30 C:\Users\Gaser\Desktop\COPRRA\vendor\laravel\framework\src\Illuminate\Foundation\Http\Middleware\TransformsRequest.php(21): Illuminate\Pipeline\Pipeline->{closure:{closure:Illuminate\Pipeline\Pipeline::carry():194}:195}(Object(Illuminate\Http\Request))
#31 C:\Users\Gaser\Desktop\COPRRA\vendor\laravel\framework\src\Illuminate\Foundation\Http\Middleware\ConvertEmptyStringsToNull.php(31): Illuminate\Foundation\Http\Middleware\TransformsRequest->handle(Object(Illuminate\Http\Request), Object(Closure))
#32 C:\Users\Gaser\Desktop\COPRRA\vendor\laravel\framework\src\Illuminate\Pipeline\Pipeline.php(219): Illuminate\Foundation\Http\Middleware\ConvertEmptyStringsToNull->handle(Object(Illuminate\Http\Request), Object(Closure))
#33 C:\Users\Gaser\Desktop\COPRRA\vendor\laravel\framework\src\Illuminate\Foundation\Http\Middleware\TransformsRequest.php(21): Illuminate\Pipeline\Pipeline->{closure:{closure:Illuminate\Pipeline\Pipeline::carry():194}:195}(Object(Illuminate\Http\Request))
#34 C:\Users\Gaser\Desktop\COPRRA\vendor\laravel\framework\src\Illuminate\Foundation\Http\Middleware\TrimStrings.php(51): Illuminate\Foundation\Http\Middleware\TransformsRequest->handle(Object(Illuminate\Http\Request), Object(Closure))
#35 C:\Users\Gaser\Desktop\COPRRA\vendor\laravel\framework\src\Illuminate\Pipeline\Pipeline.php(219): Illuminate\Foundation\Http\Middleware\TrimStrings->handle(Object(Illuminate\Http\Request), Object(Closure))
#36 C:\Users\Gaser\Desktop\COPRRA\vendor\laravel\framework\src\Illuminate\Http\Middleware\ValidatePostSize.php(27): Illuminate\Pipeline\Pipeline->{closure:{closure:Illuminate\Pipeline\Pipeline::carry():194}:195}(Object(Illuminate\Http\Request))
#37 C:\Users\Gaser\Desktop\COPRRA\vendor\laravel\framework\src\Illuminate\Pipeline\Pipeline.php(219): Illuminate\Http\Middleware\ValidatePostSize->handle(Object(Illuminate\Http\Request), Object(Closure))
#38 C:\Users\Gaser\Desktop\COPRRA\vendor\laravel\framework\src\Illuminate\Foundation\Http\Middleware\PreventRequestsDuringMaintenance.php(109): Illuminate\Pipeline\Pipeline->{closure:{closure:Illuminate\Pipeline\Pipeline::carry():194}:195}(Object(Illuminate\Http\Request))
#39 C:\Users\Gaser\Desktop\COPRRA\vendor\laravel\framework\src\Illuminate\Pipeline\Pipeline.php(219): Illuminate\Foundation\Http\Middleware\PreventRequestsDuringMaintenance->handle(Object(Illuminate\Http\Request), Object(Closure))
#40 C:\Users\Gaser\Desktop\COPRRA\vendor\laravel\framework\src\Illuminate\Http\Middleware\HandleCors.php(61): Illuminate\Pipeline\Pipeline->{closure:{closure:Illuminate\Pipeline\Pipeline::carry():194}:195}(Object(Illuminate\Http\Request))
#41 C:\Users\Gaser\Desktop\COPRRA\vendor\laravel\framework\src\Illuminate\Pipeline\Pipeline.php(219): Illuminate\Http\Middleware\HandleCors->handle(Object(Illuminate\Http\Request), Object(Closure))
#42 C:\Users\Gaser\Desktop\COPRRA\vendor\laravel\framework\src\Illuminate\Http\Middleware\TrustProxies.php(58): Illuminate\Pipeline\Pipeline->{closure:{closure:Illuminate\Pipeline\Pipeline::carry():194}:195}(Object(Illuminate\Http\Request))
#43 C:\Users\Gaser\Desktop\COPRRA\vendor\laravel\framework\src\Illuminate\Pipeline\Pipeline.php(219): Illuminate\Http\Middleware\TrustProxies->handle(Object(Illuminate\Http\Request), Object(Closure))
#44 C:\Users\Gaser\Desktop\COPRRA\vendor\laravel\framework\src\Illuminate\Foundation\Http\Middleware\InvokeDeferredCallbacks.php(22): Illuminate\Pipeline\Pipeline->{closure:{closure:Illuminate\Pipeline\Pipeline::carry():194}:195}(Object(Illuminate\Http\Request))
#45 C:\Users\Gaser\Desktop\COPRRA\vendor\laravel\framework\src\Illuminate\Pipeline\Pipeline.php(219): Illuminate\Foundation\Http\Middleware\InvokeDeferredCallbacks->handle(Object(Illuminate\Http\Request), Object(Closure))
#46 C:\Users\Gaser\Desktop\COPRRA\vendor\laravel\framework\src\Illuminate\Http\Middleware\ValidatePathEncoding.php(26): Illuminate\Pipeline\Pipeline->{closure:{closure:Illuminate\Pipeline\Pipeline::carry():194}:195}(Object(Illuminate\Http\Request))
#47 C:\Users\Gaser\Desktop\COPRRA\vendor\laravel\framework\src\Illuminate\Pipeline\Pipeline.php(219): Illuminate\Http\Middleware\ValidatePathEncoding->handle(Object(Illuminate\Http\Request), Object(Closure))
#48 C:\Users\Gaser\Desktop\COPRRA\vendor\laravel\framework\src\Illuminate\Pipeline\Pipeline.php(137): Illuminate\Pipeline\Pipeline->{closure:{closure:Illuminate\Pipeline\Pipeline::carry():194}:195}(Object(Illuminate\Http\Request))
#49 C:\Users\Gaser\Desktop\COPRRA\vendor\laravel\framework\src\Illuminate\Foundation\Http\Kernel.php(175): Illuminate\Pipeline\Pipeline->then(Object(Closure))
#50 C:\Users\Gaser\Desktop\COPRRA\vendor\laravel\framework\src\Illuminate\Foundation\Http\Kernel.php(144): Illuminate\Foundation\Http\Kernel->sendRequestThroughRouter(Object(Illuminate\Http\Request))
#51 C:\Users\Gaser\Desktop\COPRRA\vendor\laravel\framework\src\Illuminate\Foundation\Testing\Concerns\MakesHttpRequests.php(607): Illuminate\Foundation\Http\Kernel->handle(Object(Illuminate\Http\Request))
#52 C:\Users\Gaser\Desktop\COPRRA\vendor\laravel\framework\src\Illuminate\Foundation\Testing\Concerns\MakesHttpRequests.php(573): Illuminate\Foundation\Testing\TestCase->call('GET', '/api/me', Array, Array, Array, Array, '[]')
#53 C:\Users\Gaser\Desktop\COPRRA\vendor\laravel\framework\src\Illuminate\Foundation\Testing\Concerns\MakesHttpRequests.php(381): Illuminate\Foundation\Testing\TestCase->json('GET', '/api/me', Array, Array, 0)
#54 C:\Users\Gaser\Desktop\COPRRA\tests\Feature\Http\Controllers\Api\AuthControllerTest.php(136): Illuminate\Foundation\Testing\TestCase->getJson('/api/me')
#55 C:\Users\Gaser\Desktop\COPRRA\vendor\phpunit\phpunit\src\Framework\TestCase.php(1317): Tests\Feature\Http\Controllers\Api\AuthControllerTest->test_returns_401_for_unauthenticated_me_request()
#56 C:\Users\Gaser\Desktop\COPRRA\vendor\phpunit\phpunit\src\Framework\TestCase.php(517): PHPUnit\Framework\TestCase->runTest()
#57 C:\Users\Gaser\Desktop\COPRRA\vendor\phpunit\phpunit\src\Framework\TestRunner\TestRunner.php(99): PHPUnit\Framework\TestCase->runBare()
#58 C:\Users\Gaser\Desktop\COPRRA\vendor\phpunit\phpunit\src\Framework\TestCase.php(357): PHPUnit\Framework\TestRunner->run(Object(Tests\Feature\Http\Controllers\Api\AuthControllerTest))
#59 C:\Users\Gaser\Desktop\COPRRA\vendor\phpunit\phpunit\src\Framework\TestSuite.php(374): PHPUnit\Framework\TestCase->run()
#60 C:\Users\Gaser\Desktop\COPRRA\vendor\phpunit\phpunit\src\Framework\TestSuite.php(374): PHPUnit\Framework\TestSuite->run()
#61 C:\Users\Gaser\Desktop\COPRRA\vendor\phpunit\phpunit\src\Framework\TestSuite.php(374): PHPUnit\Framework\TestSuite->run()
#62 C:\Users\Gaser\Desktop\COPRRA\vendor\phpunit\phpunit\src\TextUI\TestRunner.php(64): PHPUnit\Framework\TestSuite->run()
#63 C:\Users\Gaser\Desktop\COPRRA\vendor\phpunit\phpunit\src\TextUI\Application.php(229): PHPUnit\TextUI\TestRunner->run(Object(PHPUnit\TextUI\Configuration\Configuration), Object(PHPUnit\Runner\ResultCache\DefaultResultCache), Object(PHPUnit\Framework\TestSuite))
#64 C:\Users\Gaser\Desktop\COPRRA\vendor\phpunit\phpunit\phpunit(104): PHPUnit\TextUI\Application->run(Array)
#65 C:\Users\Gaser\Desktop\COPRRA\vendor\bin\phpunit(119): include('C:\\Users\\Gaser\\...')
#66 {main}

----------------------------------------------------------------------------------

Method App\Http\Controllers\Api\AuthController::me does not exist.

C:\Users\Gaser\Desktop\COPRRA\vendor\laravel\framework\src\Illuminate\Testing\TestResponseAssert.php:45
C:\Users\Gaser\Desktop\COPRRA\vendor\laravel\framework\src\Illuminate\Testing\TestResponse.php:174
C:\Users\Gaser\Desktop\COPRRA\tests\Feature\Http\Controllers\Api\AuthControllerTest.php:138
C:\Users\Gaser\Desktop\COPRRA\vendor\phpunit\phpunit\phpunit:104

26) Tests\Feature\Http\Controllers\Api\AuthControllerTest::test_returns_401_for_invalid_token
Expected response status code [401] but received 500.
Failed asserting that 500 is identical to 401.

The following exception occurred during the last request:

BadMethodCallException: Method App\Http\Controllers\Api\AuthController::me does not exist. in C:\Users\Gaser\Desktop\COPRRA\vendor\laravel\framework\src\Illuminate\Routing\Controller.php:68
Stack trace:
#0 C:\Users\Gaser\Desktop\COPRRA\vendor\laravel\framework\src\Illuminate\Routing\Controller.php(54): Illuminate\Routing\Controller->__call('me', Array)
#1 C:\Users\Gaser\Desktop\COPRRA\vendor\laravel\framework\src\Illuminate\Routing\ControllerDispatcher.php(43): Illuminate\Routing\Controller->callAction('me', Array)
#2 C:\Users\Gaser\Desktop\COPRRA\vendor\laravel\framework\src\Illuminate\Routing\Route.php(265): Illuminate\Routing\ControllerDispatcher->dispatch(Object(Illuminate\Routing\Route), Object(App\Http\Controllers\Api\AuthController), 'me')
#3 C:\Users\Gaser\Desktop\COPRRA\vendor\laravel\framework\src\Illuminate\Routing\Route.php(211): Illuminate\Routing\Route->runController()
#4 C:\Users\Gaser\Desktop\COPRRA\vendor\laravel\framework\src\Illuminate\Routing\Router.php(822): Illuminate\Routing\Route->run()
#5 C:\Users\Gaser\Desktop\COPRRA\vendor\laravel\framework\src\Illuminate\Pipeline\Pipeline.php(180): Illuminate\Routing\Router->{closure:Illuminate\Routing\Router::runRouteWithinStack():821}(Object(Illuminate\Http\Request))
#6 C:\Users\Gaser\Desktop\COPRRA\app\Http\Middleware\ApiErrorHandler.php(26): Illuminate\Pipeline\Pipeline->{closure:Illuminate\Pipeline\Pipeline::prepareDestination():178}(Object(Illuminate\Http\Request))
#7 C:\Users\Gaser\Desktop\COPRRA\vendor\laravel\framework\src\Illuminate\Pipeline\Pipeline.php(219): App\Http\Middleware\ApiErrorHandler->handle(Object(Illuminate\Http\Request), Object(Closure))
#8 C:\Users\Gaser\Desktop\COPRRA\vendor\laravel\framework\src\Illuminate\Routing\Middleware\SubstituteBindings.php(50): Illuminate\Pipeline\Pipeline->{closure:{closure:Illuminate\Pipeline\Pipeline::carry():194}:195}(Object(Illuminate\Http\Request))
#9 C:\Users\Gaser\Desktop\COPRRA\vendor\laravel\framework\src\Illuminate\Pipeline\Pipeline.php(219): Illuminate\Routing\Middleware\SubstituteBindings->handle(Object(Illuminate\Http\Request), Object(Closure))
#10 C:\Users\Gaser\Desktop\COPRRA\vendor\laravel\framework\src\Illuminate\Routing\Middleware\ThrottleRequests.php(166): Illuminate\Pipeline\Pipeline->{closure:{closure:Illuminate\Pipeline\Pipeline::carry():194}:195}(Object(Illuminate\Http\Request))
#11 C:\Users\Gaser\Desktop\COPRRA\vendor\laravel\framework\src\Illuminate\Routing\Middleware\ThrottleRequests.php(129): Illuminate\Routing\Middleware\ThrottleRequests->handleRequest(Object(Illuminate\Http\Request), Object(Closure), Array)
#12 C:\Users\Gaser\Desktop\COPRRA\vendor\laravel\framework\src\Illuminate\Routing\Middleware\ThrottleRequests.php(90): Illuminate\Routing\Middleware\ThrottleRequests->handleRequestUsingNamedLimiter(Object(Illuminate\Http\Request), Object(Closure), 'api', Object(Closure))
#13 C:\Users\Gaser\Desktop\COPRRA\vendor\laravel\framework\src\Illuminate\Pipeline\Pipeline.php(219): Illuminate\Routing\Middleware\ThrottleRequests->handle(Object(Illuminate\Http\Request), Object(Closure), 'api')
#14 C:\Users\Gaser\Desktop\COPRRA\vendor\laravel\sanctum\src\Http\Middleware\EnsureFrontendRequestsAreStateful.php(26): Illuminate\Pipeline\Pipeline->{closure:{closure:Illuminate\Pipeline\Pipeline::carry():194}:195}(Object(Illuminate\Http\Request))
#15 C:\Users\Gaser\Desktop\COPRRA\vendor\laravel\framework\src\Illuminate\Pipeline\Pipeline.php(180): Laravel\Sanctum\Http\Middleware\EnsureFrontendRequestsAreStateful->{closure:Laravel\Sanctum\Http\Middleware\EnsureFrontendRequestsAreStateful::handle():25}(Object(Illuminate\Http\Request))
#16 C:\Users\Gaser\Desktop\COPRRA\vendor\laravel\framework\src\Illuminate\Pipeline\Pipeline.php(137): Illuminate\Pipeline\Pipeline->{closure:Illuminate\Pipeline\Pipeline::prepareDestination():178}(Object(Illuminate\Http\Request))
#17 C:\Users\Gaser\Desktop\COPRRA\vendor\laravel\sanctum\src\Http\Middleware\EnsureFrontendRequestsAreStateful.php(25): Illuminate\Pipeline\Pipeline->then(Object(Closure))
#18 C:\Users\Gaser\Desktop\COPRRA\vendor\laravel\framework\src\Illuminate\Pipeline\Pipeline.php(219): Laravel\Sanctum\Http\Middleware\EnsureFrontendRequestsAreStateful->handle(Object(Illuminate\Http\Request), Object(Closure))
#19 C:\Users\Gaser\Desktop\COPRRA\vendor\laravel\framework\src\Illuminate\Pipeline\Pipeline.php(137): Illuminate\Pipeline\Pipeline->{closure:{closure:Illuminate\Pipeline\Pipeline::carry():194}:195}(Object(Illuminate\Http\Request))
#20 C:\Users\Gaser\Desktop\COPRRA\vendor\laravel\framework\src\Illuminate\Routing\Router.php(821): Illuminate\Pipeline\Pipeline->then(Object(Closure))
#21 C:\Users\Gaser\Desktop\COPRRA\vendor\laravel\framework\src\Illuminate\Routing\Router.php(800): Illuminate\Routing\Router->runRouteWithinStack(Object(Illuminate\Routing\Route), Object(Illuminate\Http\Request))
#22 C:\Users\Gaser\Desktop\COPRRA\vendor\laravel\framework\src\Illuminate\Routing\Router.php(764): Illuminate\Routing\Router->runRoute(Object(Illuminate\Http\Request), Object(Illuminate\Routing\Route))
#23 C:\Users\Gaser\Desktop\COPRRA\vendor\laravel\framework\src\Illuminate\Routing\Router.php(753): Illuminate\Routing\Router->dispatchToRoute(Object(Illuminate\Http\Request))
#24 C:\Users\Gaser\Desktop\COPRRA\vendor\laravel\framework\src\Illuminate\Foundation\Http\Kernel.php(200): Illuminate\Routing\Router->dispatch(Object(Illuminate\Http\Request))
#25 C:\Users\Gaser\Desktop\COPRRA\vendor\laravel\framework\src\Illuminate\Pipeline\Pipeline.php(180): Illuminate\Foundation\Http\Kernel->{closure:Illuminate\Foundation\Http\Kernel::dispatchToRouter():197}(Object(Illuminate\Http\Request))
#26 C:\Users\Gaser\Desktop\COPRRA\vendor\livewire\livewire\src\Features\SupportDisablingBackButtonCache\DisableBackButtonCacheMiddleware.php(19): Illuminate\Pipeline\Pipeline->{closure:Illuminate\Pipeline\Pipeline::prepareDestination():178}(Object(Illuminate\Http\Request))
#27 C:\Users\Gaser\Desktop\COPRRA\vendor\laravel\framework\src\Illuminate\Pipeline\Pipeline.php(219): Livewire\Features\SupportDisablingBackButtonCache\DisableBackButtonCacheMiddleware->handle(Object(Illuminate\Http\Request), Object(Closure))
#28 C:\Users\Gaser\Desktop\COPRRA\app\Http\Middleware\SecurityHeadersMiddleware.php(27): Illuminate\Pipeline\Pipeline->{closure:{closure:Illuminate\Pipeline\Pipeline::carry():194}:195}(Object(Illuminate\Http\Request))
#29 C:\Users\Gaser\Desktop\COPRRA\vendor\laravel\framework\src\Illuminate\Pipeline\Pipeline.php(219): App\Http\Middleware\SecurityHeadersMiddleware->handle(Object(Illuminate\Http\Request), Object(Closure))
#30 C:\Users\Gaser\Desktop\COPRRA\vendor\laravel\framework\src\Illuminate\Foundation\Http\Middleware\TransformsRequest.php(21): Illuminate\Pipeline\Pipeline->{closure:{closure:Illuminate\Pipeline\Pipeline::carry():194}:195}(Object(Illuminate\Http\Request))
#31 C:\Users\Gaser\Desktop\COPRRA\vendor\laravel\framework\src\Illuminate\Foundation\Http\Middleware\ConvertEmptyStringsToNull.php(31): Illuminate\Foundation\Http\Middleware\TransformsRequest->handle(Object(Illuminate\Http\Request), Object(Closure))
#32 C:\Users\Gaser\Desktop\COPRRA\vendor\laravel\framework\src\Illuminate\Pipeline\Pipeline.php(219): Illuminate\Foundation\Http\Middleware\ConvertEmptyStringsToNull->handle(Object(Illuminate\Http\Request), Object(Closure))
#33 C:\Users\Gaser\Desktop\COPRRA\vendor\laravel\framework\src\Illuminate\Foundation\Http\Middleware\TransformsRequest.php(21): Illuminate\Pipeline\Pipeline->{closure:{closure:Illuminate\Pipeline\Pipeline::carry():194}:195}(Object(Illuminate\Http\Request))
#34 C:\Users\Gaser\Desktop\COPRRA\vendor\laravel\framework\src\Illuminate\Foundation\Http\Middleware\TrimStrings.php(51): Illuminate\Foundation\Http\Middleware\TransformsRequest->handle(Object(Illuminate\Http\Request), Object(Closure))
#35 C:\Users\Gaser\Desktop\COPRRA\vendor\laravel\framework\src\Illuminate\Pipeline\Pipeline.php(219): Illuminate\Foundation\Http\Middleware\TrimStrings->handle(Object(Illuminate\Http\Request), Object(Closure))
#36 C:\Users\Gaser\Desktop\COPRRA\vendor\laravel\framework\src\Illuminate\Http\Middleware\ValidatePostSize.php(27): Illuminate\Pipeline\Pipeline->{closure:{closure:Illuminate\Pipeline\Pipeline::carry():194}:195}(Object(Illuminate\Http\Request))
#37 C:\Users\Gaser\Desktop\COPRRA\vendor\laravel\framework\src\Illuminate\Pipeline\Pipeline.php(219): Illuminate\Http\Middleware\ValidatePostSize->handle(Object(Illuminate\Http\Request), Object(Closure))
#38 C:\Users\Gaser\Desktop\COPRRA\vendor\laravel\framework\src\Illuminate\Foundation\Http\Middleware\PreventRequestsDuringMaintenance.php(109): Illuminate\Pipeline\Pipeline->{closure:{closure:Illuminate\Pipeline\Pipeline::carry():194}:195}(Object(Illuminate\Http\Request))
#39 C:\Users\Gaser\Desktop\COPRRA\vendor\laravel\framework\src\Illuminate\Pipeline\Pipeline.php(219): Illuminate\Foundation\Http\Middleware\PreventRequestsDuringMaintenance->handle(Object(Illuminate\Http\Request), Object(Closure))
#40 C:\Users\Gaser\Desktop\COPRRA\vendor\laravel\framework\src\Illuminate\Http\Middleware\HandleCors.php(61): Illuminate\Pipeline\Pipeline->{closure:{closure:Illuminate\Pipeline\Pipeline::carry():194}:195}(Object(Illuminate\Http\Request))
#41 C:\Users\Gaser\Desktop\COPRRA\vendor\laravel\framework\src\Illuminate\Pipeline\Pipeline.php(219): Illuminate\Http\Middleware\HandleCors->handle(Object(Illuminate\Http\Request), Object(Closure))
#42 C:\Users\Gaser\Desktop\COPRRA\vendor\laravel\framework\src\Illuminate\Http\Middleware\TrustProxies.php(58): Illuminate\Pipeline\Pipeline->{closure:{closure:Illuminate\Pipeline\Pipeline::carry():194}:195}(Object(Illuminate\Http\Request))
#43 C:\Users\Gaser\Desktop\COPRRA\vendor\laravel\framework\src\Illuminate\Pipeline\Pipeline.php(219): Illuminate\Http\Middleware\TrustProxies->handle(Object(Illuminate\Http\Request), Object(Closure))
#44 C:\Users\Gaser\Desktop\COPRRA\vendor\laravel\framework\src\Illuminate\Foundation\Http\Middleware\InvokeDeferredCallbacks.php(22): Illuminate\Pipeline\Pipeline->{closure:{closure:Illuminate\Pipeline\Pipeline::carry():194}:195}(Object(Illuminate\Http\Request))
#45 C:\Users\Gaser\Desktop\COPRRA\vendor\laravel\framework\src\Illuminate\Pipeline\Pipeline.php(219): Illuminate\Foundation\Http\Middleware\InvokeDeferredCallbacks->handle(Object(Illuminate\Http\Request), Object(Closure))
#46 C:\Users\Gaser\Desktop\COPRRA\vendor\laravel\framework\src\Illuminate\Http\Middleware\ValidatePathEncoding.php(26): Illuminate\Pipeline\Pipeline->{closure:{closure:Illuminate\Pipeline\Pipeline::carry():194}:195}(Object(Illuminate\Http\Request))
#47 C:\Users\Gaser\Desktop\COPRRA\vendor\laravel\framework\src\Illuminate\Pipeline\Pipeline.php(219): Illuminate\Http\Middleware\ValidatePathEncoding->handle(Object(Illuminate\Http\Request), Object(Closure))
#48 C:\Users\Gaser\Desktop\COPRRA\vendor\laravel\framework\src\Illuminate\Pipeline\Pipeline.php(137): Illuminate\Pipeline\Pipeline->{closure:{closure:Illuminate\Pipeline\Pipeline::carry():194}:195}(Object(Illuminate\Http\Request))
#49 C:\Users\Gaser\Desktop\COPRRA\vendor\laravel\framework\src\Illuminate\Foundation\Http\Kernel.php(175): Illuminate\Pipeline\Pipeline->then(Object(Closure))
#50 C:\Users\Gaser\Desktop\COPRRA\vendor\laravel\framework\src\Illuminate\Foundation\Http\Kernel.php(144): Illuminate\Foundation\Http\Kernel->sendRequestThroughRouter(Object(Illuminate\Http\Request))
#51 C:\Users\Gaser\Desktop\COPRRA\vendor\laravel\framework\src\Illuminate\Foundation\Testing\Concerns\MakesHttpRequests.php(607): Illuminate\Foundation\Http\Kernel->handle(Object(Illuminate\Http\Request))
#52 C:\Users\Gaser\Desktop\COPRRA\vendor\laravel\framework\src\Illuminate\Foundation\Testing\Concerns\MakesHttpRequests.php(573): Illuminate\Foundation\Testing\TestCase->call('GET', '/api/me', Array, Array, Array, Array, '[]')
#53 C:\Users\Gaser\Desktop\COPRRA\vendor\laravel\framework\src\Illuminate\Foundation\Testing\Concerns\MakesHttpRequests.php(381): Illuminate\Foundation\Testing\TestCase->json('GET', '/api/me', Array, Array, 0)
#54 C:\Users\Gaser\Desktop\COPRRA\tests\Feature\Http\Controllers\Api\AuthControllerTest.php(148): Illuminate\Foundation\Testing\TestCase->getJson('/api/me')
#55 C:\Users\Gaser\Desktop\COPRRA\vendor\phpunit\phpunit\src\Framework\TestCase.php(1317): Tests\Feature\Http\Controllers\Api\AuthControllerTest->test_returns_401_for_invalid_token()
#56 C:\Users\Gaser\Desktop\COPRRA\vendor\phpunit\phpunit\src\Framework\TestCase.php(517): PHPUnit\Framework\TestCase->runTest()
#57 C:\Users\Gaser\Desktop\COPRRA\vendor\phpunit\phpunit\src\Framework\TestRunner\TestRunner.php(99): PHPUnit\Framework\TestCase->runBare()
#58 C:\Users\Gaser\Desktop\COPRRA\vendor\phpunit\phpunit\src\Framework\TestCase.php(357): PHPUnit\Framework\TestRunner->run(Object(Tests\Feature\Http\Controllers\Api\AuthControllerTest))
#59 C:\Users\Gaser\Desktop\COPRRA\vendor\phpunit\phpunit\src\Framework\TestSuite.php(374): PHPUnit\Framework\TestCase->run()
#60 C:\Users\Gaser\Desktop\COPRRA\vendor\phpunit\phpunit\src\Framework\TestSuite.php(374): PHPUnit\Framework\TestSuite->run()
#61 C:\Users\Gaser\Desktop\COPRRA\vendor\phpunit\phpunit\src\Framework\TestSuite.php(374): PHPUnit\Framework\TestSuite->run()
#62 C:\Users\Gaser\Desktop\COPRRA\vendor\phpunit\phpunit\src\TextUI\TestRunner.php(64): PHPUnit\Framework\TestSuite->run()
#63 C:\Users\Gaser\Desktop\COPRRA\vendor\phpunit\phpunit\src\TextUI\Application.php(229): PHPUnit\TextUI\TestRunner->run(Object(PHPUnit\TextUI\Configuration\Configuration), Object(PHPUnit\Runner\ResultCache\DefaultResultCache), Object(PHPUnit\Framework\TestSuite))
#64 C:\Users\Gaser\Desktop\COPRRA\vendor\phpunit\phpunit\phpunit(104): PHPUnit\TextUI\Application->run(Array)
#65 C:\Users\Gaser\Desktop\COPRRA\vendor\bin\phpunit(119): include('C:\\Users\\Gaser\\...')
#66 {main}

----------------------------------------------------------------------------------

Method App\Http\Controllers\Api\AuthController::me does not exist.

C:\Users\Gaser\Desktop\COPRRA\vendor\laravel\framework\src\Illuminate\Testing\TestResponseAssert.php:45
C:\Users\Gaser\Desktop\COPRRA\vendor\laravel\framework\src\Illuminate\Testing\TestResponse.php:174
C:\Users\Gaser\Desktop\COPRRA\tests\Feature\Http\Controllers\Api\AuthControllerTest.php:150
C:\Users\Gaser\Desktop\COPRRA\vendor\phpunit\phpunit\phpunit:104

27) Tests\Feature\Http\Controllers\Api\AuthControllerTest::test_deletes_token_on_logout
Expected response status code [200] but received 500.
Failed asserting that 500 is identical to 200.

The following exception occurred during the last request:

BadMethodCallException: Method App\Http\Controllers\Api\AuthController::logout does not exist. in C:\Users\Gaser\Desktop\COPRRA\vendor\laravel\framework\src\Illuminate\Routing\Controller.php:68
Stack trace:
#0 C:\Users\Gaser\Desktop\COPRRA\vendor\laravel\framework\src\Illuminate\Routing\Controller.php(54): Illuminate\Routing\Controller->__call('logout', Array)
#1 C:\Users\Gaser\Desktop\COPRRA\vendor\laravel\framework\src\Illuminate\Routing\ControllerDispatcher.php(43): Illuminate\Routing\Controller->callAction('logout', Array)
#2 C:\Users\Gaser\Desktop\COPRRA\vendor\laravel\framework\src\Illuminate\Routing\Route.php(265): Illuminate\Routing\ControllerDispatcher->dispatch(Object(Illuminate\Routing\Route), Object(App\Http\Controllers\Api\AuthController), 'logout')
#3 C:\Users\Gaser\Desktop\COPRRA\vendor\laravel\framework\src\Illuminate\Routing\Route.php(211): Illuminate\Routing\Route->runController()
#4 C:\Users\Gaser\Desktop\COPRRA\vendor\laravel\framework\src\Illuminate\Routing\Router.php(822): Illuminate\Routing\Route->run()
#5 C:\Users\Gaser\Desktop\COPRRA\vendor\laravel\framework\src\Illuminate\Pipeline\Pipeline.php(180): Illuminate\Routing\Router->{closure:Illuminate\Routing\Router::runRouteWithinStack():821}(Object(Illuminate\Http\Request))
#6 C:\Users\Gaser\Desktop\COPRRA\app\Http\Middleware\ApiErrorHandler.php(26): Illuminate\Pipeline\Pipeline->{closure:Illuminate\Pipeline\Pipeline::prepareDestination():178}(Object(Illuminate\Http\Request))
#7 C:\Users\Gaser\Desktop\COPRRA\vendor\laravel\framework\src\Illuminate\Pipeline\Pipeline.php(219): App\Http\Middleware\ApiErrorHandler->handle(Object(Illuminate\Http\Request), Object(Closure))
#8 C:\Users\Gaser\Desktop\COPRRA\vendor\laravel\framework\src\Illuminate\Routing\Middleware\SubstituteBindings.php(50): Illuminate\Pipeline\Pipeline->{closure:{closure:Illuminate\Pipeline\Pipeline::carry():194}:195}(Object(Illuminate\Http\Request))
#9 C:\Users\Gaser\Desktop\COPRRA\vendor\laravel\framework\src\Illuminate\Pipeline\Pipeline.php(219): Illuminate\Routing\Middleware\SubstituteBindings->handle(Object(Illuminate\Http\Request), Object(Closure))
#10 C:\Users\Gaser\Desktop\COPRRA\vendor\laravel\framework\src\Illuminate\Routing\Middleware\ThrottleRequests.php(166): Illuminate\Pipeline\Pipeline->{closure:{closure:Illuminate\Pipeline\Pipeline::carry():194}:195}(Object(Illuminate\Http\Request))
#11 C:\Users\Gaser\Desktop\COPRRA\vendor\laravel\framework\src\Illuminate\Routing\Middleware\ThrottleRequests.php(129): Illuminate\Routing\Middleware\ThrottleRequests->handleRequest(Object(Illuminate\Http\Request), Object(Closure), Array)
#12 C:\Users\Gaser\Desktop\COPRRA\vendor\laravel\framework\src\Illuminate\Routing\Middleware\ThrottleRequests.php(90): Illuminate\Routing\Middleware\ThrottleRequests->handleRequestUsingNamedLimiter(Object(Illuminate\Http\Request), Object(Closure), 'api', Object(Closure))
#13 C:\Users\Gaser\Desktop\COPRRA\vendor\laravel\framework\src\Illuminate\Pipeline\Pipeline.php(219): Illuminate\Routing\Middleware\ThrottleRequests->handle(Object(Illuminate\Http\Request), Object(Closure), 'api')
#14 C:\Users\Gaser\Desktop\COPRRA\vendor\laravel\framework\src\Illuminate\Auth\Middleware\Authenticate.php(63): Illuminate\Pipeline\Pipeline->{closure:{closure:Illuminate\Pipeline\Pipeline::carry():194}:195}(Object(Illuminate\Http\Request))
#15 C:\Users\Gaser\Desktop\COPRRA\vendor\laravel\framework\src\Illuminate\Pipeline\Pipeline.php(219): Illuminate\Auth\Middleware\Authenticate->handle(Object(Illuminate\Http\Request), Object(Closure), 'sanctum')
#16 C:\Users\Gaser\Desktop\COPRRA\vendor\laravel\sanctum\src\Http\Middleware\EnsureFrontendRequestsAreStateful.php(26): Illuminate\Pipeline\Pipeline->{closure:{closure:Illuminate\Pipeline\Pipeline::carry():194}:195}(Object(Illuminate\Http\Request))
#17 C:\Users\Gaser\Desktop\COPRRA\vendor\laravel\framework\src\Illuminate\Pipeline\Pipeline.php(180): Laravel\Sanctum\Http\Middleware\EnsureFrontendRequestsAreStateful->{closure:Laravel\Sanctum\Http\Middleware\EnsureFrontendRequestsAreStateful::handle():25}(Object(Illuminate\Http\Request))
#18 C:\Users\Gaser\Desktop\COPRRA\vendor\laravel\framework\src\Illuminate\Pipeline\Pipeline.php(137): Illuminate\Pipeline\Pipeline->{closure:Illuminate\Pipeline\Pipeline::prepareDestination():178}(Object(Illuminate\Http\Request))
#19 C:\Users\Gaser\Desktop\COPRRA\vendor\laravel\sanctum\src\Http\Middleware\EnsureFrontendRequestsAreStateful.php(25): Illuminate\Pipeline\Pipeline->then(Object(Closure))
#20 C:\Users\Gaser\Desktop\COPRRA\vendor\laravel\framework\src\Illuminate\Pipeline\Pipeline.php(219): Laravel\Sanctum\Http\Middleware\EnsureFrontendRequestsAreStateful->handle(Object(Illuminate\Http\Request), Object(Closure))
#21 C:\Users\Gaser\Desktop\COPRRA\vendor\laravel\framework\src\Illuminate\Pipeline\Pipeline.php(137): Illuminate\Pipeline\Pipeline->{closure:{closure:Illuminate\Pipeline\Pipeline::carry():194}:195}(Object(Illuminate\Http\Request))
#22 C:\Users\Gaser\Desktop\COPRRA\vendor\laravel\framework\src\Illuminate\Routing\Router.php(821): Illuminate\Pipeline\Pipeline->then(Object(Closure))
#23 C:\Users\Gaser\Desktop\COPRRA\vendor\laravel\framework\src\Illuminate\Routing\Router.php(800): Illuminate\Routing\Router->runRouteWithinStack(Object(Illuminate\Routing\Route), Object(Illuminate\Http\Request))
#24 C:\Users\Gaser\Desktop\COPRRA\vendor\laravel\framework\src\Illuminate\Routing\Router.php(764): Illuminate\Routing\Router->runRoute(Object(Illuminate\Http\Request), Object(Illuminate\Routing\Route))
#25 C:\Users\Gaser\Desktop\COPRRA\vendor\laravel\framework\src\Illuminate\Routing\Router.php(753): Illuminate\Routing\Router->dispatchToRoute(Object(Illuminate\Http\Request))
#26 C:\Users\Gaser\Desktop\COPRRA\vendor\laravel\framework\src\Illuminate\Foundation\Http\Kernel.php(200): Illuminate\Routing\Router->dispatch(Object(Illuminate\Http\Request))
#27 C:\Users\Gaser\Desktop\COPRRA\vendor\laravel\framework\src\Illuminate\Pipeline\Pipeline.php(180): Illuminate\Foundation\Http\Kernel->{closure:Illuminate\Foundation\Http\Kernel::dispatchToRouter():197}(Object(Illuminate\Http\Request))
#28 C:\Users\Gaser\Desktop\COPRRA\vendor\livewire\livewire\src\Features\SupportDisablingBackButtonCache\DisableBackButtonCacheMiddleware.php(19): Illuminate\Pipeline\Pipeline->{closure:Illuminate\Pipeline\Pipeline::prepareDestination():178}(Object(Illuminate\Http\Request))
#29 C:\Users\Gaser\Desktop\COPRRA\vendor\laravel\framework\src\Illuminate\Pipeline\Pipeline.php(219): Livewire\Features\SupportDisablingBackButtonCache\DisableBackButtonCacheMiddleware->handle(Object(Illuminate\Http\Request), Object(Closure))
#30 C:\Users\Gaser\Desktop\COPRRA\app\Http\Middleware\SecurityHeadersMiddleware.php(27): Illuminate\Pipeline\Pipeline->{closure:{closure:Illuminate\Pipeline\Pipeline::carry():194}:195}(Object(Illuminate\Http\Request))
#31 C:\Users\Gaser\Desktop\COPRRA\vendor\laravel\framework\src\Illuminate\Pipeline\Pipeline.php(219): App\Http\Middleware\SecurityHeadersMiddleware->handle(Object(Illuminate\Http\Request), Object(Closure))
#32 C:\Users\Gaser\Desktop\COPRRA\vendor\laravel\framework\src\Illuminate\Foundation\Http\Middleware\TransformsRequest.php(21): Illuminate\Pipeline\Pipeline->{closure:{closure:Illuminate\Pipeline\Pipeline::carry():194}:195}(Object(Illuminate\Http\Request))
#33 C:\Users\Gaser\Desktop\COPRRA\vendor\laravel\framework\src\Illuminate\Foundation\Http\Middleware\ConvertEmptyStringsToNull.php(31): Illuminate\Foundation\Http\Middleware\TransformsRequest->handle(Object(Illuminate\Http\Request), Object(Closure))
#34 C:\Users\Gaser\Desktop\COPRRA\vendor\laravel\framework\src\Illuminate\Pipeline\Pipeline.php(219): Illuminate\Foundation\Http\Middleware\ConvertEmptyStringsToNull->handle(Object(Illuminate\Http\Request), Object(Closure))
#35 C:\Users\Gaser\Desktop\COPRRA\vendor\laravel\framework\src\Illuminate\Foundation\Http\Middleware\TransformsRequest.php(21): Illuminate\Pipeline\Pipeline->{closure:{closure:Illuminate\Pipeline\Pipeline::carry():194}:195}(Object(Illuminate\Http\Request))
#36 C:\Users\Gaser\Desktop\COPRRA\vendor\laravel\framework\src\Illuminate\Foundation\Http\Middleware\TrimStrings.php(51): Illuminate\Foundation\Http\Middleware\TransformsRequest->handle(Object(Illuminate\Http\Request), Object(Closure))
#37 C:\Users\Gaser\Desktop\COPRRA\vendor\laravel\framework\src\Illuminate\Pipeline\Pipeline.php(219): Illuminate\Foundation\Http\Middleware\TrimStrings->handle(Object(Illuminate\Http\Request), Object(Closure))
#38 C:\Users\Gaser\Desktop\COPRRA\vendor\laravel\framework\src\Illuminate\Http\Middleware\ValidatePostSize.php(27): Illuminate\Pipeline\Pipeline->{closure:{closure:Illuminate\Pipeline\Pipeline::carry():194}:195}(Object(Illuminate\Http\Request))
#39 C:\Users\Gaser\Desktop\COPRRA\vendor\laravel\framework\src\Illuminate\Pipeline\Pipeline.php(219): Illuminate\Http\Middleware\ValidatePostSize->handle(Object(Illuminate\Http\Request), Object(Closure))
#40 C:\Users\Gaser\Desktop\COPRRA\vendor\laravel\framework\src\Illuminate\Foundation\Http\Middleware\PreventRequestsDuringMaintenance.php(109): Illuminate\Pipeline\Pipeline->{closure:{closure:Illuminate\Pipeline\Pipeline::carry():194}:195}(Object(Illuminate\Http\Request))
#41 C:\Users\Gaser\Desktop\COPRRA\vendor\laravel\framework\src\Illuminate\Pipeline\Pipeline.php(219): Illuminate\Foundation\Http\Middleware\PreventRequestsDuringMaintenance->handle(Object(Illuminate\Http\Request), Object(Closure))
#42 C:\Users\Gaser\Desktop\COPRRA\vendor\laravel\framework\src\Illuminate\Http\Middleware\HandleCors.php(61): Illuminate\Pipeline\Pipeline->{closure:{closure:Illuminate\Pipeline\Pipeline::carry():194}:195}(Object(Illuminate\Http\Request))
#43 C:\Users\Gaser\Desktop\COPRRA\vendor\laravel\framework\src\Illuminate\Pipeline\Pipeline.php(219): Illuminate\Http\Middleware\HandleCors->handle(Object(Illuminate\Http\Request), Object(Closure))
#44 C:\Users\Gaser\Desktop\COPRRA\vendor\laravel\framework\src\Illuminate\Http\Middleware\TrustProxies.php(58): Illuminate\Pipeline\Pipeline->{closure:{closure:Illuminate\Pipeline\Pipeline::carry():194}:195}(Object(Illuminate\Http\Request))
#45 C:\Users\Gaser\Desktop\COPRRA\vendor\laravel\framework\src\Illuminate\Pipeline\Pipeline.php(219): Illuminate\Http\Middleware\TrustProxies->handle(Object(Illuminate\Http\Request), Object(Closure))
#46 C:\Users\Gaser\Desktop\COPRRA\vendor\laravel\framework\src\Illuminate\Foundation\Http\Middleware\InvokeDeferredCallbacks.php(22): Illuminate\Pipeline\Pipeline->{closure:{closure:Illuminate\Pipeline\Pipeline::carry():194}:195}(Object(Illuminate\Http\Request))
#47 C:\Users\Gaser\Desktop\COPRRA\vendor\laravel\framework\src\Illuminate\Pipeline\Pipeline.php(219): Illuminate\Foundation\Http\Middleware\InvokeDeferredCallbacks->handle(Object(Illuminate\Http\Request), Object(Closure))
#48 C:\Users\Gaser\Desktop\COPRRA\vendor\laravel\framework\src\Illuminate\Http\Middleware\ValidatePathEncoding.php(26): Illuminate\Pipeline\Pipeline->{closure:{closure:Illuminate\Pipeline\Pipeline::carry():194}:195}(Object(Illuminate\Http\Request))
#49 C:\Users\Gaser\Desktop\COPRRA\vendor\laravel\framework\src\Illuminate\Pipeline\Pipeline.php(219): Illuminate\Http\Middleware\ValidatePathEncoding->handle(Object(Illuminate\Http\Request), Object(Closure))
#50 C:\Users\Gaser\Desktop\COPRRA\vendor\laravel\framework\src\Illuminate\Pipeline\Pipeline.php(137): Illuminate\Pipeline\Pipeline->{closure:{closure:Illuminate\Pipeline\Pipeline::carry():194}:195}(Object(Illuminate\Http\Request))
#51 C:\Users\Gaser\Desktop\COPRRA\vendor\laravel\framework\src\Illuminate\Foundation\Http\Kernel.php(175): Illuminate\Pipeline\Pipeline->then(Object(Closure))
#52 C:\Users\Gaser\Desktop\COPRRA\vendor\laravel\framework\src\Illuminate\Foundation\Http\Kernel.php(144): Illuminate\Foundation\Http\Kernel->sendRequestThroughRouter(Object(Illuminate\Http\Request))
#53 C:\Users\Gaser\Desktop\COPRRA\vendor\laravel\framework\src\Illuminate\Foundation\Testing\Concerns\MakesHttpRequests.php(607): Illuminate\Foundation\Http\Kernel->handle(Object(Illuminate\Http\Request))
#54 C:\Users\Gaser\Desktop\COPRRA\vendor\laravel\framework\src\Illuminate\Foundation\Testing\Concerns\MakesHttpRequests.php(573): Illuminate\Foundation\Testing\TestCase->call('POST', '/api/logout', Array, Array, Array, Array, '[]')
#55 C:\Users\Gaser\Desktop\COPRRA\vendor\laravel\framework\src\Illuminate\Foundation\Testing\Concerns\MakesHttpRequests.php(411): Illuminate\Foundation\Testing\TestCase->json('POST', '/api/logout', Array, Array, 0)
#56 C:\Users\Gaser\Desktop\COPRRA\tests\Feature\Http\Controllers\Api\AuthControllerTest.php(188): Illuminate\Foundation\Testing\TestCase->postJson('/api/logout')
#57 C:\Users\Gaser\Desktop\COPRRA\vendor\phpunit\phpunit\src\Framework\TestCase.php(1317): Tests\Feature\Http\Controllers\Api\AuthControllerTest->test_deletes_token_on_logout()
#58 C:\Users\Gaser\Desktop\COPRRA\vendor\phpunit\phpunit\src\Framework\TestCase.php(517): PHPUnit\Framework\TestCase->runTest()
#59 C:\Users\Gaser\Desktop\COPRRA\vendor\phpunit\phpunit\src\Framework\TestRunner\TestRunner.php(99): PHPUnit\Framework\TestCase->runBare()
#60 C:\Users\Gaser\Desktop\COPRRA\vendor\phpunit\phpunit\src\Framework\TestCase.php(357): PHPUnit\Framework\TestRunner->run(Object(Tests\Feature\Http\Controllers\Api\AuthControllerTest))
#61 C:\Users\Gaser\Desktop\COPRRA\vendor\phpunit\phpunit\src\Framework\TestSuite.php(374): PHPUnit\Framework\TestCase->run()
#62 C:\Users\Gaser\Desktop\COPRRA\vendor\phpunit\phpunit\src\Framework\TestSuite.php(374): PHPUnit\Framework\TestSuite->run()
#63 C:\Users\Gaser\Desktop\COPRRA\vendor\phpunit\phpunit\src\Framework\TestSuite.php(374): PHPUnit\Framework\TestSuite->run()
#64 C:\Users\Gaser\Desktop\COPRRA\vendor\phpunit\phpunit\src\TextUI\TestRunner.php(64): PHPUnit\Framework\TestSuite->run()
#65 C:\Users\Gaser\Desktop\COPRRA\vendor\phpunit\phpunit\src\TextUI\Application.php(229): PHPUnit\TextUI\TestRunner->run(Object(PHPUnit\TextUI\Configuration\Configuration), Object(PHPUnit\Runner\ResultCache\DefaultResultCache), Object(PHPUnit\Framework\TestSuite))
#66 C:\Users\Gaser\Desktop\COPRRA\vendor\phpunit\phpunit\phpunit(104): PHPUnit\TextUI\Application->run(Array)
#67 C:\Users\Gaser\Desktop\COPRRA\vendor\bin\phpunit(119): include('C:\\Users\\Gaser\\...')
#68 {main}

----------------------------------------------------------------------------------

Method App\Http\Controllers\Api\AuthController::logout does not exist.

C:\Users\Gaser\Desktop\COPRRA\vendor\laravel\framework\src\Illuminate\Testing\TestResponseAssert.php:45
C:\Users\Gaser\Desktop\COPRRA\vendor\laravel\framework\src\Illuminate\Testing\TestResponse.php:174
C:\Users\Gaser\Desktop\COPRRA\tests\Feature\Http\Controllers\Api\AuthControllerTest.php:190
C:\Users\Gaser\Desktop\COPRRA\vendor\phpunit\phpunit\phpunit:104

28) Tests\Feature\Http\Controllers\Api\AuthControllerTest::test_handles_me_request_without_authorization_header
Expected response status code [401] but received 500.
Failed asserting that 500 is identical to 401.

The following exception occurred during the last request:

BadMethodCallException: Method App\Http\Controllers\Api\AuthController::me does not exist. in C:\Users\Gaser\Desktop\COPRRA\vendor\laravel\framework\src\Illuminate\Routing\Controller.php:68
Stack trace:
#0 C:\Users\Gaser\Desktop\COPRRA\vendor\laravel\framework\src\Illuminate\Routing\Controller.php(54): Illuminate\Routing\Controller->__call('me', Array)
#1 C:\Users\Gaser\Desktop\COPRRA\vendor\laravel\framework\src\Illuminate\Routing\ControllerDispatcher.php(43): Illuminate\Routing\Controller->callAction('me', Array)
#2 C:\Users\Gaser\Desktop\COPRRA\vendor\laravel\framework\src\Illuminate\Routing\Route.php(265): Illuminate\Routing\ControllerDispatcher->dispatch(Object(Illuminate\Routing\Route), Object(App\Http\Controllers\Api\AuthController), 'me')
#3 C:\Users\Gaser\Desktop\COPRRA\vendor\laravel\framework\src\Illuminate\Routing\Route.php(211): Illuminate\Routing\Route->runController()
#4 C:\Users\Gaser\Desktop\COPRRA\vendor\laravel\framework\src\Illuminate\Routing\Router.php(822): Illuminate\Routing\Route->run()
#5 C:\Users\Gaser\Desktop\COPRRA\vendor\laravel\framework\src\Illuminate\Pipeline\Pipeline.php(180): Illuminate\Routing\Router->{closure:Illuminate\Routing\Router::runRouteWithinStack():821}(Object(Illuminate\Http\Request))
#6 C:\Users\Gaser\Desktop\COPRRA\app\Http\Middleware\ApiErrorHandler.php(26): Illuminate\Pipeline\Pipeline->{closure:Illuminate\Pipeline\Pipeline::prepareDestination():178}(Object(Illuminate\Http\Request))
#7 C:\Users\Gaser\Desktop\COPRRA\vendor\laravel\framework\src\Illuminate\Pipeline\Pipeline.php(219): App\Http\Middleware\ApiErrorHandler->handle(Object(Illuminate\Http\Request), Object(Closure))
#8 C:\Users\Gaser\Desktop\COPRRA\vendor\laravel\framework\src\Illuminate\Routing\Middleware\SubstituteBindings.php(50): Illuminate\Pipeline\Pipeline->{closure:{closure:Illuminate\Pipeline\Pipeline::carry():194}:195}(Object(Illuminate\Http\Request))
#9 C:\Users\Gaser\Desktop\COPRRA\vendor\laravel\framework\src\Illuminate\Pipeline\Pipeline.php(219): Illuminate\Routing\Middleware\SubstituteBindings->handle(Object(Illuminate\Http\Request), Object(Closure))
#10 C:\Users\Gaser\Desktop\COPRRA\vendor\laravel\framework\src\Illuminate\Routing\Middleware\ThrottleRequests.php(166): Illuminate\Pipeline\Pipeline->{closure:{closure:Illuminate\Pipeline\Pipeline::carry():194}:195}(Object(Illuminate\Http\Request))
#11 C:\Users\Gaser\Desktop\COPRRA\vendor\laravel\framework\src\Illuminate\Routing\Middleware\ThrottleRequests.php(129): Illuminate\Routing\Middleware\ThrottleRequests->handleRequest(Object(Illuminate\Http\Request), Object(Closure), Array)
#12 C:\Users\Gaser\Desktop\COPRRA\vendor\laravel\framework\src\Illuminate\Routing\Middleware\ThrottleRequests.php(90): Illuminate\Routing\Middleware\ThrottleRequests->handleRequestUsingNamedLimiter(Object(Illuminate\Http\Request), Object(Closure), 'api', Object(Closure))
#13 C:\Users\Gaser\Desktop\COPRRA\vendor\laravel\framework\src\Illuminate\Pipeline\Pipeline.php(219): Illuminate\Routing\Middleware\ThrottleRequests->handle(Object(Illuminate\Http\Request), Object(Closure), 'api')
#14 C:\Users\Gaser\Desktop\COPRRA\vendor\laravel\sanctum\src\Http\Middleware\EnsureFrontendRequestsAreStateful.php(26): Illuminate\Pipeline\Pipeline->{closure:{closure:Illuminate\Pipeline\Pipeline::carry():194}:195}(Object(Illuminate\Http\Request))
#15 C:\Users\Gaser\Desktop\COPRRA\vendor\laravel\framework\src\Illuminate\Pipeline\Pipeline.php(180): Laravel\Sanctum\Http\Middleware\EnsureFrontendRequestsAreStateful->{closure:Laravel\Sanctum\Http\Middleware\EnsureFrontendRequestsAreStateful::handle():25}(Object(Illuminate\Http\Request))
#16 C:\Users\Gaser\Desktop\COPRRA\vendor\laravel\framework\src\Illuminate\Pipeline\Pipeline.php(137): Illuminate\Pipeline\Pipeline->{closure:Illuminate\Pipeline\Pipeline::prepareDestination():178}(Object(Illuminate\Http\Request))
#17 C:\Users\Gaser\Desktop\COPRRA\vendor\laravel\sanctum\src\Http\Middleware\EnsureFrontendRequestsAreStateful.php(25): Illuminate\Pipeline\Pipeline->then(Object(Closure))
#18 C:\Users\Gaser\Desktop\COPRRA\vendor\laravel\framework\src\Illuminate\Pipeline\Pipeline.php(219): Laravel\Sanctum\Http\Middleware\EnsureFrontendRequestsAreStateful->handle(Object(Illuminate\Http\Request), Object(Closure))
#19 C:\Users\Gaser\Desktop\COPRRA\vendor\laravel\framework\src\Illuminate\Pipeline\Pipeline.php(137): Illuminate\Pipeline\Pipeline->{closure:{closure:Illuminate\Pipeline\Pipeline::carry():194}:195}(Object(Illuminate\Http\Request))
#20 C:\Users\Gaser\Desktop\COPRRA\vendor\laravel\framework\src\Illuminate\Routing\Router.php(821): Illuminate\Pipeline\Pipeline->then(Object(Closure))
#21 C:\Users\Gaser\Desktop\COPRRA\vendor\laravel\framework\src\Illuminate\Routing\Router.php(800): Illuminate\Routing\Router->runRouteWithinStack(Object(Illuminate\Routing\Route), Object(Illuminate\Http\Request))
#22 C:\Users\Gaser\Desktop\COPRRA\vendor\laravel\framework\src\Illuminate\Routing\Router.php(764): Illuminate\Routing\Router->runRoute(Object(Illuminate\Http\Request), Object(Illuminate\Routing\Route))
#23 C:\Users\Gaser\Desktop\COPRRA\vendor\laravel\framework\src\Illuminate\Routing\Router.php(753): Illuminate\Routing\Router->dispatchToRoute(Object(Illuminate\Http\Request))
#24 C:\Users\Gaser\Desktop\COPRRA\vendor\laravel\framework\src\Illuminate\Foundation\Http\Kernel.php(200): Illuminate\Routing\Router->dispatch(Object(Illuminate\Http\Request))
#25 C:\Users\Gaser\Desktop\COPRRA\vendor\laravel\framework\src\Illuminate\Pipeline\Pipeline.php(180): Illuminate\Foundation\Http\Kernel->{closure:Illuminate\Foundation\Http\Kernel::dispatchToRouter():197}(Object(Illuminate\Http\Request))
#26 C:\Users\Gaser\Desktop\COPRRA\vendor\livewire\livewire\src\Features\SupportDisablingBackButtonCache\DisableBackButtonCacheMiddleware.php(19): Illuminate\Pipeline\Pipeline->{closure:Illuminate\Pipeline\Pipeline::prepareDestination():178}(Object(Illuminate\Http\Request))
#27 C:\Users\Gaser\Desktop\COPRRA\vendor\laravel\framework\src\Illuminate\Pipeline\Pipeline.php(219): Livewire\Features\SupportDisablingBackButtonCache\DisableBackButtonCacheMiddleware->handle(Object(Illuminate\Http\Request), Object(Closure))
#28 C:\Users\Gaser\Desktop\COPRRA\app\Http\Middleware\SecurityHeadersMiddleware.php(27): Illuminate\Pipeline\Pipeline->{closure:{closure:Illuminate\Pipeline\Pipeline::carry():194}:195}(Object(Illuminate\Http\Request))
#29 C:\Users\Gaser\Desktop\COPRRA\vendor\laravel\framework\src\Illuminate\Pipeline\Pipeline.php(219): App\Http\Middleware\SecurityHeadersMiddleware->handle(Object(Illuminate\Http\Request), Object(Closure))
#30 C:\Users\Gaser\Desktop\COPRRA\vendor\laravel\framework\src\Illuminate\Foundation\Http\Middleware\TransformsRequest.php(21): Illuminate\Pipeline\Pipeline->{closure:{closure:Illuminate\Pipeline\Pipeline::carry():194}:195}(Object(Illuminate\Http\Request))
#31 C:\Users\Gaser\Desktop\COPRRA\vendor\laravel\framework\src\Illuminate\Foundation\Http\Middleware\ConvertEmptyStringsToNull.php(31): Illuminate\Foundation\Http\Middleware\TransformsRequest->handle(Object(Illuminate\Http\Request), Object(Closure))
#32 C:\Users\Gaser\Desktop\COPRRA\vendor\laravel\framework\src\Illuminate\Pipeline\Pipeline.php(219): Illuminate\Foundation\Http\Middleware\ConvertEmptyStringsToNull->handle(Object(Illuminate\Http\Request), Object(Closure))
#33 C:\Users\Gaser\Desktop\COPRRA\vendor\laravel\framework\src\Illuminate\Foundation\Http\Middleware\TransformsRequest.php(21): Illuminate\Pipeline\Pipeline->{closure:{closure:Illuminate\Pipeline\Pipeline::carry():194}:195}(Object(Illuminate\Http\Request))
#34 C:\Users\Gaser\Desktop\COPRRA\vendor\laravel\framework\src\Illuminate\Foundation\Http\Middleware\TrimStrings.php(51): Illuminate\Foundation\Http\Middleware\TransformsRequest->handle(Object(Illuminate\Http\Request), Object(Closure))
#35 C:\Users\Gaser\Desktop\COPRRA\vendor\laravel\framework\src\Illuminate\Pipeline\Pipeline.php(219): Illuminate\Foundation\Http\Middleware\TrimStrings->handle(Object(Illuminate\Http\Request), Object(Closure))
#36 C:\Users\Gaser\Desktop\COPRRA\vendor\laravel\framework\src\Illuminate\Http\Middleware\ValidatePostSize.php(27): Illuminate\Pipeline\Pipeline->{closure:{closure:Illuminate\Pipeline\Pipeline::carry():194}:195}(Object(Illuminate\Http\Request))
#37 C:\Users\Gaser\Desktop\COPRRA\vendor\laravel\framework\src\Illuminate\Pipeline\Pipeline.php(219): Illuminate\Http\Middleware\ValidatePostSize->handle(Object(Illuminate\Http\Request), Object(Closure))
#38 C:\Users\Gaser\Desktop\COPRRA\vendor\laravel\framework\src\Illuminate\Foundation\Http\Middleware\PreventRequestsDuringMaintenance.php(109): Illuminate\Pipeline\Pipeline->{closure:{closure:Illuminate\Pipeline\Pipeline::carry():194}:195}(Object(Illuminate\Http\Request))
#39 C:\Users\Gaser\Desktop\COPRRA\vendor\laravel\framework\src\Illuminate\Pipeline\Pipeline.php(219): Illuminate\Foundation\Http\Middleware\PreventRequestsDuringMaintenance->handle(Object(Illuminate\Http\Request), Object(Closure))
#40 C:\Users\Gaser\Desktop\COPRRA\vendor\laravel\framework\src\Illuminate\Http\Middleware\HandleCors.php(61): Illuminate\Pipeline\Pipeline->{closure:{closure:Illuminate\Pipeline\Pipeline::carry():194}:195}(Object(Illuminate\Http\Request))
#41 C:\Users\Gaser\Desktop\COPRRA\vendor\laravel\framework\src\Illuminate\Pipeline\Pipeline.php(219): Illuminate\Http\Middleware\HandleCors->handle(Object(Illuminate\Http\Request), Object(Closure))
#42 C:\Users\Gaser\Desktop\COPRRA\vendor\laravel\framework\src\Illuminate\Http\Middleware\TrustProxies.php(58): Illuminate\Pipeline\Pipeline->{closure:{closure:Illuminate\Pipeline\Pipeline::carry():194}:195}(Object(Illuminate\Http\Request))
#43 C:\Users\Gaser\Desktop\COPRRA\vendor\laravel\framework\src\Illuminate\Pipeline\Pipeline.php(219): Illuminate\Http\Middleware\TrustProxies->handle(Object(Illuminate\Http\Request), Object(Closure))
#44 C:\Users\Gaser\Desktop\COPRRA\vendor\laravel\framework\src\Illuminate\Foundation\Http\Middleware\InvokeDeferredCallbacks.php(22): Illuminate\Pipeline\Pipeline->{closure:{closure:Illuminate\Pipeline\Pipeline::carry():194}:195}(Object(Illuminate\Http\Request))
#45 C:\Users\Gaser\Desktop\COPRRA\vendor\laravel\framework\src\Illuminate\Pipeline\Pipeline.php(219): Illuminate\Foundation\Http\Middleware\InvokeDeferredCallbacks->handle(Object(Illuminate\Http\Request), Object(Closure))
#46 C:\Users\Gaser\Desktop\COPRRA\vendor\laravel\framework\src\Illuminate\Http\Middleware\ValidatePathEncoding.php(26): Illuminate\Pipeline\Pipeline->{closure:{closure:Illuminate\Pipeline\Pipeline::carry():194}:195}(Object(Illuminate\Http\Request))
#47 C:\Users\Gaser\Desktop\COPRRA\vendor\laravel\framework\src\Illuminate\Pipeline\Pipeline.php(219): Illuminate\Http\Middleware\ValidatePathEncoding->handle(Object(Illuminate\Http\Request), Object(Closure))
#48 C:\Users\Gaser\Desktop\COPRRA\vendor\laravel\framework\src\Illuminate\Pipeline\Pipeline.php(137): Illuminate\Pipeline\Pipeline->{closure:{closure:Illuminate\Pipeline\Pipeline::carry():194}:195}(Object(Illuminate\Http\Request))
#49 C:\Users\Gaser\Desktop\COPRRA\vendor\laravel\framework\src\Illuminate\Foundation\Http\Kernel.php(175): Illuminate\Pipeline\Pipeline->then(Object(Closure))
#50 C:\Users\Gaser\Desktop\COPRRA\vendor\laravel\framework\src\Illuminate\Foundation\Http\Kernel.php(144): Illuminate\Foundation\Http\Kernel->sendRequestThroughRouter(Object(Illuminate\Http\Request))
#51 C:\Users\Gaser\Desktop\COPRRA\vendor\laravel\framework\src\Illuminate\Foundation\Testing\Concerns\MakesHttpRequests.php(607): Illuminate\Foundation\Http\Kernel->handle(Object(Illuminate\Http\Request))
#52 C:\Users\Gaser\Desktop\COPRRA\vendor\laravel\framework\src\Illuminate\Foundation\Testing\Concerns\MakesHttpRequests.php(573): Illuminate\Foundation\Testing\TestCase->call('GET', '/api/me', Array, Array, Array, Array, '[]')
#53 C:\Users\Gaser\Desktop\COPRRA\vendor\laravel\framework\src\Illuminate\Foundation\Testing\Concerns\MakesHttpRequests.php(381): Illuminate\Foundation\Testing\TestCase->json('GET', '/api/me', Array, Array, 0)
#54 C:\Users\Gaser\Desktop\COPRRA\tests\Feature\Http\Controllers\Api\AuthControllerTest.php(300): Illuminate\Foundation\Testing\TestCase->getJson('/api/me')
#55 C:\Users\Gaser\Desktop\COPRRA\vendor\phpunit\phpunit\src\Framework\TestCase.php(1317): Tests\Feature\Http\Controllers\Api\AuthControllerTest->test_handles_me_request_without_authorization_header()
#56 C:\Users\Gaser\Desktop\COPRRA\vendor\phpunit\phpunit\src\Framework\TestCase.php(517): PHPUnit\Framework\TestCase->runTest()
#57 C:\Users\Gaser\Desktop\COPRRA\vendor\phpunit\phpunit\src\Framework\TestRunner\TestRunner.php(99): PHPUnit\Framework\TestCase->runBare()
#58 C:\Users\Gaser\Desktop\COPRRA\vendor\phpunit\phpunit\src\Framework\TestCase.php(357): PHPUnit\Framework\TestRunner->run(Object(Tests\Feature\Http\Controllers\Api\AuthControllerTest))
#59 C:\Users\Gaser\Desktop\COPRRA\vendor\phpunit\phpunit\src\Framework\TestSuite.php(374): PHPUnit\Framework\TestCase->run()
#60 C:\Users\Gaser\Desktop\COPRRA\vendor\phpunit\phpunit\src\Framework\TestSuite.php(374): PHPUnit\Framework\TestSuite->run()
#61 C:\Users\Gaser\Desktop\COPRRA\vendor\phpunit\phpunit\src\Framework\TestSuite.php(374): PHPUnit\Framework\TestSuite->run()
#62 C:\Users\Gaser\Desktop\COPRRA\vendor\phpunit\phpunit\src\TextUI\TestRunner.php(64): PHPUnit\Framework\TestSuite->run()
#63 C:\Users\Gaser\Desktop\COPRRA\vendor\phpunit\phpunit\src\TextUI\Application.php(229): PHPUnit\TextUI\TestRunner->run(Object(PHPUnit\TextUI\Configuration\Configuration), Object(PHPUnit\Runner\ResultCache\DefaultResultCache), Object(PHPUnit\Framework\TestSuite))
#64 C:\Users\Gaser\Desktop\COPRRA\vendor\phpunit\phpunit\phpunit(104): PHPUnit\TextUI\Application->run(Array)
#65 C:\Users\Gaser\Desktop\COPRRA\vendor\bin\phpunit(119): include('C:\\Users\\Gaser\\...')
#66 {main}

----------------------------------------------------------------------------------

Method App\Http\Controllers\Api\AuthController::me does not exist.

C:\Users\Gaser\Desktop\COPRRA\vendor\laravel\framework\src\Illuminate\Testing\TestResponseAssert.php:45
C:\Users\Gaser\Desktop\COPRRA\vendor\laravel\framework\src\Illuminate\Testing\TestResponse.php:174
C:\Users\Gaser\Desktop\COPRRA\tests\Feature\Http\Controllers\Api\AuthControllerTest.php:302
C:\Users\Gaser\Desktop\COPRRA\vendor\phpunit\phpunit\phpunit:104

29) Tests\Feature\Http\Controllers\Api\PriceSearchControllerTest::test_can_search_products
Expected response status code [200] but received 400.
Failed asserting that 400 is identical to 200.

C:\Users\Gaser\Desktop\COPRRA\vendor\laravel\framework\src\Illuminate\Testing\TestResponseAssert.php:45
C:\Users\Gaser\Desktop\COPRRA\vendor\laravel\framework\src\Illuminate\Testing\TestResponse.php:174
C:\Users\Gaser\Desktop\COPRRA\tests\Feature\Http\Controllers\Api\PriceSearchControllerTest.php:195
C:\Users\Gaser\Desktop\COPRRA\vendor\phpunit\phpunit\phpunit:104

30) Tests\Feature\Http\Controllers\Api\PriceSearchControllerTest::test_can_search_products_with_query_parameter
Expected response status code [200] but received 400.
Failed asserting that 400 is identical to 200.

C:\Users\Gaser\Desktop\COPRRA\vendor\laravel\framework\src\Illuminate\Testing\TestResponseAssert.php:45
C:\Users\Gaser\Desktop\COPRRA\vendor\laravel\framework\src\Illuminate\Testing\TestResponse.php:174
C:\Users\Gaser\Desktop\COPRRA\tests\Feature\Http\Controllers\Api\PriceSearchControllerTest.php:213
C:\Users\Gaser\Desktop\COPRRA\vendor\phpunit\phpunit\phpunit:104

31) Tests\Feature\Http\Controllers\Api\PriceSearchControllerTest::test_can_search_products_with_name_parameter
Expected response status code [200] but received 400.
Failed asserting that 400 is identical to 200.

C:\Users\Gaser\Desktop\COPRRA\vendor\laravel\framework\src\Illuminate\Testing\TestResponseAssert.php:45
C:\Users\Gaser\Desktop\COPRRA\vendor\laravel\framework\src\Illuminate\Testing\TestResponse.php:174
C:\Users\Gaser\Desktop\COPRRA\tests\Feature\Http\Controllers\Api\PriceSearchControllerTest.php:231
C:\Users\Gaser\Desktop\COPRRA\vendor\phpunit\phpunit\phpunit:104

32) Tests\Feature\Http\Controllers\Api\PriceSearchControllerTest::test_handles_search_with_special_characters
Expected response status code [200] but received 400.
Failed asserting that 400 is identical to 200.

C:\Users\Gaser\Desktop\COPRRA\vendor\laravel\framework\src\Illuminate\Testing\TestResponseAssert.php:45
C:\Users\Gaser\Desktop\COPRRA\vendor\laravel\framework\src\Illuminate\Testing\TestResponse.php:174
C:\Users\Gaser\Desktop\COPRRA\tests\Feature\Http\Controllers\Api\PriceSearchControllerTest.php:269
C:\Users\Gaser\Desktop\COPRRA\vendor\phpunit\phpunit\phpunit:104

33) Tests\Feature\Http\Controllers\Api\PriceSearchControllerTest::test_handles_search_with_sql_injection_attempt
Expected response status code [200] but received 400.
Failed asserting that 400 is identical to 200.

C:\Users\Gaser\Desktop\COPRRA\vendor\laravel\framework\src\Illuminate\Testing\TestResponseAssert.php:45
C:\Users\Gaser\Desktop\COPRRA\vendor\laravel\framework\src\Illuminate\Testing\TestResponse.php:174
C:\Users\Gaser\Desktop\COPRRA\tests\Feature\Http\Controllers\Api\PriceSearchControllerTest.php:285
C:\Users\Gaser\Desktop\COPRRA\vendor\phpunit\phpunit\phpunit:104

34) Tests\Feature\Http\Controllers\Api\PriceSearchControllerTest::test_handles_search_with_xss_attempt
Expected response status code [200] but received 400.
Failed asserting that 400 is identical to 200.

C:\Users\Gaser\Desktop\COPRRA\vendor\laravel\framework\src\Illuminate\Testing\TestResponseAssert.php:45
C:\Users\Gaser\Desktop\COPRRA\vendor\laravel\framework\src\Illuminate\Testing\TestResponse.php:174
C:\Users\Gaser\Desktop\COPRRA\tests\Feature\Http\Controllers\Api\PriceSearchControllerTest.php:301
C:\Users\Gaser\Desktop\COPRRA\vendor\phpunit\phpunit\phpunit:104

35) Tests\Feature\Http\Controllers\Api\PriceSearchControllerTest::test_handles_search_with_very_long_query
Expected response status code [200] but received 400.
Failed asserting that 400 is identical to 200.

C:\Users\Gaser\Desktop\COPRRA\vendor\laravel\framework\src\Illuminate\Testing\TestResponseAssert.php:45
C:\Users\Gaser\Desktop\COPRRA\vendor\laravel\framework\src\Illuminate\Testing\TestResponse.php:174
C:\Users\Gaser\Desktop\COPRRA\tests\Feature\Http\Controllers\Api\PriceSearchControllerTest.php:319
C:\Users\Gaser\Desktop\COPRRA\vendor\phpunit\phpunit\phpunit:104

36) Tests\Feature\Http\Controllers\Api\PriceSearchControllerTest::test_handles_search_with_unicode_characters
Expected response status code [200] but received 400.
Failed asserting that 400 is identical to 200.

C:\Users\Gaser\Desktop\COPRRA\vendor\laravel\framework\src\Illuminate\Testing\TestResponseAssert.php:45
C:\Users\Gaser\Desktop\COPRRA\vendor\laravel\framework\src\Illuminate\Testing\TestResponse.php:174
C:\Users\Gaser\Desktop\COPRRA\tests\Feature\Http\Controllers\Api\PriceSearchControllerTest.php:335
C:\Users\Gaser\Desktop\COPRRA\vendor\phpunit\phpunit\phpunit:104

37) Tests\Feature\Http\Controllers\Api\PriceSearchControllerTest::test_handles_search_with_multiple_words
Expected response status code [200] but received 400.
Failed asserting that 400 is identical to 200.

C:\Users\Gaser\Desktop\COPRRA\vendor\laravel\framework\src\Illuminate\Testing\TestResponseAssert.php:45
C:\Users\Gaser\Desktop\COPRRA\vendor\laravel\framework\src\Illuminate\Testing\TestResponse.php:174
C:\Users\Gaser\Desktop\COPRRA\tests\Feature\Http\Controllers\Api\PriceSearchControllerTest.php:351
C:\Users\Gaser\Desktop\COPRRA\vendor\phpunit\phpunit\phpunit:104

38) Tests\Feature\Http\Controllers\Api\PriceSearchControllerTest::test_handles_search_with_numbers
Expected response status code [200] but received 400.
Failed asserting that 400 is identical to 200.

C:\Users\Gaser\Desktop\COPRRA\vendor\laravel\framework\src\Illuminate\Testing\TestResponseAssert.php:45
C:\Users\Gaser\Desktop\COPRRA\vendor\laravel\framework\src\Illuminate\Testing\TestResponse.php:174
C:\Users\Gaser\Desktop\COPRRA\tests\Feature\Http\Controllers\Api\PriceSearchControllerTest.php:367
C:\Users\Gaser\Desktop\COPRRA\vendor\phpunit\phpunit\phpunit:104

39) Tests\Feature\Http\Controllers\Api\PriceSearchControllerTest::test_handles_search_with_mixed_content
Expected response status code [200] but received 400.
Failed asserting that 400 is identical to 200.

C:\Users\Gaser\Desktop\COPRRA\vendor\laravel\framework\src\Illuminate\Testing\TestResponseAssert.php:45
C:\Users\Gaser\Desktop\COPRRA\vendor\laravel\framework\src\Illuminate\Testing\TestResponse.php:174
C:\Users\Gaser\Desktop\COPRRA\tests\Feature\Http\Controllers\Api\PriceSearchControllerTest.php:383
C:\Users\Gaser\Desktop\COPRRA\vendor\phpunit\phpunit\phpunit:104

40) Tests\Feature\Http\Controllers\Api\PriceSearchControllerTest::test_handles_search_with_empty_results
Expected response status code [200] but received 400.
Failed asserting that 400 is identical to 200.

C:\Users\Gaser\Desktop\COPRRA\vendor\laravel\framework\src\Illuminate\Testing\TestResponseAssert.php:45
C:\Users\Gaser\Desktop\COPRRA\vendor\laravel\framework\src\Illuminate\Testing\TestResponse.php:174
C:\Users\Gaser\Desktop\COPRRA\tests\Feature\Http\Controllers\Api\PriceSearchControllerTest.php:399
C:\Users\Gaser\Desktop\COPRRA\vendor\phpunit\phpunit\phpunit:104

41) Tests\Feature\Http\Controllers\Api\PriceSearchControllerTest::test_handles_search_with_numeric_parameter
Expected response status code [200] but received 400.
Failed asserting that 400 is identical to 200.

C:\Users\Gaser\Desktop\COPRRA\vendor\laravel\framework\src\Illuminate\Testing\TestResponseAssert.php:45
C:\Users\Gaser\Desktop\COPRRA\vendor\laravel\framework\src\Illuminate\Testing\TestResponse.php:174
C:\Users\Gaser\Desktop\COPRRA\tests\Feature\Http\Controllers\Api\PriceSearchControllerTest.php:491
C:\Users\Gaser\Desktop\COPRRA\vendor\phpunit\phpunit\phpunit:104

42) Tests\Feature\Http\Controllers\Api\PriceSearchControllerTest::test_handles_search_with_float_parameter
Expected response status code [200] but received 400.
Failed asserting that 400 is identical to 200.

C:\Users\Gaser\Desktop\COPRRA\vendor\laravel\framework\src\Illuminate\Testing\TestResponseAssert.php:45
C:\Users\Gaser\Desktop\COPRRA\vendor\laravel\framework\src\Illuminate\Testing\TestResponse.php:174
C:\Users\Gaser\Desktop\COPRRA\tests\Feature\Http\Controllers\Api\PriceSearchControllerTest.php:507
C:\Users\Gaser\Desktop\COPRRA\vendor\phpunit\phpunit\phpunit:104

43) Tests\Feature\Http\Controllers\Api\ProductControllerTest::test_can_list_products
Failed asserting that an array has the key 'slug'.

C:\Users\Gaser\Desktop\COPRRA\vendor\laravel\framework\src\Illuminate\Testing\AssertableJsonString.php:303
C:\Users\Gaser\Desktop\COPRRA\vendor\laravel\framework\src\Illuminate\Testing\AssertableJsonString.php:278
C:\Users\Gaser\Desktop\COPRRA\vendor\laravel\framework\src\Illuminate\Testing\AssertableJsonString.php:296
C:\Users\Gaser\Desktop\COPRRA\vendor\laravel\framework\src\Illuminate\Testing\AssertableJsonString.php:278
C:\Users\Gaser\Desktop\COPRRA\vendor\laravel\framework\src\Illuminate\Testing\AssertableJsonString.php:301
C:\Users\Gaser\Desktop\COPRRA\vendor\laravel\framework\src\Illuminate\Testing\TestResponse.php:978
C:\Users\Gaser\Desktop\COPRRA\tests\Feature\Http\Controllers\Api\ProductControllerTest.php:37
C:\Users\Gaser\Desktop\COPRRA\vendor\phpunit\phpunit\phpunit:104

44) Tests\Feature\Http\Controllers\Api\ProductControllerTest::test_can_show_specific_product
Failed asserting that an array has the key 'slug'.

C:\Users\Gaser\Desktop\COPRRA\vendor\laravel\framework\src\Illuminate\Testing\AssertableJsonString.php:303
C:\Users\Gaser\Desktop\COPRRA\vendor\laravel\framework\src\Illuminate\Testing\AssertableJsonString.php:278
C:\Users\Gaser\Desktop\COPRRA\vendor\laravel\framework\src\Illuminate\Testing\AssertableJsonString.php:301
C:\Users\Gaser\Desktop\COPRRA\vendor\laravel\framework\src\Illuminate\Testing\TestResponse.php:978
C:\Users\Gaser\Desktop\COPRRA\tests\Feature\Http\Controllers\Api\ProductControllerTest.php:69
C:\Users\Gaser\Desktop\COPRRA\vendor\phpunit\phpunit\phpunit:104

45) Tests\Feature\Http\Controllers\Api\ProductControllerTest::test_can_search_products
Failed asserting that an array has the key 'slug'.

C:\Users\Gaser\Desktop\COPRRA\vendor\laravel\framework\src\Illuminate\Testing\AssertableJsonString.php:303
C:\Users\Gaser\Desktop\COPRRA\vendor\laravel\framework\src\Illuminate\Testing\AssertableJsonString.php:278
C:\Users\Gaser\Desktop\COPRRA\vendor\laravel\framework\src\Illuminate\Testing\AssertableJsonString.php:296
C:\Users\Gaser\Desktop\COPRRA\vendor\laravel\framework\src\Illuminate\Testing\AssertableJsonString.php:278
C:\Users\Gaser\Desktop\COPRRA\vendor\laravel\framework\src\Illuminate\Testing\AssertableJsonString.php:301
C:\Users\Gaser\Desktop\COPRRA\vendor\laravel\framework\src\Illuminate\Testing\TestResponse.php:978
C:\Users\Gaser\Desktop\COPRRA\tests\Feature\Http\Controllers\Api\ProductControllerTest.php:109
C:\Users\Gaser\Desktop\COPRRA\vendor\phpunit\phpunit\phpunit:104

46) Tests\Feature\Http\Controllers\Api\ProductControllerTest::test_can_filter_products_by_category
Failed asserting that an array has the key 'slug'.

C:\Users\Gaser\Desktop\COPRRA\vendor\laravel\framework\src\Illuminate\Testing\AssertableJsonString.php:303
C:\Users\Gaser\Desktop\COPRRA\vendor\laravel\framework\src\Illuminate\Testing\AssertableJsonString.php:278
C:\Users\Gaser\Desktop\COPRRA\vendor\laravel\framework\src\Illuminate\Testing\AssertableJsonString.php:296
C:\Users\Gaser\Desktop\COPRRA\vendor\laravel\framework\src\Illuminate\Testing\AssertableJsonString.php:278
C:\Users\Gaser\Desktop\COPRRA\vendor\laravel\framework\src\Illuminate\Testing\AssertableJsonString.php:301
C:\Users\Gaser\Desktop\COPRRA\vendor\laravel\framework\src\Illuminate\Testing\TestResponse.php:978
C:\Users\Gaser\Desktop\COPRRA\tests\Feature\Http\Controllers\Api\ProductControllerTest.php:130
C:\Users\Gaser\Desktop\COPRRA\vendor\phpunit\phpunit\phpunit:104

47) Tests\Feature\Http\Controllers\Api\ProductControllerTest::test_can_paginate_products
Failed asserting that an array has the key 'links'.

C:\Users\Gaser\Desktop\COPRRA\vendor\laravel\framework\src\Illuminate\Testing\AssertableJsonString.php:303
C:\Users\Gaser\Desktop\COPRRA\vendor\laravel\framework\src\Illuminate\Testing\TestResponse.php:978
C:\Users\Gaser\Desktop\COPRRA\tests\Feature\Http\Controllers\Api\ProductControllerTest.php:170
C:\Users\Gaser\Desktop\COPRRA\vendor\phpunit\phpunit\phpunit:104

48) Tests\Feature\Http\Controllers\Api\ProductControllerTest::test_handles_invalid_pagination_parameters
Expected response status code [422] but received 200.
Failed asserting that 200 is identical to 422.

C:\Users\Gaser\Desktop\COPRRA\vendor\laravel\framework\src\Illuminate\Testing\TestResponseAssert.php:45
C:\Users\Gaser\Desktop\COPRRA\vendor\laravel\framework\src\Illuminate\Testing\TestResponse.php:174
C:\Users\Gaser\Desktop\COPRRA\tests\Feature\Http\Controllers\Api\ProductControllerTest.php:181
C:\Users\Gaser\Desktop\COPRRA\vendor\phpunit\phpunit\phpunit:104

49) Tests\Feature\Http\Controllers\Api\ProductControllerTest::test_handles_invalid_sort_parameters
Expected response status code [422] but received 200.
Failed asserting that 200 is identical to 422.

C:\Users\Gaser\Desktop\COPRRA\vendor\laravel\framework\src\Illuminate\Testing\TestResponseAssert.php:45
C:\Users\Gaser\Desktop\COPRRA\vendor\laravel\framework\src\Illuminate\Testing\TestResponse.php:174
C:\Users\Gaser\Desktop\COPRRA\tests\Feature\Http\Controllers\Api\ProductControllerTest.php:189
C:\Users\Gaser\Desktop\COPRRA\vendor\phpunit\phpunit\phpunit:104

50) Tests\Feature\Http\Controllers\BrandControllerTest::it_can_delete_brand
Failed asserting that a row in the table [brands] does not match the attributes {
    "id": 1
}.

Found similar results: [
    {
        "id": 1
    }
].

C:\Users\Gaser\Desktop\COPRRA\vendor\laravel\framework\src\Illuminate\Foundation\Testing\Concerns\InteractsWithDatabase.php:79
C:\Users\Gaser\Desktop\COPRRA\tests\Feature\Http\Controllers\BrandControllerTest.php:196
C:\Users\Gaser\Desktop\COPRRA\vendor\phpunit\phpunit\phpunit:104

51) Tests\Feature\Http\Controllers\BrandControllerTest::it_handles_brand_deletion_errors_gracefully
Expected response status code [500] but received 302.
Failed asserting that 302 is identical to 500.

C:\Users\Gaser\Desktop\COPRRA\vendor\laravel\framework\src\Illuminate\Testing\TestResponseAssert.php:45
C:\Users\Gaser\Desktop\COPRRA\vendor\laravel\framework\src\Illuminate\Testing\TestResponse.php:174
C:\Users\Gaser\Desktop\COPRRA\tests\Feature\Http\Controllers\BrandControllerTest.php:289
C:\Users\Gaser\Desktop\COPRRA\vendor\phpunit\phpunit\phpunit:104

52) Tests\Feature\Http\Controllers\SettingControllerTest::it_can_get_all_settings
Expected response status code [200] but received 500.
Failed asserting that 500 is identical to 200.

The following exception occurred during the last request:

BadMethodCallException: Method App\Http\Controllers\SettingController::index does not exist. in C:\Users\Gaser\Desktop\COPRRA\vendor\laravel\framework\src\Illuminate\Routing\Controller.php:68
Stack trace:
#0 C:\Users\Gaser\Desktop\COPRRA\vendor\laravel\framework\src\Illuminate\Routing\Controller.php(54): Illuminate\Routing\Controller->__call('index', Array)
#1 C:\Users\Gaser\Desktop\COPRRA\vendor\laravel\framework\src\Illuminate\Routing\ControllerDispatcher.php(43): Illuminate\Routing\Controller->callAction('index', Array)
#2 C:\Users\Gaser\Desktop\COPRRA\vendor\laravel\framework\src\Illuminate\Routing\Route.php(265): Illuminate\Routing\ControllerDispatcher->dispatch(Object(Illuminate\Routing\Route), Object(App\Http\Controllers\SettingController), 'index')
#3 C:\Users\Gaser\Desktop\COPRRA\vendor\laravel\framework\src\Illuminate\Routing\Route.php(211): Illuminate\Routing\Route->runController()
#4 C:\Users\Gaser\Desktop\COPRRA\vendor\laravel\framework\src\Illuminate\Routing\Router.php(822): Illuminate\Routing\Route->run()
#5 C:\Users\Gaser\Desktop\COPRRA\vendor\laravel\framework\src\Illuminate\Pipeline\Pipeline.php(180): Illuminate\Routing\Router->{closure:Illuminate\Routing\Router::runRouteWithinStack():821}(Object(Illuminate\Http\Request))
#6 C:\Users\Gaser\Desktop\COPRRA\app\Http\Middleware\ApiErrorHandler.php(26): Illuminate\Pipeline\Pipeline->{closure:Illuminate\Pipeline\Pipeline::prepareDestination():178}(Object(Illuminate\Http\Request))
#7 C:\Users\Gaser\Desktop\COPRRA\vendor\laravel\framework\src\Illuminate\Pipeline\Pipeline.php(219): App\Http\Middleware\ApiErrorHandler->handle(Object(Illuminate\Http\Request), Object(Closure))
#8 C:\Users\Gaser\Desktop\COPRRA\vendor\laravel\framework\src\Illuminate\Routing\Middleware\SubstituteBindings.php(50): Illuminate\Pipeline\Pipeline->{closure:{closure:Illuminate\Pipeline\Pipeline::carry():194}:195}(Object(Illuminate\Http\Request))
#9 C:\Users\Gaser\Desktop\COPRRA\vendor\laravel\framework\src\Illuminate\Pipeline\Pipeline.php(219): Illuminate\Routing\Middleware\SubstituteBindings->handle(Object(Illuminate\Http\Request), Object(Closure))
#10 C:\Users\Gaser\Desktop\COPRRA\vendor\laravel\framework\src\Illuminate\Routing\Middleware\ThrottleRequests.php(166): Illuminate\Pipeline\Pipeline->{closure:{closure:Illuminate\Pipeline\Pipeline::carry():194}:195}(Object(Illuminate\Http\Request))
#11 C:\Users\Gaser\Desktop\COPRRA\vendor\laravel\framework\src\Illuminate\Routing\Middleware\ThrottleRequests.php(129): Illuminate\Routing\Middleware\ThrottleRequests->handleRequest(Object(Illuminate\Http\Request), Object(Closure), Array)
#12 C:\Users\Gaser\Desktop\COPRRA\vendor\laravel\framework\src\Illuminate\Routing\Middleware\ThrottleRequests.php(90): Illuminate\Routing\Middleware\ThrottleRequests->handleRequestUsingNamedLimiter(Object(Illuminate\Http\Request), Object(Closure), 'api', Object(Closure))
#13 C:\Users\Gaser\Desktop\COPRRA\vendor\laravel\framework\src\Illuminate\Pipeline\Pipeline.php(219): Illuminate\Routing\Middleware\ThrottleRequests->handle(Object(Illuminate\Http\Request), Object(Closure), 'api')
#14 C:\Users\Gaser\Desktop\COPRRA\vendor\laravel\sanctum\src\Http\Middleware\EnsureFrontendRequestsAreStateful.php(26): Illuminate\Pipeline\Pipeline->{closure:{closure:Illuminate\Pipeline\Pipeline::carry():194}:195}(Object(Illuminate\Http\Request))
#15 C:\Users\Gaser\Desktop\COPRRA\vendor\laravel\framework\src\Illuminate\Pipeline\Pipeline.php(180): Laravel\Sanctum\Http\Middleware\EnsureFrontendRequestsAreStateful->{closure:Laravel\Sanctum\Http\Middleware\EnsureFrontendRequestsAreStateful::handle():25}(Object(Illuminate\Http\Request))
#16 C:\Users\Gaser\Desktop\COPRRA\vendor\laravel\framework\src\Illuminate\Pipeline\Pipeline.php(137): Illuminate\Pipeline\Pipeline->{closure:Illuminate\Pipeline\Pipeline::prepareDestination():178}(Object(Illuminate\Http\Request))
#17 C:\Users\Gaser\Desktop\COPRRA\vendor\laravel\sanctum\src\Http\Middleware\EnsureFrontendRequestsAreStateful.php(25): Illuminate\Pipeline\Pipeline->then(Object(Closure))
#18 C:\Users\Gaser\Desktop\COPRRA\vendor\laravel\framework\src\Illuminate\Pipeline\Pipeline.php(219): Laravel\Sanctum\Http\Middleware\EnsureFrontendRequestsAreStateful->handle(Object(Illuminate\Http\Request), Object(Closure))
#19 C:\Users\Gaser\Desktop\COPRRA\vendor\laravel\framework\src\Illuminate\Pipeline\Pipeline.php(137): Illuminate\Pipeline\Pipeline->{closure:{closure:Illuminate\Pipeline\Pipeline::carry():194}:195}(Object(Illuminate\Http\Request))
#20 C:\Users\Gaser\Desktop\COPRRA\vendor\laravel\framework\src\Illuminate\Routing\Router.php(821): Illuminate\Pipeline\Pipeline->then(Object(Closure))
#21 C:\Users\Gaser\Desktop\COPRRA\vendor\laravel\framework\src\Illuminate\Routing\Router.php(800): Illuminate\Routing\Router->runRouteWithinStack(Object(Illuminate\Routing\Route), Object(Illuminate\Http\Request))
#22 C:\Users\Gaser\Desktop\COPRRA\vendor\laravel\framework\src\Illuminate\Routing\Router.php(764): Illuminate\Routing\Router->runRoute(Object(Illuminate\Http\Request), Object(Illuminate\Routing\Route))
#23 C:\Users\Gaser\Desktop\COPRRA\vendor\laravel\framework\src\Illuminate\Routing\Router.php(753): Illuminate\Routing\Router->dispatchToRoute(Object(Illuminate\Http\Request))
#24 C:\Users\Gaser\Desktop\COPRRA\vendor\laravel\framework\src\Illuminate\Foundation\Http\Kernel.php(200): Illuminate\Routing\Router->dispatch(Object(Illuminate\Http\Request))
#25 C:\Users\Gaser\Desktop\COPRRA\vendor\laravel\framework\src\Illuminate\Pipeline\Pipeline.php(180): Illuminate\Foundation\Http\Kernel->{closure:Illuminate\Foundation\Http\Kernel::dispatchToRouter():197}(Object(Illuminate\Http\Request))
#26 C:\Users\Gaser\Desktop\COPRRA\vendor\livewire\livewire\src\Features\SupportDisablingBackButtonCache\DisableBackButtonCacheMiddleware.php(19): Illuminate\Pipeline\Pipeline->{closure:Illuminate\Pipeline\Pipeline::prepareDestination():178}(Object(Illuminate\Http\Request))
#27 C:\Users\Gaser\Desktop\COPRRA\vendor\laravel\framework\src\Illuminate\Pipeline\Pipeline.php(219): Livewire\Features\SupportDisablingBackButtonCache\DisableBackButtonCacheMiddleware->handle(Object(Illuminate\Http\Request), Object(Closure))
#28 C:\Users\Gaser\Desktop\COPRRA\app\Http\Middleware\SecurityHeadersMiddleware.php(27): Illuminate\Pipeline\Pipeline->{closure:{closure:Illuminate\Pipeline\Pipeline::carry():194}:195}(Object(Illuminate\Http\Request))
#29 C:\Users\Gaser\Desktop\COPRRA\vendor\laravel\framework\src\Illuminate\Pipeline\Pipeline.php(219): App\Http\Middleware\SecurityHeadersMiddleware->handle(Object(Illuminate\Http\Request), Object(Closure))
#30 C:\Users\Gaser\Desktop\COPRRA\vendor\laravel\framework\src\Illuminate\Foundation\Http\Middleware\TransformsRequest.php(21): Illuminate\Pipeline\Pipeline->{closure:{closure:Illuminate\Pipeline\Pipeline::carry():194}:195}(Object(Illuminate\Http\Request))
#31 C:\Users\Gaser\Desktop\COPRRA\vendor\laravel\framework\src\Illuminate\Foundation\Http\Middleware\ConvertEmptyStringsToNull.php(31): Illuminate\Foundation\Http\Middleware\TransformsRequest->handle(Object(Illuminate\Http\Request), Object(Closure))
#32 C:\Users\Gaser\Desktop\COPRRA\vendor\laravel\framework\src\Illuminate\Pipeline\Pipeline.php(219): Illuminate\Foundation\Http\Middleware\ConvertEmptyStringsToNull->handle(Object(Illuminate\Http\Request), Object(Closure))
#33 C:\Users\Gaser\Desktop\COPRRA\vendor\laravel\framework\src\Illuminate\Foundation\Http\Middleware\TransformsRequest.php(21): Illuminate\Pipeline\Pipeline->{closure:{closure:Illuminate\Pipeline\Pipeline::carry():194}:195}(Object(Illuminate\Http\Request))
#34 C:\Users\Gaser\Desktop\COPRRA\vendor\laravel\framework\src\Illuminate\Foundation\Http\Middleware\TrimStrings.php(51): Illuminate\Foundation\Http\Middleware\TransformsRequest->handle(Object(Illuminate\Http\Request), Object(Closure))
#35 C:\Users\Gaser\Desktop\COPRRA\vendor\laravel\framework\src\Illuminate\Pipeline\Pipeline.php(219): Illuminate\Foundation\Http\Middleware\TrimStrings->handle(Object(Illuminate\Http\Request), Object(Closure))
#36 C:\Users\Gaser\Desktop\COPRRA\vendor\laravel\framework\src\Illuminate\Http\Middleware\ValidatePostSize.php(27): Illuminate\Pipeline\Pipeline->{closure:{closure:Illuminate\Pipeline\Pipeline::carry():194}:195}(Object(Illuminate\Http\Request))
#37 C:\Users\Gaser\Desktop\COPRRA\vendor\laravel\framework\src\Illuminate\Pipeline\Pipeline.php(219): Illuminate\Http\Middleware\ValidatePostSize->handle(Object(Illuminate\Http\Request), Object(Closure))
#38 C:\Users\Gaser\Desktop\COPRRA\vendor\laravel\framework\src\Illuminate\Foundation\Http\Middleware\PreventRequestsDuringMaintenance.php(109): Illuminate\Pipeline\Pipeline->{closure:{closure:Illuminate\Pipeline\Pipeline::carry():194}:195}(Object(Illuminate\Http\Request))
#39 C:\Users\Gaser\Desktop\COPRRA\vendor\laravel\framework\src\Illuminate\Pipeline\Pipeline.php(219): Illuminate\Foundation\Http\Middleware\PreventRequestsDuringMaintenance->handle(Object(Illuminate\Http\Request), Object(Closure))
#40 C:\Users\Gaser\Desktop\COPRRA\vendor\laravel\framework\src\Illuminate\Http\Middleware\HandleCors.php(61): Illuminate\Pipeline\Pipeline->{closure:{closure:Illuminate\Pipeline\Pipeline::carry():194}:195}(Object(Illuminate\Http\Request))
#41 C:\Users\Gaser\Desktop\COPRRA\vendor\laravel\framework\src\Illuminate\Pipeline\Pipeline.php(219): Illuminate\Http\Middleware\HandleCors->handle(Object(Illuminate\Http\Request), Object(Closure))
#42 C:\Users\Gaser\Desktop\COPRRA\vendor\laravel\framework\src\Illuminate\Http\Middleware\TrustProxies.php(58): Illuminate\Pipeline\Pipeline->{closure:{closure:Illuminate\Pipeline\Pipeline::carry():194}:195}(Object(Illuminate\Http\Request))
#43 C:\Users\Gaser\Desktop\COPRRA\vendor\laravel\framework\src\Illuminate\Pipeline\Pipeline.php(219): Illuminate\Http\Middleware\TrustProxies->handle(Object(Illuminate\Http\Request), Object(Closure))
#44 C:\Users\Gaser\Desktop\COPRRA\vendor\laravel\framework\src\Illuminate\Foundation\Http\Middleware\InvokeDeferredCallbacks.php(22): Illuminate\Pipeline\Pipeline->{closure:{closure:Illuminate\Pipeline\Pipeline::carry():194}:195}(Object(Illuminate\Http\Request))
#45 C:\Users\Gaser\Desktop\COPRRA\vendor\laravel\framework\src\Illuminate\Pipeline\Pipeline.php(219): Illuminate\Foundation\Http\Middleware\InvokeDeferredCallbacks->handle(Object(Illuminate\Http\Request), Object(Closure))
#46 C:\Users\Gaser\Desktop\COPRRA\vendor\laravel\framework\src\Illuminate\Http\Middleware\ValidatePathEncoding.php(26): Illuminate\Pipeline\Pipeline->{closure:{closure:Illuminate\Pipeline\Pipeline::carry():194}:195}(Object(Illuminate\Http\Request))
#47 C:\Users\Gaser\Desktop\COPRRA\vendor\laravel\framework\src\Illuminate\Pipeline\Pipeline.php(219): Illuminate\Http\Middleware\ValidatePathEncoding->handle(Object(Illuminate\Http\Request), Object(Closure))
#48 C:\Users\Gaser\Desktop\COPRRA\vendor\laravel\framework\src\Illuminate\Pipeline\Pipeline.php(137): Illuminate\Pipeline\Pipeline->{closure:{closure:Illuminate\Pipeline\Pipeline::carry():194}:195}(Object(Illuminate\Http\Request))
#49 C:\Users\Gaser\Desktop\COPRRA\vendor\laravel\framework\src\Illuminate\Foundation\Http\Kernel.php(175): Illuminate\Pipeline\Pipeline->then(Object(Closure))
#50 C:\Users\Gaser\Desktop\COPRRA\vendor\laravel\framework\src\Illuminate\Foundation\Http\Kernel.php(144): Illuminate\Foundation\Http\Kernel->sendRequestThroughRouter(Object(Illuminate\Http\Request))
#51 C:\Users\Gaser\Desktop\COPRRA\vendor\laravel\framework\src\Illuminate\Foundation\Testing\Concerns\MakesHttpRequests.php(607): Illuminate\Foundation\Http\Kernel->handle(Object(Illuminate\Http\Request))
#52 C:\Users\Gaser\Desktop\COPRRA\vendor\laravel\framework\src\Illuminate\Foundation\Testing\Concerns\MakesHttpRequests.php(573): Illuminate\Foundation\Testing\TestCase->call('GET', '/api/settings', Array, Array, Array, Array, '[]')
#53 C:\Users\Gaser\Desktop\COPRRA\vendor\laravel\framework\src\Illuminate\Foundation\Testing\Concerns\MakesHttpRequests.php(381): Illuminate\Foundation\Testing\TestCase->json('GET', '/api/settings', Array, Array, 0)
#54 C:\Users\Gaser\Desktop\COPRRA\tests\Feature\Http\Controllers\SettingControllerTest.php(27): Illuminate\Foundation\Testing\TestCase->getJson('/api/settings')
#55 C:\Users\Gaser\Desktop\COPRRA\vendor\phpunit\phpunit\src\Framework\TestCase.php(1317): Tests\Feature\Http\Controllers\SettingControllerTest->it_can_get_all_settings()
#56 C:\Users\Gaser\Desktop\COPRRA\vendor\phpunit\phpunit\src\Framework\TestCase.php(517): PHPUnit\Framework\TestCase->runTest()
#57 C:\Users\Gaser\Desktop\COPRRA\vendor\phpunit\phpunit\src\Framework\TestRunner\TestRunner.php(99): PHPUnit\Framework\TestCase->runBare()
#58 C:\Users\Gaser\Desktop\COPRRA\vendor\phpunit\phpunit\src\Framework\TestCase.php(357): PHPUnit\Framework\TestRunner->run(Object(Tests\Feature\Http\Controllers\SettingControllerTest))
#59 Standard input code(79): PHPUnit\Framework\TestCase->run()
#60 Standard input code(137): __phpunit_run_isolated_test()
#61 {main}

----------------------------------------------------------------------------------

Method App\Http\Controllers\SettingController::index does not exist.

C:\Users\Gaser\Desktop\COPRRA\vendor\laravel\framework\src\Illuminate\Testing\TestResponseAssert.php:45
C:\Users\Gaser\Desktop\COPRRA\vendor\laravel\framework\src\Illuminate\Testing\TestResponse.php:174
C:\Users\Gaser\Desktop\COPRRA\tests\Feature\Http\Controllers\SettingControllerTest.php:29

53) Tests\Feature\Http\Controllers\SettingControllerTest::it_can_update_settings
Unable to find JSON: 

[{
    "success": true,
    "message": "Settings updated successfully."
}]

within response JSON:

[{
    "success": true,
    "message": "Settings updated successfully",
    "data": {
        "setting1": "value1",
        "setting2": "value2"
    }
}].


Failed asserting that an array has the subset Array &0 [
    'success' => true,
    'message' => 'Settings updated successfully.',
].
--- Expected
+++ Actual
@@ @@
 array (
   'success' => true,
-  'message' => 'Settings updated successfully.',
+  'message' => 'Settings updated successfully',
   'data' => 
   array (
     'setting1' => 'value1',

C:\Users\Gaser\Desktop\COPRRA\vendor\laravel\framework\src\Illuminate\Testing\Constraints\ArraySubset.php:80
C:\Users\Gaser\Desktop\COPRRA\vendor\laravel\framework\src\Illuminate\Testing\Assert.php:36
C:\Users\Gaser\Desktop\COPRRA\vendor\laravel\framework\src\Illuminate\Testing\AssertableJsonString.php:319
C:\Users\Gaser\Desktop\COPRRA\vendor\laravel\framework\src\Illuminate\Testing\TestResponse.php:833
C:\Users\Gaser\Desktop\COPRRA\tests\Feature\Http\Controllers\SettingControllerTest.php:46

54) Tests\Feature\Http\Controllers\SettingControllerTest::it_validates_settings_update_request
Expected response status code [422] but received 200.
Failed asserting that 200 is identical to 422.

C:\Users\Gaser\Desktop\COPRRA\vendor\laravel\framework\src\Illuminate\Testing\TestResponseAssert.php:45
C:\Users\Gaser\Desktop\COPRRA\vendor\laravel\framework\src\Illuminate\Testing\TestResponse.php:174
C:\Users\Gaser\Desktop\COPRRA\tests\Feature\Http\Controllers\SettingControllerTest.php:59

55) Tests\Feature\Http\Controllers\SystemControllerTest::it_can_get_system_information
Expected response status code [200] but received 500.
Failed asserting that 500 is identical to 200.

The following exception occurred during the last request:

BadMethodCallException: Method App\Http\Controllers\SystemController::getSystemInfo does not exist. in C:\Users\Gaser\Desktop\COPRRA\vendor\laravel\framework\src\Illuminate\Routing\Controller.php:68
Stack trace:
#0 C:\Users\Gaser\Desktop\COPRRA\vendor\laravel\framework\src\Illuminate\Routing\Controller.php(54): Illuminate\Routing\Controller->__call('getSystemInfo', Array)
#1 C:\Users\Gaser\Desktop\COPRRA\vendor\laravel\framework\src\Illuminate\Routing\ControllerDispatcher.php(43): Illuminate\Routing\Controller->callAction('getSystemInfo', Array)
#2 C:\Users\Gaser\Desktop\COPRRA\vendor\laravel\framework\src\Illuminate\Routing\Route.php(265): Illuminate\Routing\ControllerDispatcher->dispatch(Object(Illuminate\Routing\Route), Object(App\Http\Controllers\SystemController), 'getSystemInfo')
#3 C:\Users\Gaser\Desktop\COPRRA\vendor\laravel\framework\src\Illuminate\Routing\Route.php(211): Illuminate\Routing\Route->runController()
#4 C:\Users\Gaser\Desktop\COPRRA\vendor\laravel\framework\src\Illuminate\Routing\Router.php(822): Illuminate\Routing\Route->run()
#5 C:\Users\Gaser\Desktop\COPRRA\vendor\laravel\framework\src\Illuminate\Pipeline\Pipeline.php(180): Illuminate\Routing\Router->{closure:Illuminate\Routing\Router::runRouteWithinStack():821}(Object(Illuminate\Http\Request))
#6 C:\Users\Gaser\Desktop\COPRRA\app\Http\Middleware\ApiErrorHandler.php(26): Illuminate\Pipeline\Pipeline->{closure:Illuminate\Pipeline\Pipeline::prepareDestination():178}(Object(Illuminate\Http\Request))
#7 C:\Users\Gaser\Desktop\COPRRA\vendor\laravel\framework\src\Illuminate\Pipeline\Pipeline.php(219): App\Http\Middleware\ApiErrorHandler->handle(Object(Illuminate\Http\Request), Object(Closure))
#8 C:\Users\Gaser\Desktop\COPRRA\vendor\laravel\framework\src\Illuminate\Routing\Middleware\SubstituteBindings.php(50): Illuminate\Pipeline\Pipeline->{closure:{closure:Illuminate\Pipeline\Pipeline::carry():194}:195}(Object(Illuminate\Http\Request))
#9 C:\Users\Gaser\Desktop\COPRRA\vendor\laravel\framework\src\Illuminate\Pipeline\Pipeline.php(219): Illuminate\Routing\Middleware\SubstituteBindings->handle(Object(Illuminate\Http\Request), Object(Closure))
#10 C:\Users\Gaser\Desktop\COPRRA\vendor\laravel\framework\src\Illuminate\Routing\Middleware\ThrottleRequests.php(166): Illuminate\Pipeline\Pipeline->{closure:{closure:Illuminate\Pipeline\Pipeline::carry():194}:195}(Object(Illuminate\Http\Request))
#11 C:\Users\Gaser\Desktop\COPRRA\vendor\laravel\framework\src\Illuminate\Routing\Middleware\ThrottleRequests.php(129): Illuminate\Routing\Middleware\ThrottleRequests->handleRequest(Object(Illuminate\Http\Request), Object(Closure), Array)
#12 C:\Users\Gaser\Desktop\COPRRA\vendor\laravel\framework\src\Illuminate\Routing\Middleware\ThrottleRequests.php(90): Illuminate\Routing\Middleware\ThrottleRequests->handleRequestUsingNamedLimiter(Object(Illuminate\Http\Request), Object(Closure), 'api', Object(Closure))
#13 C:\Users\Gaser\Desktop\COPRRA\vendor\laravel\framework\src\Illuminate\Pipeline\Pipeline.php(219): Illuminate\Routing\Middleware\ThrottleRequests->handle(Object(Illuminate\Http\Request), Object(Closure), 'api')
#14 C:\Users\Gaser\Desktop\COPRRA\vendor\laravel\sanctum\src\Http\Middleware\EnsureFrontendRequestsAreStateful.php(26): Illuminate\Pipeline\Pipeline->{closure:{closure:Illuminate\Pipeline\Pipeline::carry():194}:195}(Object(Illuminate\Http\Request))
#15 C:\Users\Gaser\Desktop\COPRRA\vendor\laravel\framework\src\Illuminate\Pipeline\Pipeline.php(180): Laravel\Sanctum\Http\Middleware\EnsureFrontendRequestsAreStateful->{closure:Laravel\Sanctum\Http\Middleware\EnsureFrontendRequestsAreStateful::handle():25}(Object(Illuminate\Http\Request))
#16 C:\Users\Gaser\Desktop\COPRRA\vendor\laravel\framework\src\Illuminate\Pipeline\Pipeline.php(137): Illuminate\Pipeline\Pipeline->{closure:Illuminate\Pipeline\Pipeline::prepareDestination():178}(Object(Illuminate\Http\Request))
#17 C:\Users\Gaser\Desktop\COPRRA\vendor\laravel\sanctum\src\Http\Middleware\EnsureFrontendRequestsAreStateful.php(25): Illuminate\Pipeline\Pipeline->then(Object(Closure))
#18 C:\Users\Gaser\Desktop\COPRRA\vendor\laravel\framework\src\Illuminate\Pipeline\Pipeline.php(219): Laravel\Sanctum\Http\Middleware\EnsureFrontendRequestsAreStateful->handle(Object(Illuminate\Http\Request), Object(Closure))
#19 C:\Users\Gaser\Desktop\COPRRA\vendor\laravel\framework\src\Illuminate\Pipeline\Pipeline.php(137): Illuminate\Pipeline\Pipeline->{closure:{closure:Illuminate\Pipeline\Pipeline::carry():194}:195}(Object(Illuminate\Http\Request))
#20 C:\Users\Gaser\Desktop\COPRRA\vendor\laravel\framework\src\Illuminate\Routing\Router.php(821): Illuminate\Pipeline\Pipeline->then(Object(Closure))
#21 C:\Users\Gaser\Desktop\COPRRA\vendor\laravel\framework\src\Illuminate\Routing\Router.php(800): Illuminate\Routing\Router->runRouteWithinStack(Object(Illuminate\Routing\Route), Object(Illuminate\Http\Request))
#22 C:\Users\Gaser\Desktop\COPRRA\vendor\laravel\framework\src\Illuminate\Routing\Router.php(764): Illuminate\Routing\Router->runRoute(Object(Illuminate\Http\Request), Object(Illuminate\Routing\Route))
#23 C:\Users\Gaser\Desktop\COPRRA\vendor\laravel\framework\src\Illuminate\Routing\Router.php(753): Illuminate\Routing\Router->dispatchToRoute(Object(Illuminate\Http\Request))
#24 C:\Users\Gaser\Desktop\COPRRA\vendor\laravel\framework\src\Illuminate\Foundation\Http\Kernel.php(200): Illuminate\Routing\Router->dispatch(Object(Illuminate\Http\Request))
#25 C:\Users\Gaser\Desktop\COPRRA\vendor\laravel\framework\src\Illuminate\Pipeline\Pipeline.php(180): Illuminate\Foundation\Http\Kernel->{closure:Illuminate\Foundation\Http\Kernel::dispatchToRouter():197}(Object(Illuminate\Http\Request))
#26 C:\Users\Gaser\Desktop\COPRRA\vendor\livewire\livewire\src\Features\SupportDisablingBackButtonCache\DisableBackButtonCacheMiddleware.php(19): Illuminate\Pipeline\Pipeline->{closure:Illuminate\Pipeline\Pipeline::prepareDestination():178}(Object(Illuminate\Http\Request))
#27 C:\Users\Gaser\Desktop\COPRRA\vendor\laravel\framework\src\Illuminate\Pipeline\Pipeline.php(219): Livewire\Features\SupportDisablingBackButtonCache\DisableBackButtonCacheMiddleware->handle(Object(Illuminate\Http\Request), Object(Closure))
#28 C:\Users\Gaser\Desktop\COPRRA\app\Http\Middleware\SecurityHeadersMiddleware.php(27): Illuminate\Pipeline\Pipeline->{closure:{closure:Illuminate\Pipeline\Pipeline::carry():194}:195}(Object(Illuminate\Http\Request))
#29 C:\Users\Gaser\Desktop\COPRRA\vendor\laravel\framework\src\Illuminate\Pipeline\Pipeline.php(219): App\Http\Middleware\SecurityHeadersMiddleware->handle(Object(Illuminate\Http\Request), Object(Closure))
#30 C:\Users\Gaser\Desktop\COPRRA\vendor\laravel\framework\src\Illuminate\Foundation\Http\Middleware\TransformsRequest.php(21): Illuminate\Pipeline\Pipeline->{closure:{closure:Illuminate\Pipeline\Pipeline::carry():194}:195}(Object(Illuminate\Http\Request))
#31 C:\Users\Gaser\Desktop\COPRRA\vendor\laravel\framework\src\Illuminate\Foundation\Http\Middleware\ConvertEmptyStringsToNull.php(31): Illuminate\Foundation\Http\Middleware\TransformsRequest->handle(Object(Illuminate\Http\Request), Object(Closure))
#32 C:\Users\Gaser\Desktop\COPRRA\vendor\laravel\framework\src\Illuminate\Pipeline\Pipeline.php(219): Illuminate\Foundation\Http\Middleware\ConvertEmptyStringsToNull->handle(Object(Illuminate\Http\Request), Object(Closure))
#33 C:\Users\Gaser\Desktop\COPRRA\vendor\laravel\framework\src\Illuminate\Foundation\Http\Middleware\TransformsRequest.php(21): Illuminate\Pipeline\Pipeline->{closure:{closure:Illuminate\Pipeline\Pipeline::carry():194}:195}(Object(Illuminate\Http\Request))
#34 C:\Users\Gaser\Desktop\COPRRA\vendor\laravel\framework\src\Illuminate\Foundation\Http\Middleware\TrimStrings.php(51): Illuminate\Foundation\Http\Middleware\TransformsRequest->handle(Object(Illuminate\Http\Request), Object(Closure))
#35 C:\Users\Gaser\Desktop\COPRRA\vendor\laravel\framework\src\Illuminate\Pipeline\Pipeline.php(219): Illuminate\Foundation\Http\Middleware\TrimStrings->handle(Object(Illuminate\Http\Request), Object(Closure))
#36 C:\Users\Gaser\Desktop\COPRRA\vendor\laravel\framework\src\Illuminate\Http\Middleware\ValidatePostSize.php(27): Illuminate\Pipeline\Pipeline->{closure:{closure:Illuminate\Pipeline\Pipeline::carry():194}:195}(Object(Illuminate\Http\Request))
#37 C:\Users\Gaser\Desktop\COPRRA\vendor\laravel\framework\src\Illuminate\Pipeline\Pipeline.php(219): Illuminate\Http\Middleware\ValidatePostSize->handle(Object(Illuminate\Http\Request), Object(Closure))
#38 C:\Users\Gaser\Desktop\COPRRA\vendor\laravel\framework\src\Illuminate\Foundation\Http\Middleware\PreventRequestsDuringMaintenance.php(109): Illuminate\Pipeline\Pipeline->{closure:{closure:Illuminate\Pipeline\Pipeline::carry():194}:195}(Object(Illuminate\Http\Request))
#39 C:\Users\Gaser\Desktop\COPRRA\vendor\laravel\framework\src\Illuminate\Pipeline\Pipeline.php(219): Illuminate\Foundation\Http\Middleware\PreventRequestsDuringMaintenance->handle(Object(Illuminate\Http\Request), Object(Closure))
#40 C:\Users\Gaser\Desktop\COPRRA\vendor\laravel\framework\src\Illuminate\Http\Middleware\HandleCors.php(61): Illuminate\Pipeline\Pipeline->{closure:{closure:Illuminate\Pipeline\Pipeline::carry():194}:195}(Object(Illuminate\Http\Request))
#41 C:\Users\Gaser\Desktop\COPRRA\vendor\laravel\framework\src\Illuminate\Pipeline\Pipeline.php(219): Illuminate\Http\Middleware\HandleCors->handle(Object(Illuminate\Http\Request), Object(Closure))
#42 C:\Users\Gaser\Desktop\COPRRA\vendor\laravel\framework\src\Illuminate\Http\Middleware\TrustProxies.php(58): Illuminate\Pipeline\Pipeline->{closure:{closure:Illuminate\Pipeline\Pipeline::carry():194}:195}(Object(Illuminate\Http\Request))
#43 C:\Users\Gaser\Desktop\COPRRA\vendor\laravel\framework\src\Illuminate\Pipeline\Pipeline.php(219): Illuminate\Http\Middleware\TrustProxies->handle(Object(Illuminate\Http\Request), Object(Closure))
#44 C:\Users\Gaser\Desktop\COPRRA\vendor\laravel\framework\src\Illuminate\Foundation\Http\Middleware\InvokeDeferredCallbacks.php(22): Illuminate\Pipeline\Pipeline->{closure:{closure:Illuminate\Pipeline\Pipeline::carry():194}:195}(Object(Illuminate\Http\Request))
#45 C:\Users\Gaser\Desktop\COPRRA\vendor\laravel\framework\src\Illuminate\Pipeline\Pipeline.php(219): Illuminate\Foundation\Http\Middleware\InvokeDeferredCallbacks->handle(Object(Illuminate\Http\Request), Object(Closure))
#46 C:\Users\Gaser\Desktop\COPRRA\vendor\laravel\framework\src\Illuminate\Http\Middleware\ValidatePathEncoding.php(26): Illuminate\Pipeline\Pipeline->{closure:{closure:Illuminate\Pipeline\Pipeline::carry():194}:195}(Object(Illuminate\Http\Request))
#47 C:\Users\Gaser\Desktop\COPRRA\vendor\laravel\framework\src\Illuminate\Pipeline\Pipeline.php(219): Illuminate\Http\Middleware\ValidatePathEncoding->handle(Object(Illuminate\Http\Request), Object(Closure))
#48 C:\Users\Gaser\Desktop\COPRRA\vendor\laravel\framework\src\Illuminate\Pipeline\Pipeline.php(137): Illuminate\Pipeline\Pipeline->{closure:{closure:Illuminate\Pipeline\Pipeline::carry():194}:195}(Object(Illuminate\Http\Request))
#49 C:\Users\Gaser\Desktop\COPRRA\vendor\laravel\framework\src\Illuminate\Foundation\Http\Kernel.php(175): Illuminate\Pipeline\Pipeline->then(Object(Closure))
#50 C:\Users\Gaser\Desktop\COPRRA\vendor\laravel\framework\src\Illuminate\Foundation\Http\Kernel.php(144): Illuminate\Foundation\Http\Kernel->sendRequestThroughRouter(Object(Illuminate\Http\Request))
#51 C:\Users\Gaser\Desktop\COPRRA\vendor\laravel\framework\src\Illuminate\Foundation\Testing\Concerns\MakesHttpRequests.php(607): Illuminate\Foundation\Http\Kernel->handle(Object(Illuminate\Http\Request))
#52 C:\Users\Gaser\Desktop\COPRRA\vendor\laravel\framework\src\Illuminate\Foundation\Testing\Concerns\MakesHttpRequests.php(573): Illuminate\Foundation\Testing\TestCase->call('GET', '/api/system/inf...', Array, Array, Array, Array, '[]')
#53 C:\Users\Gaser\Desktop\COPRRA\vendor\laravel\framework\src\Illuminate\Foundation\Testing\Concerns\MakesHttpRequests.php(381): Illuminate\Foundation\Testing\TestCase->json('GET', '/api/system/inf...', Array, Array, 0)
#54 C:\Users\Gaser\Desktop\COPRRA\tests\Feature\Http\Controllers\SystemControllerTest.php(24): Illuminate\Foundation\Testing\TestCase->getJson('/api/system/inf...')
#55 C:\Users\Gaser\Desktop\COPRRA\vendor\phpunit\phpunit\src\Framework\TestCase.php(1317): Tests\Feature\Http\Controllers\SystemControllerTest->it_can_get_system_information()
#56 C:\Users\Gaser\Desktop\COPRRA\vendor\phpunit\phpunit\src\Framework\TestCase.php(517): PHPUnit\Framework\TestCase->runTest()
#57 C:\Users\Gaser\Desktop\COPRRA\vendor\phpunit\phpunit\src\Framework\TestRunner\TestRunner.php(99): PHPUnit\Framework\TestCase->runBare()
#58 C:\Users\Gaser\Desktop\COPRRA\vendor\phpunit\phpunit\src\Framework\TestCase.php(357): PHPUnit\Framework\TestRunner->run(Object(Tests\Feature\Http\Controllers\SystemControllerTest))
#59 C:\Users\Gaser\Desktop\COPRRA\vendor\phpunit\phpunit\src\Framework\TestSuite.php(374): PHPUnit\Framework\TestCase->run()
#60 C:\Users\Gaser\Desktop\COPRRA\vendor\phpunit\phpunit\src\Framework\TestSuite.php(374): PHPUnit\Framework\TestSuite->run()
#61 C:\Users\Gaser\Desktop\COPRRA\vendor\phpunit\phpunit\src\Framework\TestSuite.php(374): PHPUnit\Framework\TestSuite->run()
#62 C:\Users\Gaser\Desktop\COPRRA\vendor\phpunit\phpunit\src\TextUI\TestRunner.php(64): PHPUnit\Framework\TestSuite->run()
#63 C:\Users\Gaser\Desktop\COPRRA\vendor\phpunit\phpunit\src\TextUI\Application.php(229): PHPUnit\TextUI\TestRunner->run(Object(PHPUnit\TextUI\Configuration\Configuration), Object(PHPUnit\Runner\ResultCache\DefaultResultCache), Object(PHPUnit\Framework\TestSuite))
#64 C:\Users\Gaser\Desktop\COPRRA\vendor\phpunit\phpunit\phpunit(104): PHPUnit\TextUI\Application->run(Array)
#65 C:\Users\Gaser\Desktop\COPRRA\vendor\bin\phpunit(119): include('C:\\Users\\Gaser\\...')
#66 {main}

----------------------------------------------------------------------------------

Method App\Http\Controllers\SystemController::getSystemInfo does not exist.

C:\Users\Gaser\Desktop\COPRRA\vendor\laravel\framework\src\Illuminate\Testing\TestResponseAssert.php:45
C:\Users\Gaser\Desktop\COPRRA\vendor\laravel\framework\src\Illuminate\Testing\TestResponse.php:174
C:\Users\Gaser\Desktop\COPRRA\tests\Feature\Http\Controllers\SystemControllerTest.php:26
C:\Users\Gaser\Desktop\COPRRA\vendor\phpunit\phpunit\phpunit:104

56) Tests\Feature\Http\Controllers\SystemControllerTest::it_can_optimize_application
Expected response status code [200] but received 500.
Failed asserting that 500 is identical to 200.

The following exception occurred during the last request:

BadMethodCallException: Method App\Http\Controllers\SystemController::optimizeApp does not exist. in C:\Users\Gaser\Desktop\COPRRA\vendor\laravel\framework\src\Illuminate\Routing\Controller.php:68
Stack trace:
#0 C:\Users\Gaser\Desktop\COPRRA\vendor\laravel\framework\src\Illuminate\Routing\Controller.php(54): Illuminate\Routing\Controller->__call('optimizeApp', Array)
#1 C:\Users\Gaser\Desktop\COPRRA\vendor\laravel\framework\src\Illuminate\Routing\ControllerDispatcher.php(43): Illuminate\Routing\Controller->callAction('optimizeApp', Array)
#2 C:\Users\Gaser\Desktop\COPRRA\vendor\laravel\framework\src\Illuminate\Routing\Route.php(265): Illuminate\Routing\ControllerDispatcher->dispatch(Object(Illuminate\Routing\Route), Object(App\Http\Controllers\SystemController), 'optimizeApp')
#3 C:\Users\Gaser\Desktop\COPRRA\vendor\laravel\framework\src\Illuminate\Routing\Route.php(211): Illuminate\Routing\Route->runController()
#4 C:\Users\Gaser\Desktop\COPRRA\vendor\laravel\framework\src\Illuminate\Routing\Router.php(822): Illuminate\Routing\Route->run()
#5 C:\Users\Gaser\Desktop\COPRRA\vendor\laravel\framework\src\Illuminate\Pipeline\Pipeline.php(180): Illuminate\Routing\Router->{closure:Illuminate\Routing\Router::runRouteWithinStack():821}(Object(Illuminate\Http\Request))
#6 C:\Users\Gaser\Desktop\COPRRA\app\Http\Middleware\ApiErrorHandler.php(26): Illuminate\Pipeline\Pipeline->{closure:Illuminate\Pipeline\Pipeline::prepareDestination():178}(Object(Illuminate\Http\Request))
#7 C:\Users\Gaser\Desktop\COPRRA\vendor\laravel\framework\src\Illuminate\Pipeline\Pipeline.php(219): App\Http\Middleware\ApiErrorHandler->handle(Object(Illuminate\Http\Request), Object(Closure))
#8 C:\Users\Gaser\Desktop\COPRRA\vendor\laravel\framework\src\Illuminate\Routing\Middleware\SubstituteBindings.php(50): Illuminate\Pipeline\Pipeline->{closure:{closure:Illuminate\Pipeline\Pipeline::carry():194}:195}(Object(Illuminate\Http\Request))
#9 C:\Users\Gaser\Desktop\COPRRA\vendor\laravel\framework\src\Illuminate\Pipeline\Pipeline.php(219): Illuminate\Routing\Middleware\SubstituteBindings->handle(Object(Illuminate\Http\Request), Object(Closure))
#10 C:\Users\Gaser\Desktop\COPRRA\vendor\laravel\framework\src\Illuminate\Routing\Middleware\ThrottleRequests.php(166): Illuminate\Pipeline\Pipeline->{closure:{closure:Illuminate\Pipeline\Pipeline::carry():194}:195}(Object(Illuminate\Http\Request))
#11 C:\Users\Gaser\Desktop\COPRRA\vendor\laravel\framework\src\Illuminate\Routing\Middleware\ThrottleRequests.php(129): Illuminate\Routing\Middleware\ThrottleRequests->handleRequest(Object(Illuminate\Http\Request), Object(Closure), Array)
#12 C:\Users\Gaser\Desktop\COPRRA\vendor\laravel\framework\src\Illuminate\Routing\Middleware\ThrottleRequests.php(90): Illuminate\Routing\Middleware\ThrottleRequests->handleRequestUsingNamedLimiter(Object(Illuminate\Http\Request), Object(Closure), 'api', Object(Closure))
#13 C:\Users\Gaser\Desktop\COPRRA\vendor\laravel\framework\src\Illuminate\Pipeline\Pipeline.php(219): Illuminate\Routing\Middleware\ThrottleRequests->handle(Object(Illuminate\Http\Request), Object(Closure), 'api')
#14 C:\Users\Gaser\Desktop\COPRRA\vendor\laravel\sanctum\src\Http\Middleware\EnsureFrontendRequestsAreStateful.php(26): Illuminate\Pipeline\Pipeline->{closure:{closure:Illuminate\Pipeline\Pipeline::carry():194}:195}(Object(Illuminate\Http\Request))
#15 C:\Users\Gaser\Desktop\COPRRA\vendor\laravel\framework\src\Illuminate\Pipeline\Pipeline.php(180): Laravel\Sanctum\Http\Middleware\EnsureFrontendRequestsAreStateful->{closure:Laravel\Sanctum\Http\Middleware\EnsureFrontendRequestsAreStateful::handle():25}(Object(Illuminate\Http\Request))
#16 C:\Users\Gaser\Desktop\COPRRA\vendor\laravel\framework\src\Illuminate\Pipeline\Pipeline.php(137): Illuminate\Pipeline\Pipeline->{closure:Illuminate\Pipeline\Pipeline::prepareDestination():178}(Object(Illuminate\Http\Request))
#17 C:\Users\Gaser\Desktop\COPRRA\vendor\laravel\sanctum\src\Http\Middleware\EnsureFrontendRequestsAreStateful.php(25): Illuminate\Pipeline\Pipeline->then(Object(Closure))
#18 C:\Users\Gaser\Desktop\COPRRA\vendor\laravel\framework\src\Illuminate\Pipeline\Pipeline.php(219): Laravel\Sanctum\Http\Middleware\EnsureFrontendRequestsAreStateful->handle(Object(Illuminate\Http\Request), Object(Closure))
#19 C:\Users\Gaser\Desktop\COPRRA\vendor\laravel\framework\src\Illuminate\Pipeline\Pipeline.php(137): Illuminate\Pipeline\Pipeline->{closure:{closure:Illuminate\Pipeline\Pipeline::carry():194}:195}(Object(Illuminate\Http\Request))
#20 C:\Users\Gaser\Desktop\COPRRA\vendor\laravel\framework\src\Illuminate\Routing\Router.php(821): Illuminate\Pipeline\Pipeline->then(Object(Closure))
#21 C:\Users\Gaser\Desktop\COPRRA\vendor\laravel\framework\src\Illuminate\Routing\Router.php(800): Illuminate\Routing\Router->runRouteWithinStack(Object(Illuminate\Routing\Route), Object(Illuminate\Http\Request))
#22 C:\Users\Gaser\Desktop\COPRRA\vendor\laravel\framework\src\Illuminate\Routing\Router.php(764): Illuminate\Routing\Router->runRoute(Object(Illuminate\Http\Request), Object(Illuminate\Routing\Route))
#23 C:\Users\Gaser\Desktop\COPRRA\vendor\laravel\framework\src\Illuminate\Routing\Router.php(753): Illuminate\Routing\Router->dispatchToRoute(Object(Illuminate\Http\Request))
#24 C:\Users\Gaser\Desktop\COPRRA\vendor\laravel\framework\src\Illuminate\Foundation\Http\Kernel.php(200): Illuminate\Routing\Router->dispatch(Object(Illuminate\Http\Request))
#25 C:\Users\Gaser\Desktop\COPRRA\vendor\laravel\framework\src\Illuminate\Pipeline\Pipeline.php(180): Illuminate\Foundation\Http\Kernel->{closure:Illuminate\Foundation\Http\Kernel::dispatchToRouter():197}(Object(Illuminate\Http\Request))
#26 C:\Users\Gaser\Desktop\COPRRA\vendor\livewire\livewire\src\Features\SupportDisablingBackButtonCache\DisableBackButtonCacheMiddleware.php(19): Illuminate\Pipeline\Pipeline->{closure:Illuminate\Pipeline\Pipeline::prepareDestination():178}(Object(Illuminate\Http\Request))
#27 C:\Users\Gaser\Desktop\COPRRA\vendor\laravel\framework\src\Illuminate\Pipeline\Pipeline.php(219): Livewire\Features\SupportDisablingBackButtonCache\DisableBackButtonCacheMiddleware->handle(Object(Illuminate\Http\Request), Object(Closure))
#28 C:\Users\Gaser\Desktop\COPRRA\app\Http\Middleware\SecurityHeadersMiddleware.php(27): Illuminate\Pipeline\Pipeline->{closure:{closure:Illuminate\Pipeline\Pipeline::carry():194}:195}(Object(Illuminate\Http\Request))
#29 C:\Users\Gaser\Desktop\COPRRA\vendor\laravel\framework\src\Illuminate\Pipeline\Pipeline.php(219): App\Http\Middleware\SecurityHeadersMiddleware->handle(Object(Illuminate\Http\Request), Object(Closure))
#30 C:\Users\Gaser\Desktop\COPRRA\vendor\laravel\framework\src\Illuminate\Foundation\Http\Middleware\TransformsRequest.php(21): Illuminate\Pipeline\Pipeline->{closure:{closure:Illuminate\Pipeline\Pipeline::carry():194}:195}(Object(Illuminate\Http\Request))
#31 C:\Users\Gaser\Desktop\COPRRA\vendor\laravel\framework\src\Illuminate\Foundation\Http\Middleware\ConvertEmptyStringsToNull.php(31): Illuminate\Foundation\Http\Middleware\TransformsRequest->handle(Object(Illuminate\Http\Request), Object(Closure))
#32 C:\Users\Gaser\Desktop\COPRRA\vendor\laravel\framework\src\Illuminate\Pipeline\Pipeline.php(219): Illuminate\Foundation\Http\Middleware\ConvertEmptyStringsToNull->handle(Object(Illuminate\Http\Request), Object(Closure))
#33 C:\Users\Gaser\Desktop\COPRRA\vendor\laravel\framework\src\Illuminate\Foundation\Http\Middleware\TransformsRequest.php(21): Illuminate\Pipeline\Pipeline->{closure:{closure:Illuminate\Pipeline\Pipeline::carry():194}:195}(Object(Illuminate\Http\Request))
#34 C:\Users\Gaser\Desktop\COPRRA\vendor\laravel\framework\src\Illuminate\Foundation\Http\Middleware\TrimStrings.php(51): Illuminate\Foundation\Http\Middleware\TransformsRequest->handle(Object(Illuminate\Http\Request), Object(Closure))
#35 C:\Users\Gaser\Desktop\COPRRA\vendor\laravel\framework\src\Illuminate\Pipeline\Pipeline.php(219): Illuminate\Foundation\Http\Middleware\TrimStrings->handle(Object(Illuminate\Http\Request), Object(Closure))
#36 C:\Users\Gaser\Desktop\COPRRA\vendor\laravel\framework\src\Illuminate\Http\Middleware\ValidatePostSize.php(27): Illuminate\Pipeline\Pipeline->{closure:{closure:Illuminate\Pipeline\Pipeline::carry():194}:195}(Object(Illuminate\Http\Request))
#37 C:\Users\Gaser\Desktop\COPRRA\vendor\laravel\framework\src\Illuminate\Pipeline\Pipeline.php(219): Illuminate\Http\Middleware\ValidatePostSize->handle(Object(Illuminate\Http\Request), Object(Closure))
#38 C:\Users\Gaser\Desktop\COPRRA\vendor\laravel\framework\src\Illuminate\Foundation\Http\Middleware\PreventRequestsDuringMaintenance.php(109): Illuminate\Pipeline\Pipeline->{closure:{closure:Illuminate\Pipeline\Pipeline::carry():194}:195}(Object(Illuminate\Http\Request))
#39 C:\Users\Gaser\Desktop\COPRRA\vendor\laravel\framework\src\Illuminate\Pipeline\Pipeline.php(219): Illuminate\Foundation\Http\Middleware\PreventRequestsDuringMaintenance->handle(Object(Illuminate\Http\Request), Object(Closure))
#40 C:\Users\Gaser\Desktop\COPRRA\vendor\laravel\framework\src\Illuminate\Http\Middleware\HandleCors.php(61): Illuminate\Pipeline\Pipeline->{closure:{closure:Illuminate\Pipeline\Pipeline::carry():194}:195}(Object(Illuminate\Http\Request))
#41 C:\Users\Gaser\Desktop\COPRRA\vendor\laravel\framework\src\Illuminate\Pipeline\Pipeline.php(219): Illuminate\Http\Middleware\HandleCors->handle(Object(Illuminate\Http\Request), Object(Closure))
#42 C:\Users\Gaser\Desktop\COPRRA\vendor\laravel\framework\src\Illuminate\Http\Middleware\TrustProxies.php(58): Illuminate\Pipeline\Pipeline->{closure:{closure:Illuminate\Pipeline\Pipeline::carry():194}:195}(Object(Illuminate\Http\Request))
#43 C:\Users\Gaser\Desktop\COPRRA\vendor\laravel\framework\src\Illuminate\Pipeline\Pipeline.php(219): Illuminate\Http\Middleware\TrustProxies->handle(Object(Illuminate\Http\Request), Object(Closure))
#44 C:\Users\Gaser\Desktop\COPRRA\vendor\laravel\framework\src\Illuminate\Foundation\Http\Middleware\InvokeDeferredCallbacks.php(22): Illuminate\Pipeline\Pipeline->{closure:{closure:Illuminate\Pipeline\Pipeline::carry():194}:195}(Object(Illuminate\Http\Request))
#45 C:\Users\Gaser\Desktop\COPRRA\vendor\laravel\framework\src\Illuminate\Pipeline\Pipeline.php(219): Illuminate\Foundation\Http\Middleware\InvokeDeferredCallbacks->handle(Object(Illuminate\Http\Request), Object(Closure))
#46 C:\Users\Gaser\Desktop\COPRRA\vendor\laravel\framework\src\Illuminate\Http\Middleware\ValidatePathEncoding.php(26): Illuminate\Pipeline\Pipeline->{closure:{closure:Illuminate\Pipeline\Pipeline::carry():194}:195}(Object(Illuminate\Http\Request))
#47 C:\Users\Gaser\Desktop\COPRRA\vendor\laravel\framework\src\Illuminate\Pipeline\Pipeline.php(219): Illuminate\Http\Middleware\ValidatePathEncoding->handle(Object(Illuminate\Http\Request), Object(Closure))
#48 C:\Users\Gaser\Desktop\COPRRA\vendor\laravel\framework\src\Illuminate\Pipeline\Pipeline.php(137): Illuminate\Pipeline\Pipeline->{closure:{closure:Illuminate\Pipeline\Pipeline::carry():194}:195}(Object(Illuminate\Http\Request))
#49 C:\Users\Gaser\Desktop\COPRRA\vendor\laravel\framework\src\Illuminate\Foundation\Http\Kernel.php(175): Illuminate\Pipeline\Pipeline->then(Object(Closure))
#50 C:\Users\Gaser\Desktop\COPRRA\vendor\laravel\framework\src\Illuminate\Foundation\Http\Kernel.php(144): Illuminate\Foundation\Http\Kernel->sendRequestThroughRouter(Object(Illuminate\Http\Request))
#51 C:\Users\Gaser\Desktop\COPRRA\vendor\laravel\framework\src\Illuminate\Foundation\Testing\Concerns\MakesHttpRequests.php(607): Illuminate\Foundation\Http\Kernel->handle(Object(Illuminate\Http\Request))
#52 C:\Users\Gaser\Desktop\COPRRA\vendor\laravel\framework\src\Illuminate\Foundation\Testing\Concerns\MakesHttpRequests.php(573): Illuminate\Foundation\Testing\TestCase->call('POST', '/api/system/opt...', Array, Array, Array, Array, '[]')
#53 C:\Users\Gaser\Desktop\COPRRA\vendor\laravel\framework\src\Illuminate\Foundation\Testing\Concerns\MakesHttpRequests.php(411): Illuminate\Foundation\Testing\TestCase->json('POST', '/api/system/opt...', Array, Array, 0)
#54 C:\Users\Gaser\Desktop\COPRRA\tests\Feature\Http\Controllers\SystemControllerTest.php(87): Illuminate\Foundation\Testing\TestCase->postJson('/api/system/opt...')
#55 C:\Users\Gaser\Desktop\COPRRA\vendor\phpunit\phpunit\src\Framework\TestCase.php(1317): Tests\Feature\Http\Controllers\SystemControllerTest->it_can_optimize_application()
#56 C:\Users\Gaser\Desktop\COPRRA\vendor\phpunit\phpunit\src\Framework\TestCase.php(517): PHPUnit\Framework\TestCase->runTest()
#57 C:\Users\Gaser\Desktop\COPRRA\vendor\phpunit\phpunit\src\Framework\TestRunner\TestRunner.php(99): PHPUnit\Framework\TestCase->runBare()
#58 C:\Users\Gaser\Desktop\COPRRA\vendor\phpunit\phpunit\src\Framework\TestCase.php(357): PHPUnit\Framework\TestRunner->run(Object(Tests\Feature\Http\Controllers\SystemControllerTest))
#59 C:\Users\Gaser\Desktop\COPRRA\vendor\phpunit\phpunit\src\Framework\TestSuite.php(374): PHPUnit\Framework\TestCase->run()
#60 C:\Users\Gaser\Desktop\COPRRA\vendor\phpunit\phpunit\src\Framework\TestSuite.php(374): PHPUnit\Framework\TestSuite->run()
#61 C:\Users\Gaser\Desktop\COPRRA\vendor\phpunit\phpunit\src\Framework\TestSuite.php(374): PHPUnit\Framework\TestSuite->run()
#62 C:\Users\Gaser\Desktop\COPRRA\vendor\phpunit\phpunit\src\TextUI\TestRunner.php(64): PHPUnit\Framework\TestSuite->run()
#63 C:\Users\Gaser\Desktop\COPRRA\vendor\phpunit\phpunit\src\TextUI\Application.php(229): PHPUnit\TextUI\TestRunner->run(Object(PHPUnit\TextUI\Configuration\Configuration), Object(PHPUnit\Runner\ResultCache\DefaultResultCache), Object(PHPUnit\Framework\TestSuite))
#64 C:\Users\Gaser\Desktop\COPRRA\vendor\phpunit\phpunit\phpunit(104): PHPUnit\TextUI\Application->run(Array)
#65 C:\Users\Gaser\Desktop\COPRRA\vendor\bin\phpunit(119): include('C:\\Users\\Gaser\\...')
#66 {main}

----------------------------------------------------------------------------------

Method App\Http\Controllers\SystemController::optimizeApp does not exist.

C:\Users\Gaser\Desktop\COPRRA\vendor\laravel\framework\src\Illuminate\Testing\TestResponseAssert.php:45
C:\Users\Gaser\Desktop\COPRRA\vendor\laravel\framework\src\Illuminate\Testing\TestResponse.php:174
C:\Users\Gaser\Desktop\COPRRA\tests\Feature\Http\Controllers\SystemControllerTest.php:89
C:\Users\Gaser\Desktop\COPRRA\vendor\phpunit\phpunit\phpunit:104

57) Tests\Feature\Http\Controllers\SystemControllerTest::it_can_get_performance_metrics
Expected response status code [200] but received 500.
Failed asserting that 500 is identical to 200.

The following exception occurred during the last request:

BadMethodCallException: Method App\Http\Controllers\SystemController::getPerformanceMetrics does not exist. in C:\Users\Gaser\Desktop\COPRRA\vendor\laravel\framework\src\Illuminate\Routing\Controller.php:68
Stack trace:
#0 C:\Users\Gaser\Desktop\COPRRA\vendor\laravel\framework\src\Illuminate\Routing\Controller.php(54): Illuminate\Routing\Controller->__call('getPerformanceM...', Array)
#1 C:\Users\Gaser\Desktop\COPRRA\vendor\laravel\framework\src\Illuminate\Routing\ControllerDispatcher.php(43): Illuminate\Routing\Controller->callAction('getPerformanceM...', Array)
#2 C:\Users\Gaser\Desktop\COPRRA\vendor\laravel\framework\src\Illuminate\Routing\Route.php(265): Illuminate\Routing\ControllerDispatcher->dispatch(Object(Illuminate\Routing\Route), Object(App\Http\Controllers\SystemController), 'getPerformanceM...')
#3 C:\Users\Gaser\Desktop\COPRRA\vendor\laravel\framework\src\Illuminate\Routing\Route.php(211): Illuminate\Routing\Route->runController()
#4 C:\Users\Gaser\Desktop\COPRRA\vendor\laravel\framework\src\Illuminate\Routing\Router.php(822): Illuminate\Routing\Route->run()
#5 C:\Users\Gaser\Desktop\COPRRA\vendor\laravel\framework\src\Illuminate\Pipeline\Pipeline.php(180): Illuminate\Routing\Router->{closure:Illuminate\Routing\Router::runRouteWithinStack():821}(Object(Illuminate\Http\Request))
#6 C:\Users\Gaser\Desktop\COPRRA\app\Http\Middleware\ApiErrorHandler.php(26): Illuminate\Pipeline\Pipeline->{closure:Illuminate\Pipeline\Pipeline::prepareDestination():178}(Object(Illuminate\Http\Request))
#7 C:\Users\Gaser\Desktop\COPRRA\vendor\laravel\framework\src\Illuminate\Pipeline\Pipeline.php(219): App\Http\Middleware\ApiErrorHandler->handle(Object(Illuminate\Http\Request), Object(Closure))
#8 C:\Users\Gaser\Desktop\COPRRA\vendor\laravel\framework\src\Illuminate\Routing\Middleware\SubstituteBindings.php(50): Illuminate\Pipeline\Pipeline->{closure:{closure:Illuminate\Pipeline\Pipeline::carry():194}:195}(Object(Illuminate\Http\Request))
#9 C:\Users\Gaser\Desktop\COPRRA\vendor\laravel\framework\src\Illuminate\Pipeline\Pipeline.php(219): Illuminate\Routing\Middleware\SubstituteBindings->handle(Object(Illuminate\Http\Request), Object(Closure))
#10 C:\Users\Gaser\Desktop\COPRRA\vendor\laravel\framework\src\Illuminate\Routing\Middleware\ThrottleRequests.php(166): Illuminate\Pipeline\Pipeline->{closure:{closure:Illuminate\Pipeline\Pipeline::carry():194}:195}(Object(Illuminate\Http\Request))
#11 C:\Users\Gaser\Desktop\COPRRA\vendor\laravel\framework\src\Illuminate\Routing\Middleware\ThrottleRequests.php(129): Illuminate\Routing\Middleware\ThrottleRequests->handleRequest(Object(Illuminate\Http\Request), Object(Closure), Array)
#12 C:\Users\Gaser\Desktop\COPRRA\vendor\laravel\framework\src\Illuminate\Routing\Middleware\ThrottleRequests.php(90): Illuminate\Routing\Middleware\ThrottleRequests->handleRequestUsingNamedLimiter(Object(Illuminate\Http\Request), Object(Closure), 'api', Object(Closure))
#13 C:\Users\Gaser\Desktop\COPRRA\vendor\laravel\framework\src\Illuminate\Pipeline\Pipeline.php(219): Illuminate\Routing\Middleware\ThrottleRequests->handle(Object(Illuminate\Http\Request), Object(Closure), 'api')
#14 C:\Users\Gaser\Desktop\COPRRA\vendor\laravel\sanctum\src\Http\Middleware\EnsureFrontendRequestsAreStateful.php(26): Illuminate\Pipeline\Pipeline->{closure:{closure:Illuminate\Pipeline\Pipeline::carry():194}:195}(Object(Illuminate\Http\Request))
#15 C:\Users\Gaser\Desktop\COPRRA\vendor\laravel\framework\src\Illuminate\Pipeline\Pipeline.php(180): Laravel\Sanctum\Http\Middleware\EnsureFrontendRequestsAreStateful->{closure:Laravel\Sanctum\Http\Middleware\EnsureFrontendRequestsAreStateful::handle():25}(Object(Illuminate\Http\Request))
#16 C:\Users\Gaser\Desktop\COPRRA\vendor\laravel\framework\src\Illuminate\Pipeline\Pipeline.php(137): Illuminate\Pipeline\Pipeline->{closure:Illuminate\Pipeline\Pipeline::prepareDestination():178}(Object(Illuminate\Http\Request))
#17 C:\Users\Gaser\Desktop\COPRRA\vendor\laravel\sanctum\src\Http\Middleware\EnsureFrontendRequestsAreStateful.php(25): Illuminate\Pipeline\Pipeline->then(Object(Closure))
#18 C:\Users\Gaser\Desktop\COPRRA\vendor\laravel\framework\src\Illuminate\Pipeline\Pipeline.php(219): Laravel\Sanctum\Http\Middleware\EnsureFrontendRequestsAreStateful->handle(Object(Illuminate\Http\Request), Object(Closure))
#19 C:\Users\Gaser\Desktop\COPRRA\vendor\laravel\framework\src\Illuminate\Pipeline\Pipeline.php(137): Illuminate\Pipeline\Pipeline->{closure:{closure:Illuminate\Pipeline\Pipeline::carry():194}:195}(Object(Illuminate\Http\Request))
#20 C:\Users\Gaser\Desktop\COPRRA\vendor\laravel\framework\src\Illuminate\Routing\Router.php(821): Illuminate\Pipeline\Pipeline->then(Object(Closure))
#21 C:\Users\Gaser\Desktop\COPRRA\vendor\laravel\framework\src\Illuminate\Routing\Router.php(800): Illuminate\Routing\Router->runRouteWithinStack(Object(Illuminate\Routing\Route), Object(Illuminate\Http\Request))
#22 C:\Users\Gaser\Desktop\COPRRA\vendor\laravel\framework\src\Illuminate\Routing\Router.php(764): Illuminate\Routing\Router->runRoute(Object(Illuminate\Http\Request), Object(Illuminate\Routing\Route))
#23 C:\Users\Gaser\Desktop\COPRRA\vendor\laravel\framework\src\Illuminate\Routing\Router.php(753): Illuminate\Routing\Router->dispatchToRoute(Object(Illuminate\Http\Request))
#24 C:\Users\Gaser\Desktop\COPRRA\vendor\laravel\framework\src\Illuminate\Foundation\Http\Kernel.php(200): Illuminate\Routing\Router->dispatch(Object(Illuminate\Http\Request))
#25 C:\Users\Gaser\Desktop\COPRRA\vendor\laravel\framework\src\Illuminate\Pipeline\Pipeline.php(180): Illuminate\Foundation\Http\Kernel->{closure:Illuminate\Foundation\Http\Kernel::dispatchToRouter():197}(Object(Illuminate\Http\Request))
#26 C:\Users\Gaser\Desktop\COPRRA\vendor\livewire\livewire\src\Features\SupportDisablingBackButtonCache\DisableBackButtonCacheMiddleware.php(19): Illuminate\Pipeline\Pipeline->{closure:Illuminate\Pipeline\Pipeline::prepareDestination():178}(Object(Illuminate\Http\Request))
#27 C:\Users\Gaser\Desktop\COPRRA\vendor\laravel\framework\src\Illuminate\Pipeline\Pipeline.php(219): Livewire\Features\SupportDisablingBackButtonCache\DisableBackButtonCacheMiddleware->handle(Object(Illuminate\Http\Request), Object(Closure))
#28 C:\Users\Gaser\Desktop\COPRRA\app\Http\Middleware\SecurityHeadersMiddleware.php(27): Illuminate\Pipeline\Pipeline->{closure:{closure:Illuminate\Pipeline\Pipeline::carry():194}:195}(Object(Illuminate\Http\Request))
#29 C:\Users\Gaser\Desktop\COPRRA\vendor\laravel\framework\src\Illuminate\Pipeline\Pipeline.php(219): App\Http\Middleware\SecurityHeadersMiddleware->handle(Object(Illuminate\Http\Request), Object(Closure))
#30 C:\Users\Gaser\Desktop\COPRRA\vendor\laravel\framework\src\Illuminate\Foundation\Http\Middleware\TransformsRequest.php(21): Illuminate\Pipeline\Pipeline->{closure:{closure:Illuminate\Pipeline\Pipeline::carry():194}:195}(Object(Illuminate\Http\Request))
#31 C:\Users\Gaser\Desktop\COPRRA\vendor\laravel\framework\src\Illuminate\Foundation\Http\Middleware\ConvertEmptyStringsToNull.php(31): Illuminate\Foundation\Http\Middleware\TransformsRequest->handle(Object(Illuminate\Http\Request), Object(Closure))
#32 C:\Users\Gaser\Desktop\COPRRA\vendor\laravel\framework\src\Illuminate\Pipeline\Pipeline.php(219): Illuminate\Foundation\Http\Middleware\ConvertEmptyStringsToNull->handle(Object(Illuminate\Http\Request), Object(Closure))
#33 C:\Users\Gaser\Desktop\COPRRA\vendor\laravel\framework\src\Illuminate\Foundation\Http\Middleware\TransformsRequest.php(21): Illuminate\Pipeline\Pipeline->{closure:{closure:Illuminate\Pipeline\Pipeline::carry():194}:195}(Object(Illuminate\Http\Request))
#34 C:\Users\Gaser\Desktop\COPRRA\vendor\laravel\framework\src\Illuminate\Foundation\Http\Middleware\TrimStrings.php(51): Illuminate\Foundation\Http\Middleware\TransformsRequest->handle(Object(Illuminate\Http\Request), Object(Closure))
#35 C:\Users\Gaser\Desktop\COPRRA\vendor\laravel\framework\src\Illuminate\Pipeline\Pipeline.php(219): Illuminate\Foundation\Http\Middleware\TrimStrings->handle(Object(Illuminate\Http\Request), Object(Closure))
#36 C:\Users\Gaser\Desktop\COPRRA\vendor\laravel\framework\src\Illuminate\Http\Middleware\ValidatePostSize.php(27): Illuminate\Pipeline\Pipeline->{closure:{closure:Illuminate\Pipeline\Pipeline::carry():194}:195}(Object(Illuminate\Http\Request))
#37 C:\Users\Gaser\Desktop\COPRRA\vendor\laravel\framework\src\Illuminate\Pipeline\Pipeline.php(219): Illuminate\Http\Middleware\ValidatePostSize->handle(Object(Illuminate\Http\Request), Object(Closure))
#38 C:\Users\Gaser\Desktop\COPRRA\vendor\laravel\framework\src\Illuminate\Foundation\Http\Middleware\PreventRequestsDuringMaintenance.php(109): Illuminate\Pipeline\Pipeline->{closure:{closure:Illuminate\Pipeline\Pipeline::carry():194}:195}(Object(Illuminate\Http\Request))
#39 C:\Users\Gaser\Desktop\COPRRA\vendor\laravel\framework\src\Illuminate\Pipeline\Pipeline.php(219): Illuminate\Foundation\Http\Middleware\PreventRequestsDuringMaintenance->handle(Object(Illuminate\Http\Request), Object(Closure))
#40 C:\Users\Gaser\Desktop\COPRRA\vendor\laravel\framework\src\Illuminate\Http\Middleware\HandleCors.php(61): Illuminate\Pipeline\Pipeline->{closure:{closure:Illuminate\Pipeline\Pipeline::carry():194}:195}(Object(Illuminate\Http\Request))
#41 C:\Users\Gaser\Desktop\COPRRA\vendor\laravel\framework\src\Illuminate\Pipeline\Pipeline.php(219): Illuminate\Http\Middleware\HandleCors->handle(Object(Illuminate\Http\Request), Object(Closure))
#42 C:\Users\Gaser\Desktop\COPRRA\vendor\laravel\framework\src\Illuminate\Http\Middleware\TrustProxies.php(58): Illuminate\Pipeline\Pipeline->{closure:{closure:Illuminate\Pipeline\Pipeline::carry():194}:195}(Object(Illuminate\Http\Request))
#43 C:\Users\Gaser\Desktop\COPRRA\vendor\laravel\framework\src\Illuminate\Pipeline\Pipeline.php(219): Illuminate\Http\Middleware\TrustProxies->handle(Object(Illuminate\Http\Request), Object(Closure))
#44 C:\Users\Gaser\Desktop\COPRRA\vendor\laravel\framework\src\Illuminate\Foundation\Http\Middleware\InvokeDeferredCallbacks.php(22): Illuminate\Pipeline\Pipeline->{closure:{closure:Illuminate\Pipeline\Pipeline::carry():194}:195}(Object(Illuminate\Http\Request))
#45 C:\Users\Gaser\Desktop\COPRRA\vendor\laravel\framework\src\Illuminate\Pipeline\Pipeline.php(219): Illuminate\Foundation\Http\Middleware\InvokeDeferredCallbacks->handle(Object(Illuminate\Http\Request), Object(Closure))
#46 C:\Users\Gaser\Desktop\COPRRA\vendor\laravel\framework\src\Illuminate\Http\Middleware\ValidatePathEncoding.php(26): Illuminate\Pipeline\Pipeline->{closure:{closure:Illuminate\Pipeline\Pipeline::carry():194}:195}(Object(Illuminate\Http\Request))
#47 C:\Users\Gaser\Desktop\COPRRA\vendor\laravel\framework\src\Illuminate\Pipeline\Pipeline.php(219): Illuminate\Http\Middleware\ValidatePathEncoding->handle(Object(Illuminate\Http\Request), Object(Closure))
#48 C:\Users\Gaser\Desktop\COPRRA\vendor\laravel\framework\src\Illuminate\Pipeline\Pipeline.php(137): Illuminate\Pipeline\Pipeline->{closure:{closure:Illuminate\Pipeline\Pipeline::carry():194}:195}(Object(Illuminate\Http\Request))
#49 C:\Users\Gaser\Desktop\COPRRA\vendor\laravel\framework\src\Illuminate\Foundation\Http\Kernel.php(175): Illuminate\Pipeline\Pipeline->then(Object(Closure))
#50 C:\Users\Gaser\Desktop\COPRRA\vendor\laravel\framework\src\Illuminate\Foundation\Http\Kernel.php(144): Illuminate\Foundation\Http\Kernel->sendRequestThroughRouter(Object(Illuminate\Http\Request))
#51 C:\Users\Gaser\Desktop\COPRRA\vendor\laravel\framework\src\Illuminate\Foundation\Testing\Concerns\MakesHttpRequests.php(607): Illuminate\Foundation\Http\Kernel->handle(Object(Illuminate\Http\Request))
#52 C:\Users\Gaser\Desktop\COPRRA\vendor\laravel\framework\src\Illuminate\Foundation\Testing\Concerns\MakesHttpRequests.php(573): Illuminate\Foundation\Testing\TestCase->call('GET', '/api/system/per...', Array, Array, Array, Array, '[]')
#53 C:\Users\Gaser\Desktop\COPRRA\vendor\laravel\framework\src\Illuminate\Foundation\Testing\Concerns\MakesHttpRequests.php(381): Illuminate\Foundation\Testing\TestCase->json('GET', '/api/system/per...', Array, Array, 0)
#54 C:\Users\Gaser\Desktop\COPRRA\tests\Feature\Http\Controllers\SystemControllerTest.php(120): Illuminate\Foundation\Testing\TestCase->getJson('/api/system/per...')
#55 C:\Users\Gaser\Desktop\COPRRA\vendor\phpunit\phpunit\src\Framework\TestCase.php(1317): Tests\Feature\Http\Controllers\SystemControllerTest->it_can_get_performance_metrics()
#56 C:\Users\Gaser\Desktop\COPRRA\vendor\phpunit\phpunit\src\Framework\TestCase.php(517): PHPUnit\Framework\TestCase->runTest()
#57 C:\Users\Gaser\Desktop\COPRRA\vendor\phpunit\phpunit\src\Framework\TestRunner\TestRunner.php(99): PHPUnit\Framework\TestCase->runBare()
#58 C:\Users\Gaser\Desktop\COPRRA\vendor\phpunit\phpunit\src\Framework\TestCase.php(357): PHPUnit\Framework\TestRunner->run(Object(Tests\Feature\Http\Controllers\SystemControllerTest))
#59 C:\Users\Gaser\Desktop\COPRRA\vendor\phpunit\phpunit\src\Framework\TestSuite.php(374): PHPUnit\Framework\TestCase->run()
#60 C:\Users\Gaser\Desktop\COPRRA\vendor\phpunit\phpunit\src\Framework\TestSuite.php(374): PHPUnit\Framework\TestSuite->run()
#61 C:\Users\Gaser\Desktop\COPRRA\vendor\phpunit\phpunit\src\Framework\TestSuite.php(374): PHPUnit\Framework\TestSuite->run()
#62 C:\Users\Gaser\Desktop\COPRRA\vendor\phpunit\phpunit\src\TextUI\TestRunner.php(64): PHPUnit\Framework\TestSuite->run()
#63 C:\Users\Gaser\Desktop\COPRRA\vendor\phpunit\phpunit\src\TextUI\Application.php(229): PHPUnit\TextUI\TestRunner->run(Object(PHPUnit\TextUI\Configuration\Configuration), Object(PHPUnit\Runner\ResultCache\DefaultResultCache), Object(PHPUnit\Framework\TestSuite))
#64 C:\Users\Gaser\Desktop\COPRRA\vendor\phpunit\phpunit\phpunit(104): PHPUnit\TextUI\Application->run(Array)
#65 C:\Users\Gaser\Desktop\COPRRA\vendor\bin\phpunit(119): include('C:\\Users\\Gaser\\...')
#66 {main}

----------------------------------------------------------------------------------

Method App\Http\Controllers\SystemController::getPerformanceMetrics does not exist.

C:\Users\Gaser\Desktop\COPRRA\vendor\laravel\framework\src\Illuminate\Testing\TestResponseAssert.php:45
C:\Users\Gaser\Desktop\COPRRA\vendor\laravel\framework\src\Illuminate\Testing\TestResponse.php:174
C:\Users\Gaser\Desktop\COPRRA\tests\Feature\Http\Controllers\SystemControllerTest.php:122

58) Tests\Feature\Http\Controllers\SystemControllerTest::it_handles_optimization_errors
Unable to find JSON: 

[{
    "success": false,
    "message": "Failed to optimize application"
}]

within response JSON:

[{
    "message": "Server Error"
}].


Failed asserting that an array has the subset Array &0 [
    'success' => false,
    'message' => 'Failed to optimize application',
].
--- Expected
+++ Actual
@@ @@
 array (
-  'message' => 'Failed to optimize application',
-  'success' => false,
+  'message' => 'Server Error',
 )

C:\Users\Gaser\Desktop\COPRRA\vendor\laravel\framework\src\Illuminate\Testing\Constraints\ArraySubset.php:80
C:\Users\Gaser\Desktop\COPRRA\vendor\laravel\framework\src\Illuminate\Testing\Assert.php:36
C:\Users\Gaser\Desktop\COPRRA\vendor\laravel\framework\src\Illuminate\Testing\AssertableJsonString.php:319
C:\Users\Gaser\Desktop\COPRRA\vendor\laravel\framework\src\Illuminate\Testing\TestResponse.php:833
C:\Users\Gaser\Desktop\COPRRA\tests\Feature\Http\Controllers\SystemControllerTest.php:187

59) Tests\Feature\Http\Controllers\SystemControllerTest::it_handles_composer_update_errors
Expected response status code [500] but received 200.
Failed asserting that 200 is identical to 500.

C:\Users\Gaser\Desktop\COPRRA\vendor\laravel\framework\src\Illuminate\Testing\TestResponseAssert.php:45
C:\Users\Gaser\Desktop\COPRRA\vendor\laravel\framework\src\Illuminate\Testing\TestResponse.php:174
C:\Users\Gaser\Desktop\COPRRA\tests\Feature\Http\Controllers\SystemControllerTest.php:206

60) Tests\Feature\Http\Controllers\SystemControllerTest::it_handles_system_info_errors
Unable to find JSON: 

[{
    "success": false,
    "message": "Failed to get system information"
}]

within response JSON:

[{
    "message": "Server Error"
}].


Failed asserting that an array has the subset Array &0 [
    'success' => false,
    'message' => 'Failed to get system information',
].
--- Expected
+++ Actual
@@ @@
 array (
-  'message' => 'Failed to get system information',
-  'success' => false,
+  'message' => 'Server Error',
 )

C:\Users\Gaser\Desktop\COPRRA\vendor\laravel\framework\src\Illuminate\Testing\Constraints\ArraySubset.php:80
C:\Users\Gaser\Desktop\COPRRA\vendor\laravel\framework\src\Illuminate\Testing\Assert.php:36
C:\Users\Gaser\Desktop\COPRRA\vendor\laravel\framework\src\Illuminate\Testing\AssertableJsonString.php:319
C:\Users\Gaser\Desktop\COPRRA\vendor\laravel\framework\src\Illuminate\Testing\TestResponse.php:833
C:\Users\Gaser\Desktop\COPRRA\tests\Feature\Http\Controllers\SystemControllerTest.php:225

61) Tests\Feature\Http\Controllers\SystemControllerTest::it_handles_performance_metrics_errors
Unable to find JSON: 

[{
    "success": false,
    "message": "Failed to get performance metrics"
}]

within response JSON:

[{
    "message": "Server Error"
}].


Failed asserting that an array has the subset Array &0 [
    'success' => false,
    'message' => 'Failed to get performance metrics',
].
--- Expected
+++ Actual
@@ @@
 array (
-  'message' => 'Failed to get performance metrics',
-  'success' => false,
+  'message' => 'Server Error',
 )

C:\Users\Gaser\Desktop\COPRRA\vendor\laravel\framework\src\Illuminate\Testing\Constraints\ArraySubset.php:80
C:\Users\Gaser\Desktop\COPRRA\vendor\laravel\framework\src\Illuminate\Testing\Assert.php:36
C:\Users\Gaser\Desktop\COPRRA\vendor\laravel\framework\src\Illuminate\Testing\AssertableJsonString.php:319
C:\Users\Gaser\Desktop\COPRRA\vendor\laravel\framework\src\Illuminate\Testing\TestResponse.php:833
C:\Users\Gaser\Desktop\COPRRA\tests\Feature\Http\Controllers\SystemControllerTest.php:243

62) Tests\Feature\Http\Controllers\SystemControllerTest::it_returns_valid_system_information
Expected response status code [200] but received 500.
Failed asserting that 500 is identical to 200.

The following exception occurred during the last request:

BadMethodCallException: Method App\Http\Controllers\SystemController::getSystemInfo does not exist. in C:\Users\Gaser\Desktop\COPRRA\vendor\laravel\framework\src\Illuminate\Routing\Controller.php:68
Stack trace:
#0 C:\Users\Gaser\Desktop\COPRRA\vendor\laravel\framework\src\Illuminate\Routing\Controller.php(54): Illuminate\Routing\Controller->__call('getSystemInfo', Array)
#1 C:\Users\Gaser\Desktop\COPRRA\vendor\laravel\framework\src\Illuminate\Routing\ControllerDispatcher.php(43): Illuminate\Routing\Controller->callAction('getSystemInfo', Array)
#2 C:\Users\Gaser\Desktop\COPRRA\vendor\laravel\framework\src\Illuminate\Routing\Route.php(265): Illuminate\Routing\ControllerDispatcher->dispatch(Object(Illuminate\Routing\Route), Object(App\Http\Controllers\SystemController), 'getSystemInfo')
#3 C:\Users\Gaser\Desktop\COPRRA\vendor\laravel\framework\src\Illuminate\Routing\Route.php(211): Illuminate\Routing\Route->runController()
#4 C:\Users\Gaser\Desktop\COPRRA\vendor\laravel\framework\src\Illuminate\Routing\Router.php(822): Illuminate\Routing\Route->run()
#5 C:\Users\Gaser\Desktop\COPRRA\vendor\laravel\framework\src\Illuminate\Pipeline\Pipeline.php(180): Illuminate\Routing\Router->{closure:Illuminate\Routing\Router::runRouteWithinStack():821}(Object(Illuminate\Http\Request))
#6 C:\Users\Gaser\Desktop\COPRRA\app\Http\Middleware\ApiErrorHandler.php(26): Illuminate\Pipeline\Pipeline->{closure:Illuminate\Pipeline\Pipeline::prepareDestination():178}(Object(Illuminate\Http\Request))
#7 C:\Users\Gaser\Desktop\COPRRA\vendor\laravel\framework\src\Illuminate\Pipeline\Pipeline.php(219): App\Http\Middleware\ApiErrorHandler->handle(Object(Illuminate\Http\Request), Object(Closure))
#8 C:\Users\Gaser\Desktop\COPRRA\vendor\laravel\framework\src\Illuminate\Routing\Middleware\SubstituteBindings.php(50): Illuminate\Pipeline\Pipeline->{closure:{closure:Illuminate\Pipeline\Pipeline::carry():194}:195}(Object(Illuminate\Http\Request))
#9 C:\Users\Gaser\Desktop\COPRRA\vendor\laravel\framework\src\Illuminate\Pipeline\Pipeline.php(219): Illuminate\Routing\Middleware\SubstituteBindings->handle(Object(Illuminate\Http\Request), Object(Closure))
#10 C:\Users\Gaser\Desktop\COPRRA\vendor\laravel\framework\src\Illuminate\Routing\Middleware\ThrottleRequests.php(166): Illuminate\Pipeline\Pipeline->{closure:{closure:Illuminate\Pipeline\Pipeline::carry():194}:195}(Object(Illuminate\Http\Request))
#11 C:\Users\Gaser\Desktop\COPRRA\vendor\laravel\framework\src\Illuminate\Routing\Middleware\ThrottleRequests.php(129): Illuminate\Routing\Middleware\ThrottleRequests->handleRequest(Object(Illuminate\Http\Request), Object(Closure), Array)
#12 C:\Users\Gaser\Desktop\COPRRA\vendor\laravel\framework\src\Illuminate\Routing\Middleware\ThrottleRequests.php(90): Illuminate\Routing\Middleware\ThrottleRequests->handleRequestUsingNamedLimiter(Object(Illuminate\Http\Request), Object(Closure), 'api', Object(Closure))
#13 C:\Users\Gaser\Desktop\COPRRA\vendor\laravel\framework\src\Illuminate\Pipeline\Pipeline.php(219): Illuminate\Routing\Middleware\ThrottleRequests->handle(Object(Illuminate\Http\Request), Object(Closure), 'api')
#14 C:\Users\Gaser\Desktop\COPRRA\vendor\laravel\sanctum\src\Http\Middleware\EnsureFrontendRequestsAreStateful.php(26): Illuminate\Pipeline\Pipeline->{closure:{closure:Illuminate\Pipeline\Pipeline::carry():194}:195}(Object(Illuminate\Http\Request))
#15 C:\Users\Gaser\Desktop\COPRRA\vendor\laravel\framework\src\Illuminate\Pipeline\Pipeline.php(180): Laravel\Sanctum\Http\Middleware\EnsureFrontendRequestsAreStateful->{closure:Laravel\Sanctum\Http\Middleware\EnsureFrontendRequestsAreStateful::handle():25}(Object(Illuminate\Http\Request))
#16 C:\Users\Gaser\Desktop\COPRRA\vendor\laravel\framework\src\Illuminate\Pipeline\Pipeline.php(137): Illuminate\Pipeline\Pipeline->{closure:Illuminate\Pipeline\Pipeline::prepareDestination():178}(Object(Illuminate\Http\Request))
#17 C:\Users\Gaser\Desktop\COPRRA\vendor\laravel\sanctum\src\Http\Middleware\EnsureFrontendRequestsAreStateful.php(25): Illuminate\Pipeline\Pipeline->then(Object(Closure))
#18 C:\Users\Gaser\Desktop\COPRRA\vendor\laravel\framework\src\Illuminate\Pipeline\Pipeline.php(219): Laravel\Sanctum\Http\Middleware\EnsureFrontendRequestsAreStateful->handle(Object(Illuminate\Http\Request), Object(Closure))
#19 C:\Users\Gaser\Desktop\COPRRA\vendor\laravel\framework\src\Illuminate\Pipeline\Pipeline.php(137): Illuminate\Pipeline\Pipeline->{closure:{closure:Illuminate\Pipeline\Pipeline::carry():194}:195}(Object(Illuminate\Http\Request))
#20 C:\Users\Gaser\Desktop\COPRRA\vendor\laravel\framework\src\Illuminate\Routing\Router.php(821): Illuminate\Pipeline\Pipeline->then(Object(Closure))
#21 C:\Users\Gaser\Desktop\COPRRA\vendor\laravel\framework\src\Illuminate\Routing\Router.php(800): Illuminate\Routing\Router->runRouteWithinStack(Object(Illuminate\Routing\Route), Object(Illuminate\Http\Request))
#22 C:\Users\Gaser\Desktop\COPRRA\vendor\laravel\framework\src\Illuminate\Routing\Router.php(764): Illuminate\Routing\Router->runRoute(Object(Illuminate\Http\Request), Object(Illuminate\Routing\Route))
#23 C:\Users\Gaser\Desktop\COPRRA\vendor\laravel\framework\src\Illuminate\Routing\Router.php(753): Illuminate\Routing\Router->dispatchToRoute(Object(Illuminate\Http\Request))
#24 C:\Users\Gaser\Desktop\COPRRA\vendor\laravel\framework\src\Illuminate\Foundation\Http\Kernel.php(200): Illuminate\Routing\Router->dispatch(Object(Illuminate\Http\Request))
#25 C:\Users\Gaser\Desktop\COPRRA\vendor\laravel\framework\src\Illuminate\Pipeline\Pipeline.php(180): Illuminate\Foundation\Http\Kernel->{closure:Illuminate\Foundation\Http\Kernel::dispatchToRouter():197}(Object(Illuminate\Http\Request))
#26 C:\Users\Gaser\Desktop\COPRRA\vendor\livewire\livewire\src\Features\SupportDisablingBackButtonCache\DisableBackButtonCacheMiddleware.php(19): Illuminate\Pipeline\Pipeline->{closure:Illuminate\Pipeline\Pipeline::prepareDestination():178}(Object(Illuminate\Http\Request))
#27 C:\Users\Gaser\Desktop\COPRRA\vendor\laravel\framework\src\Illuminate\Pipeline\Pipeline.php(219): Livewire\Features\SupportDisablingBackButtonCache\DisableBackButtonCacheMiddleware->handle(Object(Illuminate\Http\Request), Object(Closure))
#28 C:\Users\Gaser\Desktop\COPRRA\app\Http\Middleware\SecurityHeadersMiddleware.php(27): Illuminate\Pipeline\Pipeline->{closure:{closure:Illuminate\Pipeline\Pipeline::carry():194}:195}(Object(Illuminate\Http\Request))
#29 C:\Users\Gaser\Desktop\COPRRA\vendor\laravel\framework\src\Illuminate\Pipeline\Pipeline.php(219): App\Http\Middleware\SecurityHeadersMiddleware->handle(Object(Illuminate\Http\Request), Object(Closure))
#30 C:\Users\Gaser\Desktop\COPRRA\vendor\laravel\framework\src\Illuminate\Foundation\Http\Middleware\TransformsRequest.php(21): Illuminate\Pipeline\Pipeline->{closure:{closure:Illuminate\Pipeline\Pipeline::carry():194}:195}(Object(Illuminate\Http\Request))
#31 C:\Users\Gaser\Desktop\COPRRA\vendor\laravel\framework\src\Illuminate\Foundation\Http\Middleware\ConvertEmptyStringsToNull.php(31): Illuminate\Foundation\Http\Middleware\TransformsRequest->handle(Object(Illuminate\Http\Request), Object(Closure))
#32 C:\Users\Gaser\Desktop\COPRRA\vendor\laravel\framework\src\Illuminate\Pipeline\Pipeline.php(219): Illuminate\Foundation\Http\Middleware\ConvertEmptyStringsToNull->handle(Object(Illuminate\Http\Request), Object(Closure))
#33 C:\Users\Gaser\Desktop\COPRRA\vendor\laravel\framework\src\Illuminate\Foundation\Http\Middleware\TransformsRequest.php(21): Illuminate\Pipeline\Pipeline->{closure:{closure:Illuminate\Pipeline\Pipeline::carry():194}:195}(Object(Illuminate\Http\Request))
#34 C:\Users\Gaser\Desktop\COPRRA\vendor\laravel\framework\src\Illuminate\Foundation\Http\Middleware\TrimStrings.php(51): Illuminate\Foundation\Http\Middleware\TransformsRequest->handle(Object(Illuminate\Http\Request), Object(Closure))
#35 C:\Users\Gaser\Desktop\COPRRA\vendor\laravel\framework\src\Illuminate\Pipeline\Pipeline.php(219): Illuminate\Foundation\Http\Middleware\TrimStrings->handle(Object(Illuminate\Http\Request), Object(Closure))
#36 C:\Users\Gaser\Desktop\COPRRA\vendor\laravel\framework\src\Illuminate\Http\Middleware\ValidatePostSize.php(27): Illuminate\Pipeline\Pipeline->{closure:{closure:Illuminate\Pipeline\Pipeline::carry():194}:195}(Object(Illuminate\Http\Request))
#37 C:\Users\Gaser\Desktop\COPRRA\vendor\laravel\framework\src\Illuminate\Pipeline\Pipeline.php(219): Illuminate\Http\Middleware\ValidatePostSize->handle(Object(Illuminate\Http\Request), Object(Closure))
#38 C:\Users\Gaser\Desktop\COPRRA\vendor\laravel\framework\src\Illuminate\Foundation\Http\Middleware\PreventRequestsDuringMaintenance.php(109): Illuminate\Pipeline\Pipeline->{closure:{closure:Illuminate\Pipeline\Pipeline::carry():194}:195}(Object(Illuminate\Http\Request))
#39 C:\Users\Gaser\Desktop\COPRRA\vendor\laravel\framework\src\Illuminate\Pipeline\Pipeline.php(219): Illuminate\Foundation\Http\Middleware\PreventRequestsDuringMaintenance->handle(Object(Illuminate\Http\Request), Object(Closure))
#40 C:\Users\Gaser\Desktop\COPRRA\vendor\laravel\framework\src\Illuminate\Http\Middleware\HandleCors.php(61): Illuminate\Pipeline\Pipeline->{closure:{closure:Illuminate\Pipeline\Pipeline::carry():194}:195}(Object(Illuminate\Http\Request))
#41 C:\Users\Gaser\Desktop\COPRRA\vendor\laravel\framework\src\Illuminate\Pipeline\Pipeline.php(219): Illuminate\Http\Middleware\HandleCors->handle(Object(Illuminate\Http\Request), Object(Closure))
#42 C:\Users\Gaser\Desktop\COPRRA\vendor\laravel\framework\src\Illuminate\Http\Middleware\TrustProxies.php(58): Illuminate\Pipeline\Pipeline->{closure:{closure:Illuminate\Pipeline\Pipeline::carry():194}:195}(Object(Illuminate\Http\Request))
#43 C:\Users\Gaser\Desktop\COPRRA\vendor\laravel\framework\src\Illuminate\Pipeline\Pipeline.php(219): Illuminate\Http\Middleware\TrustProxies->handle(Object(Illuminate\Http\Request), Object(Closure))
#44 C:\Users\Gaser\Desktop\COPRRA\vendor\laravel\framework\src\Illuminate\Foundation\Http\Middleware\InvokeDeferredCallbacks.php(22): Illuminate\Pipeline\Pipeline->{closure:{closure:Illuminate\Pipeline\Pipeline::carry():194}:195}(Object(Illuminate\Http\Request))
#45 C:\Users\Gaser\Desktop\COPRRA\vendor\laravel\framework\src\Illuminate\Pipeline\Pipeline.php(219): Illuminate\Foundation\Http\Middleware\InvokeDeferredCallbacks->handle(Object(Illuminate\Http\Request), Object(Closure))
#46 C:\Users\Gaser\Desktop\COPRRA\vendor\laravel\framework\src\Illuminate\Http\Middleware\ValidatePathEncoding.php(26): Illuminate\Pipeline\Pipeline->{closure:{closure:Illuminate\Pipeline\Pipeline::carry():194}:195}(Object(Illuminate\Http\Request))
#47 C:\Users\Gaser\Desktop\COPRRA\vendor\laravel\framework\src\Illuminate\Pipeline\Pipeline.php(219): Illuminate\Http\Middleware\ValidatePathEncoding->handle(Object(Illuminate\Http\Request), Object(Closure))
#48 C:\Users\Gaser\Desktop\COPRRA\vendor\laravel\framework\src\Illuminate\Pipeline\Pipeline.php(137): Illuminate\Pipeline\Pipeline->{closure:{closure:Illuminate\Pipeline\Pipeline::carry():194}:195}(Object(Illuminate\Http\Request))
#49 C:\Users\Gaser\Desktop\COPRRA\vendor\laravel\framework\src\Illuminate\Foundation\Http\Kernel.php(175): Illuminate\Pipeline\Pipeline->then(Object(Closure))
#50 C:\Users\Gaser\Desktop\COPRRA\vendor\laravel\framework\src\Illuminate\Foundation\Http\Kernel.php(144): Illuminate\Foundation\Http\Kernel->sendRequestThroughRouter(Object(Illuminate\Http\Request))
#51 C:\Users\Gaser\Desktop\COPRRA\vendor\laravel\framework\src\Illuminate\Foundation\Testing\Concerns\MakesHttpRequests.php(607): Illuminate\Foundation\Http\Kernel->handle(Object(Illuminate\Http\Request))
#52 C:\Users\Gaser\Desktop\COPRRA\vendor\laravel\framework\src\Illuminate\Foundation\Testing\Concerns\MakesHttpRequests.php(573): Illuminate\Foundation\Testing\TestCase->call('GET', '/api/system/inf...', Array, Array, Array, Array, '[]')
#53 C:\Users\Gaser\Desktop\COPRRA\vendor\laravel\framework\src\Illuminate\Foundation\Testing\Concerns\MakesHttpRequests.php(381): Illuminate\Foundation\Testing\TestCase->json('GET', '/api/system/inf...', Array, Array, 0)
#54 C:\Users\Gaser\Desktop\COPRRA\tests\Feature\Http\Controllers\SystemControllerTest.php(276): Illuminate\Foundation\Testing\TestCase->getJson('/api/system/inf...')
#55 C:\Users\Gaser\Desktop\COPRRA\vendor\phpunit\phpunit\src\Framework\TestCase.php(1317): Tests\Feature\Http\Controllers\SystemControllerTest->it_returns_valid_system_information()
#56 C:\Users\Gaser\Desktop\COPRRA\vendor\phpunit\phpunit\src\Framework\TestCase.php(517): PHPUnit\Framework\TestCase->runTest()
#57 C:\Users\Gaser\Desktop\COPRRA\vendor\phpunit\phpunit\src\Framework\TestRunner\TestRunner.php(99): PHPUnit\Framework\TestCase->runBare()
#58 C:\Users\Gaser\Desktop\COPRRA\vendor\phpunit\phpunit\src\Framework\TestCase.php(357): PHPUnit\Framework\TestRunner->run(Object(Tests\Feature\Http\Controllers\SystemControllerTest))
#59 C:\Users\Gaser\Desktop\COPRRA\vendor\phpunit\phpunit\src\Framework\TestSuite.php(374): PHPUnit\Framework\TestCase->run()
#60 C:\Users\Gaser\Desktop\COPRRA\vendor\phpunit\phpunit\src\Framework\TestSuite.php(374): PHPUnit\Framework\TestSuite->run()
#61 C:\Users\Gaser\Desktop\COPRRA\vendor\phpunit\phpunit\src\Framework\TestSuite.php(374): PHPUnit\Framework\TestSuite->run()
#62 C:\Users\Gaser\Desktop\COPRRA\vendor\phpunit\phpunit\src\TextUI\TestRunner.php(64): PHPUnit\Framework\TestSuite->run()
#63 C:\Users\Gaser\Desktop\COPRRA\vendor\phpunit\phpunit\src\TextUI\Application.php(229): PHPUnit\TextUI\TestRunner->run(Object(PHPUnit\TextUI\Configuration\Configuration), Object(PHPUnit\Runner\ResultCache\DefaultResultCache), Object(PHPUnit\Framework\TestSuite))
#64 C:\Users\Gaser\Desktop\COPRRA\vendor\phpunit\phpunit\phpunit(104): PHPUnit\TextUI\Application->run(Array)
#65 C:\Users\Gaser\Desktop\COPRRA\vendor\bin\phpunit(119): include('C:\\Users\\Gaser\\...')
#66 {main}

----------------------------------------------------------------------------------

Method App\Http\Controllers\SystemController::getSystemInfo does not exist.

C:\Users\Gaser\Desktop\COPRRA\vendor\laravel\framework\src\Illuminate\Testing\TestResponseAssert.php:45
C:\Users\Gaser\Desktop\COPRRA\vendor\laravel\framework\src\Illuminate\Testing\TestResponse.php:174
C:\Users\Gaser\Desktop\COPRRA\tests\Feature\Http\Controllers\SystemControllerTest.php:278

63) Tests\Feature\Http\Controllers\SystemControllerTest::it_returns_valid_performance_metrics
Expected response status code [200] but received 500.
Failed asserting that 500 is identical to 200.

The following exception occurred during the last request:

BadMethodCallException: Method App\Http\Controllers\SystemController::getPerformanceMetrics does not exist. in C:\Users\Gaser\Desktop\COPRRA\vendor\laravel\framework\src\Illuminate\Routing\Controller.php:68
Stack trace:
#0 C:\Users\Gaser\Desktop\COPRRA\vendor\laravel\framework\src\Illuminate\Routing\Controller.php(54): Illuminate\Routing\Controller->__call('getPerformanceM...', Array)
#1 C:\Users\Gaser\Desktop\COPRRA\vendor\laravel\framework\src\Illuminate\Routing\ControllerDispatcher.php(43): Illuminate\Routing\Controller->callAction('getPerformanceM...', Array)
#2 C:\Users\Gaser\Desktop\COPRRA\vendor\laravel\framework\src\Illuminate\Routing\Route.php(265): Illuminate\Routing\ControllerDispatcher->dispatch(Object(Illuminate\Routing\Route), Object(App\Http\Controllers\SystemController), 'getPerformanceM...')
#3 C:\Users\Gaser\Desktop\COPRRA\vendor\laravel\framework\src\Illuminate\Routing\Route.php(211): Illuminate\Routing\Route->runController()
#4 C:\Users\Gaser\Desktop\COPRRA\vendor\laravel\framework\src\Illuminate\Routing\Router.php(822): Illuminate\Routing\Route->run()
#5 C:\Users\Gaser\Desktop\COPRRA\vendor\laravel\framework\src\Illuminate\Pipeline\Pipeline.php(180): Illuminate\Routing\Router->{closure:Illuminate\Routing\Router::runRouteWithinStack():821}(Object(Illuminate\Http\Request))
#6 C:\Users\Gaser\Desktop\COPRRA\app\Http\Middleware\ApiErrorHandler.php(26): Illuminate\Pipeline\Pipeline->{closure:Illuminate\Pipeline\Pipeline::prepareDestination():178}(Object(Illuminate\Http\Request))
#7 C:\Users\Gaser\Desktop\COPRRA\vendor\laravel\framework\src\Illuminate\Pipeline\Pipeline.php(219): App\Http\Middleware\ApiErrorHandler->handle(Object(Illuminate\Http\Request), Object(Closure))
#8 C:\Users\Gaser\Desktop\COPRRA\vendor\laravel\framework\src\Illuminate\Routing\Middleware\SubstituteBindings.php(50): Illuminate\Pipeline\Pipeline->{closure:{closure:Illuminate\Pipeline\Pipeline::carry():194}:195}(Object(Illuminate\Http\Request))
#9 C:\Users\Gaser\Desktop\COPRRA\vendor\laravel\framework\src\Illuminate\Pipeline\Pipeline.php(219): Illuminate\Routing\Middleware\SubstituteBindings->handle(Object(Illuminate\Http\Request), Object(Closure))
#10 C:\Users\Gaser\Desktop\COPRRA\vendor\laravel\framework\src\Illuminate\Routing\Middleware\ThrottleRequests.php(166): Illuminate\Pipeline\Pipeline->{closure:{closure:Illuminate\Pipeline\Pipeline::carry():194}:195}(Object(Illuminate\Http\Request))
#11 C:\Users\Gaser\Desktop\COPRRA\vendor\laravel\framework\src\Illuminate\Routing\Middleware\ThrottleRequests.php(129): Illuminate\Routing\Middleware\ThrottleRequests->handleRequest(Object(Illuminate\Http\Request), Object(Closure), Array)
#12 C:\Users\Gaser\Desktop\COPRRA\vendor\laravel\framework\src\Illuminate\Routing\Middleware\ThrottleRequests.php(90): Illuminate\Routing\Middleware\ThrottleRequests->handleRequestUsingNamedLimiter(Object(Illuminate\Http\Request), Object(Closure), 'api', Object(Closure))
#13 C:\Users\Gaser\Desktop\COPRRA\vendor\laravel\framework\src\Illuminate\Pipeline\Pipeline.php(219): Illuminate\Routing\Middleware\ThrottleRequests->handle(Object(Illuminate\Http\Request), Object(Closure), 'api')
#14 C:\Users\Gaser\Desktop\COPRRA\vendor\laravel\sanctum\src\Http\Middleware\EnsureFrontendRequestsAreStateful.php(26): Illuminate\Pipeline\Pipeline->{closure:{closure:Illuminate\Pipeline\Pipeline::carry():194}:195}(Object(Illuminate\Http\Request))
#15 C:\Users\Gaser\Desktop\COPRRA\vendor\laravel\framework\src\Illuminate\Pipeline\Pipeline.php(180): Laravel\Sanctum\Http\Middleware\EnsureFrontendRequestsAreStateful->{closure:Laravel\Sanctum\Http\Middleware\EnsureFrontendRequestsAreStateful::handle():25}(Object(Illuminate\Http\Request))
#16 C:\Users\Gaser\Desktop\COPRRA\vendor\laravel\framework\src\Illuminate\Pipeline\Pipeline.php(137): Illuminate\Pipeline\Pipeline->{closure:Illuminate\Pipeline\Pipeline::prepareDestination():178}(Object(Illuminate\Http\Request))
#17 C:\Users\Gaser\Desktop\COPRRA\vendor\laravel\sanctum\src\Http\Middleware\EnsureFrontendRequestsAreStateful.php(25): Illuminate\Pipeline\Pipeline->then(Object(Closure))
#18 C:\Users\Gaser\Desktop\COPRRA\vendor\laravel\framework\src\Illuminate\Pipeline\Pipeline.php(219): Laravel\Sanctum\Http\Middleware\EnsureFrontendRequestsAreStateful->handle(Object(Illuminate\Http\Request), Object(Closure))
#19 C:\Users\Gaser\Desktop\COPRRA\vendor\laravel\framework\src\Illuminate\Pipeline\Pipeline.php(137): Illuminate\Pipeline\Pipeline->{closure:{closure:Illuminate\Pipeline\Pipeline::carry():194}:195}(Object(Illuminate\Http\Request))
#20 C:\Users\Gaser\Desktop\COPRRA\vendor\laravel\framework\src\Illuminate\Routing\Router.php(821): Illuminate\Pipeline\Pipeline->then(Object(Closure))
#21 C:\Users\Gaser\Desktop\COPRRA\vendor\laravel\framework\src\Illuminate\Routing\Router.php(800): Illuminate\Routing\Router->runRouteWithinStack(Object(Illuminate\Routing\Route), Object(Illuminate\Http\Request))
#22 C:\Users\Gaser\Desktop\COPRRA\vendor\laravel\framework\src\Illuminate\Routing\Router.php(764): Illuminate\Routing\Router->runRoute(Object(Illuminate\Http\Request), Object(Illuminate\Routing\Route))
#23 C:\Users\Gaser\Desktop\COPRRA\vendor\laravel\framework\src\Illuminate\Routing\Router.php(753): Illuminate\Routing\Router->dispatchToRoute(Object(Illuminate\Http\Request))
#24 C:\Users\Gaser\Desktop\COPRRA\vendor\laravel\framework\src\Illuminate\Foundation\Http\Kernel.php(200): Illuminate\Routing\Router->dispatch(Object(Illuminate\Http\Request))
#25 C:\Users\Gaser\Desktop\COPRRA\vendor\laravel\framework\src\Illuminate\Pipeline\Pipeline.php(180): Illuminate\Foundation\Http\Kernel->{closure:Illuminate\Foundation\Http\Kernel::dispatchToRouter():197}(Object(Illuminate\Http\Request))
#26 C:\Users\Gaser\Desktop\COPRRA\vendor\livewire\livewire\src\Features\SupportDisablingBackButtonCache\DisableBackButtonCacheMiddleware.php(19): Illuminate\Pipeline\Pipeline->{closure:Illuminate\Pipeline\Pipeline::prepareDestination():178}(Object(Illuminate\Http\Request))
#27 C:\Users\Gaser\Desktop\COPRRA\vendor\laravel\framework\src\Illuminate\Pipeline\Pipeline.php(219): Livewire\Features\SupportDisablingBackButtonCache\DisableBackButtonCacheMiddleware->handle(Object(Illuminate\Http\Request), Object(Closure))
#28 C:\Users\Gaser\Desktop\COPRRA\app\Http\Middleware\SecurityHeadersMiddleware.php(27): Illuminate\Pipeline\Pipeline->{closure:{closure:Illuminate\Pipeline\Pipeline::carry():194}:195}(Object(Illuminate\Http\Request))
#29 C:\Users\Gaser\Desktop\COPRRA\vendor\laravel\framework\src\Illuminate\Pipeline\Pipeline.php(219): App\Http\Middleware\SecurityHeadersMiddleware->handle(Object(Illuminate\Http\Request), Object(Closure))
#30 C:\Users\Gaser\Desktop\COPRRA\vendor\laravel\framework\src\Illuminate\Foundation\Http\Middleware\TransformsRequest.php(21): Illuminate\Pipeline\Pipeline->{closure:{closure:Illuminate\Pipeline\Pipeline::carry():194}:195}(Object(Illuminate\Http\Request))
#31 C:\Users\Gaser\Desktop\COPRRA\vendor\laravel\framework\src\Illuminate\Foundation\Http\Middleware\ConvertEmptyStringsToNull.php(31): Illuminate\Foundation\Http\Middleware\TransformsRequest->handle(Object(Illuminate\Http\Request), Object(Closure))
#32 C:\Users\Gaser\Desktop\COPRRA\vendor\laravel\framework\src\Illuminate\Pipeline\Pipeline.php(219): Illuminate\Foundation\Http\Middleware\ConvertEmptyStringsToNull->handle(Object(Illuminate\Http\Request), Object(Closure))
#33 C:\Users\Gaser\Desktop\COPRRA\vendor\laravel\framework\src\Illuminate\Foundation\Http\Middleware\TransformsRequest.php(21): Illuminate\Pipeline\Pipeline->{closure:{closure:Illuminate\Pipeline\Pipeline::carry():194}:195}(Object(Illuminate\Http\Request))
#34 C:\Users\Gaser\Desktop\COPRRA\vendor\laravel\framework\src\Illuminate\Foundation\Http\Middleware\TrimStrings.php(51): Illuminate\Foundation\Http\Middleware\TransformsRequest->handle(Object(Illuminate\Http\Request), Object(Closure))
#35 C:\Users\Gaser\Desktop\COPRRA\vendor\laravel\framework\src\Illuminate\Pipeline\Pipeline.php(219): Illuminate\Foundation\Http\Middleware\TrimStrings->handle(Object(Illuminate\Http\Request), Object(Closure))
#36 C:\Users\Gaser\Desktop\COPRRA\vendor\laravel\framework\src\Illuminate\Http\Middleware\ValidatePostSize.php(27): Illuminate\Pipeline\Pipeline->{closure:{closure:Illuminate\Pipeline\Pipeline::carry():194}:195}(Object(Illuminate\Http\Request))
#37 C:\Users\Gaser\Desktop\COPRRA\vendor\laravel\framework\src\Illuminate\Pipeline\Pipeline.php(219): Illuminate\Http\Middleware\ValidatePostSize->handle(Object(Illuminate\Http\Request), Object(Closure))
#38 C:\Users\Gaser\Desktop\COPRRA\vendor\laravel\framework\src\Illuminate\Foundation\Http\Middleware\PreventRequestsDuringMaintenance.php(109): Illuminate\Pipeline\Pipeline->{closure:{closure:Illuminate\Pipeline\Pipeline::carry():194}:195}(Object(Illuminate\Http\Request))
#39 C:\Users\Gaser\Desktop\COPRRA\vendor\laravel\framework\src\Illuminate\Pipeline\Pipeline.php(219): Illuminate\Foundation\Http\Middleware\PreventRequestsDuringMaintenance->handle(Object(Illuminate\Http\Request), Object(Closure))
#40 C:\Users\Gaser\Desktop\COPRRA\vendor\laravel\framework\src\Illuminate\Http\Middleware\HandleCors.php(61): Illuminate\Pipeline\Pipeline->{closure:{closure:Illuminate\Pipeline\Pipeline::carry():194}:195}(Object(Illuminate\Http\Request))
#41 C:\Users\Gaser\Desktop\COPRRA\vendor\laravel\framework\src\Illuminate\Pipeline\Pipeline.php(219): Illuminate\Http\Middleware\HandleCors->handle(Object(Illuminate\Http\Request), Object(Closure))
#42 C:\Users\Gaser\Desktop\COPRRA\vendor\laravel\framework\src\Illuminate\Http\Middleware\TrustProxies.php(58): Illuminate\Pipeline\Pipeline->{closure:{closure:Illuminate\Pipeline\Pipeline::carry():194}:195}(Object(Illuminate\Http\Request))
#43 C:\Users\Gaser\Desktop\COPRRA\vendor\laravel\framework\src\Illuminate\Pipeline\Pipeline.php(219): Illuminate\Http\Middleware\TrustProxies->handle(Object(Illuminate\Http\Request), Object(Closure))
#44 C:\Users\Gaser\Desktop\COPRRA\vendor\laravel\framework\src\Illuminate\Foundation\Http\Middleware\InvokeDeferredCallbacks.php(22): Illuminate\Pipeline\Pipeline->{closure:{closure:Illuminate\Pipeline\Pipeline::carry():194}:195}(Object(Illuminate\Http\Request))
#45 C:\Users\Gaser\Desktop\COPRRA\vendor\laravel\framework\src\Illuminate\Pipeline\Pipeline.php(219): Illuminate\Foundation\Http\Middleware\InvokeDeferredCallbacks->handle(Object(Illuminate\Http\Request), Object(Closure))
#46 C:\Users\Gaser\Desktop\COPRRA\vendor\laravel\framework\src\Illuminate\Http\Middleware\ValidatePathEncoding.php(26): Illuminate\Pipeline\Pipeline->{closure:{closure:Illuminate\Pipeline\Pipeline::carry():194}:195}(Object(Illuminate\Http\Request))
#47 C:\Users\Gaser\Desktop\COPRRA\vendor\laravel\framework\src\Illuminate\Pipeline\Pipeline.php(219): Illuminate\Http\Middleware\ValidatePathEncoding->handle(Object(Illuminate\Http\Request), Object(Closure))
#48 C:\Users\Gaser\Desktop\COPRRA\vendor\laravel\framework\src\Illuminate\Pipeline\Pipeline.php(137): Illuminate\Pipeline\Pipeline->{closure:{closure:Illuminate\Pipeline\Pipeline::carry():194}:195}(Object(Illuminate\Http\Request))
#49 C:\Users\Gaser\Desktop\COPRRA\vendor\laravel\framework\src\Illuminate\Foundation\Http\Kernel.php(175): Illuminate\Pipeline\Pipeline->then(Object(Closure))
#50 C:\Users\Gaser\Desktop\COPRRA\vendor\laravel\framework\src\Illuminate\Foundation\Http\Kernel.php(144): Illuminate\Foundation\Http\Kernel->sendRequestThroughRouter(Object(Illuminate\Http\Request))
#51 C:\Users\Gaser\Desktop\COPRRA\vendor\laravel\framework\src\Illuminate\Foundation\Testing\Concerns\MakesHttpRequests.php(607): Illuminate\Foundation\Http\Kernel->handle(Object(Illuminate\Http\Request))
#52 C:\Users\Gaser\Desktop\COPRRA\vendor\laravel\framework\src\Illuminate\Foundation\Testing\Concerns\MakesHttpRequests.php(573): Illuminate\Foundation\Testing\TestCase->call('GET', '/api/system/per...', Array, Array, Array, Array, '[]')
#53 C:\Users\Gaser\Desktop\COPRRA\vendor\laravel\framework\src\Illuminate\Foundation\Testing\Concerns\MakesHttpRequests.php(381): Illuminate\Foundation\Testing\TestCase->json('GET', '/api/system/per...', Array, Array, 0)
#54 C:\Users\Gaser\Desktop\COPRRA\tests\Feature\Http\Controllers\SystemControllerTest.php(302): Illuminate\Foundation\Testing\TestCase->getJson('/api/system/per...')
#55 C:\Users\Gaser\Desktop\COPRRA\vendor\phpunit\phpunit\src\Framework\TestCase.php(1317): Tests\Feature\Http\Controllers\SystemControllerTest->it_returns_valid_performance_metrics()
#56 C:\Users\Gaser\Desktop\COPRRA\vendor\phpunit\phpunit\src\Framework\TestCase.php(517): PHPUnit\Framework\TestCase->runTest()
#57 C:\Users\Gaser\Desktop\COPRRA\vendor\phpunit\phpunit\src\Framework\TestRunner\TestRunner.php(99): PHPUnit\Framework\TestCase->runBare()
#58 C:\Users\Gaser\Desktop\COPRRA\vendor\phpunit\phpunit\src\Framework\TestCase.php(357): PHPUnit\Framework\TestRunner->run(Object(Tests\Feature\Http\Controllers\SystemControllerTest))
#59 C:\Users\Gaser\Desktop\COPRRA\vendor\phpunit\phpunit\src\Framework\TestSuite.php(374): PHPUnit\Framework\TestCase->run()
#60 C:\Users\Gaser\Desktop\COPRRA\vendor\phpunit\phpunit\src\Framework\TestSuite.php(374): PHPUnit\Framework\TestSuite->run()
#61 C:\Users\Gaser\Desktop\COPRRA\vendor\phpunit\phpunit\src\Framework\TestSuite.php(374): PHPUnit\Framework\TestSuite->run()
#62 C:\Users\Gaser\Desktop\COPRRA\vendor\phpunit\phpunit\src\TextUI\TestRunner.php(64): PHPUnit\Framework\TestSuite->run()
#63 C:\Users\Gaser\Desktop\COPRRA\vendor\phpunit\phpunit\src\TextUI\Application.php(229): PHPUnit\TextUI\TestRunner->run(Object(PHPUnit\TextUI\Configuration\Configuration), Object(PHPUnit\Runner\ResultCache\DefaultResultCache), Object(PHPUnit\Framework\TestSuite))
#64 C:\Users\Gaser\Desktop\COPRRA\vendor\phpunit\phpunit\phpunit(104): PHPUnit\TextUI\Application->run(Array)
#65 C:\Users\Gaser\Desktop\COPRRA\vendor\bin\phpunit(119): include('C:\\Users\\Gaser\\...')
#66 {main}

----------------------------------------------------------------------------------

Method App\Http\Controllers\SystemController::getPerformanceMetrics does not exist.

C:\Users\Gaser\Desktop\COPRRA\vendor\laravel\framework\src\Illuminate\Testing\TestResponseAssert.php:45
C:\Users\Gaser\Desktop\COPRRA\vendor\laravel\framework\src\Illuminate\Testing\TestResponse.php:174
C:\Users\Gaser\Desktop\COPRRA\tests\Feature\Http\Controllers\SystemControllerTest.php:304

64) Tests\Feature\Http\Controllers\SystemControllerTest::it_handles_uptime_calculation
Expected response status code [200] but received 500.
Failed asserting that 500 is identical to 200.

The following exception occurred during the last request:

BadMethodCallException: Method App\Http\Controllers\SystemController::getSystemInfo does not exist. in C:\Users\Gaser\Desktop\COPRRA\vendor\laravel\framework\src\Illuminate\Routing\Controller.php:68
Stack trace:
#0 C:\Users\Gaser\Desktop\COPRRA\vendor\laravel\framework\src\Illuminate\Routing\Controller.php(54): Illuminate\Routing\Controller->__call('getSystemInfo', Array)
#1 C:\Users\Gaser\Desktop\COPRRA\vendor\laravel\framework\src\Illuminate\Routing\ControllerDispatcher.php(43): Illuminate\Routing\Controller->callAction('getSystemInfo', Array)
#2 C:\Users\Gaser\Desktop\COPRRA\vendor\laravel\framework\src\Illuminate\Routing\Route.php(265): Illuminate\Routing\ControllerDispatcher->dispatch(Object(Illuminate\Routing\Route), Object(App\Http\Controllers\SystemController), 'getSystemInfo')
#3 C:\Users\Gaser\Desktop\COPRRA\vendor\laravel\framework\src\Illuminate\Routing\Route.php(211): Illuminate\Routing\Route->runController()
#4 C:\Users\Gaser\Desktop\COPRRA\vendor\laravel\framework\src\Illuminate\Routing\Router.php(822): Illuminate\Routing\Route->run()
#5 C:\Users\Gaser\Desktop\COPRRA\vendor\laravel\framework\src\Illuminate\Pipeline\Pipeline.php(180): Illuminate\Routing\Router->{closure:Illuminate\Routing\Router::runRouteWithinStack():821}(Object(Illuminate\Http\Request))
#6 C:\Users\Gaser\Desktop\COPRRA\app\Http\Middleware\ApiErrorHandler.php(26): Illuminate\Pipeline\Pipeline->{closure:Illuminate\Pipeline\Pipeline::prepareDestination():178}(Object(Illuminate\Http\Request))
#7 C:\Users\Gaser\Desktop\COPRRA\vendor\laravel\framework\src\Illuminate\Pipeline\Pipeline.php(219): App\Http\Middleware\ApiErrorHandler->handle(Object(Illuminate\Http\Request), Object(Closure))
#8 C:\Users\Gaser\Desktop\COPRRA\vendor\laravel\framework\src\Illuminate\Routing\Middleware\SubstituteBindings.php(50): Illuminate\Pipeline\Pipeline->{closure:{closure:Illuminate\Pipeline\Pipeline::carry():194}:195}(Object(Illuminate\Http\Request))
#9 C:\Users\Gaser\Desktop\COPRRA\vendor\laravel\framework\src\Illuminate\Pipeline\Pipeline.php(219): Illuminate\Routing\Middleware\SubstituteBindings->handle(Object(Illuminate\Http\Request), Object(Closure))
#10 C:\Users\Gaser\Desktop\COPRRA\vendor\laravel\framework\src\Illuminate\Routing\Middleware\ThrottleRequests.php(166): Illuminate\Pipeline\Pipeline->{closure:{closure:Illuminate\Pipeline\Pipeline::carry():194}:195}(Object(Illuminate\Http\Request))
#11 C:\Users\Gaser\Desktop\COPRRA\vendor\laravel\framework\src\Illuminate\Routing\Middleware\ThrottleRequests.php(129): Illuminate\Routing\Middleware\ThrottleRequests->handleRequest(Object(Illuminate\Http\Request), Object(Closure), Array)
#12 C:\Users\Gaser\Desktop\COPRRA\vendor\laravel\framework\src\Illuminate\Routing\Middleware\ThrottleRequests.php(90): Illuminate\Routing\Middleware\ThrottleRequests->handleRequestUsingNamedLimiter(Object(Illuminate\Http\Request), Object(Closure), 'api', Object(Closure))
#13 C:\Users\Gaser\Desktop\COPRRA\vendor\laravel\framework\src\Illuminate\Pipeline\Pipeline.php(219): Illuminate\Routing\Middleware\ThrottleRequests->handle(Object(Illuminate\Http\Request), Object(Closure), 'api')
#14 C:\Users\Gaser\Desktop\COPRRA\vendor\laravel\sanctum\src\Http\Middleware\EnsureFrontendRequestsAreStateful.php(26): Illuminate\Pipeline\Pipeline->{closure:{closure:Illuminate\Pipeline\Pipeline::carry():194}:195}(Object(Illuminate\Http\Request))
#15 C:\Users\Gaser\Desktop\COPRRA\vendor\laravel\framework\src\Illuminate\Pipeline\Pipeline.php(180): Laravel\Sanctum\Http\Middleware\EnsureFrontendRequestsAreStateful->{closure:Laravel\Sanctum\Http\Middleware\EnsureFrontendRequestsAreStateful::handle():25}(Object(Illuminate\Http\Request))
#16 C:\Users\Gaser\Desktop\COPRRA\vendor\laravel\framework\src\Illuminate\Pipeline\Pipeline.php(137): Illuminate\Pipeline\Pipeline->{closure:Illuminate\Pipeline\Pipeline::prepareDestination():178}(Object(Illuminate\Http\Request))
#17 C:\Users\Gaser\Desktop\COPRRA\vendor\laravel\sanctum\src\Http\Middleware\EnsureFrontendRequestsAreStateful.php(25): Illuminate\Pipeline\Pipeline->then(Object(Closure))
#18 C:\Users\Gaser\Desktop\COPRRA\vendor\laravel\framework\src\Illuminate\Pipeline\Pipeline.php(219): Laravel\Sanctum\Http\Middleware\EnsureFrontendRequestsAreStateful->handle(Object(Illuminate\Http\Request), Object(Closure))
#19 C:\Users\Gaser\Desktop\COPRRA\vendor\laravel\framework\src\Illuminate\Pipeline\Pipeline.php(137): Illuminate\Pipeline\Pipeline->{closure:{closure:Illuminate\Pipeline\Pipeline::carry():194}:195}(Object(Illuminate\Http\Request))
#20 C:\Users\Gaser\Desktop\COPRRA\vendor\laravel\framework\src\Illuminate\Routing\Router.php(821): Illuminate\Pipeline\Pipeline->then(Object(Closure))
#21 C:\Users\Gaser\Desktop\COPRRA\vendor\laravel\framework\src\Illuminate\Routing\Router.php(800): Illuminate\Routing\Router->runRouteWithinStack(Object(Illuminate\Routing\Route), Object(Illuminate\Http\Request))
#22 C:\Users\Gaser\Desktop\COPRRA\vendor\laravel\framework\src\Illuminate\Routing\Router.php(764): Illuminate\Routing\Router->runRoute(Object(Illuminate\Http\Request), Object(Illuminate\Routing\Route))
#23 C:\Users\Gaser\Desktop\COPRRA\vendor\laravel\framework\src\Illuminate\Routing\Router.php(753): Illuminate\Routing\Router->dispatchToRoute(Object(Illuminate\Http\Request))
#24 C:\Users\Gaser\Desktop\COPRRA\vendor\laravel\framework\src\Illuminate\Foundation\Http\Kernel.php(200): Illuminate\Routing\Router->dispatch(Object(Illuminate\Http\Request))
#25 C:\Users\Gaser\Desktop\COPRRA\vendor\laravel\framework\src\Illuminate\Pipeline\Pipeline.php(180): Illuminate\Foundation\Http\Kernel->{closure:Illuminate\Foundation\Http\Kernel::dispatchToRouter():197}(Object(Illuminate\Http\Request))
#26 C:\Users\Gaser\Desktop\COPRRA\vendor\livewire\livewire\src\Features\SupportDisablingBackButtonCache\DisableBackButtonCacheMiddleware.php(19): Illuminate\Pipeline\Pipeline->{closure:Illuminate\Pipeline\Pipeline::prepareDestination():178}(Object(Illuminate\Http\Request))
#27 C:\Users\Gaser\Desktop\COPRRA\vendor\laravel\framework\src\Illuminate\Pipeline\Pipeline.php(219): Livewire\Features\SupportDisablingBackButtonCache\DisableBackButtonCacheMiddleware->handle(Object(Illuminate\Http\Request), Object(Closure))
#28 C:\Users\Gaser\Desktop\COPRRA\app\Http\Middleware\SecurityHeadersMiddleware.php(27): Illuminate\Pipeline\Pipeline->{closure:{closure:Illuminate\Pipeline\Pipeline::carry():194}:195}(Object(Illuminate\Http\Request))
#29 C:\Users\Gaser\Desktop\COPRRA\vendor\laravel\framework\src\Illuminate\Pipeline\Pipeline.php(219): App\Http\Middleware\SecurityHeadersMiddleware->handle(Object(Illuminate\Http\Request), Object(Closure))
#30 C:\Users\Gaser\Desktop\COPRRA\vendor\laravel\framework\src\Illuminate\Foundation\Http\Middleware\TransformsRequest.php(21): Illuminate\Pipeline\Pipeline->{closure:{closure:Illuminate\Pipeline\Pipeline::carry():194}:195}(Object(Illuminate\Http\Request))
#31 C:\Users\Gaser\Desktop\COPRRA\vendor\laravel\framework\src\Illuminate\Foundation\Http\Middleware\ConvertEmptyStringsToNull.php(31): Illuminate\Foundation\Http\Middleware\TransformsRequest->handle(Object(Illuminate\Http\Request), Object(Closure))
#32 C:\Users\Gaser\Desktop\COPRRA\vendor\laravel\framework\src\Illuminate\Pipeline\Pipeline.php(219): Illuminate\Foundation\Http\Middleware\ConvertEmptyStringsToNull->handle(Object(Illuminate\Http\Request), Object(Closure))
#33 C:\Users\Gaser\Desktop\COPRRA\vendor\laravel\framework\src\Illuminate\Foundation\Http\Middleware\TransformsRequest.php(21): Illuminate\Pipeline\Pipeline->{closure:{closure:Illuminate\Pipeline\Pipeline::carry():194}:195}(Object(Illuminate\Http\Request))
#34 C:\Users\Gaser\Desktop\COPRRA\vendor\laravel\framework\src\Illuminate\Foundation\Http\Middleware\TrimStrings.php(51): Illuminate\Foundation\Http\Middleware\TransformsRequest->handle(Object(Illuminate\Http\Request), Object(Closure))
#35 C:\Users\Gaser\Desktop\COPRRA\vendor\laravel\framework\src\Illuminate\Pipeline\Pipeline.php(219): Illuminate\Foundation\Http\Middleware\TrimStrings->handle(Object(Illuminate\Http\Request), Object(Closure))
#36 C:\Users\Gaser\Desktop\COPRRA\vendor\laravel\framework\src\Illuminate\Http\Middleware\ValidatePostSize.php(27): Illuminate\Pipeline\Pipeline->{closure:{closure:Illuminate\Pipeline\Pipeline::carry():194}:195}(Object(Illuminate\Http\Request))
#37 C:\Users\Gaser\Desktop\COPRRA\vendor\laravel\framework\src\Illuminate\Pipeline\Pipeline.php(219): Illuminate\Http\Middleware\ValidatePostSize->handle(Object(Illuminate\Http\Request), Object(Closure))
#38 C:\Users\Gaser\Desktop\COPRRA\vendor\laravel\framework\src\Illuminate\Foundation\Http\Middleware\PreventRequestsDuringMaintenance.php(109): Illuminate\Pipeline\Pipeline->{closure:{closure:Illuminate\Pipeline\Pipeline::carry():194}:195}(Object(Illuminate\Http\Request))
#39 C:\Users\Gaser\Desktop\COPRRA\vendor\laravel\framework\src\Illuminate\Pipeline\Pipeline.php(219): Illuminate\Foundation\Http\Middleware\PreventRequestsDuringMaintenance->handle(Object(Illuminate\Http\Request), Object(Closure))
#40 C:\Users\Gaser\Desktop\COPRRA\vendor\laravel\framework\src\Illuminate\Http\Middleware\HandleCors.php(61): Illuminate\Pipeline\Pipeline->{closure:{closure:Illuminate\Pipeline\Pipeline::carry():194}:195}(Object(Illuminate\Http\Request))
#41 C:\Users\Gaser\Desktop\COPRRA\vendor\laravel\framework\src\Illuminate\Pipeline\Pipeline.php(219): Illuminate\Http\Middleware\HandleCors->handle(Object(Illuminate\Http\Request), Object(Closure))
#42 C:\Users\Gaser\Desktop\COPRRA\vendor\laravel\framework\src\Illuminate\Http\Middleware\TrustProxies.php(58): Illuminate\Pipeline\Pipeline->{closure:{closure:Illuminate\Pipeline\Pipeline::carry():194}:195}(Object(Illuminate\Http\Request))
#43 C:\Users\Gaser\Desktop\COPRRA\vendor\laravel\framework\src\Illuminate\Pipeline\Pipeline.php(219): Illuminate\Http\Middleware\TrustProxies->handle(Object(Illuminate\Http\Request), Object(Closure))
#44 C:\Users\Gaser\Desktop\COPRRA\vendor\laravel\framework\src\Illuminate\Foundation\Http\Middleware\InvokeDeferredCallbacks.php(22): Illuminate\Pipeline\Pipeline->{closure:{closure:Illuminate\Pipeline\Pipeline::carry():194}:195}(Object(Illuminate\Http\Request))
#45 C:\Users\Gaser\Desktop\COPRRA\vendor\laravel\framework\src\Illuminate\Pipeline\Pipeline.php(219): Illuminate\Foundation\Http\Middleware\InvokeDeferredCallbacks->handle(Object(Illuminate\Http\Request), Object(Closure))
#46 C:\Users\Gaser\Desktop\COPRRA\vendor\laravel\framework\src\Illuminate\Http\Middleware\ValidatePathEncoding.php(26): Illuminate\Pipeline\Pipeline->{closure:{closure:Illuminate\Pipeline\Pipeline::carry():194}:195}(Object(Illuminate\Http\Request))
#47 C:\Users\Gaser\Desktop\COPRRA\vendor\laravel\framework\src\Illuminate\Pipeline\Pipeline.php(219): Illuminate\Http\Middleware\ValidatePathEncoding->handle(Object(Illuminate\Http\Request), Object(Closure))
#48 C:\Users\Gaser\Desktop\COPRRA\vendor\laravel\framework\src\Illuminate\Pipeline\Pipeline.php(137): Illuminate\Pipeline\Pipeline->{closure:{closure:Illuminate\Pipeline\Pipeline::carry():194}:195}(Object(Illuminate\Http\Request))
#49 C:\Users\Gaser\Desktop\COPRRA\vendor\laravel\framework\src\Illuminate\Foundation\Http\Kernel.php(175): Illuminate\Pipeline\Pipeline->then(Object(Closure))
#50 C:\Users\Gaser\Desktop\COPRRA\vendor\laravel\framework\src\Illuminate\Foundation\Http\Kernel.php(144): Illuminate\Foundation\Http\Kernel->sendRequestThroughRouter(Object(Illuminate\Http\Request))
#51 C:\Users\Gaser\Desktop\COPRRA\vendor\laravel\framework\src\Illuminate\Foundation\Testing\Concerns\MakesHttpRequests.php(607): Illuminate\Foundation\Http\Kernel->handle(Object(Illuminate\Http\Request))
#52 C:\Users\Gaser\Desktop\COPRRA\vendor\laravel\framework\src\Illuminate\Foundation\Testing\Concerns\MakesHttpRequests.php(573): Illuminate\Foundation\Testing\TestCase->call('GET', '/api/system/inf...', Array, Array, Array, Array, '[]')
#53 C:\Users\Gaser\Desktop\COPRRA\vendor\laravel\framework\src\Illuminate\Foundation\Testing\Concerns\MakesHttpRequests.php(381): Illuminate\Foundation\Testing\TestCase->json('GET', '/api/system/inf...', Array, Array, 0)
#54 C:\Users\Gaser\Desktop\COPRRA\tests\Feature\Http\Controllers\SystemControllerTest.php(330): Illuminate\Foundation\Testing\TestCase->getJson('/api/system/inf...')
#55 C:\Users\Gaser\Desktop\COPRRA\vendor\phpunit\phpunit\src\Framework\TestCase.php(1317): Tests\Feature\Http\Controllers\SystemControllerTest->it_handles_uptime_calculation()
#56 C:\Users\Gaser\Desktop\COPRRA\vendor\phpunit\phpunit\src\Framework\TestCase.php(517): PHPUnit\Framework\TestCase->runTest()
#57 C:\Users\Gaser\Desktop\COPRRA\vendor\phpunit\phpunit\src\Framework\TestRunner\TestRunner.php(99): PHPUnit\Framework\TestCase->runBare()
#58 C:\Users\Gaser\Desktop\COPRRA\vendor\phpunit\phpunit\src\Framework\TestCase.php(357): PHPUnit\Framework\TestRunner->run(Object(Tests\Feature\Http\Controllers\SystemControllerTest))
#59 C:\Users\Gaser\Desktop\COPRRA\vendor\phpunit\phpunit\src\Framework\TestSuite.php(374): PHPUnit\Framework\TestCase->run()
#60 C:\Users\Gaser\Desktop\COPRRA\vendor\phpunit\phpunit\src\Framework\TestSuite.php(374): PHPUnit\Framework\TestSuite->run()
#61 C:\Users\Gaser\Desktop\COPRRA\vendor\phpunit\phpunit\src\Framework\TestSuite.php(374): PHPUnit\Framework\TestSuite->run()
#62 C:\Users\Gaser\Desktop\COPRRA\vendor\phpunit\phpunit\src\TextUI\TestRunner.php(64): PHPUnit\Framework\TestSuite->run()
#63 C:\Users\Gaser\Desktop\COPRRA\vendor\phpunit\phpunit\src\TextUI\Application.php(229): PHPUnit\TextUI\TestRunner->run(Object(PHPUnit\TextUI\Configuration\Configuration), Object(PHPUnit\Runner\ResultCache\DefaultResultCache), Object(PHPUnit\Framework\TestSuite))
#64 C:\Users\Gaser\Desktop\COPRRA\vendor\phpunit\phpunit\phpunit(104): PHPUnit\TextUI\Application->run(Array)
#65 C:\Users\Gaser\Desktop\COPRRA\vendor\bin\phpunit(119): include('C:\\Users\\Gaser\\...')
#66 {main}

----------------------------------------------------------------------------------

Method App\Http\Controllers\SystemController::getSystemInfo does not exist.

C:\Users\Gaser\Desktop\COPRRA\vendor\laravel\framework\src\Illuminate\Testing\TestResponseAssert.php:45
C:\Users\Gaser\Desktop\COPRRA\vendor\laravel\framework\src\Illuminate\Testing\TestResponse.php:174
C:\Users\Gaser\Desktop\COPRRA\tests\Feature\Http\Controllers\SystemControllerTest.php:332

65) Tests\Feature\Http\Controllers\SystemControllerTest::it_handles_load_average_calculation
Expected response status code [200] but received 500.
Failed asserting that 500 is identical to 200.

The following exception occurred during the last request:

BadMethodCallException: Method App\Http\Controllers\SystemController::getSystemInfo does not exist. in C:\Users\Gaser\Desktop\COPRRA\vendor\laravel\framework\src\Illuminate\Routing\Controller.php:68
Stack trace:
#0 C:\Users\Gaser\Desktop\COPRRA\vendor\laravel\framework\src\Illuminate\Routing\Controller.php(54): Illuminate\Routing\Controller->__call('getSystemInfo', Array)
#1 C:\Users\Gaser\Desktop\COPRRA\vendor\laravel\framework\src\Illuminate\Routing\ControllerDispatcher.php(43): Illuminate\Routing\Controller->callAction('getSystemInfo', Array)
#2 C:\Users\Gaser\Desktop\COPRRA\vendor\laravel\framework\src\Illuminate\Routing\Route.php(265): Illuminate\Routing\ControllerDispatcher->dispatch(Object(Illuminate\Routing\Route), Object(App\Http\Controllers\SystemController), 'getSystemInfo')
#3 C:\Users\Gaser\Desktop\COPRRA\vendor\laravel\framework\src\Illuminate\Routing\Route.php(211): Illuminate\Routing\Route->runController()
#4 C:\Users\Gaser\Desktop\COPRRA\vendor\laravel\framework\src\Illuminate\Routing\Router.php(822): Illuminate\Routing\Route->run()
#5 C:\Users\Gaser\Desktop\COPRRA\vendor\laravel\framework\src\Illuminate\Pipeline\Pipeline.php(180): Illuminate\Routing\Router->{closure:Illuminate\Routing\Router::runRouteWithinStack():821}(Object(Illuminate\Http\Request))
#6 C:\Users\Gaser\Desktop\COPRRA\app\Http\Middleware\ApiErrorHandler.php(26): Illuminate\Pipeline\Pipeline->{closure:Illuminate\Pipeline\Pipeline::prepareDestination():178}(Object(Illuminate\Http\Request))
#7 C:\Users\Gaser\Desktop\COPRRA\vendor\laravel\framework\src\Illuminate\Pipeline\Pipeline.php(219): App\Http\Middleware\ApiErrorHandler->handle(Object(Illuminate\Http\Request), Object(Closure))
#8 C:\Users\Gaser\Desktop\COPRRA\vendor\laravel\framework\src\Illuminate\Routing\Middleware\SubstituteBindings.php(50): Illuminate\Pipeline\Pipeline->{closure:{closure:Illuminate\Pipeline\Pipeline::carry():194}:195}(Object(Illuminate\Http\Request))
#9 C:\Users\Gaser\Desktop\COPRRA\vendor\laravel\framework\src\Illuminate\Pipeline\Pipeline.php(219): Illuminate\Routing\Middleware\SubstituteBindings->handle(Object(Illuminate\Http\Request), Object(Closure))
#10 C:\Users\Gaser\Desktop\COPRRA\vendor\laravel\framework\src\Illuminate\Routing\Middleware\ThrottleRequests.php(166): Illuminate\Pipeline\Pipeline->{closure:{closure:Illuminate\Pipeline\Pipeline::carry():194}:195}(Object(Illuminate\Http\Request))
#11 C:\Users\Gaser\Desktop\COPRRA\vendor\laravel\framework\src\Illuminate\Routing\Middleware\ThrottleRequests.php(129): Illuminate\Routing\Middleware\ThrottleRequests->handleRequest(Object(Illuminate\Http\Request), Object(Closure), Array)
#12 C:\Users\Gaser\Desktop\COPRRA\vendor\laravel\framework\src\Illuminate\Routing\Middleware\ThrottleRequests.php(90): Illuminate\Routing\Middleware\ThrottleRequests->handleRequestUsingNamedLimiter(Object(Illuminate\Http\Request), Object(Closure), 'api', Object(Closure))
#13 C:\Users\Gaser\Desktop\COPRRA\vendor\laravel\framework\src\Illuminate\Pipeline\Pipeline.php(219): Illuminate\Routing\Middleware\ThrottleRequests->handle(Object(Illuminate\Http\Request), Object(Closure), 'api')
#14 C:\Users\Gaser\Desktop\COPRRA\vendor\laravel\sanctum\src\Http\Middleware\EnsureFrontendRequestsAreStateful.php(26): Illuminate\Pipeline\Pipeline->{closure:{closure:Illuminate\Pipeline\Pipeline::carry():194}:195}(Object(Illuminate\Http\Request))
#15 C:\Users\Gaser\Desktop\COPRRA\vendor\laravel\framework\src\Illuminate\Pipeline\Pipeline.php(180): Laravel\Sanctum\Http\Middleware\EnsureFrontendRequestsAreStateful->{closure:Laravel\Sanctum\Http\Middleware\EnsureFrontendRequestsAreStateful::handle():25}(Object(Illuminate\Http\Request))
#16 C:\Users\Gaser\Desktop\COPRRA\vendor\laravel\framework\src\Illuminate\Pipeline\Pipeline.php(137): Illuminate\Pipeline\Pipeline->{closure:Illuminate\Pipeline\Pipeline::prepareDestination():178}(Object(Illuminate\Http\Request))
#17 C:\Users\Gaser\Desktop\COPRRA\vendor\laravel\sanctum\src\Http\Middleware\EnsureFrontendRequestsAreStateful.php(25): Illuminate\Pipeline\Pipeline->then(Object(Closure))
#18 C:\Users\Gaser\Desktop\COPRRA\vendor\laravel\framework\src\Illuminate\Pipeline\Pipeline.php(219): Laravel\Sanctum\Http\Middleware\EnsureFrontendRequestsAreStateful->handle(Object(Illuminate\Http\Request), Object(Closure))
#19 C:\Users\Gaser\Desktop\COPRRA\vendor\laravel\framework\src\Illuminate\Pipeline\Pipeline.php(137): Illuminate\Pipeline\Pipeline->{closure:{closure:Illuminate\Pipeline\Pipeline::carry():194}:195}(Object(Illuminate\Http\Request))
#20 C:\Users\Gaser\Desktop\COPRRA\vendor\laravel\framework\src\Illuminate\Routing\Router.php(821): Illuminate\Pipeline\Pipeline->then(Object(Closure))
#21 C:\Users\Gaser\Desktop\COPRRA\vendor\laravel\framework\src\Illuminate\Routing\Router.php(800): Illuminate\Routing\Router->runRouteWithinStack(Object(Illuminate\Routing\Route), Object(Illuminate\Http\Request))
#22 C:\Users\Gaser\Desktop\COPRRA\vendor\laravel\framework\src\Illuminate\Routing\Router.php(764): Illuminate\Routing\Router->runRoute(Object(Illuminate\Http\Request), Object(Illuminate\Routing\Route))
#23 C:\Users\Gaser\Desktop\COPRRA\vendor\laravel\framework\src\Illuminate\Routing\Router.php(753): Illuminate\Routing\Router->dispatchToRoute(Object(Illuminate\Http\Request))
#24 C:\Users\Gaser\Desktop\COPRRA\vendor\laravel\framework\src\Illuminate\Foundation\Http\Kernel.php(200): Illuminate\Routing\Router->dispatch(Object(Illuminate\Http\Request))
#25 C:\Users\Gaser\Desktop\COPRRA\vendor\laravel\framework\src\Illuminate\Pipeline\Pipeline.php(180): Illuminate\Foundation\Http\Kernel->{closure:Illuminate\Foundation\Http\Kernel::dispatchToRouter():197}(Object(Illuminate\Http\Request))
#26 C:\Users\Gaser\Desktop\COPRRA\vendor\livewire\livewire\src\Features\SupportDisablingBackButtonCache\DisableBackButtonCacheMiddleware.php(19): Illuminate\Pipeline\Pipeline->{closure:Illuminate\Pipeline\Pipeline::prepareDestination():178}(Object(Illuminate\Http\Request))
#27 C:\Users\Gaser\Desktop\COPRRA\vendor\laravel\framework\src\Illuminate\Pipeline\Pipeline.php(219): Livewire\Features\SupportDisablingBackButtonCache\DisableBackButtonCacheMiddleware->handle(Object(Illuminate\Http\Request), Object(Closure))
#28 C:\Users\Gaser\Desktop\COPRRA\app\Http\Middleware\SecurityHeadersMiddleware.php(27): Illuminate\Pipeline\Pipeline->{closure:{closure:Illuminate\Pipeline\Pipeline::carry():194}:195}(Object(Illuminate\Http\Request))
#29 C:\Users\Gaser\Desktop\COPRRA\vendor\laravel\framework\src\Illuminate\Pipeline\Pipeline.php(219): App\Http\Middleware\SecurityHeadersMiddleware->handle(Object(Illuminate\Http\Request), Object(Closure))
#30 C:\Users\Gaser\Desktop\COPRRA\vendor\laravel\framework\src\Illuminate\Foundation\Http\Middleware\TransformsRequest.php(21): Illuminate\Pipeline\Pipeline->{closure:{closure:Illuminate\Pipeline\Pipeline::carry():194}:195}(Object(Illuminate\Http\Request))
#31 C:\Users\Gaser\Desktop\COPRRA\vendor\laravel\framework\src\Illuminate\Foundation\Http\Middleware\ConvertEmptyStringsToNull.php(31): Illuminate\Foundation\Http\Middleware\TransformsRequest->handle(Object(Illuminate\Http\Request), Object(Closure))
#32 C:\Users\Gaser\Desktop\COPRRA\vendor\laravel\framework\src\Illuminate\Pipeline\Pipeline.php(219): Illuminate\Foundation\Http\Middleware\ConvertEmptyStringsToNull->handle(Object(Illuminate\Http\Request), Object(Closure))
#33 C:\Users\Gaser\Desktop\COPRRA\vendor\laravel\framework\src\Illuminate\Foundation\Http\Middleware\TransformsRequest.php(21): Illuminate\Pipeline\Pipeline->{closure:{closure:Illuminate\Pipeline\Pipeline::carry():194}:195}(Object(Illuminate\Http\Request))
#34 C:\Users\Gaser\Desktop\COPRRA\vendor\laravel\framework\src\Illuminate\Foundation\Http\Middleware\TrimStrings.php(51): Illuminate\Foundation\Http\Middleware\TransformsRequest->handle(Object(Illuminate\Http\Request), Object(Closure))
#35 C:\Users\Gaser\Desktop\COPRRA\vendor\laravel\framework\src\Illuminate\Pipeline\Pipeline.php(219): Illuminate\Foundation\Http\Middleware\TrimStrings->handle(Object(Illuminate\Http\Request), Object(Closure))
#36 C:\Users\Gaser\Desktop\COPRRA\vendor\laravel\framework\src\Illuminate\Http\Middleware\ValidatePostSize.php(27): Illuminate\Pipeline\Pipeline->{closure:{closure:Illuminate\Pipeline\Pipeline::carry():194}:195}(Object(Illuminate\Http\Request))
#37 C:\Users\Gaser\Desktop\COPRRA\vendor\laravel\framework\src\Illuminate\Pipeline\Pipeline.php(219): Illuminate\Http\Middleware\ValidatePostSize->handle(Object(Illuminate\Http\Request), Object(Closure))
#38 C:\Users\Gaser\Desktop\COPRRA\vendor\laravel\framework\src\Illuminate\Foundation\Http\Middleware\PreventRequestsDuringMaintenance.php(109): Illuminate\Pipeline\Pipeline->{closure:{closure:Illuminate\Pipeline\Pipeline::carry():194}:195}(Object(Illuminate\Http\Request))
#39 C:\Users\Gaser\Desktop\COPRRA\vendor\laravel\framework\src\Illuminate\Pipeline\Pipeline.php(219): Illuminate\Foundation\Http\Middleware\PreventRequestsDuringMaintenance->handle(Object(Illuminate\Http\Request), Object(Closure))
#40 C:\Users\Gaser\Desktop\COPRRA\vendor\laravel\framework\src\Illuminate\Http\Middleware\HandleCors.php(61): Illuminate\Pipeline\Pipeline->{closure:{closure:Illuminate\Pipeline\Pipeline::carry():194}:195}(Object(Illuminate\Http\Request))
#41 C:\Users\Gaser\Desktop\COPRRA\vendor\laravel\framework\src\Illuminate\Pipeline\Pipeline.php(219): Illuminate\Http\Middleware\HandleCors->handle(Object(Illuminate\Http\Request), Object(Closure))
#42 C:\Users\Gaser\Desktop\COPRRA\vendor\laravel\framework\src\Illuminate\Http\Middleware\TrustProxies.php(58): Illuminate\Pipeline\Pipeline->{closure:{closure:Illuminate\Pipeline\Pipeline::carry():194}:195}(Object(Illuminate\Http\Request))
#43 C:\Users\Gaser\Desktop\COPRRA\vendor\laravel\framework\src\Illuminate\Pipeline\Pipeline.php(219): Illuminate\Http\Middleware\TrustProxies->handle(Object(Illuminate\Http\Request), Object(Closure))
#44 C:\Users\Gaser\Desktop\COPRRA\vendor\laravel\framework\src\Illuminate\Foundation\Http\Middleware\InvokeDeferredCallbacks.php(22): Illuminate\Pipeline\Pipeline->{closure:{closure:Illuminate\Pipeline\Pipeline::carry():194}:195}(Object(Illuminate\Http\Request))
#45 C:\Users\Gaser\Desktop\COPRRA\vendor\laravel\framework\src\Illuminate\Pipeline\Pipeline.php(219): Illuminate\Foundation\Http\Middleware\InvokeDeferredCallbacks->handle(Object(Illuminate\Http\Request), Object(Closure))
#46 C:\Users\Gaser\Desktop\COPRRA\vendor\laravel\framework\src\Illuminate\Http\Middleware\ValidatePathEncoding.php(26): Illuminate\Pipeline\Pipeline->{closure:{closure:Illuminate\Pipeline\Pipeline::carry():194}:195}(Object(Illuminate\Http\Request))
#47 C:\Users\Gaser\Desktop\COPRRA\vendor\laravel\framework\src\Illuminate\Pipeline\Pipeline.php(219): Illuminate\Http\Middleware\ValidatePathEncoding->handle(Object(Illuminate\Http\Request), Object(Closure))
#48 C:\Users\Gaser\Desktop\COPRRA\vendor\laravel\framework\src\Illuminate\Pipeline\Pipeline.php(137): Illuminate\Pipeline\Pipeline->{closure:{closure:Illuminate\Pipeline\Pipeline::carry():194}:195}(Object(Illuminate\Http\Request))
#49 C:\Users\Gaser\Desktop\COPRRA\vendor\laravel\framework\src\Illuminate\Foundation\Http\Kernel.php(175): Illuminate\Pipeline\Pipeline->then(Object(Closure))
#50 C:\Users\Gaser\Desktop\COPRRA\vendor\laravel\framework\src\Illuminate\Foundation\Http\Kernel.php(144): Illuminate\Foundation\Http\Kernel->sendRequestThroughRouter(Object(Illuminate\Http\Request))
#51 C:\Users\Gaser\Desktop\COPRRA\vendor\laravel\framework\src\Illuminate\Foundation\Testing\Concerns\MakesHttpRequests.php(607): Illuminate\Foundation\Http\Kernel->handle(Object(Illuminate\Http\Request))
#52 C:\Users\Gaser\Desktop\COPRRA\vendor\laravel\framework\src\Illuminate\Foundation\Testing\Concerns\MakesHttpRequests.php(573): Illuminate\Foundation\Testing\TestCase->call('GET', '/api/system/inf...', Array, Array, Array, Array, '[]')
#53 C:\Users\Gaser\Desktop\COPRRA\vendor\laravel\framework\src\Illuminate\Foundation\Testing\Concerns\MakesHttpRequests.php(381): Illuminate\Foundation\Testing\TestCase->json('GET', '/api/system/inf...', Array, Array, 0)
#54 C:\Users\Gaser\Desktop\COPRRA\tests\Feature\Http\Controllers\SystemControllerTest.php(342): Illuminate\Foundation\Testing\TestCase->getJson('/api/system/inf...')
#55 C:\Users\Gaser\Desktop\COPRRA\vendor\phpunit\phpunit\src\Framework\TestCase.php(1317): Tests\Feature\Http\Controllers\SystemControllerTest->it_handles_load_average_calculation()
#56 C:\Users\Gaser\Desktop\COPRRA\vendor\phpunit\phpunit\src\Framework\TestCase.php(517): PHPUnit\Framework\TestCase->runTest()
#57 C:\Users\Gaser\Desktop\COPRRA\vendor\phpunit\phpunit\src\Framework\TestRunner\TestRunner.php(99): PHPUnit\Framework\TestCase->runBare()
#58 C:\Users\Gaser\Desktop\COPRRA\vendor\phpunit\phpunit\src\Framework\TestCase.php(357): PHPUnit\Framework\TestRunner->run(Object(Tests\Feature\Http\Controllers\SystemControllerTest))
#59 C:\Users\Gaser\Desktop\COPRRA\vendor\phpunit\phpunit\src\Framework\TestSuite.php(374): PHPUnit\Framework\TestCase->run()
#60 C:\Users\Gaser\Desktop\COPRRA\vendor\phpunit\phpunit\src\Framework\TestSuite.php(374): PHPUnit\Framework\TestSuite->run()
#61 C:\Users\Gaser\Desktop\COPRRA\vendor\phpunit\phpunit\src\Framework\TestSuite.php(374): PHPUnit\Framework\TestSuite->run()
#62 C:\Users\Gaser\Desktop\COPRRA\vendor\phpunit\phpunit\src\TextUI\TestRunner.php(64): PHPUnit\Framework\TestSuite->run()
#63 C:\Users\Gaser\Desktop\COPRRA\vendor\phpunit\phpunit\src\TextUI\Application.php(229): PHPUnit\TextUI\TestRunner->run(Object(PHPUnit\TextUI\Configuration\Configuration), Object(PHPUnit\Runner\ResultCache\DefaultResultCache), Object(PHPUnit\Framework\TestSuite))
#64 C:\Users\Gaser\Desktop\COPRRA\vendor\phpunit\phpunit\phpunit(104): PHPUnit\TextUI\Application->run(Array)
#65 C:\Users\Gaser\Desktop\COPRRA\vendor\bin\phpunit(119): include('C:\\Users\\Gaser\\...')
#66 {main}

----------------------------------------------------------------------------------

Method App\Http\Controllers\SystemController::getSystemInfo does not exist.

C:\Users\Gaser\Desktop\COPRRA\vendor\laravel\framework\src\Illuminate\Testing\TestResponseAssert.php:45
C:\Users\Gaser\Desktop\COPRRA\vendor\laravel\framework\src\Illuminate\Testing\TestResponse.php:174
C:\Users\Gaser\Desktop\COPRRA\tests\Feature\Http\Controllers\SystemControllerTest.php:344

66) Tests\Feature\Http\Controllers\SystemControllerTest::it_handles_cpu_count_calculation
Expected response status code [200] but received 500.
Failed asserting that 500 is identical to 200.

The following exception occurred during the last request:

BadMethodCallException: Method App\Http\Controllers\SystemController::getSystemInfo does not exist. in C:\Users\Gaser\Desktop\COPRRA\vendor\laravel\framework\src\Illuminate\Routing\Controller.php:68
Stack trace:
#0 C:\Users\Gaser\Desktop\COPRRA\vendor\laravel\framework\src\Illuminate\Routing\Controller.php(54): Illuminate\Routing\Controller->__call('getSystemInfo', Array)
#1 C:\Users\Gaser\Desktop\COPRRA\vendor\laravel\framework\src\Illuminate\Routing\ControllerDispatcher.php(43): Illuminate\Routing\Controller->callAction('getSystemInfo', Array)
#2 C:\Users\Gaser\Desktop\COPRRA\vendor\laravel\framework\src\Illuminate\Routing\Route.php(265): Illuminate\Routing\ControllerDispatcher->dispatch(Object(Illuminate\Routing\Route), Object(App\Http\Controllers\SystemController), 'getSystemInfo')
#3 C:\Users\Gaser\Desktop\COPRRA\vendor\laravel\framework\src\Illuminate\Routing\Route.php(211): Illuminate\Routing\Route->runController()
#4 C:\Users\Gaser\Desktop\COPRRA\vendor\laravel\framework\src\Illuminate\Routing\Router.php(822): Illuminate\Routing\Route->run()
#5 C:\Users\Gaser\Desktop\COPRRA\vendor\laravel\framework\src\Illuminate\Pipeline\Pipeline.php(180): Illuminate\Routing\Router->{closure:Illuminate\Routing\Router::runRouteWithinStack():821}(Object(Illuminate\Http\Request))
#6 C:\Users\Gaser\Desktop\COPRRA\app\Http\Middleware\ApiErrorHandler.php(26): Illuminate\Pipeline\Pipeline->{closure:Illuminate\Pipeline\Pipeline::prepareDestination():178}(Object(Illuminate\Http\Request))
#7 C:\Users\Gaser\Desktop\COPRRA\vendor\laravel\framework\src\Illuminate\Pipeline\Pipeline.php(219): App\Http\Middleware\ApiErrorHandler->handle(Object(Illuminate\Http\Request), Object(Closure))
#8 C:\Users\Gaser\Desktop\COPRRA\vendor\laravel\framework\src\Illuminate\Routing\Middleware\SubstituteBindings.php(50): Illuminate\Pipeline\Pipeline->{closure:{closure:Illuminate\Pipeline\Pipeline::carry():194}:195}(Object(Illuminate\Http\Request))
#9 C:\Users\Gaser\Desktop\COPRRA\vendor\laravel\framework\src\Illuminate\Pipeline\Pipeline.php(219): Illuminate\Routing\Middleware\SubstituteBindings->handle(Object(Illuminate\Http\Request), Object(Closure))
#10 C:\Users\Gaser\Desktop\COPRRA\vendor\laravel\framework\src\Illuminate\Routing\Middleware\ThrottleRequests.php(166): Illuminate\Pipeline\Pipeline->{closure:{closure:Illuminate\Pipeline\Pipeline::carry():194}:195}(Object(Illuminate\Http\Request))
#11 C:\Users\Gaser\Desktop\COPRRA\vendor\laravel\framework\src\Illuminate\Routing\Middleware\ThrottleRequests.php(129): Illuminate\Routing\Middleware\ThrottleRequests->handleRequest(Object(Illuminate\Http\Request), Object(Closure), Array)
#12 C:\Users\Gaser\Desktop\COPRRA\vendor\laravel\framework\src\Illuminate\Routing\Middleware\ThrottleRequests.php(90): Illuminate\Routing\Middleware\ThrottleRequests->handleRequestUsingNamedLimiter(Object(Illuminate\Http\Request), Object(Closure), 'api', Object(Closure))
#13 C:\Users\Gaser\Desktop\COPRRA\vendor\laravel\framework\src\Illuminate\Pipeline\Pipeline.php(219): Illuminate\Routing\Middleware\ThrottleRequests->handle(Object(Illuminate\Http\Request), Object(Closure), 'api')
#14 C:\Users\Gaser\Desktop\COPRRA\vendor\laravel\sanctum\src\Http\Middleware\EnsureFrontendRequestsAreStateful.php(26): Illuminate\Pipeline\Pipeline->{closure:{closure:Illuminate\Pipeline\Pipeline::carry():194}:195}(Object(Illuminate\Http\Request))
#15 C:\Users\Gaser\Desktop\COPRRA\vendor\laravel\framework\src\Illuminate\Pipeline\Pipeline.php(180): Laravel\Sanctum\Http\Middleware\EnsureFrontendRequestsAreStateful->{closure:Laravel\Sanctum\Http\Middleware\EnsureFrontendRequestsAreStateful::handle():25}(Object(Illuminate\Http\Request))
#16 C:\Users\Gaser\Desktop\COPRRA\vendor\laravel\framework\src\Illuminate\Pipeline\Pipeline.php(137): Illuminate\Pipeline\Pipeline->{closure:Illuminate\Pipeline\Pipeline::prepareDestination():178}(Object(Illuminate\Http\Request))
#17 C:\Users\Gaser\Desktop\COPRRA\vendor\laravel\sanctum\src\Http\Middleware\EnsureFrontendRequestsAreStateful.php(25): Illuminate\Pipeline\Pipeline->then(Object(Closure))
#18 C:\Users\Gaser\Desktop\COPRRA\vendor\laravel\framework\src\Illuminate\Pipeline\Pipeline.php(219): Laravel\Sanctum\Http\Middleware\EnsureFrontendRequestsAreStateful->handle(Object(Illuminate\Http\Request), Object(Closure))
#19 C:\Users\Gaser\Desktop\COPRRA\vendor\laravel\framework\src\Illuminate\Pipeline\Pipeline.php(137): Illuminate\Pipeline\Pipeline->{closure:{closure:Illuminate\Pipeline\Pipeline::carry():194}:195}(Object(Illuminate\Http\Request))
#20 C:\Users\Gaser\Desktop\COPRRA\vendor\laravel\framework\src\Illuminate\Routing\Router.php(821): Illuminate\Pipeline\Pipeline->then(Object(Closure))
#21 C:\Users\Gaser\Desktop\COPRRA\vendor\laravel\framework\src\Illuminate\Routing\Router.php(800): Illuminate\Routing\Router->runRouteWithinStack(Object(Illuminate\Routing\Route), Object(Illuminate\Http\Request))
#22 C:\Users\Gaser\Desktop\COPRRA\vendor\laravel\framework\src\Illuminate\Routing\Router.php(764): Illuminate\Routing\Router->runRoute(Object(Illuminate\Http\Request), Object(Illuminate\Routing\Route))
#23 C:\Users\Gaser\Desktop\COPRRA\vendor\laravel\framework\src\Illuminate\Routing\Router.php(753): Illuminate\Routing\Router->dispatchToRoute(Object(Illuminate\Http\Request))
#24 C:\Users\Gaser\Desktop\COPRRA\vendor\laravel\framework\src\Illuminate\Foundation\Http\Kernel.php(200): Illuminate\Routing\Router->dispatch(Object(Illuminate\Http\Request))
#25 C:\Users\Gaser\Desktop\COPRRA\vendor\laravel\framework\src\Illuminate\Pipeline\Pipeline.php(180): Illuminate\Foundation\Http\Kernel->{closure:Illuminate\Foundation\Http\Kernel::dispatchToRouter():197}(Object(Illuminate\Http\Request))
#26 C:\Users\Gaser\Desktop\COPRRA\vendor\livewire\livewire\src\Features\SupportDisablingBackButtonCache\DisableBackButtonCacheMiddleware.php(19): Illuminate\Pipeline\Pipeline->{closure:Illuminate\Pipeline\Pipeline::prepareDestination():178}(Object(Illuminate\Http\Request))
#27 C:\Users\Gaser\Desktop\COPRRA\vendor\laravel\framework\src\Illuminate\Pipeline\Pipeline.php(219): Livewire\Features\SupportDisablingBackButtonCache\DisableBackButtonCacheMiddleware->handle(Object(Illuminate\Http\Request), Object(Closure))
#28 C:\Users\Gaser\Desktop\COPRRA\app\Http\Middleware\SecurityHeadersMiddleware.php(27): Illuminate\Pipeline\Pipeline->{closure:{closure:Illuminate\Pipeline\Pipeline::carry():194}:195}(Object(Illuminate\Http\Request))
#29 C:\Users\Gaser\Desktop\COPRRA\vendor\laravel\framework\src\Illuminate\Pipeline\Pipeline.php(219): App\Http\Middleware\SecurityHeadersMiddleware->handle(Object(Illuminate\Http\Request), Object(Closure))
#30 C:\Users\Gaser\Desktop\COPRRA\vendor\laravel\framework\src\Illuminate\Foundation\Http\Middleware\TransformsRequest.php(21): Illuminate\Pipeline\Pipeline->{closure:{closure:Illuminate\Pipeline\Pipeline::carry():194}:195}(Object(Illuminate\Http\Request))
#31 C:\Users\Gaser\Desktop\COPRRA\vendor\laravel\framework\src\Illuminate\Foundation\Http\Middleware\ConvertEmptyStringsToNull.php(31): Illuminate\Foundation\Http\Middleware\TransformsRequest->handle(Object(Illuminate\Http\Request), Object(Closure))
#32 C:\Users\Gaser\Desktop\COPRRA\vendor\laravel\framework\src\Illuminate\Pipeline\Pipeline.php(219): Illuminate\Foundation\Http\Middleware\ConvertEmptyStringsToNull->handle(Object(Illuminate\Http\Request), Object(Closure))
#33 C:\Users\Gaser\Desktop\COPRRA\vendor\laravel\framework\src\Illuminate\Foundation\Http\Middleware\TransformsRequest.php(21): Illuminate\Pipeline\Pipeline->{closure:{closure:Illuminate\Pipeline\Pipeline::carry():194}:195}(Object(Illuminate\Http\Request))
#34 C:\Users\Gaser\Desktop\COPRRA\vendor\laravel\framework\src\Illuminate\Foundation\Http\Middleware\TrimStrings.php(51): Illuminate\Foundation\Http\Middleware\TransformsRequest->handle(Object(Illuminate\Http\Request), Object(Closure))
#35 C:\Users\Gaser\Desktop\COPRRA\vendor\laravel\framework\src\Illuminate\Pipeline\Pipeline.php(219): Illuminate\Foundation\Http\Middleware\TrimStrings->handle(Object(Illuminate\Http\Request), Object(Closure))
#36 C:\Users\Gaser\Desktop\COPRRA\vendor\laravel\framework\src\Illuminate\Http\Middleware\ValidatePostSize.php(27): Illuminate\Pipeline\Pipeline->{closure:{closure:Illuminate\Pipeline\Pipeline::carry():194}:195}(Object(Illuminate\Http\Request))
#37 C:\Users\Gaser\Desktop\COPRRA\vendor\laravel\framework\src\Illuminate\Pipeline\Pipeline.php(219): Illuminate\Http\Middleware\ValidatePostSize->handle(Object(Illuminate\Http\Request), Object(Closure))
#38 C:\Users\Gaser\Desktop\COPRRA\vendor\laravel\framework\src\Illuminate\Foundation\Http\Middleware\PreventRequestsDuringMaintenance.php(109): Illuminate\Pipeline\Pipeline->{closure:{closure:Illuminate\Pipeline\Pipeline::carry():194}:195}(Object(Illuminate\Http\Request))
#39 C:\Users\Gaser\Desktop\COPRRA\vendor\laravel\framework\src\Illuminate\Pipeline\Pipeline.php(219): Illuminate\Foundation\Http\Middleware\PreventRequestsDuringMaintenance->handle(Object(Illuminate\Http\Request), Object(Closure))
#40 C:\Users\Gaser\Desktop\COPRRA\vendor\laravel\framework\src\Illuminate\Http\Middleware\HandleCors.php(61): Illuminate\Pipeline\Pipeline->{closure:{closure:Illuminate\Pipeline\Pipeline::carry():194}:195}(Object(Illuminate\Http\Request))
#41 C:\Users\Gaser\Desktop\COPRRA\vendor\laravel\framework\src\Illuminate\Pipeline\Pipeline.php(219): Illuminate\Http\Middleware\HandleCors->handle(Object(Illuminate\Http\Request), Object(Closure))
#42 C:\Users\Gaser\Desktop\COPRRA\vendor\laravel\framework\src\Illuminate\Http\Middleware\TrustProxies.php(58): Illuminate\Pipeline\Pipeline->{closure:{closure:Illuminate\Pipeline\Pipeline::carry():194}:195}(Object(Illuminate\Http\Request))
#43 C:\Users\Gaser\Desktop\COPRRA\vendor\laravel\framework\src\Illuminate\Pipeline\Pipeline.php(219): Illuminate\Http\Middleware\TrustProxies->handle(Object(Illuminate\Http\Request), Object(Closure))
#44 C:\Users\Gaser\Desktop\COPRRA\vendor\laravel\framework\src\Illuminate\Foundation\Http\Middleware\InvokeDeferredCallbacks.php(22): Illuminate\Pipeline\Pipeline->{closure:{closure:Illuminate\Pipeline\Pipeline::carry():194}:195}(Object(Illuminate\Http\Request))
#45 C:\Users\Gaser\Desktop\COPRRA\vendor\laravel\framework\src\Illuminate\Pipeline\Pipeline.php(219): Illuminate\Foundation\Http\Middleware\InvokeDeferredCallbacks->handle(Object(Illuminate\Http\Request), Object(Closure))
#46 C:\Users\Gaser\Desktop\COPRRA\vendor\laravel\framework\src\Illuminate\Http\Middleware\ValidatePathEncoding.php(26): Illuminate\Pipeline\Pipeline->{closure:{closure:Illuminate\Pipeline\Pipeline::carry():194}:195}(Object(Illuminate\Http\Request))
#47 C:\Users\Gaser\Desktop\COPRRA\vendor\laravel\framework\src\Illuminate\Pipeline\Pipeline.php(219): Illuminate\Http\Middleware\ValidatePathEncoding->handle(Object(Illuminate\Http\Request), Object(Closure))
#48 C:\Users\Gaser\Desktop\COPRRA\vendor\laravel\framework\src\Illuminate\Pipeline\Pipeline.php(137): Illuminate\Pipeline\Pipeline->{closure:{closure:Illuminate\Pipeline\Pipeline::carry():194}:195}(Object(Illuminate\Http\Request))
#49 C:\Users\Gaser\Desktop\COPRRA\vendor\laravel\framework\src\Illuminate\Foundation\Http\Kernel.php(175): Illuminate\Pipeline\Pipeline->then(Object(Closure))
#50 C:\Users\Gaser\Desktop\COPRRA\vendor\laravel\framework\src\Illuminate\Foundation\Http\Kernel.php(144): Illuminate\Foundation\Http\Kernel->sendRequestThroughRouter(Object(Illuminate\Http\Request))
#51 C:\Users\Gaser\Desktop\COPRRA\vendor\laravel\framework\src\Illuminate\Foundation\Testing\Concerns\MakesHttpRequests.php(607): Illuminate\Foundation\Http\Kernel->handle(Object(Illuminate\Http\Request))
#52 C:\Users\Gaser\Desktop\COPRRA\vendor\laravel\framework\src\Illuminate\Foundation\Testing\Concerns\MakesHttpRequests.php(573): Illuminate\Foundation\Testing\TestCase->call('GET', '/api/system/inf...', Array, Array, Array, Array, '[]')
#53 C:\Users\Gaser\Desktop\COPRRA\vendor\laravel\framework\src\Illuminate\Foundation\Testing\Concerns\MakesHttpRequests.php(381): Illuminate\Foundation\Testing\TestCase->json('GET', '/api/system/inf...', Array, Array, 0)
#54 C:\Users\Gaser\Desktop\COPRRA\tests\Feature\Http\Controllers\SystemControllerTest.php(354): Illuminate\Foundation\Testing\TestCase->getJson('/api/system/inf...')
#55 C:\Users\Gaser\Desktop\COPRRA\vendor\phpunit\phpunit\src\Framework\TestCase.php(1317): Tests\Feature\Http\Controllers\SystemControllerTest->it_handles_cpu_count_calculation()
#56 C:\Users\Gaser\Desktop\COPRRA\vendor\phpunit\phpunit\src\Framework\TestCase.php(517): PHPUnit\Framework\TestCase->runTest()
#57 C:\Users\Gaser\Desktop\COPRRA\vendor\phpunit\phpunit\src\Framework\TestRunner\TestRunner.php(99): PHPUnit\Framework\TestCase->runBare()
#58 C:\Users\Gaser\Desktop\COPRRA\vendor\phpunit\phpunit\src\Framework\TestCase.php(357): PHPUnit\Framework\TestRunner->run(Object(Tests\Feature\Http\Controllers\SystemControllerTest))
#59 C:\Users\Gaser\Desktop\COPRRA\vendor\phpunit\phpunit\src\Framework\TestSuite.php(374): PHPUnit\Framework\TestCase->run()
#60 C:\Users\Gaser\Desktop\COPRRA\vendor\phpunit\phpunit\src\Framework\TestSuite.php(374): PHPUnit\Framework\TestSuite->run()
#61 C:\Users\Gaser\Desktop\COPRRA\vendor\phpunit\phpunit\src\Framework\TestSuite.php(374): PHPUnit\Framework\TestSuite->run()
#62 C:\Users\Gaser\Desktop\COPRRA\vendor\phpunit\phpunit\src\TextUI\TestRunner.php(64): PHPUnit\Framework\TestSuite->run()
#63 C:\Users\Gaser\Desktop\COPRRA\vendor\phpunit\phpunit\src\TextUI\Application.php(229): PHPUnit\TextUI\TestRunner->run(Object(PHPUnit\TextUI\Configuration\Configuration), Object(PHPUnit\Runner\ResultCache\DefaultResultCache), Object(PHPUnit\Framework\TestSuite))
#64 C:\Users\Gaser\Desktop\COPRRA\vendor\phpunit\phpunit\phpunit(104): PHPUnit\TextUI\Application->run(Array)
#65 C:\Users\Gaser\Desktop\COPRRA\vendor\bin\phpunit(119): include('C:\\Users\\Gaser\\...')
#66 {main}

----------------------------------------------------------------------------------

Method App\Http\Controllers\SystemController::getSystemInfo does not exist.

C:\Users\Gaser\Desktop\COPRRA\vendor\laravel\framework\src\Illuminate\Testing\TestResponseAssert.php:45
C:\Users\Gaser\Desktop\COPRRA\vendor\laravel\framework\src\Illuminate\Testing\TestResponse.php:174
C:\Users\Gaser\Desktop\COPRRA\tests\Feature\Http\Controllers\SystemControllerTest.php:356

67) Tests\Feature\Http\Controllers\UserControllerTest::test_can_display_user_profile
Expected response status code [200] but received 500.
Failed asserting that 500 is identical to 200.

The following exception occurred during the last request:

BadMethodCallException: Method App\Http\Controllers\ProfileController::edit does not exist. in C:\Users\Gaser\Desktop\COPRRA\vendor\laravel\framework\src\Illuminate\Routing\Controller.php:68
Stack trace:
#0 C:\Users\Gaser\Desktop\COPRRA\vendor\laravel\framework\src\Illuminate\Routing\Controller.php(54): Illuminate\Routing\Controller->__call('edit', Array)
#1 C:\Users\Gaser\Desktop\COPRRA\vendor\laravel\framework\src\Illuminate\Routing\ControllerDispatcher.php(43): Illuminate\Routing\Controller->callAction('edit', Array)
#2 C:\Users\Gaser\Desktop\COPRRA\vendor\laravel\framework\src\Illuminate\Routing\Route.php(265): Illuminate\Routing\ControllerDispatcher->dispatch(Object(Illuminate\Routing\Route), Object(App\Http\Controllers\ProfileController), 'edit')
#3 C:\Users\Gaser\Desktop\COPRRA\vendor\laravel\framework\src\Illuminate\Routing\Route.php(211): Illuminate\Routing\Route->runController()
#4 C:\Users\Gaser\Desktop\COPRRA\vendor\laravel\framework\src\Illuminate\Routing\Router.php(822): Illuminate\Routing\Route->run()
#5 C:\Users\Gaser\Desktop\COPRRA\vendor\laravel\framework\src\Illuminate\Pipeline\Pipeline.php(180): Illuminate\Routing\Router->{closure:Illuminate\Routing\Router::runRouteWithinStack():821}(Object(Illuminate\Http\Request))
#6 C:\Users\Gaser\Desktop\COPRRA\app\Http\Middleware\SetLocaleAndCurrency.php(30): Illuminate\Pipeline\Pipeline->{closure:Illuminate\Pipeline\Pipeline::prepareDestination():178}(Object(Illuminate\Http\Request))
#7 C:\Users\Gaser\Desktop\COPRRA\vendor\laravel\framework\src\Illuminate\Pipeline\Pipeline.php(219): App\Http\Middleware\SetLocaleAndCurrency->handle(Object(Illuminate\Http\Request), Object(Closure))
#8 C:\Users\Gaser\Desktop\COPRRA\app\Http\Middleware\LocaleMiddleware.php(45): Illuminate\Pipeline\Pipeline->{closure:{closure:Illuminate\Pipeline\Pipeline::carry():194}:195}(Object(Illuminate\Http\Request))
#9 C:\Users\Gaser\Desktop\COPRRA\vendor\laravel\framework\src\Illuminate\Pipeline\Pipeline.php(219): App\Http\Middleware\LocaleMiddleware->handle(Object(Illuminate\Http\Request), Object(Closure))
#10 C:\Users\Gaser\Desktop\COPRRA\app\Http\Middleware\VerifyCsrfToken.php(17): Illuminate\Pipeline\Pipeline->{closure:{closure:Illuminate\Pipeline\Pipeline::carry():194}:195}(Object(Illuminate\Http\Request))
#11 C:\Users\Gaser\Desktop\COPRRA\vendor\laravel\framework\src\Illuminate\Pipeline\Pipeline.php(219): App\Http\Middleware\VerifyCsrfToken->handle(Object(Illuminate\Http\Request), Object(Closure))
#12 C:\Users\Gaser\Desktop\COPRRA\vendor\laravel\framework\src\Illuminate\Routing\Middleware\SubstituteBindings.php(50): Illuminate\Pipeline\Pipeline->{closure:{closure:Illuminate\Pipeline\Pipeline::carry():194}:195}(Object(Illuminate\Http\Request))
#13 C:\Users\Gaser\Desktop\COPRRA\vendor\laravel\framework\src\Illuminate\Pipeline\Pipeline.php(219): Illuminate\Routing\Middleware\SubstituteBindings->handle(Object(Illuminate\Http\Request), Object(Closure))
#14 C:\Users\Gaser\Desktop\COPRRA\vendor\laravel\framework\src\Illuminate\Auth\Middleware\Authenticate.php(63): Illuminate\Pipeline\Pipeline->{closure:{closure:Illuminate\Pipeline\Pipeline::carry():194}:195}(Object(Illuminate\Http\Request))
#15 C:\Users\Gaser\Desktop\COPRRA\vendor\laravel\framework\src\Illuminate\Pipeline\Pipeline.php(219): Illuminate\Auth\Middleware\Authenticate->handle(Object(Illuminate\Http\Request), Object(Closure))
#16 C:\Users\Gaser\Desktop\COPRRA\vendor\laravel\framework\src\Illuminate\Foundation\Http\Middleware\VerifyCsrfToken.php(87): Illuminate\Pipeline\Pipeline->{closure:{closure:Illuminate\Pipeline\Pipeline::carry():194}:195}(Object(Illuminate\Http\Request))
#17 C:\Users\Gaser\Desktop\COPRRA\vendor\laravel\framework\src\Illuminate\Pipeline\Pipeline.php(219): Illuminate\Foundation\Http\Middleware\VerifyCsrfToken->handle(Object(Illuminate\Http\Request), Object(Closure))
#18 C:\Users\Gaser\Desktop\COPRRA\vendor\laravel\framework\src\Illuminate\View\Middleware\ShareErrorsFromSession.php(48): Illuminate\Pipeline\Pipeline->{closure:{closure:Illuminate\Pipeline\Pipeline::carry():194}:195}(Object(Illuminate\Http\Request))
#19 C:\Users\Gaser\Desktop\COPRRA\vendor\laravel\framework\src\Illuminate\Pipeline\Pipeline.php(219): Illuminate\View\Middleware\ShareErrorsFromSession->handle(Object(Illuminate\Http\Request), Object(Closure))
#20 C:\Users\Gaser\Desktop\COPRRA\vendor\laravel\framework\src\Illuminate\Session\Middleware\StartSession.php(120): Illuminate\Pipeline\Pipeline->{closure:{closure:Illuminate\Pipeline\Pipeline::carry():194}:195}(Object(Illuminate\Http\Request))
#21 C:\Users\Gaser\Desktop\COPRRA\vendor\laravel\framework\src\Illuminate\Session\Middleware\StartSession.php(63): Illuminate\Session\Middleware\StartSession->handleStatefulRequest(Object(Illuminate\Http\Request), Object(Illuminate\Session\EncryptedStore), Object(Closure))
#22 C:\Users\Gaser\Desktop\COPRRA\vendor\laravel\framework\src\Illuminate\Pipeline\Pipeline.php(219): Illuminate\Session\Middleware\StartSession->handle(Object(Illuminate\Http\Request), Object(Closure))
#23 C:\Users\Gaser\Desktop\COPRRA\vendor\laravel\framework\src\Illuminate\Cookie\Middleware\AddQueuedCookiesToResponse.php(36): Illuminate\Pipeline\Pipeline->{closure:{closure:Illuminate\Pipeline\Pipeline::carry():194}:195}(Object(Illuminate\Http\Request))
#24 C:\Users\Gaser\Desktop\COPRRA\vendor\laravel\framework\src\Illuminate\Pipeline\Pipeline.php(219): Illuminate\Cookie\Middleware\AddQueuedCookiesToResponse->handle(Object(Illuminate\Http\Request), Object(Closure))
#25 C:\Users\Gaser\Desktop\COPRRA\vendor\laravel\framework\src\Illuminate\Cookie\Middleware\EncryptCookies.php(74): Illuminate\Pipeline\Pipeline->{closure:{closure:Illuminate\Pipeline\Pipeline::carry():194}:195}(Object(Illuminate\Http\Request))
#26 C:\Users\Gaser\Desktop\COPRRA\vendor\laravel\framework\src\Illuminate\Pipeline\Pipeline.php(219): Illuminate\Cookie\Middleware\EncryptCookies->handle(Object(Illuminate\Http\Request), Object(Closure))
#27 C:\Users\Gaser\Desktop\COPRRA\vendor\laravel\framework\src\Illuminate\Cookie\Middleware\EncryptCookies.php(74): Illuminate\Pipeline\Pipeline->{closure:{closure:Illuminate\Pipeline\Pipeline::carry():194}:195}(Object(Illuminate\Http\Request))
#28 C:\Users\Gaser\Desktop\COPRRA\vendor\laravel\framework\src\Illuminate\Pipeline\Pipeline.php(219): Illuminate\Cookie\Middleware\EncryptCookies->handle(Object(Illuminate\Http\Request), Object(Closure))
#29 C:\Users\Gaser\Desktop\COPRRA\vendor\laravel\framework\src\Illuminate\Pipeline\Pipeline.php(137): Illuminate\Pipeline\Pipeline->{closure:{closure:Illuminate\Pipeline\Pipeline::carry():194}:195}(Object(Illuminate\Http\Request))
#30 C:\Users\Gaser\Desktop\COPRRA\vendor\laravel\framework\src\Illuminate\Routing\Router.php(821): Illuminate\Pipeline\Pipeline->then(Object(Closure))
#31 C:\Users\Gaser\Desktop\COPRRA\vendor\laravel\framework\src\Illuminate\Routing\Router.php(800): Illuminate\Routing\Router->runRouteWithinStack(Object(Illuminate\Routing\Route), Object(Illuminate\Http\Request))
#32 C:\Users\Gaser\Desktop\COPRRA\vendor\laravel\framework\src\Illuminate\Routing\Router.php(764): Illuminate\Routing\Router->runRoute(Object(Illuminate\Http\Request), Object(Illuminate\Routing\Route))
#33 C:\Users\Gaser\Desktop\COPRRA\vendor\laravel\framework\src\Illuminate\Routing\Router.php(753): Illuminate\Routing\Router->dispatchToRoute(Object(Illuminate\Http\Request))
#34 C:\Users\Gaser\Desktop\COPRRA\vendor\laravel\framework\src\Illuminate\Foundation\Http\Kernel.php(200): Illuminate\Routing\Router->dispatch(Object(Illuminate\Http\Request))
#35 C:\Users\Gaser\Desktop\COPRRA\vendor\laravel\framework\src\Illuminate\Pipeline\Pipeline.php(180): Illuminate\Foundation\Http\Kernel->{closure:Illuminate\Foundation\Http\Kernel::dispatchToRouter():197}(Object(Illuminate\Http\Request))
#36 C:\Users\Gaser\Desktop\COPRRA\vendor\livewire\livewire\src\Features\SupportDisablingBackButtonCache\DisableBackButtonCacheMiddleware.php(19): Illuminate\Pipeline\Pipeline->{closure:Illuminate\Pipeline\Pipeline::prepareDestination():178}(Object(Illuminate\Http\Request))
#37 C:\Users\Gaser\Desktop\COPRRA\vendor\laravel\framework\src\Illuminate\Pipeline\Pipeline.php(219): Livewire\Features\SupportDisablingBackButtonCache\DisableBackButtonCacheMiddleware->handle(Object(Illuminate\Http\Request), Object(Closure))
#38 C:\Users\Gaser\Desktop\COPRRA\app\Http\Middleware\SecurityHeadersMiddleware.php(27): Illuminate\Pipeline\Pipeline->{closure:{closure:Illuminate\Pipeline\Pipeline::carry():194}:195}(Object(Illuminate\Http\Request))
#39 C:\Users\Gaser\Desktop\COPRRA\vendor\laravel\framework\src\Illuminate\Pipeline\Pipeline.php(219): App\Http\Middleware\SecurityHeadersMiddleware->handle(Object(Illuminate\Http\Request), Object(Closure))
#40 C:\Users\Gaser\Desktop\COPRRA\vendor\laravel\framework\src\Illuminate\Foundation\Http\Middleware\TransformsRequest.php(21): Illuminate\Pipeline\Pipeline->{closure:{closure:Illuminate\Pipeline\Pipeline::carry():194}:195}(Object(Illuminate\Http\Request))
#41 C:\Users\Gaser\Desktop\COPRRA\vendor\laravel\framework\src\Illuminate\Foundation\Http\Middleware\ConvertEmptyStringsToNull.php(31): Illuminate\Foundation\Http\Middleware\TransformsRequest->handle(Object(Illuminate\Http\Request), Object(Closure))
#42 C:\Users\Gaser\Desktop\COPRRA\vendor\laravel\framework\src\Illuminate\Pipeline\Pipeline.php(219): Illuminate\Foundation\Http\Middleware\ConvertEmptyStringsToNull->handle(Object(Illuminate\Http\Request), Object(Closure))
#43 C:\Users\Gaser\Desktop\COPRRA\vendor\laravel\framework\src\Illuminate\Foundation\Http\Middleware\TransformsRequest.php(21): Illuminate\Pipeline\Pipeline->{closure:{closure:Illuminate\Pipeline\Pipeline::carry():194}:195}(Object(Illuminate\Http\Request))
#44 C:\Users\Gaser\Desktop\COPRRA\vendor\laravel\framework\src\Illuminate\Foundation\Http\Middleware\TrimStrings.php(51): Illuminate\Foundation\Http\Middleware\TransformsRequest->handle(Object(Illuminate\Http\Request), Object(Closure))
#45 C:\Users\Gaser\Desktop\COPRRA\vendor\laravel\framework\src\Illuminate\Pipeline\Pipeline.php(219): Illuminate\Foundation\Http\Middleware\TrimStrings->handle(Object(Illuminate\Http\Request), Object(Closure))
#46 C:\Users\Gaser\Desktop\COPRRA\vendor\laravel\framework\src\Illuminate\Http\Middleware\ValidatePostSize.php(27): Illuminate\Pipeline\Pipeline->{closure:{closure:Illuminate\Pipeline\Pipeline::carry():194}:195}(Object(Illuminate\Http\Request))
#47 C:\Users\Gaser\Desktop\COPRRA\vendor\laravel\framework\src\Illuminate\Pipeline\Pipeline.php(219): Illuminate\Http\Middleware\ValidatePostSize->handle(Object(Illuminate\Http\Request), Object(Closure))
#48 C:\Users\Gaser\Desktop\COPRRA\vendor\laravel\framework\src\Illuminate\Foundation\Http\Middleware\PreventRequestsDuringMaintenance.php(109): Illuminate\Pipeline\Pipeline->{closure:{closure:Illuminate\Pipeline\Pipeline::carry():194}:195}(Object(Illuminate\Http\Request))
#49 C:\Users\Gaser\Desktop\COPRRA\vendor\laravel\framework\src\Illuminate\Pipeline\Pipeline.php(219): Illuminate\Foundation\Http\Middleware\PreventRequestsDuringMaintenance->handle(Object(Illuminate\Http\Request), Object(Closure))
#50 C:\Users\Gaser\Desktop\COPRRA\vendor\laravel\framework\src\Illuminate\Http\Middleware\HandleCors.php(48): Illuminate\Pipeline\Pipeline->{closure:{closure:Illuminate\Pipeline\Pipeline::carry():194}:195}(Object(Illuminate\Http\Request))
#51 C:\Users\Gaser\Desktop\COPRRA\vendor\laravel\framework\src\Illuminate\Pipeline\Pipeline.php(219): Illuminate\Http\Middleware\HandleCors->handle(Object(Illuminate\Http\Request), Object(Closure))
#52 C:\Users\Gaser\Desktop\COPRRA\vendor\laravel\framework\src\Illuminate\Http\Middleware\TrustProxies.php(58): Illuminate\Pipeline\Pipeline->{closure:{closure:Illuminate\Pipeline\Pipeline::carry():194}:195}(Object(Illuminate\Http\Request))
#53 C:\Users\Gaser\Desktop\COPRRA\vendor\laravel\framework\src\Illuminate\Pipeline\Pipeline.php(219): Illuminate\Http\Middleware\TrustProxies->handle(Object(Illuminate\Http\Request), Object(Closure))
#54 C:\Users\Gaser\Desktop\COPRRA\vendor\laravel\framework\src\Illuminate\Foundation\Http\Middleware\InvokeDeferredCallbacks.php(22): Illuminate\Pipeline\Pipeline->{closure:{closure:Illuminate\Pipeline\Pipeline::carry():194}:195}(Object(Illuminate\Http\Request))
#55 C:\Users\Gaser\Desktop\COPRRA\vendor\laravel\framework\src\Illuminate\Pipeline\Pipeline.php(219): Illuminate\Foundation\Http\Middleware\InvokeDeferredCallbacks->handle(Object(Illuminate\Http\Request), Object(Closure))
#56 C:\Users\Gaser\Desktop\COPRRA\vendor\laravel\framework\src\Illuminate\Http\Middleware\ValidatePathEncoding.php(26): Illuminate\Pipeline\Pipeline->{closure:{closure:Illuminate\Pipeline\Pipeline::carry():194}:195}(Object(Illuminate\Http\Request))
#57 C:\Users\Gaser\Desktop\COPRRA\vendor\laravel\framework\src\Illuminate\Pipeline\Pipeline.php(219): Illuminate\Http\Middleware\ValidatePathEncoding->handle(Object(Illuminate\Http\Request), Object(Closure))
#58 C:\Users\Gaser\Desktop\COPRRA\vendor\laravel\framework\src\Illuminate\Pipeline\Pipeline.php(137): Illuminate\Pipeline\Pipeline->{closure:{closure:Illuminate\Pipeline\Pipeline::carry():194}:195}(Object(Illuminate\Http\Request))
#59 C:\Users\Gaser\Desktop\COPRRA\vendor\laravel\framework\src\Illuminate\Foundation\Http\Kernel.php(175): Illuminate\Pipeline\Pipeline->then(Object(Closure))
#60 C:\Users\Gaser\Desktop\COPRRA\vendor\laravel\framework\src\Illuminate\Foundation\Http\Kernel.php(144): Illuminate\Foundation\Http\Kernel->sendRequestThroughRouter(Object(Illuminate\Http\Request))
#61 C:\Users\Gaser\Desktop\COPRRA\vendor\laravel\framework\src\Illuminate\Foundation\Testing\Concerns\MakesHttpRequests.php(607): Illuminate\Foundation\Http\Kernel->handle(Object(Illuminate\Http\Request))
#62 C:\Users\Gaser\Desktop\COPRRA\vendor\laravel\framework\src\Illuminate\Foundation\Testing\Concerns\MakesHttpRequests.php(368): Illuminate\Foundation\Testing\TestCase->call('GET', '/profile', Array, Array, Array, Array)
#63 C:\Users\Gaser\Desktop\COPRRA\tests\Feature\Http\Controllers\UserControllerTest.php(35): Illuminate\Foundation\Testing\TestCase->get('/profile')
#64 C:\Users\Gaser\Desktop\COPRRA\vendor\phpunit\phpunit\src\Framework\TestCase.php(1317): Tests\Feature\Http\Controllers\UserControllerTest->test_can_display_user_profile()
#65 C:\Users\Gaser\Desktop\COPRRA\vendor\phpunit\phpunit\src\Framework\TestCase.php(517): PHPUnit\Framework\TestCase->runTest()
#66 C:\Users\Gaser\Desktop\COPRRA\vendor\phpunit\phpunit\src\Framework\TestRunner\TestRunner.php(99): PHPUnit\Framework\TestCase->runBare()
#67 C:\Users\Gaser\Desktop\COPRRA\vendor\phpunit\phpunit\src\Framework\TestCase.php(357): PHPUnit\Framework\TestRunner->run(Object(Tests\Feature\Http\Controllers\UserControllerTest))
#68 C:\Users\Gaser\Desktop\COPRRA\vendor\phpunit\phpunit\src\Framework\TestSuite.php(374): PHPUnit\Framework\TestCase->run()
#69 C:\Users\Gaser\Desktop\COPRRA\vendor\phpunit\phpunit\src\Framework\TestSuite.php(374): PHPUnit\Framework\TestSuite->run()
#70 C:\Users\Gaser\Desktop\COPRRA\vendor\phpunit\phpunit\src\Framework\TestSuite.php(374): PHPUnit\Framework\TestSuite->run()
#71 C:\Users\Gaser\Desktop\COPRRA\vendor\phpunit\phpunit\src\TextUI\TestRunner.php(64): PHPUnit\Framework\TestSuite->run()
#72 C:\Users\Gaser\Desktop\COPRRA\vendor\phpunit\phpunit\src\TextUI\Application.php(229): PHPUnit\TextUI\TestRunner->run(Object(PHPUnit\TextUI\Configuration\Configuration), Object(PHPUnit\Runner\ResultCache\DefaultResultCache), Object(PHPUnit\Framework\TestSuite))
#73 C:\Users\Gaser\Desktop\COPRRA\vendor\phpunit\phpunit\phpunit(104): PHPUnit\TextUI\Application->run(Array)
#74 C:\Users\Gaser\Desktop\COPRRA\vendor\bin\phpunit(119): include('C:\\Users\\Gaser\\...')
#75 {main}

----------------------------------------------------------------------------------

Method App\Http\Controllers\ProfileController::edit does not exist.

C:\Users\Gaser\Desktop\COPRRA\vendor\laravel\framework\src\Illuminate\Testing\TestResponseAssert.php:45
C:\Users\Gaser\Desktop\COPRRA\vendor\laravel\framework\src\Illuminate\Testing\TestResponse.php:174
C:\Users\Gaser\Desktop\COPRRA\tests\Feature\Http\Controllers\UserControllerTest.php:37

68) Tests\Feature\Http\Controllers\UserControllerTest::test_can_update_user_profile
Expected response status code [200] but received 302.
Failed asserting that 302 is identical to 200.

C:\Users\Gaser\Desktop\COPRRA\vendor\laravel\framework\src\Illuminate\Testing\TestResponseAssert.php:45
C:\Users\Gaser\Desktop\COPRRA\vendor\laravel\framework\src\Illuminate\Testing\TestResponse.php:174
C:\Users\Gaser\Desktop\COPRRA\tests\Feature\Http\Controllers\UserControllerTest.php:60

69) Tests\Feature\Http\Controllers\UserControllerTest::test_validates_profile_update_request
Expected response status code [422] but received 302.
Failed asserting that 302 is identical to 422.

The following errors occurred during the last request:

The name field is required.
The email field is required.

C:\Users\Gaser\Desktop\COPRRA\vendor\laravel\framework\src\Illuminate\Testing\TestResponseAssert.php:45
C:\Users\Gaser\Desktop\COPRRA\vendor\laravel\framework\src\Illuminate\Testing\TestResponse.php:174
C:\Users\Gaser\Desktop\COPRRA\tests\Feature\Http\Controllers\UserControllerTest.php:74

70) Tests\Feature\Http\Controllers\UserControllerTest::test_can_change_user_password
Expected response status code [200] but received 404.
Failed asserting that 404 is identical to 200.

C:\Users\Gaser\Desktop\COPRRA\vendor\laravel\framework\src\Illuminate\Testing\TestResponseAssert.php:45
C:\Users\Gaser\Desktop\COPRRA\vendor\laravel\framework\src\Illuminate\Testing\TestResponse.php:174
C:\Users\Gaser\Desktop\COPRRA\tests\Feature\Http\Controllers\UserControllerTest.php:100

71) Tests\Feature\Http\Controllers\UserControllerTest::test_validates_password_change_request
Expected response status code [422] but received 404.
Failed asserting that 404 is identical to 422.

C:\Users\Gaser\Desktop\COPRRA\vendor\laravel\framework\src\Illuminate\Testing\TestResponseAssert.php:45
C:\Users\Gaser\Desktop\COPRRA\vendor\laravel\framework\src\Illuminate\Testing\TestResponse.php:174
C:\Users\Gaser\Desktop\COPRRA\tests\Feature\Http\Controllers\UserControllerTest.php:114

72) Tests\Feature\Http\Controllers\UserControllerTest::test_requires_authentication_to_change_password
Expected response status code [302] but received 404.
Failed asserting that 404 is identical to 302.

C:\Users\Gaser\Desktop\COPRRA\vendor\laravel\framework\src\Illuminate\Testing\TestResponseAssert.php:45
C:\Users\Gaser\Desktop\COPRRA\vendor\laravel\framework\src\Illuminate\Testing\TestResponse.php:174
C:\Users\Gaser\Desktop\COPRRA\tests\Feature\Http\Controllers\UserControllerTest.php:126

73) Tests\Feature\Http\Controllers\WishlistControllerTest::test_can_display_wishlist
The response is not a view.

C:\Users\Gaser\Desktop\COPRRA\vendor\laravel\framework\src\Illuminate\Testing\TestResponseAssert.php:45
C:\Users\Gaser\Desktop\COPRRA\vendor\laravel\framework\src\Illuminate\Testing\TestResponse.php:1354
C:\Users\Gaser\Desktop\COPRRA\vendor\laravel\framework\src\Illuminate\Testing\TestResponse.php:1257
C:\Users\Gaser\Desktop\COPRRA\tests\Feature\Http\Controllers\WishlistControllerTest.php:39

74) Tests\Feature\Http\Controllers\WishlistControllerTest::test_can_add_product_to_wishlist
Unable to find JSON: 

[{
    "success": true,
    "message": "Product added to wishlist successfully."
}]

within response JSON:

[{
    "success": true,
    "message": "Product added to wishlist.",
    "data": {
        "product_id": 1,
        "user_id": 1,
        "updated_at": "2025-10-10T20:39:51.000000Z",
        "created_at": "2025-10-10T20:39:51.000000Z",
        "id": 1
    }
}].


Failed asserting that an array has the subset Array &0 [
    'success' => true,
    'message' => 'Product added to wishlist successfully.',
].
--- Expected
+++ Actual
@@ @@
 array (
   'success' => true,
-  'message' => 'Product added to wishlist successfully.',
+  'message' => 'Product added to wishlist.',
   'data' => 
   array (
     'product_id' => 1,

C:\Users\Gaser\Desktop\COPRRA\vendor\laravel\framework\src\Illuminate\Testing\Constraints\ArraySubset.php:80
C:\Users\Gaser\Desktop\COPRRA\vendor\laravel\framework\src\Illuminate\Testing\Assert.php:36
C:\Users\Gaser\Desktop\COPRRA\vendor\laravel\framework\src\Illuminate\Testing\AssertableJsonString.php:319
C:\Users\Gaser\Desktop\COPRRA\vendor\laravel\framework\src\Illuminate\Testing\TestResponse.php:833
C:\Users\Gaser\Desktop\COPRRA\tests\Feature\Http\Controllers\WishlistControllerTest.php:62

75) Tests\Feature\Http\Controllers\WishlistControllerTest::test_can_remove_product_from_wishlist
Unable to find JSON: 

[{
    "success": true,
    "message": "Product removed from wishlist successfully."
}]

within response JSON:

[{
    "success": true,
    "message": "Product removed from wishlist."
}].


Failed asserting that an array has the subset Array &0 [
    'success' => true,
    'message' => 'Product removed from wishlist successfully.',
].
--- Expected
+++ Actual
@@ @@
 array (
   'success' => true,
-  'message' => 'Product removed from wishlist successfully.',
+  'message' => 'Product removed from wishlist.',
 )

C:\Users\Gaser\Desktop\COPRRA\vendor\laravel\framework\src\Illuminate\Testing\Constraints\ArraySubset.php:80
C:\Users\Gaser\Desktop\COPRRA\vendor\laravel\framework\src\Illuminate\Testing\Assert.php:36
C:\Users\Gaser\Desktop\COPRRA\vendor\laravel\framework\src\Illuminate\Testing\AssertableJsonString.php:319
C:\Users\Gaser\Desktop\COPRRA\vendor\laravel\framework\src\Illuminate\Testing\TestResponse.php:833
C:\Users\Gaser\Desktop\COPRRA\tests\Feature\Http\Controllers\WishlistControllerTest.php:120

76) Tests\Feature\Models\OrderTest::test_order_fillable_attributes
Failed asserting that two arrays are equal.
--- Expected
+++ Actual
@@ @@
     9 => 'shipping_address'
     10 => 'billing_address'
     11 => 'notes'
-    12 => 'shipped_at'
-    13 => 'delivered_at'
+    12 => 'order_date'
+    13 => 'shipped_at'
+    14 => 'delivered_at'
 )

C:\Users\Gaser\Desktop\COPRRA\tests\Feature\Models\OrderTest.php:153

77) Tests\Feature\Models\OrderTest::test_order_totals_calculation
Failed asserting that '0.00' matches expected 110.0.

C:\Users\Gaser\Desktop\COPRRA\tests\Feature\Models\OrderTest.php:188

78) Tests\Feature\Models\PaymentTest::test_payment_fillable_attributes
Failed asserting that two arrays are equal.
--- Expected
+++ Actual
@@ @@
     0 => 'order_id'
     1 => 'payment_method_id'
     2 => 'transaction_id'
-    3 => 'status'
-    4 => 'amount'
-    5 => 'currency'
-    6 => 'gateway_response'
-    7 => 'processed_at'
+    3 => 'method'
+    4 => 'gateway'
+    5 => 'status'
+    6 => 'amount'
+    7 => 'currency'
+    8 => 'gateway_response'
+    9 => 'metadata'
+    10 => 'processed_at'
 )

C:\Users\Gaser\Desktop\COPRRA\tests\Feature\Models\PaymentTest.php:124

79) Tests\Feature\Models\PriceAlertTest::test_it_casts_attributes_correctly
Failed asserting that '99.99' is of type float.

C:\Users\Gaser\Desktop\COPRRA\tests\Feature\Models\PriceAlertTest.php:64

80) Tests\Feature\Models\PriceAlertTest::test_factory_creates_valid_price_alert
Failed asserting that '195.81' is of type float.

C:\Users\Gaser\Desktop\COPRRA\tests\Feature\Models\PriceAlertTest.php:255

81) Tests\Feature\Models\ProductTest::test_fillable_attributes
Failed asserting that two arrays are equal.
--- Expected
+++ Actual
@@ @@
     1 => 'slug'
     2 => 'description'
     3 => 'price'
-    4 => 'image'
-    5 => 'is_active'
-    6 => 'stock_quantity'
-    7 => 'category_id'
-    8 => 'brand_id'
-    9 => 'store_id'
+    4 => 'currency_id'
+    5 => 'image'
+    6 => 'is_active'
+    7 => 'stock_quantity'
+    8 => 'stock'
+    9 => 'category_id'
+    10 => 'brand_id'
+    11 => 'store_id'
 )

C:\Users\Gaser\Desktop\COPRRA\tests\Feature\Models\ProductTest.php:439

82) Tests\Feature\Services\PasswordResetServiceTest::test_handles_send_reset_email_with_valid_email
Failed asserting that 2 matches expected 1.

C:\Users\Gaser\Desktop\COPRRA\tests\Feature\Services\PasswordResetServiceTest.php:40

83) Tests\Feature\Services\PasswordResetServiceTest::test_handles_send_reset_email_with_nonexistent_email
Failed asserting that 2 matches expected 1.

C:\Users\Gaser\Desktop\COPRRA\tests\Feature\Services\PasswordResetServiceTest.php:56

84) Tests\Feature\Services\PasswordResetServiceTest::test_handles_reset_password_with_valid_token
Failed asserting that 4 matches expected 3.

C:\Users\Gaser\Desktop\COPRRA\tests\Feature\Services\PasswordResetServiceTest.php:72

85) Tests\Feature\Services\PasswordResetServiceTest::test_handles_reset_password_with_invalid_token
Failed asserting that 4 matches expected 3.

C:\Users\Gaser\Desktop\COPRRA\tests\Feature\Services\PasswordResetServiceTest.php:90

86) Tests\Feature\Services\PasswordResetServiceTest::test_handles_expired_token
Failed asserting that 4 matches expected 3.

C:\Users\Gaser\Desktop\COPRRA\tests\Feature\Services\PasswordResetServiceTest.php:140

87) Tests\Feature\Services\PasswordResetServiceTest::test_handles_too_many_attempts
Failed asserting that 4 matches expected 3.

C:\Users\Gaser\Desktop\COPRRA\tests\Feature\Services\PasswordResetServiceTest.php:158

--

There were 3 risky tests:

1) Tests\Feature\Http\Middleware\SecurityHeadersTest::test_security_headers_middleware_logs_suspicious_sql_injection_attempts
* Test code or tested code did not remove its own error handlers

* Test code or tested code did not remove its own exception handlers

C:\Users\Gaser\Desktop\COPRRA\tests\Feature\Http\Middleware\SecurityHeadersTest.php:100

2) Tests\Feature\Http\Middleware\SecurityHeadersTest::test_security_headers_middleware_logs_suspicious_xss_attempts
* Test code or tested code did not remove its own error handlers

* Test code or tested code did not remove its own exception handlers

C:\Users\Gaser\Desktop\COPRRA\tests\Feature\Http\Middleware\SecurityHeadersTest.php:116

3) Tests\Feature\Http\Middleware\SecurityHeadersTest::test_security_headers_middleware_logs_suspicious_file_uploads
* Test code or tested code did not remove its own error handlers

* Test code or tested code did not remove its own exception handlers

C:\Users\Gaser\Desktop\COPRRA\tests\Feature\Http\Middleware\SecurityHeadersTest.php:132

ERRORS!
Tests: 1047, Assertions: 1502, Errors: 401, Failures: 87, Risky: 3.
